Starting integration of uninfected samples
/private/groups/russelllab/jodie/miniforge3/envs/scanpy/lib/python3.12/site-packages/scanpy/preprocessing/_highly_variable_genes.py:72: UserWarning: `flavor='seurat_v3'` expects raw count data, but non-integers were found.
  warnings.warn(
WARNING: saving figure to file results/integrated/figures_uninfected/umap_JW18DOX-Ctrl_before_correction.pdf
2026-04-15 15:35:32,037 - harmonypy - INFO - Computing initial centroids with sklearn.KMeans...
2026-04-15 15:35:35,326 - harmonypy - INFO - sklearn.KMeans initialization complete.
2026-04-15 15:35:35,528 - harmonypy - INFO - Iteration 1 of 20
2026-04-15 15:35:43,278 - harmonypy - INFO - Iteration 2 of 20
2026-04-15 15:35:48,185 - harmonypy - INFO - Converged after 2 iterations
WARNING: saving figure to file results/integrated/figures_uninfected/umap_JW18DOX-Ctrl_after_correction.pdf
/private/groups/russelllab/jodie/scRNAseq/Jacobs_et_al_2026_wolbachia-drosophila-scrnaseq/cell_culture_system/scripts/method_comparison/integrate_v2.py:274: FutureWarning: In the future, the default backend for leiden will be igraph instead of leidenalg.

 To achieve the future defaults please pass: flavor="igraph" and n_iterations=2.  directed must also be False to work with igraph's implementation.
  sc.tl.leiden(adata, resolution=res, random_state=random_state,
WARNING: saving figure to file results/integrated/figures_uninfected/umap_JW18DOX-Ctrl_clusters.pdf
WARNING: saving figure to file results/integrated/figures_uninfected/umap_JW18DOX-Ctrl_titer.pdf
/private/groups/russelllab/jodie/scRNAseq/Jacobs_et_al_2026_wolbachia-drosophila-scrnaseq/cell_culture_system/scripts/method_comparison/integrate_v2.py:506: RuntimeWarning: invalid value encountered in divide
  cramers_v = np.sqrt(chi2 / (n * (min(contingency.shape) - 1)))
/private/groups/russelllab/jodie/scRNAseq/Jacobs_et_al_2026_wolbachia-drosophila-scrnaseq/cell_culture_system/scripts/method_comparison/integrate_v2.py:649: FutureWarning: The default of observed=False is deprecated and will be changed to True in a future version of pandas. Pass observed=False to retain current behavior or observed=True to adopt the future default and silence this warning.
  stats = obs_titer.groupby("leiden")["wolbachia_titer"].agg(
/private/groups/russelllab/jodie/scRNAseq/Jacobs_et_al_2026_wolbachia-drosophila-scrnaseq/cell_culture_system/scripts/method_comparison/integrate_v2.py:687: FutureWarning: The default of observed=False is deprecated and will be changed to True in a future version of pandas. Pass observed=False to retain current behavior or observed=True to adopt the future default and silence this warning.
  pct_infected = obs_titer.groupby("leiden").apply(
/private/groups/russelllab/jodie/scRNAseq/Jacobs_et_al_2026_wolbachia-drosophila-scrnaseq/cell_culture_system/scripts/method_comparison/integrate_v2.py:687: DeprecationWarning: DataFrameGroupBy.apply operated on the grouping columns. This behavior is deprecated, and in a future version of pandas the grouping columns will be excluded from the operation. Either pass `include_groups=False` to exclude the groupings or explicitly select the grouping columns after groupby to silence this warning.
  pct_infected = obs_titer.groupby("leiden").apply(
/private/groups/russelllab/jodie/scRNAseq/Jacobs_et_al_2026_wolbachia-drosophila-scrnaseq/cell_culture_system/scripts/method_comparison/integrate_v2.py:705: FutureWarning: The default value of observed=False is deprecated and will change to observed=True in a future version of pandas. Specify observed=False to silence this warning and retain the current behavior
  mean_titer = obs_titer.pivot_table(
Loading files …

Loaded 24,950 cells from 5 files
Condition breakdown:
bio_condition
JW18DOX-Ctrl    24950

============================================================
JOINT CLUSTERING — all conditions, method correction only
============================================================

Total cells: 24950
Condition breakdown:
bio_condition
JW18DOX-Ctrl    24950

Method breakdown:
method
10x       18215
pipseq     6735
  Removing 50 bacterial transcripts (GQX67* + 16S_*) before PCA
  After filtering: 24948 cells, 13709 genes
  QC gene flags: mt=0, ribo=0
  Median pct_counts_mt:   0.0%
  Median pct_counts_ribo: 0.0%
  HVGs before exclusion: 2000
  HVGs masked (mt/ribo/cc): 3
  HVGs used for PCA: 1997
  Cell cycle genes found: S=17/24, G2M=11/17
  Phase distribution: {'S': 13651, 'G2M': 6306, 'G1': 4991}

After preprocessing: 24948 cells, 1997 genes

Running BBKNN (batch_key='method') …

Sweeping 7 resolutions …
  res=0.20  n_clusters=  3  silhouette=0.1438  ari=0.8010
  res=0.30  n_clusters=  4  silhouette=0.1508  ari=0.8470
  res=0.40  n_clusters=  4  silhouette=0.0911  ari=0.7763
  res=0.50  n_clusters=  7  silhouette=0.0551  ari=0.8462
  res=0.60  n_clusters=  7  silhouette=0.0547  ari=0.7119
  res=0.80  n_clusters=  9  silhouette=0.0456  ari=0.6233
  res=1.00  n_clusters= 10  silhouette=0.0391  ari=0.6547

Best resolution: 0.3
  Saved: results/integrated/figures_uninfected/resolution_metrics_JW18DOX-Ctrl.pdf
  Saved: results/integrated/figures_uninfected/resolution_umap_panel_JW18DOX-Ctrl.pdf
  Saved: results/integrated/figures_uninfected/resolution_composite_JW18DOX-Ctrl.pdf

Clustering at resolution=0.3 …
Clusters: 4
leiden
0    11095
1     7055
2     6088
3      710

============================================================
CONDITION ENRICHMENT ANALYSIS
============================================================

Chi-square: chi2=0.00  p=1.00e+00  dof=0
Cramer's V: nan
  Saved: results/integrated/figures_uninfected/cluster_composition_by_condition_JW18DOX-Ctrl.pdf
  Saved: results/integrated/figures_uninfected/condition_composition_by_cluster_JW18DOX-Ctrl.pdf
  Saved: results/integrated/figures_uninfected/cluster_enrichment_heatmap_JW18DOX-Ctrl.pdf
  Saved: results/integrated/figures_uninfected/umap_by_condition_JW18DOX-Ctrl.pdf

  Saved enrichment tables and plots to results/integrated/figures_uninfected/

============================================================
WOLBACHIA TITER BY CLUSTER
============================================================

Kruskal-Wallis: H=385.97  p=2.42e-83
Titer {'SIGNIFICANTLY' if p_kw < 0.05 else 'does NOT'} differ across clusters

Titer summary per cluster:
            mean  median       std  count
leiden                                   
0       0.000144     0.0  0.007636  11095
1       0.005054     0.0  0.037741   7055
2       0.000287     0.0  0.009843   6088
3       0.000201     0.0  0.005361    710
  Saved: results/integrated/figures_uninfected/titer_boxplot_by_cluster_JW18DOX-Ctrl.pdf
  Saved: results/integrated/figures_uninfected/titer_violin_by_cluster_JW18DOX-Ctrl.pdf
  Saved: results/integrated/figures_uninfected/infection_pct_by_cluster_JW18DOX-Ctrl.pdf
  Saved: results/integrated/figures_uninfected/titer_heatmap_cluster_condition_JW18DOX-Ctrl.pdf
  Saved: results/integrated/figures_uninfected/titer_by_cluster_timepoint_JW18DOX-Ctrl.pdf

============================================================
EXPORTING SCEPTIC INPUTS
============================================================
SCEPTIC cells: 24948
Timepoint breakdown:
timepoint_numeric
0    24948
  Matrix     -> results/integrated/figures_uninfected/sceptic_matrix_JW18DOX-Ctrl.csv  shape=(24948, 30)
  Labels     -> results/integrated/figures_uninfected/sceptic_labels_JW18DOX-Ctrl.csv
  Label list -> results/integrated/figures_uninfected/sceptic_label_list_JW18DOX-Ctrl.csv  values=[0]
  Metadata   -> results/integrated/figures_uninfected/sceptic_metadata_JW18DOX-Ctrl.csv

Saved: results/integrated/integrated_uninfected.h5ad

============================================================
COMPLETE
============================================================
Integrated object -> results/integrated/integrated_uninfected.h5ad
Figures           -> results/integrated/figures_uninfected/
Cells: 24,948  |  Clusters: 4  at resolution=0.3
Integration of uninfected samples complete
