Plotting BLAST results for JW18wMel-SV-D28_pipseq
Processing GQX67_05945.blast.summary...
Processing 1 files using 128 threads...
Processing GQX67_05945...
Filtered GQX67_05945: 1401/3587 hits ≥95% identity
Creating combined 3x2 bar plot layout...
Combined bar plots saved to results/rRNA_analysis/plots/blast_JW18wMel-SV-D28_pipseq/combined_16S_genus_bar_plots_95pct.svg

Summary statistics saved to results/rRNA_analysis/plots/blast_JW18wMel-SV-D28_pipseq/blast_summary_stats.csv

Overview:
  GQX67_05945: 13,612,870 reads, 1401 genera, top: NZ_CP046925.1 (23.9%, 100.0% ID)

All plots saved to results/rRNA_analysis/plots/blast_JW18wMel-SV-D28_pipseq/
Processing GQX67_05945.blast.summary...
Processing 1 files using 128 threads...
Processing GQX67_05945...
Filtered GQX67_05945: 1378/3512 hits ≥95% identity
Creating combined 3x2 bar plot layout...
Combined bar plots saved to results/rRNA_analysis/plots/blast_JW18wMel-SV-D28_pipseq/combined_16S_genus_bar_plots_95pct.svg

Summary statistics saved to results/rRNA_analysis/plots/blast_JW18wMel-SV-D28_pipseq/blast_summary_stats.csv

Overview:
  GQX67_05945: 13,818,217 reads, 1378 genera, top: NZ_CP046925.1 (24.7%, 100.0% ID)

All plots saved to results/rRNA_analysis/plots/blast_JW18wMel-SV-D28_pipseq/
BLAST plotting complete
