Plotting BLAST results for JW18DOX-Ctrl_pipseq
Processing GQX67_05945.blast.summary...
Processing 1 files using 128 threads...
Processing GQX67_05945...
Filtered GQX67_05945: 71/159 hits ≥95% identity
Creating combined 3x2 bar plot layout...
Combined bar plots saved to results/rRNA_analysis/plots/blast_JW18DOX-Ctrl_pipseq/combined_16S_genus_bar_plots_95pct.svg

Summary statistics saved to results/rRNA_analysis/plots/blast_JW18DOX-Ctrl_pipseq/blast_summary_stats.csv

Overview:
  GQX67_05945: 1,091 reads, 71 genera, top: NZ_CP046925.1 (32.7%, 100.0% ID)

All plots saved to results/rRNA_analysis/plots/blast_JW18DOX-Ctrl_pipseq/
Processing GQX67_05945.blast.summary...
Processing 1 files using 128 threads...
Processing GQX67_05945...
Filtered GQX67_05945: 89/195 hits ≥95% identity
Creating combined 3x2 bar plot layout...
Combined bar plots saved to results/rRNA_analysis/plots/blast_JW18DOX-Ctrl_pipseq/combined_16S_genus_bar_plots_95pct.svg

Summary statistics saved to results/rRNA_analysis/plots/blast_JW18DOX-Ctrl_pipseq/blast_summary_stats.csv

Overview:
  GQX67_05945: 5,551 reads, 89 genera, top: NZ_CP046925.1 (23.9%, 100.0% ID)

All plots saved to results/rRNA_analysis/plots/blast_JW18DOX-Ctrl_pipseq/
Processing GQX67_05945.blast.summary...
Processing 1 files using 128 threads...
Processing GQX67_05945...
Filtered GQX67_05945: 37/66 hits ≥95% identity
Creating combined 3x2 bar plot layout...
Combined bar plots saved to results/rRNA_analysis/plots/blast_JW18DOX-Ctrl_pipseq/combined_16S_genus_bar_plots_95pct.svg

Summary statistics saved to results/rRNA_analysis/plots/blast_JW18DOX-Ctrl_pipseq/blast_summary_stats.csv

Overview:
  GQX67_05945: 386 reads, 37 genera, top: NZ_CP046925.1 (30.6%, 100.0% ID)

All plots saved to results/rRNA_analysis/plots/blast_JW18DOX-Ctrl_pipseq/
BLAST plotting complete
