Plotting BLAST results for JW18DOX-SV_pipseq
Processing GQX67_05945.blast.summary...
Processing 1 files using 192 threads...
Processing GQX67_05945...
Filtered GQX67_05945: 353/1029 hits ≥95% identity
Creating combined 3x2 bar plot layout...
Combined bar plots saved to results/rRNA_analysis/plots/blast_JW18DOX-SV_pipseq/combined_16S_genus_bar_plots_95pct.svg

Summary statistics saved to results/rRNA_analysis/plots/blast_JW18DOX-SV_pipseq/blast_summary_stats.csv

Overview:
  GQX67_05945: 536,454 reads, 353 genera, top: NZ_CP046925.1 (26.4%, 100.0% ID)

All plots saved to results/rRNA_analysis/plots/blast_JW18DOX-SV_pipseq/
Processing GQX67_05945.blast.summary...
Processing 1 files using 192 threads...
Processing GQX67_05945...
Filtered GQX67_05945: 99/236 hits ≥95% identity
Creating combined 3x2 bar plot layout...
Combined bar plots saved to results/rRNA_analysis/plots/blast_JW18DOX-SV_pipseq/combined_16S_genus_bar_plots_95pct.svg

Summary statistics saved to results/rRNA_analysis/plots/blast_JW18DOX-SV_pipseq/blast_summary_stats.csv

Overview:
  GQX67_05945: 6,886 reads, 99 genera, top: NZ_CP046925.1 (30.1%, 100.0% ID)

All plots saved to results/rRNA_analysis/plots/blast_JW18DOX-SV_pipseq/
BLAST plotting complete
