Plotting BLAST results for JW18wMel-Ctrl_pipseq
Processing GQX67_05945.blast.summary...
Processing 1 files using 192 threads...
Processing GQX67_05945...
  Skipping results/rRNA_analysis/blast/JW18wMel-Ctrl-1_pipseq/GQX67_05945.blast.summary - no valid data
Creating combined 3x2 bar plot layout...
No processed data available for combined plots

All plots saved to results/rRNA_analysis/plots/blast_JW18wMel-Ctrl_pipseq/
Processing GQX67_05945.blast.summary...
Processing 1 files using 192 threads...
Processing GQX67_05945...
  Skipping results/rRNA_analysis/blast/JW18wMel-Ctrl-2_pipseq/GQX67_05945.blast.summary - no valid data
Creating combined 3x2 bar plot layout...
No processed data available for combined plots

All plots saved to results/rRNA_analysis/plots/blast_JW18wMel-Ctrl_pipseq/
Processing GQX67_05945.blast.summary...
Processing 1 files using 192 threads...
Processing GQX67_05945...
Filtered GQX67_05945: 1212/2824 hits ≥95% identity
Creating combined 3x2 bar plot layout...
Combined bar plots saved to results/rRNA_analysis/plots/blast_JW18wMel-Ctrl_pipseq/combined_16S_genus_bar_plots_95pct.svg

Summary statistics saved to results/rRNA_analysis/plots/blast_JW18wMel-Ctrl_pipseq/blast_summary_stats.csv

Overview:
  GQX67_05945: 5,832,955 reads, 1212 genera, top: NZ_CP046925.1 (23.0%, 100.0% ID)

All plots saved to results/rRNA_analysis/plots/blast_JW18wMel-Ctrl_pipseq/
BLAST plotting complete
