Starting cluster marker and pathway analysis for wolbachia_infection
/private/groups/russelllab/jodie/scRNAseq/Jacobs_et_al_2026_wolbachia-drosophila-scrnaseq/cell_culture_system/scripts/method_comparison/cluster_marker_pathway_analysis.py:113: FutureWarning: The default of observed=False is deprecated and will be changed to True in a future version of pandas. Pass observed=False to retain current behavior or observed=True to adopt the future default and silence this warning.
  summary = adata.obs.groupby('leiden')[['n_counts', 'n_genes']].agg(
WARNING: saving figure to file results/cluster_marker_pathway/umap_wolbachia_infection_transcriptional_activity.pdf
/private/groups/russelllab/jodie/miniforge3/envs/scanpy/lib/python3.12/site-packages/scanpy/tools/_rank_genes_groups.py:455: RuntimeWarning: invalid value encountered in log2
  self.stats[group_name, "logfoldchanges"] = np.log2(
/private/groups/russelllab/jodie/miniforge3/envs/scanpy/lib/python3.12/site-packages/scanpy/tools/_rank_genes_groups.py:455: RuntimeWarning: invalid value encountered in log2
  self.stats[group_name, "logfoldchanges"] = np.log2(
/private/groups/russelllab/jodie/miniforge3/envs/scanpy/lib/python3.12/site-packages/scanpy/tools/_rank_genes_groups.py:455: RuntimeWarning: invalid value encountered in log2
  self.stats[group_name, "logfoldchanges"] = np.log2(
/private/groups/russelllab/jodie/miniforge3/envs/scanpy/lib/python3.12/site-packages/scanpy/tools/_rank_genes_groups.py:455: RuntimeWarning: invalid value encountered in log2
  self.stats[group_name, "logfoldchanges"] = np.log2(
/private/groups/russelllab/jodie/miniforge3/envs/scanpy/lib/python3.12/site-packages/scanpy/tools/_rank_genes_groups.py:455: RuntimeWarning: invalid value encountered in log2
  self.stats[group_name, "logfoldchanges"] = np.log2(
/private/groups/russelllab/jodie/miniforge3/envs/scanpy/lib/python3.12/site-packages/scanpy/tools/_rank_genes_groups.py:455: RuntimeWarning: invalid value encountered in log2
  self.stats[group_name, "logfoldchanges"] = np.log2(
/private/groups/russelllab/jodie/miniforge3/envs/scanpy/lib/python3.12/site-packages/scanpy/tools/_rank_genes_groups.py:455: RuntimeWarning: invalid value encountered in log2
  self.stats[group_name, "logfoldchanges"] = np.log2(
/private/groups/russelllab/jodie/miniforge3/envs/scanpy/lib/python3.12/site-packages/scanpy/tools/_rank_genes_groups.py:455: RuntimeWarning: invalid value encountered in log2
  self.stats[group_name, "logfoldchanges"] = np.log2(
/private/groups/russelllab/jodie/miniforge3/envs/scanpy/lib/python3.12/site-packages/scanpy/tools/_rank_genes_groups.py:455: RuntimeWarning: invalid value encountered in log2
  self.stats[group_name, "logfoldchanges"] = np.log2(
/private/groups/russelllab/jodie/miniforge3/envs/scanpy/lib/python3.12/site-packages/scanpy/tools/_rank_genes_groups.py:455: RuntimeWarning: invalid value encountered in log2
  self.stats[group_name, "logfoldchanges"] = np.log2(
/private/groups/russelllab/jodie/miniforge3/envs/scanpy/lib/python3.12/site-packages/scanpy/tools/_rank_genes_groups.py:455: RuntimeWarning: invalid value encountered in log2
  self.stats[group_name, "logfoldchanges"] = np.log2(
/private/groups/russelllab/jodie/miniforge3/envs/scanpy/lib/python3.12/site-packages/scanpy/tools/_rank_genes_groups.py:455: RuntimeWarning: invalid value encountered in log2
  self.stats[group_name, "logfoldchanges"] = np.log2(
/private/groups/russelllab/jodie/miniforge3/envs/scanpy/lib/python3.12/site-packages/scanpy/tools/_rank_genes_groups.py:455: RuntimeWarning: invalid value encountered in log2
  self.stats[group_name, "logfoldchanges"] = np.log2(
/private/groups/russelllab/jodie/miniforge3/envs/scanpy/lib/python3.12/site-packages/scanpy/tools/_rank_genes_groups.py:455: RuntimeWarning: invalid value encountered in log2
  self.stats[group_name, "logfoldchanges"] = np.log2(
/private/groups/russelllab/jodie/miniforge3/envs/scanpy/lib/python3.12/site-packages/scanpy/tools/_rank_genes_groups.py:455: RuntimeWarning: invalid value encountered in log2
  self.stats[group_name, "logfoldchanges"] = np.log2(
WARNING: saving figure to file results/cluster_marker_pathway/rank_genes_groups_leiden_wolbachia_infection_ranked_genes.pdf
WARNING: dendrogram data not found (using key=dendrogram_leiden). Running `sc.tl.dendrogram` with default parameters. For fine tuning it is recommended to run `sc.tl.dendrogram` independently.
WARNING: saving figure to file results/cluster_marker_pathway/heatmap_wolbachia_infection_top10_heatmap.pdf
WARNING: saving figure to file results/cluster_marker_pathway/dotplot__wolbachia_infection_top5_dotplot.pdf
WARNING: saving figure to file results/cluster_marker_pathway/matrixplot__wolbachia_infection_top5_matrixplot.pdf
/private/groups/russelllab/jodie/scRNAseq/Jacobs_et_al_2026_wolbachia-drosophila-scrnaseq/cell_culture_system/scripts/method_comparison/cluster_marker_pathway_analysis.py:303: FutureWarning: Series.__getitem__ treating keys as positions is deprecated. In a future version, integer keys will always be treated as labels (consistent with DataFrame behavior). To access a value by position, use `ser.iloc[pos]`
  pct_in   = result['pts'][grp][i]     if 'pts'      in result else np.nan
/private/groups/russelllab/jodie/scRNAseq/Jacobs_et_al_2026_wolbachia-drosophila-scrnaseq/cell_culture_system/scripts/method_comparison/cluster_marker_pathway_analysis.py:304: FutureWarning: Series.__getitem__ treating keys as positions is deprecated. In a future version, integer keys will always be treated as labels (consistent with DataFrame behavior). To access a value by position, use `ser.iloc[pos]`
  pct_rest = result['pts_rest'][grp][i] if 'pts_rest' in result else np.nan
  sc.settings.figdir = results/cluster_marker_pathway
============================================================
LOADING DATA
============================================================
  Cells: 89,046  Genes: 1,997  Clusters: 15
  adata.X will be used for DE (use_raw=False)

============================================================
LOADING GENE SYMBOL MAPPING
============================================================
  File: ../reference/KB_Drosophila_melanogaster_wMel_combined_16S/transcripts_to_genes.txt
  Loaded 17,869 mappings
    FBgn0267594 -> CR45932
    FBgn0259849 -> Su(Ste):CR42418
    FBgn0085494 -> Mst77Y-16Psi
    FBgn0085506 -> CG40635
    FBgn0259870 -> Su(Ste):CR42439

============================================================
TRANSCRIPTIONAL ACTIVITY BY CLUSTER
============================================================
           n_counts                           ...      n_genes           
               mean       median         std  ...          std  min   max
leiden                                        ...                        
0       2881.046875  2906.718750  317.756348  ...  1046.979546  701  6563
1       2051.328613  1998.301270  303.575409  ...   408.472312  700  4300
2       2794.389893  2876.991943  438.618195  ...  1223.687928  701  6366
3       2819.571777  2960.870117  592.848755  ...  1269.755615  700  6654
4       3627.101562  3766.802246  886.295593  ...  1360.217116  700  7586
5       3150.143799  3144.163574  397.050873  ...  1114.198343  700  6509
6       4373.912598  4456.884766  608.898743  ...  1020.765047  889  6971
7       3236.441406  3192.064941  928.153076  ...  1199.273027  700  6576
8       2638.756836  2749.215332  483.322388  ...  1303.018918  700  6274
9       3630.613281  3666.914062  724.696594  ...  1037.251468  701  6266
10      3002.243408  3043.578857  544.353821  ...  1245.885895  703  6636
11      2915.261719  3002.115234  394.380005  ...  1196.784905  700  6264
12      2563.394287  2554.248535  459.417206  ...   502.856395  701  5223
13      2381.270020  2174.745361  680.839050  ...   737.979305  700  5479
14      1350.255981  1306.361938  257.920135  ...   264.255906  700  3016

[15 rows x 10 columns]

n_counts: H=48724.89  p=0.00e+00  η²=0.5471 (large)
n_genes:  H=42252.99  p=0.00e+00  η²=0.4744 (large)

============================================================
DIFFERENTIAL GENE EXPRESSION
============================================================
  Method: wilcoxon
  Using adata.X (log-normalised, use_raw=False)
  Scanpy version: 1.10.1 — applying signed score re-rank workaround
  Removed 271 bacterial genes (G*), 0 FBtr transcripts, 283 transposable elements
  Genes remaining for DE: 1,443
  Genes after expression filter (>=3 cells): 1,443 / 1,443

  Saving scanpy marker gene plots ...
  Plots will be saved to: results/cluster_marker_pathway/
  Saved: ranked_genes_wolbachia_infection.pdf
  Saved: top10_heatmap_wolbachia_infection.pdf
  Saved: top5_dotplot_wolbachia_infection.pdf
  Saved: top5_matrixplot_wolbachia_infection.pdf

  Raw DE results: 16,089 gene×cluster entries

  Top 5 upregulated markers per cluster (by signed score):

  Cluster 0:
    FBgn0036595            log2FC=  0.08  pct_in=1.00  pval_adj=6.22e-01
    FBgn0038109            log2FC=  0.00  pct_in=1.00  pval_adj=9.94e-01
    FBgn0250821            log2FC=  0.01  pct_in=1.00  pval_adj=9.92e-01
    FBgn0266398            log2FC=  0.00  pct_in=1.00  pval_adj=9.83e-01
    FBgn0031942            log2FC=  0.00  pct_in=1.00  pval_adj=9.83e-01

  Cluster 1:
    FBgn0265816            log2FC=  0.01  pct_in=1.00  pval_adj=9.74e-01
    FBgn0036706            log2FC=  0.00  pct_in=1.00  pval_adj=9.74e-01
    FBgn0032109            log2FC=  0.01  pct_in=1.00  pval_adj=9.74e-01
    FBgn0267957            log2FC=  0.01  pct_in=1.00  pval_adj=9.74e-01
    FBgn0000625            log2FC=  0.00  pct_in=1.00  pval_adj=9.74e-01

  Cluster 2:
    FBgn0065046            log2FC=  0.04  pct_in=1.00  pval_adj=2.90e-01
    FBgn0036895            log2FC=  0.04  pct_in=1.00  pval_adj=4.93e-01
    FBgn0028743            log2FC=  0.28  pct_in=1.00  pval_adj=5.57e-01
    FBgn0267735            log2FC=  0.04  pct_in=1.00  pval_adj=9.47e-01
    FBgn0040601            log2FC=  0.00  pct_in=1.00  pval_adj=9.94e-01

  Cluster 3:
    FBgn0031907            log2FC=  5.21  pct_in=1.00  pval_adj=7.89e-01
    FBgn0031473            log2FC=  0.01  pct_in=1.00  pval_adj=9.04e-01
    FBgn0036836            log2FC=  0.06  pct_in=1.00  pval_adj=9.78e-01
    FBgn0039051            log2FC=  0.00  pct_in=1.00  pval_adj=9.86e-01
    FBgn0030014            log2FC=  0.01  pct_in=1.00  pval_adj=9.86e-01

  Cluster 4:
    FBgn0035293            log2FC=  0.02  pct_in=1.00  pval_adj=9.60e-01
    FBgn0032602            log2FC=  0.02  pct_in=1.00  pval_adj=9.56e-01
    FBgn0051874            log2FC=  0.03  pct_in=1.00  pval_adj=9.30e-01
    FBgn0036870            log2FC=  0.03  pct_in=1.00  pval_adj=9.20e-01
    FBgn0035331            log2FC=  0.03  pct_in=1.00  pval_adj=9.20e-01

  Cluster 5:
    FBgn0038952            log2FC=  1.95  pct_in=1.00  pval_adj=1.51e-03
    FBgn0050460            log2FC=  0.05  pct_in=1.00  pval_adj=7.12e-03
    FBgn0000463            log2FC=  0.21  pct_in=1.00  pval_adj=9.86e-03
    FBgn0267513            log2FC=  0.31  pct_in=1.00  pval_adj=1.68e-02
    FBgn0086661            log2FC=  0.04  pct_in=1.00  pval_adj=7.01e-01

  Cluster 6:
    FBgn0052106            log2FC=  0.03  pct_in=1.00  pval_adj=9.53e-01
    FBgn0020307            log2FC=  0.13  pct_in=1.00  pval_adj=9.92e-01
    FBgn0267162            log2FC=  0.00  pct_in=1.00  pval_adj=9.92e-01
    FBgn0267993            log2FC=  0.01  pct_in=1.00  pval_adj=9.84e-01
    FBgn0038751            log2FC=  0.01  pct_in=1.00  pval_adj=9.84e-01

  Cluster 7:
    FBgn0263748            log2FC=  0.01  pct_in=1.00  pval_adj=9.60e-01
    FBgn0020880            log2FC=  0.02  pct_in=1.00  pval_adj=9.60e-01
    FBgn0000320            log2FC=  0.02  pct_in=1.00  pval_adj=9.60e-01
    FBgn0051437            log2FC=  0.03  pct_in=1.00  pval_adj=9.37e-01
    FBgn0028999            log2FC=  0.03  pct_in=1.00  pval_adj=9.37e-01

  Cluster 8:
    FBgn0000527            log2FC=  0.00  pct_in=1.00  pval_adj=9.28e-01
    FBgn0085480            log2FC=  0.10  pct_in=1.00  pval_adj=9.39e-01
    FBgn0263770            log2FC=  0.48  pct_in=1.00  pval_adj=9.91e-01
    FBgn0264723            log2FC=  0.03  pct_in=1.00  pval_adj=9.98e-01
    FBgn0053834            log2FC=  0.01  pct_in=1.00  pval_adj=9.76e-01

  Cluster 9:
    FBgn0267326            log2FC=  0.00  pct_in=1.00  pval_adj=9.95e-01
    FBgn0039299            log2FC=  0.03  pct_in=1.00  pval_adj=9.43e-01
    FBgn0038983            log2FC=  0.04  pct_in=1.00  pval_adj=9.12e-01
    FBgn0035505            log2FC=  0.05  pct_in=1.00  pval_adj=9.06e-01
    FBgn0031163            log2FC=  0.05  pct_in=1.00  pval_adj=8.80e-01

  Cluster 10:
    FBgn0052026            log2FC=  0.01  pct_in=1.00  pval_adj=4.65e-01
    FBgn0035512            log2FC=  0.62  pct_in=1.00  pval_adj=8.89e-01
    FBgn0082942            log2FC=  0.00  pct_in=1.00  pval_adj=9.90e-01
    FBgn0031273            log2FC=  0.00  pct_in=1.00  pval_adj=9.90e-01
    FBgn0061209            log2FC=  0.02  pct_in=1.00  pval_adj=9.69e-01

  Cluster 11:
    FBgn0051272            log2FC=  0.48  pct_in=1.00  pval_adj=8.35e-01
    FBgn0050036            log2FC=  0.05  pct_in=1.00  pval_adj=8.64e-01
    FBgn0086661            log2FC=  0.04  pct_in=1.00  pval_adj=8.64e-01
    FBgn0031737            log2FC=  0.01  pct_in=1.00  pval_adj=9.07e-01
    FBgn0025692            log2FC=  1.14  pct_in=1.00  pval_adj=9.42e-01

  Cluster 12:
    FBgn0022700            log2FC=  0.00  pct_in=1.00  pval_adj=9.97e-01
    FBgn0266169            log2FC=  0.02  pct_in=1.00  pval_adj=9.75e-01
    FBgn0264912            log2FC=  0.02  pct_in=1.00  pval_adj=9.69e-01
    FBgn0051121            log2FC=  0.02  pct_in=1.00  pval_adj=9.69e-01
    FBgn0051663            log2FC=  0.03  pct_in=1.00  pval_adj=9.55e-01

  Cluster 13:
    FBgn0260002            log2FC=  0.05  pct_in=1.00  pval_adj=9.45e-01
    FBgn0035455            log2FC=  0.10  pct_in=1.00  pval_adj=9.00e-01
    FBgn0266399            log2FC=  0.14  pct_in=1.00  pval_adj=8.68e-01
    FBgn0040892            log2FC=  0.10  pct_in=1.00  pval_adj=8.66e-01
    FBgn0043021            log2FC=  0.09  pct_in=1.00  pval_adj=8.66e-01

  Cluster 14:
    FBgn0030015            log2FC=  0.02  pct_in=1.00  pval_adj=9.80e-01
    FBgn0010043            log2FC=  0.05  pct_in=1.00  pval_adj=9.55e-01
    FBgn0033320            log2FC=  0.06  pct_in=1.00  pval_adj=9.49e-01
    FBgn0031580            log2FC=  0.09  pct_in=1.00  pval_adj=9.19e-01
    FBgn0031970            log2FC=  0.12  pct_in=1.00  pval_adj=8.95e-01

  Saved: wolbachia_infection_markers_all.csv
  Saved: wolbachia_infection_markers_top50.csv

============================================================
PATHWAY ENRICHMENT ANALYSIS (FlyEnrichr)
============================================================

  Building background gene set ...
  Background: 1,443 FBgn IDs → 1,443 symbols (0 unmapped, 271 bacterial excluded, 0 FBtr excluded, 283 TEs excluded)

==================================================
  Cluster 0
==================================================
  Top 50 upregulated markers (log2fc>0): 50
  50 FBgn IDs → 50 symbols (0 unmapped)
  [GO_Biological_Process_2018] 65 terms, 14 significant (adj_p<0.1)
  [WikiPathways_2018] no results

==================================================
  Cluster 1
==================================================
  Top 50 upregulated markers (log2fc>0): 50
  50 FBgn IDs → 50 symbols (0 unmapped)
  [GO_Biological_Process_2018] 100 terms, 2 significant (adj_p<0.1)
  [WikiPathways_2018] no results

==================================================
  Cluster 2
==================================================
  Top 50 upregulated markers (log2fc>0): 50
  50 FBgn IDs → 50 symbols (0 unmapped)
  [GO_Biological_Process_2018] 62 terms, 31 significant (adj_p<0.1)
  [WikiPathways_2018] no results

==================================================
  Cluster 3
==================================================
  Top 50 upregulated markers (log2fc>0): 50
  50 FBgn IDs → 50 symbols (0 unmapped)
  [GO_Biological_Process_2018] 154 terms, 1 significant (adj_p<0.1)
  [WikiPathways_2018] no results

==================================================
  Cluster 4
==================================================
  Top 50 upregulated markers (log2fc>0): 50
  50 FBgn IDs → 50 symbols (0 unmapped)
  [GO_Biological_Process_2018] 105 terms, 0 significant (adj_p<0.1)
  [WikiPathways_2018] no results

==================================================
  Cluster 5
==================================================
  Top 50 upregulated markers (log2fc>0): 50
  50 FBgn IDs → 50 symbols (0 unmapped)
  [GO_Biological_Process_2018] 228 terms, 3 significant (adj_p<0.1)
  [WikiPathways_2018] no results

==================================================
  Cluster 6
==================================================
  Top 50 upregulated markers (log2fc>0): 50
  50 FBgn IDs → 50 symbols (0 unmapped)
  [GO_Biological_Process_2018] 74 terms, 2 significant (adj_p<0.1)
  [WikiPathways_2018] no results

==================================================
  Cluster 7
==================================================
  Top 50 upregulated markers (log2fc>0): 50
  50 FBgn IDs → 50 symbols (0 unmapped)
  [GO_Biological_Process_2018] 163 terms, 1 significant (adj_p<0.1)
  [WikiPathways_2018] no results

==================================================
  Cluster 8
==================================================
  Top 50 upregulated markers (log2fc>0): 50
  50 FBgn IDs → 50 symbols (0 unmapped)
  [GO_Biological_Process_2018] 147 terms, 0 significant (adj_p<0.1)
  [WikiPathways_2018] no results

==================================================
  Cluster 9
==================================================
  Top 50 upregulated markers (log2fc>0): 50
  50 FBgn IDs → 50 symbols (0 unmapped)
  [GO_Biological_Process_2018] 154 terms, 0 significant (adj_p<0.1)
  [WikiPathways_2018] no results

==================================================
  Cluster 10
==================================================
  Top 50 upregulated markers (log2fc>0): 50
  50 FBgn IDs → 50 symbols (0 unmapped)
  [GO_Biological_Process_2018] 71 terms, 0 significant (adj_p<0.1)
  [WikiPathways_2018] no results

==================================================
  Cluster 11
==================================================
  Top 50 upregulated markers (log2fc>0): 50
  50 FBgn IDs → 50 symbols (0 unmapped)
  [GO_Biological_Process_2018] 116 terms, 2 significant (adj_p<0.1)
  [WikiPathways_2018] no results

==================================================
  Cluster 12
==================================================
  Top 50 upregulated markers (log2fc>0): 50
  50 FBgn IDs → 50 symbols (0 unmapped)
  [GO_Biological_Process_2018] 83 terms, 11 significant (adj_p<0.1)
  [WikiPathways_2018] no results

==================================================
  Cluster 13
==================================================
  Top 50 upregulated markers (log2fc>0): 50
  50 FBgn IDs → 50 symbols (0 unmapped)
  [GO_Biological_Process_2018] 55 terms, 23 significant (adj_p<0.1)
  [WikiPathways_2018] no results

==================================================
  Cluster 14
==================================================
  Top 50 upregulated markers (log2fc>0): 50
  50 FBgn IDs → 50 symbols (0 unmapped)
  [GO_Biological_Process_2018] 59 terms, 0 significant (adj_p<0.1)
  [WikiPathways_2018] /private/groups/russelllab/jodie/scRNAseq/Jacobs_et_al_2026_wolbachia-drosophila-scrnaseq/cell_culture_system/scripts/method_comparison/cluster_marker_pathway_analysis.py:536: MatplotlibDeprecationWarning: The get_cmap function was deprecated in Matplotlib 3.7 and will be removed two minor releases later. Use ``matplotlib.colormaps[name]`` or ``matplotlib.colormaps.get_cmap(obj)`` instead.
  cmap = plt.cm.get_cmap('tab20')
no results

  Total terms: 1636
  Significant (adj_p < 0.1): 90
  Significant GO terms: 90

============================================================
ENRICHMENT SUMMARY
============================================================

GO_Biological_Process_2018
  Cluster 0:
    antibacterial humoral response                               p_adj=3.34e-03
    defense response to Gram-positive bacterium                  p_adj=1.21e-02
    sensory organ precursor cell fate determination              p_adj=2.24e-02
  Cluster 1:
    heart process                                                p_adj=5.65e-02
    leg disc pattern formation                                   p_adj=5.65e-02
  Cluster 2:
    regulation of sodium ion transport                           p_adj=9.71e-02
    male mating behavior                                         p_adj=9.71e-02
    sensory perception of taste                                  p_adj=9.71e-02
  Cluster 3:
    sensory organ morphogenesis                                  p_adj=4.19e-02
  Cluster 5:
    compound eye cone cell differentiation                       p_adj=6.18e-02
    negative regulation of cell fate specification               p_adj=6.18e-02
    compound eye photoreceptor cell differentiation              p_adj=6.18e-02
  Cluster 6:
    imaginal disc-derived leg joint morphogenesis                p_adj=6.02e-02
    imaginal disc-derived leg segmentation                       p_adj=8.22e-02
  Cluster 7:
    response to light stimulus                                   p_adj=8.17e-02
  Cluster 11:
    regulation of calcium ion-dependent exocytosis               p_adj=3.85e-02
    positive regulation of synaptic transmission                 p_adj=5.91e-02
  Cluster 12:
    positive regulation of clathrin-dependent endocytosis        p_adj=1.51e-02
    regulation of clathrin-dependent endocytosis                 p_adj=1.51e-02
    positive regulation of receptor-mediated endocytosis         p_adj=1.51e-02
  Cluster 13:
    cellular response to UV                                      p_adj=4.47e-02
    cellular response to light stimulus                          p_adj=5.31e-02
    response to UV                                               p_adj=5.31e-02

  Generating enrichment plots ...
    Saved: GO_combined_barplots.pdf
    Saved: GO_combined_heatmap.pdf
    Saved: enrichment_GO_Biological_Process.pdf

  Building GO enrichment network ...
  Terms in network: 63
  Edges (Jaccard ≥ 0.3): 77
  Nodes after removing isolates: 55
    Saved: GO_enrichment_network.pdf
    Saved: GO_network_per_cluster.pdf
Traceback (most recent call last):
  File "/private/groups/russelllab/jodie/miniforge3/envs/scanpy/lib/python3.12/site-packages/networkx/readwrite/graphml.py", line 164, in write_graphml_lxml
    import lxml.etree as lxmletree
ModuleNotFoundError: No module named 'lxml'

During handling of the above exception, another exception occurred:

Traceback (most recent call last):
  File "/private/groups/russelllab/jodie/scRNAseq/Jacobs_et_al_2026_wolbachia-drosophila-scrnaseq/cell_culture_system/scripts/method_comparison/cluster_marker_pathway_analysis.py", line 919, in <module>
    main()
  File "/private/groups/russelllab/jodie/scRNAseq/Jacobs_et_al_2026_wolbachia-drosophila-scrnaseq/cell_culture_system/scripts/method_comparison/cluster_marker_pathway_analysis.py", line 906, in main
    enrichment_analysis_per_cluster(
  File "/private/groups/russelllab/jodie/scRNAseq/Jacobs_et_al_2026_wolbachia-drosophila-scrnaseq/cell_culture_system/scripts/method_comparison/cluster_marker_pathway_analysis.py", line 855, in enrichment_analysis_per_cluster
    plot_enrichment_network(sig_df, output_dir, sample_name)
  File "/private/groups/russelllab/jodie/scRNAseq/Jacobs_et_al_2026_wolbachia-drosophila-scrnaseq/cell_culture_system/scripts/method_comparison/cluster_marker_pathway_analysis.py", line 617, in plot_enrichment_network
    nx.write_graphml(G, f"{output_dir}/{sample_name}_GO_enrichment_network.graphml")
  File "/private/groups/russelllab/jodie/miniforge3/envs/scanpy/lib/python3.12/site-packages/networkx/utils/decorators.py", line 789, in func
    return argmap._lazy_compile(__wrapper)(*args, **kwargs)
           ^^^^^^^^^^^^^^^^^^^^^^^^^^^^^^^^^^^^^^^^^^^^^^^^
  File "<class 'networkx.utils.decorators.argmap'> compilation 17", line 5, in argmap_write_graphml_lxml_13
  File "/private/groups/russelllab/jodie/miniforge3/envs/scanpy/lib/python3.12/site-packages/networkx/readwrite/graphml.py", line 166, in write_graphml_lxml
    return write_graphml_xml(
           ^^^^^^^^^^^^^^^^^^
  File "/private/groups/russelllab/jodie/miniforge3/envs/scanpy/lib/python3.12/site-packages/networkx/utils/decorators.py", line 789, in func
    return argmap._lazy_compile(__wrapper)(*args, **kwargs)
           ^^^^^^^^^^^^^^^^^^^^^^^^^^^^^^^^^^^^^^^^^^^^^^^^
  File "<class 'networkx.utils.decorators.argmap'> compilation 22", line 5, in argmap_write_graphml_xml_18
  File "/private/groups/russelllab/jodie/miniforge3/envs/scanpy/lib/python3.12/site-packages/networkx/readwrite/graphml.py", line 112, in write_graphml_xml
    writer.add_graph_element(G)
  File "/private/groups/russelllab/jodie/miniforge3/envs/scanpy/lib/python3.12/site-packages/networkx/readwrite/graphml.py", line 650, in add_graph_element
    self.add_data(
  File "/private/groups/russelllab/jodie/miniforge3/envs/scanpy/lib/python3.12/site-packages/networkx/readwrite/graphml.py", line 562, in add_data
    raise nx.NetworkXError(
networkx.exception.NetworkXError: GraphML writer does not support <class 'set'> as data values.
