Starting BWA alignment for JW18DOX-Ctrl-2_pipseq
[M::bwa_idx_load_from_disk] read 0 ALT contigs
[M::process] read 529802 sequences (80000102 bp)...
[M::process] read 529802 sequences (80000102 bp)...
[M::mem_process_seqs] Processed 529802 reads in 46.648 CPU sec, 5.934 real sec
[M::process] read 529802 sequences (80000102 bp)...
[M::mem_process_seqs] Processed 529802 reads in 46.362 CPU sec, 6.374 real sec
[M::mem_process_seqs] Processed 529802 reads in 45.587 CPU sec, 6.209 real sec
[M::process] read 529802 sequences (80000102 bp)...
[M::process] read 529802 sequences (80000102 bp)...
[M::mem_process_seqs] Processed 529802 reads in 45.675 CPU sec, 6.167 real sec
[M::mem_process_seqs] Processed 529802 reads in 44.453 CPU sec, 6.030 real sec
[M::process] read 529802 sequences (80000102 bp)...
[M::process] read 529802 sequences (80000102 bp)...
[M::mem_process_seqs] Processed 529802 reads in 45.316 CPU sec, 6.107 real sec
[M::mem_process_seqs] Processed 529802 reads in 44.862 CPU sec, 6.085 real sec
[M::process] read 529802 sequences (80000102 bp)...
[M::process] read 529802 sequences (80000102 bp)...
[M::mem_process_seqs] Processed 529802 reads in 45.042 CPU sec, 6.063 real sec
[M::mem_process_seqs] Processed 529802 reads in 44.468 CPU sec, 6.037 real sec
[M::process] read 529802 sequences (80000102 bp)...
[M::mem_process_seqs] Processed 529802 reads in 45.165 CPU sec, 6.113 real sec
[M::process] read 529802 sequences (80000102 bp)...
[M::process] read 529802 sequences (80000102 bp)...
[M::mem_process_seqs] Processed 529802 reads in 44.795 CPU sec, 6.076 real sec
[M::mem_process_seqs] Processed 529802 reads in 44.416 CPU sec, 6.020 real sec
[M::process] read 529802 sequences (80000102 bp)...
[M::process] read 529802 sequences (80000102 bp)...
[M::mem_process_seqs] Processed 529802 reads in 45.030 CPU sec, 6.048 real sec
[M::process] read 529802 sequences (80000102 bp)...
[M::mem_process_seqs] Processed 529802 reads in 44.866 CPU sec, 6.126 real sec
[M::mem_process_seqs] Processed 529802 reads in 44.978 CPU sec, 6.070 real sec
[M::process] read 529802 sequences (80000102 bp)...
[M::process] read 529802 sequences (80000102 bp)...
[M::mem_process_seqs] Processed 529802 reads in 44.789 CPU sec, 6.056 real sec
[M::mem_process_seqs] Processed 529802 reads in 45.859 CPU sec, 6.213 real sec
[M::process] read 529802 sequences (80000102 bp)...
[M::process] read 529802 sequences (80000102 bp)...
[M::mem_process_seqs] Processed 529802 reads in 48.148 CPU sec, 6.459 real sec
[M::process] read 529802 sequences (80000102 bp)...
[M::mem_process_seqs] Processed 529802 reads in 47.337 CPU sec, 6.569 real sec
[M::process] read 529802 sequences (80000102 bp)...
[M::mem_process_seqs] Processed 529802 reads in 46.186 CPU sec, 6.299 real sec
[M::process] read 529802 sequences (80000102 bp)...
[M::mem_process_seqs] Processed 529802 reads in 47.964 CPU sec, 6.530 real sec
[M::process] read 529802 sequences (80000102 bp)...
[M::mem_process_seqs] Processed 529802 reads in 47.304 CPU sec, 6.487 real sec
[M::process] read 529802 sequences (80000102 bp)...
[M::mem_process_seqs] Processed 529802 reads in 47.688 CPU sec, 6.540 real sec
[M::mem_process_seqs] Processed 529802 reads in 46.989 CPU sec, 6.402 real sec
[M::process] read 529802 sequences (80000102 bp)...
[M::mem_process_seqs] Processed 529802 reads in 45.437 CPU sec, 6.263 real sec
[M::process] read 529802 sequences (80000102 bp)...
[M::process] read 529802 sequences (80000102 bp)...
[M::mem_process_seqs] Processed 529802 reads in 46.053 CPU sec, 6.394 real sec
[M::process] read 529802 sequences (80000102 bp)...
[M::mem_process_seqs] Processed 529802 reads in 45.916 CPU sec, 6.281 real sec
[M::mem_process_seqs] Processed 529802 reads in 45.244 CPU sec, 6.257 real sec
[M::process] read 529802 sequences (80000102 bp)...
[M::process] read 529802 sequences (80000102 bp)...
[M::mem_process_seqs] Processed 529802 reads in 45.815 CPU sec, 6.158 real sec
[M::mem_process_seqs] Processed 529802 reads in 45.923 CPU sec, 6.228 real sec
[M::process] read 529802 sequences (80000102 bp)...
[M::process] read 529802 sequences (80000102 bp)...
[M::mem_process_seqs] Processed 529802 reads in 46.138 CPU sec, 6.223 real sec
[M::mem_process_seqs] Processed 529802 reads in 45.783 CPU sec, 6.187 real sec
[M::process] read 529802 sequences (80000102 bp)...
[M::process] read 529802 sequences (80000102 bp)...
[M::mem_process_seqs] Processed 529802 reads in 45.978 CPU sec, 6.215 real sec
[M::process] read 529802 sequences (80000102 bp)...
[M::mem_process_seqs] Processed 529802 reads in 45.621 CPU sec, 6.236 real sec
[M::mem_process_seqs] Processed 529802 reads in 44.308 CPU sec, 6.799 real sec
[M::process] read 529802 sequences (80000102 bp)...
[M::process] read 529802 sequences (80000102 bp)...
[M::mem_process_seqs] Processed 529802 reads in 43.184 CPU sec, 5.893 real sec
[M::mem_process_seqs] Processed 529802 reads in 44.722 CPU sec, 6.031 real sec
[M::process] read 529802 sequences (80000102 bp)...
[M::process] read 529802 sequences (80000102 bp)...
[M::mem_process_seqs] Processed 529802 reads in 45.873 CPU sec, 6.146 real sec
[M::mem_process_seqs] Processed 529802 reads in 46.041 CPU sec, 6.275 real sec
[M::process] read 529802 sequences (80000102 bp)...
[M::process] read 529802 sequences (80000102 bp)...
[M::mem_process_seqs] Processed 529802 reads in 45.974 CPU sec, 6.186 real sec
[M::mem_process_seqs] Processed 529802 reads in 45.982 CPU sec, 6.209 real sec
[M::process] read 529802 sequences (80000102 bp)...
[M::process] read 529802 sequences (80000102 bp)...
[M::mem_process_seqs] Processed 529802 reads in 45.958 CPU sec, 6.329 real sec
[M::mem_process_seqs] Processed 529802 reads in 45.745 CPU sec, 6.178 real sec
[M::process] read 529802 sequences (80000102 bp)...
[M::process] read 529802 sequences (80000102 bp)...
[M::mem_process_seqs] Processed 529802 reads in 45.702 CPU sec, 6.268 real sec
[M::process] read 529802 sequences (80000102 bp)...
[M::mem_process_seqs] Processed 529802 reads in 45.839 CPU sec, 6.253 real sec
[M::process] read 529802 sequences (80000102 bp)...
[M::mem_process_seqs] Processed 529802 reads in 46.268 CPU sec, 6.239 real sec
[M::process] read 529802 sequences (80000102 bp)...
[M::mem_process_seqs] Processed 529802 reads in 46.223 CPU sec, 6.281 real sec
[M::mem_process_seqs] Processed 529802 reads in 45.817 CPU sec, 6.172 real sec
[M::process] read 529802 sequences (80000102 bp)...
[M::process] read 529802 sequences (80000102 bp)...
[M::mem_process_seqs] Processed 529802 reads in 45.742 CPU sec, 6.283 real sec
[M::process] read 529802 sequences (80000102 bp)...
[M::mem_process_seqs] Processed 529802 reads in 46.047 CPU sec, 6.213 real sec
[M::process] read 529802 sequences (80000102 bp)...
[M::mem_process_seqs] Processed 529802 reads in 46.139 CPU sec, 6.205 real sec
[M::mem_process_seqs] Processed 529802 reads in 45.290 CPU sec, 6.115 real sec
[M::process] read 529802 sequences (80000102 bp)...
[M::mem_process_seqs] Processed 529802 reads in 45.645 CPU sec, 6.118 real sec
[M::process] read 529802 sequences (80000102 bp)...
[M::process] read 529802 sequences (80000102 bp)...
[M::mem_process_seqs] Processed 529802 reads in 45.893 CPU sec, 6.270 real sec
[M::process] read 529802 sequences (80000102 bp)...
[M::mem_process_seqs] Processed 529802 reads in 45.539 CPU sec, 6.308 real sec
[M::process] read 529802 sequences (80000102 bp)...
[M::mem_process_seqs] Processed 529802 reads in 45.871 CPU sec, 6.211 real sec
[M::mem_process_seqs] Processed 529802 reads in 45.571 CPU sec, 6.135 real sec
[M::process] read 529802 sequences (80000102 bp)...
[M::process] read 529802 sequences (80000102 bp)...
[M::mem_process_seqs] Processed 529802 reads in 46.162 CPU sec, 6.263 real sec
[M::process] read 529802 sequences (80000102 bp)...
[M::mem_process_seqs] Processed 529802 reads in 45.977 CPU sec, 6.217 real sec
[M::process] read 529802 sequences (80000102 bp)...
[M::mem_process_seqs] Processed 529802 reads in 45.464 CPU sec, 6.274 real sec
[M::process] read 529802 sequences (80000102 bp)...
[M::mem_process_seqs] Processed 529802 reads in 45.979 CPU sec, 6.228 real sec
[M::process] read 529802 sequences (80000102 bp)...
[M::mem_process_seqs] Processed 529802 reads in 45.588 CPU sec, 6.211 real sec
[M::process] read 529802 sequences (80000102 bp)...
[M::mem_process_seqs] Processed 529802 reads in 45.175 CPU sec, 6.133 real sec
[M::process] read 529802 sequences (80000102 bp)...
[M::mem_process_seqs] Processed 529802 reads in 45.366 CPU sec, 6.136 real sec
[M::process] read 529802 sequences (80000102 bp)...
[M::mem_process_seqs] Processed 529802 reads in 45.524 CPU sec, 6.172 real sec
[M::process] read 529802 sequences (80000102 bp)...
[M::mem_process_seqs] Processed 529802 reads in 45.894 CPU sec, 6.199 real sec
[M::process] read 529802 sequences (80000102 bp)...
[M::mem_process_seqs] Processed 529802 reads in 45.485 CPU sec, 6.163 real sec
[M::mem_process_seqs] Processed 529802 reads in 44.916 CPU sec, 6.532 real sec
[M::process] read 529802 sequences (80000102 bp)...
[M::process] read 529802 sequences (80000102 bp)...
[M::mem_process_seqs] Processed 529802 reads in 43.851 CPU sec, 5.780 real sec
[M::mem_process_seqs] Processed 529802 reads in 43.069 CPU sec, 5.789 real sec
[M::process] read 529802 sequences (80000102 bp)...
[M::process] read 529802 sequences (80000102 bp)...
[M::mem_process_seqs] Processed 529802 reads in 44.393 CPU sec, 5.913 real sec
[M::process] read 529802 sequences (80000102 bp)...
[M::mem_process_seqs] Processed 529802 reads in 44.833 CPU sec, 6.148 real sec
[M::process] read 529802 sequences (80000102 bp)...
[M::mem_process_seqs] Processed 529802 reads in 46.081 CPU sec, 6.242 real sec
[M::mem_process_seqs] Processed 529802 reads in 45.902 CPU sec, 6.204 real sec
[M::process] read 529802 sequences (80000102 bp)...
[M::mem_process_seqs] Processed 529802 reads in 45.528 CPU sec, 6.166 real sec
[M::process] read 529802 sequences (80000102 bp)...
[M::process] read 529802 sequences (80000102 bp)...
[M::mem_process_seqs] Processed 529802 reads in 46.188 CPU sec, 6.233 real sec
[M::mem_process_seqs] Processed 529802 reads in 45.770 CPU sec, 6.147 real sec
[M::process] read 529802 sequences (80000102 bp)...
[M::process] read 529802 sequences (80000102 bp)...
[M::mem_process_seqs] Processed 529802 reads in 45.708 CPU sec, 6.167 real sec
[M::mem_process_seqs] Processed 529802 reads in 45.480 CPU sec, 6.115 real sec
[M::process] read 529802 sequences (80000102 bp)...
[M::process] read 529802 sequences (80000102 bp)...
[M::mem_process_seqs] Processed 529802 reads in 45.943 CPU sec, 6.159 real sec
[M::process] read 529802 sequences (80000102 bp)...
[M::mem_process_seqs] Processed 529802 reads in 45.852 CPU sec, 6.192 real sec
[M::process] read 529802 sequences (80000102 bp)...
[M::mem_process_seqs] Processed 529802 reads in 45.457 CPU sec, 6.216 real sec
[M::process] read 529802 sequences (80000102 bp)...
[M::mem_process_seqs] Processed 529802 reads in 45.706 CPU sec, 6.202 real sec
[M::process] read 529802 sequences (80000102 bp)...
[M::mem_process_seqs] Processed 529802 reads in 45.885 CPU sec, 6.202 real sec
[M::process] read 529802 sequences (80000102 bp)...
[M::mem_process_seqs] Processed 529802 reads in 45.996 CPU sec, 6.200 real sec
[M::mem_process_seqs] Processed 529802 reads in 45.357 CPU sec, 6.090 real sec
[M::process] read 529802 sequences (80000102 bp)...
[M::process] read 529802 sequences (80000102 bp)...
[M::mem_process_seqs] Processed 529802 reads in 45.527 CPU sec, 6.179 real sec
[M::process] read 529802 sequences (80000102 bp)...
[M::mem_process_seqs] Processed 529802 reads in 45.609 CPU sec, 6.142 real sec
[M::process] read 529802 sequences (80000102 bp)...
[M::mem_process_seqs] Processed 529802 reads in 45.632 CPU sec, 6.183 real sec
[M::process] read 529802 sequences (80000102 bp)...
[M::mem_process_seqs] Processed 529802 reads in 45.327 CPU sec, 6.197 real sec
[M::mem_process_seqs] Processed 529802 reads in 45.660 CPU sec, 6.129 real sec
[M::process] read 529802 sequences (80000102 bp)...
[M::process] read 529802 sequences (80000102 bp)...
[M::mem_process_seqs] Processed 529802 reads in 45.678 CPU sec, 6.192 real sec
[M::process] read 529802 sequences (80000102 bp)...
[M::mem_process_seqs] Processed 529802 reads in 45.547 CPU sec, 6.175 real sec
[M::process] read 529802 sequences (80000102 bp)...
[M::mem_process_seqs] Processed 529802 reads in 45.760 CPU sec, 6.154 real sec
[M::process] read 529802 sequences (80000102 bp)...
[M::mem_process_seqs] Processed 529802 reads in 45.613 CPU sec, 6.166 real sec
[M::mem_process_seqs] Processed 529802 reads in 45.574 CPU sec, 6.124 real sec
[M::process] read 529802 sequences (80000102 bp)...
[M::process] read 529802 sequences (80000102 bp)...
[M::mem_process_seqs] Processed 529802 reads in 45.566 CPU sec, 6.134 real sec
[M::mem_process_seqs] Processed 529802 reads in 46.092 CPU sec, 6.224 real sec
[M::process] read 529802 sequences (80000102 bp)...
[M::process] read 529802 sequences (80000102 bp)...
[M::mem_process_seqs] Processed 529802 reads in 45.929 CPU sec, 6.166 real sec
[M::process] read 529802 sequences (80000102 bp)...
[M::mem_process_seqs] Processed 529802 reads in 45.944 CPU sec, 6.186 real sec
[M::mem_process_seqs] Processed 529802 reads in 45.311 CPU sec, 6.130 real sec
[M::process] read 529802 sequences (80000102 bp)...
[M::mem_process_seqs] Processed 529802 reads in 43.900 CPU sec, 6.621 real sec
[M::process] read 529802 sequences (80000102 bp)...
[M::process] read 529802 sequences (80000102 bp)...
[M::mem_process_seqs] Processed 529802 reads in 45.185 CPU sec, 5.931 real sec
[M::mem_process_seqs] Processed 529802 reads in 43.715 CPU sec, 5.909 real sec
[M::process] read 529802 sequences (80000102 bp)...
[M::process] read 529802 sequences (80000102 bp)...
[M::mem_process_seqs] Processed 529802 reads in 43.868 CPU sec, 5.882 real sec
[M::mem_process_seqs] Processed 529802 reads in 44.385 CPU sec, 6.048 real sec
[M::process] read 529802 sequences (80000102 bp)...
[M::process] read 529802 sequences (80000102 bp)...
[M::mem_process_seqs] Processed 529802 reads in 45.375 CPU sec, 6.163 real sec
[M::process] read 529802 sequences (80000102 bp)...
[M::mem_process_seqs] Processed 529802 reads in 45.264 CPU sec, 6.124 real sec
[M::mem_process_seqs] Processed 529802 reads in 45.579 CPU sec, 6.204 real sec
[M::process] read 529802 sequences (80000102 bp)...
[M::process] read 529802 sequences (80000102 bp)...
[M::mem_process_seqs] Processed 529802 reads in 46.035 CPU sec, 6.238 real sec
[M::process] read 529802 sequences (80000102 bp)...
[M::mem_process_seqs] Processed 529802 reads in 45.753 CPU sec, 6.215 real sec
[M::process] read 529802 sequences (80000102 bp)...
[M::mem_process_seqs] Processed 529802 reads in 45.070 CPU sec, 6.092 real sec
[M::process] read 529802 sequences (80000102 bp)...
[M::mem_process_seqs] Processed 529802 reads in 45.260 CPU sec, 6.160 real sec
[M::mem_process_seqs] Processed 529802 reads in 44.992 CPU sec, 6.078 real sec
[M::process] read 529802 sequences (80000102 bp)...
[M::process] read 529802 sequences (80000102 bp)...
[M::mem_process_seqs] Processed 529802 reads in 44.494 CPU sec, 6.182 real sec
[M::process] read 529802 sequences (80000102 bp)...
[M::mem_process_seqs] Processed 529802 reads in 44.906 CPU sec, 6.131 real sec
[M::mem_process_seqs] Processed 529802 reads in 45.079 CPU sec, 6.109 real sec
[M::process] read 529802 sequences (80000102 bp)...
[M::mem_process_seqs] Processed 529802 reads in 44.851 CPU sec, 6.026 real sec
[M::process] read 529802 sequences (80000102 bp)...
[M::mem_process_seqs] Processed 529802 reads in 45.550 CPU sec, 6.263 real sec
[M::process] read 529802 sequences (80000102 bp)...
[M::process] read 529802 sequences (80000102 bp)...
[M::mem_process_seqs] Processed 529802 reads in 45.977 CPU sec, 6.269 real sec
[M::mem_process_seqs] Processed 529802 reads in 44.591 CPU sec, 6.034 real sec
[M::process] read 529802 sequences (80000102 bp)...
[M::process] read 529802 sequences (80000102 bp)...
[M::mem_process_seqs] Processed 529802 reads in 45.448 CPU sec, 6.142 real sec
[M::mem_process_seqs] Processed 529802 reads in 44.345 CPU sec, 6.050 real sec
[M::process] read 529802 sequences (80000102 bp)...
[M::process] read 529802 sequences (80000102 bp)...
[M::mem_process_seqs] Processed 529802 reads in 44.842 CPU sec, 6.025 real sec
[M::mem_process_seqs] Processed 529802 reads in 44.390 CPU sec, 6.018 real sec
[M::process] read 529802 sequences (80000102 bp)...
[M::mem_process_seqs] Processed 529802 reads in 43.247 CPU sec, 5.879 real sec
[M::process] read 529802 sequences (80000102 bp)...
[M::process] read 529802 sequences (80000102 bp)...
[M::mem_process_seqs] Processed 529802 reads in 43.968 CPU sec, 5.924 real sec
[M::mem_process_seqs] Processed 529802 reads in 42.991 CPU sec, 5.832 real sec
[M::process] read 529802 sequences (80000102 bp)...
[M::process] read 529802 sequences (80000102 bp)...
[M::mem_process_seqs] Processed 529802 reads in 43.853 CPU sec, 5.859 real sec
[M::mem_process_seqs] Processed 529802 reads in 42.723 CPU sec, 5.785 real sec
[M::process] read 529802 sequences (80000102 bp)...
[M::process] read 529802 sequences (80000102 bp)...
[M::mem_process_seqs] Processed 529802 reads in 42.823 CPU sec, 5.715 real sec
[M::process] read 529802 sequences (80000102 bp)...
[M::mem_process_seqs] Processed 529802 reads in 42.440 CPU sec, 5.766 real sec
[M::process] read 529802 sequences (80000102 bp)...
[M::mem_process_seqs] Processed 529802 reads in 42.445 CPU sec, 5.752 real sec
[M::process] read 529802 sequences (80000102 bp)...
[M::mem_process_seqs] Processed 529802 reads in 43.011 CPU sec, 5.816 real sec
[M::mem_process_seqs] Processed 529802 reads in 41.343 CPU sec, 5.998 real sec
[M::process] read 529802 sequences (80000102 bp)...
[M::process] read 529802 sequences (80000102 bp)...
[M::mem_process_seqs] Processed 529802 reads in 42.562 CPU sec, 5.621 real sec
[M::mem_process_seqs] Processed 529802 reads in 42.037 CPU sec, 5.766 real sec
[M::process] read 529802 sequences (80000102 bp)...
[M::process] read 529802 sequences (80000102 bp)...
[M::mem_process_seqs] Processed 529802 reads in 41.393 CPU sec, 5.555 real sec
[M::mem_process_seqs] Processed 529802 reads in 42.066 CPU sec, 5.666 real sec
[M::process] read 529802 sequences (80000102 bp)...
[M::mem_process_seqs] Processed 529802 reads in 42.239 CPU sec, 5.705 real sec
[M::process] read 529802 sequences (80000102 bp)...
[M::process] read 529802 sequences (80000102 bp)...
[M::mem_process_seqs] Processed 529802 reads in 41.682 CPU sec, 5.652 real sec
[M::process] read 529802 sequences (80000102 bp)...
[M::mem_process_seqs] Processed 529802 reads in 41.958 CPU sec, 5.761 real sec
[M::mem_process_seqs] Processed 529802 reads in 42.238 CPU sec, 5.681 real sec
[M::process] read 529802 sequences (80000102 bp)...
[M::process] read 529802 sequences (80000102 bp)...
[M::mem_process_seqs] Processed 529802 reads in 42.240 CPU sec, 5.778 real sec
[M::process] read 529802 sequences (80000102 bp)...
[M::mem_process_seqs] Processed 529802 reads in 41.974 CPU sec, 5.773 real sec
[M::process] read 529802 sequences (80000102 bp)...
[M::mem_process_seqs] Processed 529802 reads in 42.458 CPU sec, 5.741 real sec
[M::mem_process_seqs] Processed 529802 reads in 41.903 CPU sec, 5.680 real sec
[M::process] read 529802 sequences (80000102 bp)...
[M::process] read 529802 sequences (80000102 bp)...
[M::mem_process_seqs] Processed 529802 reads in 42.293 CPU sec, 5.715 real sec
[M::mem_process_seqs] Processed 529802 reads in 41.403 CPU sec, 5.592 real sec
[M::process] read 529802 sequences (80000102 bp)...
[M::process] read 529802 sequences (80000102 bp)...
[M::mem_process_seqs] Processed 529802 reads in 42.432 CPU sec, 5.660 real sec
[M::process] read 529802 sequences (80000102 bp)...
[M::mem_process_seqs] Processed 529802 reads in 41.847 CPU sec, 5.694 real sec
[M::mem_process_seqs] Processed 529802 reads in 41.067 CPU sec, 5.565 real sec
[M::process] read 529802 sequences (80000102 bp)...
[M::process] read 529802 sequences (80000102 bp)...
[M::mem_process_seqs] Processed 529802 reads in 41.438 CPU sec, 5.533 real sec
[M::process] read 529802 sequences (80000102 bp)...
[M::mem_process_seqs] Processed 529802 reads in 41.642 CPU sec, 5.699 real sec
[M::process] read 529802 sequences (80000102 bp)...
[M::mem_process_seqs] Processed 529802 reads in 42.066 CPU sec, 5.708 real sec
[M::mem_process_seqs] Processed 529802 reads in 41.810 CPU sec, 5.694 real sec
[M::process] read 529802 sequences (80000102 bp)...
[M::process] read 529802 sequences (80000102 bp)...
[M::mem_process_seqs] Processed 529802 reads in 41.070 CPU sec, 5.511 real sec
[M::mem_process_seqs] Processed 529802 reads in 41.006 CPU sec, 5.509 real sec
[M::process] read 529802 sequences (80000102 bp)...
[M::process] read 529802 sequences (80000102 bp)...
[M::mem_process_seqs] Processed 529802 reads in 41.572 CPU sec, 5.671 real sec
[M::process] read 529802 sequences (80000102 bp)...
[M::mem_process_seqs] Processed 529802 reads in 41.108 CPU sec, 5.616 real sec
[M::mem_process_seqs] Processed 529802 reads in 41.231 CPU sec, 5.541 real sec
[M::process] read 529802 sequences (80000102 bp)...
[M::mem_process_seqs] Processed 529802 reads in 41.205 CPU sec, 5.529 real sec
[M::process] read 529802 sequences (80000102 bp)...
[M::mem_process_seqs] Processed 529802 reads in 40.697 CPU sec, 5.571 real sec
[M::process] read 529802 sequences (80000102 bp)...
[M::process] read 529802 sequences (80000102 bp)...
[M::mem_process_seqs] Processed 529802 reads in 41.318 CPU sec, 5.564 real sec
[M::mem_process_seqs] Processed 529802 reads in 41.242 CPU sec, 5.547 real sec
[M::process] read 529802 sequences (80000102 bp)...
[M::process] read 529802 sequences (80000102 bp)...
[M::mem_process_seqs] Processed 529802 reads in 41.399 CPU sec, 5.579 real sec
[M::mem_process_seqs] Processed 529802 reads in 41.010 CPU sec, 5.603 real sec
[M::process] read 529802 sequences (80000102 bp)...
[M::process] read 529802 sequences (80000102 bp)...
[M::mem_process_seqs] Processed 529802 reads in 41.341 CPU sec, 5.598 real sec
[M::mem_process_seqs] Processed 529802 reads in 39.510 CPU sec, 5.976 real sec
[M::process] read 529802 sequences (80000102 bp)...
[M::process] read 529802 sequences (80000102 bp)...
[M::mem_process_seqs] Processed 529802 reads in 40.685 CPU sec, 5.354 real sec
[M::mem_process_seqs] Processed 529802 reads in 41.070 CPU sec, 5.590 real sec
[M::process] read 529802 sequences (80000102 bp)...
[M::mem_process_seqs] Processed 529802 reads in 39.063 CPU sec, 5.284 real sec
[M::process] read 529802 sequences (80000102 bp)...
[M::process] read 529802 sequences (80000102 bp)...
[M::mem_process_seqs] Processed 529802 reads in 39.581 CPU sec, 5.420 real sec
[M::process] read 529802 sequences (80000102 bp)...
[M::mem_process_seqs] Processed 529802 reads in 40.238 CPU sec, 5.455 real sec
[M::mem_process_seqs] Processed 529802 reads in 40.906 CPU sec, 5.558 real sec
[M::process] read 529802 sequences (80000102 bp)...
[M::process] read 529802 sequences (80000102 bp)...
[M::mem_process_seqs] Processed 529802 reads in 42.369 CPU sec, 5.765 real sec
[M::mem_process_seqs] Processed 529802 reads in 40.563 CPU sec, 5.457 real sec
[M::process] read 529802 sequences (80000102 bp)...
[M::mem_process_seqs] Processed 529802 reads in 40.637 CPU sec, 5.457 real sec
[M::process] read 529802 sequences (80000102 bp)...
[M::mem_process_seqs] Processed 529802 reads in 41.064 CPU sec, 5.525 real sec
[M::process] read 529802 sequences (80000102 bp)...
[M::mem_process_seqs] Processed 529802 reads in 40.915 CPU sec, 5.561 real sec
[M::process] read 529802 sequences (80000102 bp)...
[M::mem_process_seqs] Processed 529802 reads in 40.849 CPU sec, 5.534 real sec
[M::process] read 529802 sequences (80000102 bp)...
[M::process] read 529802 sequences (80000102 bp)...
[M::mem_process_seqs] Processed 529802 reads in 41.317 CPU sec, 5.574 real sec
[M::process] read 529802 sequences (80000102 bp)...
[M::mem_process_seqs] Processed 529802 reads in 41.040 CPU sec, 5.527 real sec
[M::process] read 529802 sequences (80000102 bp)...
[M::mem_process_seqs] Processed 529802 reads in 41.346 CPU sec, 5.595 real sec
[M::process] read 529802 sequences (80000102 bp)...
[M::mem_process_seqs] Processed 529802 reads in 41.044 CPU sec, 5.569 real sec
[M::mem_process_seqs] Processed 529802 reads in 40.755 CPU sec, 5.639 real sec
[M::process] read 529802 sequences (80000102 bp)...
[M::process] read 529802 sequences (80000102 bp)...
[M::mem_process_seqs] Processed 529802 reads in 41.957 CPU sec, 5.675 real sec
[M::process] read 529802 sequences (80000102 bp)...
[M::mem_process_seqs] Processed 529802 reads in 41.731 CPU sec, 5.598 real sec
[M::process] read 529802 sequences (80000102 bp)...
[M::mem_process_seqs] Processed 529802 reads in 41.283 CPU sec, 5.596 real sec
[M::mem_process_seqs] Processed 529802 reads in 41.150 CPU sec, 5.551 real sec
[M::process] read 529802 sequences (80000102 bp)...
[M::process] read 529802 sequences (80000102 bp)...
[M::mem_process_seqs] Processed 529802 reads in 41.202 CPU sec, 5.502 real sec
[M::process] read 529802 sequences (80000102 bp)...
[M::mem_process_seqs] Processed 529802 reads in 41.456 CPU sec, 5.577 real sec
[M::process] read 529802 sequences (80000102 bp)...
[M::mem_process_seqs] Processed 529802 reads in 41.198 CPU sec, 5.793 real sec
[M::process] read 529802 sequences (80000102 bp)...
[M::mem_process_seqs] Processed 529802 reads in 40.984 CPU sec, 5.497 real sec
[M::process] read 529802 sequences (80000102 bp)...
[M::mem_process_seqs] Processed 529802 reads in 41.018 CPU sec, 5.590 real sec
[M::process] read 529802 sequences (80000102 bp)...
[M::mem_process_seqs] Processed 529802 reads in 43.330 CPU sec, 5.852 real sec
[M::mem_process_seqs] Processed 529802 reads in 51.747 CPU sec, 6.985 real sec
[M::process] read 529802 sequences (80000102 bp)...
[M::process] read 529802 sequences (80000102 bp)...
[M::mem_process_seqs] Processed 529802 reads in 50.567 CPU sec, 6.825 real sec
[M::mem_process_seqs] Processed 529802 reads in 49.587 CPU sec, 6.772 real sec
[M::process] read 529802 sequences (80000102 bp)...
[M::process] read 529802 sequences (80000102 bp)...
[M::mem_process_seqs] Processed 529802 reads in 50.575 CPU sec, 6.858 real sec
[M::mem_process_seqs] Processed 529802 reads in 50.119 CPU sec, 6.801 real sec
[M::process] read 529802 sequences (80000102 bp)...
[M::mem_process_seqs] Processed 529802 reads in 49.155 CPU sec, 7.273 real sec
[M::process] read 529802 sequences (80000102 bp)...
[M::process] read 529802 sequences (80000102 bp)...
[M::mem_process_seqs] Processed 529802 reads in 51.710 CPU sec, 6.813 real sec
[M::mem_process_seqs] Processed 529802 reads in 50.117 CPU sec, 6.851 real sec
[M::process] read 529802 sequences (80000102 bp)...
[M::process] read 529802 sequences (80000102 bp)...
[M::mem_process_seqs] Processed 529802 reads in 48.843 CPU sec, 6.806 real sec
[M::process] read 529802 sequences (80000102 bp)...
[M::mem_process_seqs] Processed 529802 reads in 49.806 CPU sec, 6.739 real sec
[M::process] read 529802 sequences (80000102 bp)...
[M::mem_process_seqs] Processed 529802 reads in 49.250 CPU sec, 6.730 real sec
[M::mem_process_seqs] Processed 529802 reads in 48.153 CPU sec, 6.483 real sec
[M::process] read 529802 sequences (80000102 bp)...
[M::process] read 529802 sequences (80000102 bp)...
[M::mem_process_seqs] Processed 529802 reads in 50.741 CPU sec, 6.800 real sec
[M::process] read 529802 sequences (80000102 bp)...
[M::mem_process_seqs] Processed 529802 reads in 50.120 CPU sec, 6.862 real sec
[M::mem_process_seqs] Processed 529802 reads in 49.655 CPU sec, 6.836 real sec
[M::process] read 529802 sequences (80000102 bp)...
[M::process] read 529802 sequences (80000102 bp)...
[M::mem_process_seqs] Processed 529802 reads in 49.423 CPU sec, 6.684 real sec
[M::mem_process_seqs] Processed 529802 reads in 49.127 CPU sec, 6.643 real sec
[M::process] read 529802 sequences (80000102 bp)...
[M::process] read 529802 sequences (80000102 bp)...
[M::mem_process_seqs] Processed 529802 reads in 50.036 CPU sec, 6.767 real sec
[M::mem_process_seqs] Processed 529802 reads in 49.770 CPU sec, 6.717 real sec
[M::process] read 529802 sequences (80000102 bp)...
[M::process] read 529802 sequences (80000102 bp)...
[M::mem_process_seqs] Processed 529802 reads in 49.370 CPU sec, 6.686 real sec
[M::mem_process_seqs] Processed 529802 reads in 50.339 CPU sec, 6.774 real sec
[M::process] read 529802 sequences (80000102 bp)...
[M::process] read 529802 sequences (80000102 bp)...
[M::mem_process_seqs] Processed 529802 reads in 49.162 CPU sec, 6.741 real sec
[M::mem_process_seqs] Processed 529802 reads in 49.540 CPU sec, 6.673 real sec
[M::process] read 529802 sequences (80000102 bp)...
[M::process] read 529802 sequences (80000102 bp)...
[M::mem_process_seqs] Processed 529802 reads in 49.268 CPU sec, 6.760 real sec
[M::process] read 529802 sequences (80000102 bp)...
[M::mem_process_seqs] Processed 529802 reads in 48.786 CPU sec, 6.631 real sec
[M::process] read 529802 sequences (80000102 bp)...
[M::mem_process_seqs] Processed 529802 reads in 48.953 CPU sec, 6.649 real sec
[M::process] read 529802 sequences (80000102 bp)...
[M::mem_process_seqs] Processed 529802 reads in 50.167 CPU sec, 6.786 real sec
[M::mem_process_seqs] Processed 529802 reads in 49.492 CPU sec, 6.672 real sec
[M::process] read 529802 sequences (80000102 bp)...
[M::process] read 529802 sequences (80000102 bp)...
[M::mem_process_seqs] Processed 529802 reads in 49.487 CPU sec, 6.641 real sec
[M::mem_process_seqs] Processed 529802 reads in 48.920 CPU sec, 6.705 real sec
[M::process] read 529802 sequences (80000102 bp)...
[M::mem_process_seqs] Processed 529802 reads in 49.659 CPU sec, 6.688 real sec
[M::process] read 529802 sequences (80000102 bp)...
[M::process] read 529802 sequences (80000102 bp)...
[M::mem_process_seqs] Processed 529802 reads in 49.605 CPU sec, 6.738 real sec
[M::process] read 529802 sequences (80000102 bp)...
[M::mem_process_seqs] Processed 529802 reads in 49.330 CPU sec, 6.811 real sec
[M::process] read 529802 sequences (80000102 bp)...
[M::mem_process_seqs] Processed 529802 reads in 50.088 CPU sec, 6.826 real sec
[M::process] read 529802 sequences (80000102 bp)...
[M::mem_process_seqs] Processed 529802 reads in 49.061 CPU sec, 6.623 real sec
[M::process] read 529802 sequences (80000102 bp)...
[M::mem_process_seqs] Processed 529802 reads in 47.760 CPU sec, 6.480 real sec
[M::mem_process_seqs] Processed 529802 reads in 46.548 CPU sec, 6.267 real sec
[M::process] read 529802 sequences (80000102 bp)...
[M::process] read 529802 sequences (80000102 bp)...
[M::mem_process_seqs] Processed 529802 reads in 45.654 CPU sec, 6.309 real sec
[M::process] read 529802 sequences (80000102 bp)...
[M::mem_process_seqs] Processed 529802 reads in 47.972 CPU sec, 6.522 real sec
[M::mem_process_seqs] Processed 529802 reads in 46.455 CPU sec, 6.924 real sec
[M::process] read 529802 sequences (80000102 bp)...
[M::process] read 529802 sequences (80000102 bp)...
[M::mem_process_seqs] Processed 529802 reads in 46.402 CPU sec, 6.245 real sec
[M::mem_process_seqs] Processed 529802 reads in 46.082 CPU sec, 6.362 real sec
[M::process] read 529802 sequences (80000102 bp)...
[M::process] read 529802 sequences (80000102 bp)...
[M::mem_process_seqs] Processed 529802 reads in 47.407 CPU sec, 6.344 real sec
[M::mem_process_seqs] Processed 529802 reads in 46.410 CPU sec, 6.433 real sec
[M::process] read 529802 sequences (80000102 bp)...
[M::process] read 529802 sequences (80000102 bp)...
[M::mem_process_seqs] Processed 529802 reads in 46.606 CPU sec, 6.334 real sec
[M::mem_process_seqs] Processed 529802 reads in 45.787 CPU sec, 6.263 real sec
[M::process] read 529802 sequences (80000102 bp)...
[M::process] read 529802 sequences (80000102 bp)...
[M::mem_process_seqs] Processed 529802 reads in 48.205 CPU sec, 6.409 real sec
[M::mem_process_seqs] Processed 529802 reads in 47.092 CPU sec, 6.543 real sec
[M::process] read 529802 sequences (80000102 bp)...
[M::mem_process_seqs] Processed 529802 reads in 46.745 CPU sec, 6.529 real sec
[M::process] read 529802 sequences (80000102 bp)...
[M::mem_process_seqs] Processed 529802 reads in 46.618 CPU sec, 6.424 real sec
[M::process] read 529802 sequences (80000102 bp)...
[M::process] read 529802 sequences (80000102 bp)...
[M::mem_process_seqs] Processed 529802 reads in 47.152 CPU sec, 6.399 real sec
[M::mem_process_seqs] Processed 529802 reads in 46.290 CPU sec, 6.513 real sec
[M::process] read 529802 sequences (80000102 bp)...
[M::process] read 529802 sequences (80000102 bp)...
[M::mem_process_seqs] Processed 529802 reads in 47.970 CPU sec, 6.659 real sec
[M::mem_process_seqs] Processed 529802 reads in 47.464 CPU sec, 6.600 real sec
[M::process] read 529802 sequences (80000102 bp)...
[M::mem_process_seqs] Processed 529802 reads in 46.904 CPU sec, 6.373 real sec
[M::process] read 529802 sequences (80000102 bp)...
[M::process] read 529802 sequences (80000102 bp)...
[M::mem_process_seqs] Processed 529802 reads in 47.608 CPU sec, 6.375 real sec
[M::process] read 529802 sequences (80000102 bp)...
[M::mem_process_seqs] Processed 529802 reads in 47.479 CPU sec, 6.521 real sec
[M::process] read 529802 sequences (80000102 bp)...
[M::mem_process_seqs] Processed 529802 reads in 47.884 CPU sec, 6.500 real sec
[M::process] read 529802 sequences (80000102 bp)...
[M::mem_process_seqs] Processed 529802 reads in 48.347 CPU sec, 6.576 real sec
[M::mem_process_seqs] Processed 529802 reads in 47.769 CPU sec, 6.492 real sec
[M::process] read 529802 sequences (80000102 bp)...
[M::process] read 529802 sequences (80000102 bp)...
[M::mem_process_seqs] Processed 529802 reads in 48.009 CPU sec, 6.478 real sec
[M::mem_process_seqs] Processed 529802 reads in 45.288 CPU sec, 6.261 real sec
[M::process] read 529802 sequences (80000102 bp)...
[M::process] read 529802 sequences (80000102 bp)...
[M::mem_process_seqs] Processed 529802 reads in 47.289 CPU sec, 6.282 real sec
[M::mem_process_seqs] Processed 529802 reads in 46.589 CPU sec, 6.348 real sec
[M::process] read 529802 sequences (80000102 bp)...
[M::process] read 529802 sequences (80000102 bp)...
[M::mem_process_seqs] Processed 529802 reads in 46.832 CPU sec, 6.352 real sec
[M::mem_process_seqs] Processed 529802 reads in 46.587 CPU sec, 6.345 real sec
[M::process] read 529802 sequences (80000102 bp)...
[M::mem_process_seqs] Processed 529802 reads in 45.644 CPU sec, 6.443 real sec
[M::process] read 529802 sequences (80000102 bp)...
[M::process] read 529802 sequences (80000102 bp)...
[M::mem_process_seqs] Processed 529802 reads in 46.690 CPU sec, 6.471 real sec
[M::mem_process_seqs] Processed 529802 reads in 46.081 CPU sec, 6.293 real sec
[M::process] read 529802 sequences (80000102 bp)...
[M::process] read 529802 sequences (80000102 bp)...
[M::mem_process_seqs] Processed 529802 reads in 45.181 CPU sec, 6.129 real sec
[M::mem_process_seqs] Processed 529802 reads in 45.764 CPU sec, 6.335 real sec
[M::process] read 529802 sequences (80000102 bp)...
[M::process] read 529802 sequences (80000102 bp)...
[M::mem_process_seqs] Processed 529802 reads in 46.481 CPU sec, 6.139 real sec
[M::mem_process_seqs] Processed 529802 reads in 44.463 CPU sec, 6.531 real sec
[M::process] read 529802 sequences (80000102 bp)...
[M::process] read 529802 sequences (80000102 bp)...
[M::mem_process_seqs] Processed 529802 reads in 46.812 CPU sec, 6.197 real sec
[M::mem_process_seqs] Processed 529802 reads in 45.048 CPU sec, 6.363 real sec
[M::process] read 529802 sequences (80000102 bp)...
[M::process] read 529802 sequences (80000102 bp)...
[M::mem_process_seqs] Processed 529802 reads in 47.272 CPU sec, 6.255 real sec
[M::mem_process_seqs] Processed 529802 reads in 46.877 CPU sec, 6.392 real sec
[M::process] read 529802 sequences (80000102 bp)...
[M::process] read 529802 sequences (80000102 bp)...
[M::mem_process_seqs] Processed 529802 reads in 46.499 CPU sec, 6.608 real sec
[M::mem_process_seqs] Processed 529802 reads in 46.344 CPU sec, 6.285 real sec
[M::process] read 529802 sequences (80000102 bp)...
[M::process] read 529802 sequences (80000102 bp)...
[M::mem_process_seqs] Processed 529802 reads in 46.936 CPU sec, 6.351 real sec
[M::mem_process_seqs] Processed 529802 reads in 45.254 CPU sec, 6.144 real sec
[M::process] read 529802 sequences (80000102 bp)...
[M::process] read 529802 sequences (80000102 bp)...
[M::mem_process_seqs] Processed 529802 reads in 46.353 CPU sec, 6.241 real sec
[M::mem_process_seqs] Processed 529802 reads in 45.751 CPU sec, 6.312 real sec
[M::process] read 529802 sequences (80000102 bp)...
[M::process] read 529802 sequences (80000102 bp)...
[M::mem_process_seqs] Processed 529802 reads in 47.996 CPU sec, 6.394 real sec
[M::process] read 529802 sequences (80000102 bp)...
[M::mem_process_seqs] Processed 529802 reads in 47.045 CPU sec, 6.400 real sec
[M::mem_process_seqs] Processed 529802 reads in 47.230 CPU sec, 6.411 real sec
[M::process] read 529802 sequences (80000102 bp)...
[M::mem_process_seqs] Processed 529802 reads in 47.303 CPU sec, 6.407 real sec
[M::process] read 529802 sequences (80000102 bp)...
[M::mem_process_seqs] Processed 529802 reads in 46.903 CPU sec, 6.513 real sec
[M::process] read 529802 sequences (80000102 bp)...
[M::process] read 529802 sequences (80000102 bp)...
[M::mem_process_seqs] Processed 529802 reads in 46.952 CPU sec, 6.345 real sec
[M::mem_process_seqs] Processed 529802 reads in 44.772 CPU sec, 6.279 real sec
[M::process] read 529802 sequences (80000102 bp)...
[M::process] read 529802 sequences (80000102 bp)...
[M::mem_process_seqs] Processed 529802 reads in 47.117 CPU sec, 6.284 real sec
[M::mem_process_seqs] Processed 529802 reads in 46.987 CPU sec, 6.406 real sec
[M::process] read 529802 sequences (80000102 bp)...
[M::process] read 529802 sequences (80000102 bp)...
[M::mem_process_seqs] Processed 529802 reads in 47.068 CPU sec, 6.420 real sec
[M::process] read 529802 sequences (80000102 bp)...
[M::mem_process_seqs] Processed 529802 reads in 47.259 CPU sec, 6.462 real sec
[M::process] read 529802 sequences (80000102 bp)...
[M::mem_process_seqs] Processed 529802 reads in 46.529 CPU sec, 6.354 real sec
[M::mem_process_seqs] Processed 529802 reads in 46.481 CPU sec, 6.297 real sec
[M::process] read 529802 sequences (80000102 bp)...
[M::process] read 529802 sequences (80000102 bp)...
[M::mem_process_seqs] Processed 529802 reads in 46.954 CPU sec, 6.385 real sec
[M::mem_process_seqs] Processed 529802 reads in 47.499 CPU sec, 6.426 real sec
[M::process] read 529802 sequences (80000102 bp)...
[M::process] read 529802 sequences (80000102 bp)...
[M::mem_process_seqs] Processed 529802 reads in 47.594 CPU sec, 6.427 real sec
[M::mem_process_seqs] Processed 529802 reads in 46.111 CPU sec, 6.266 real sec
[M::process] read 529802 sequences (80000102 bp)...
[M::process] read 529802 sequences (80000102 bp)...
[M::mem_process_seqs] Processed 529802 reads in 46.538 CPU sec, 6.295 real sec
[M::mem_process_seqs] Processed 529802 reads in 46.238 CPU sec, 6.305 real sec
[M::process] read 529802 sequences (80000102 bp)...
[M::process] read 529802 sequences (80000102 bp)...
[M::mem_process_seqs] Processed 529802 reads in 44.539 CPU sec, 6.351 real sec
[M::mem_process_seqs] Processed 529802 reads in 45.852 CPU sec, 6.256 real sec
[M::process] read 529802 sequences (80000102 bp)...
[M::mem_process_seqs] Processed 529802 reads in 46.103 CPU sec, 6.250 real sec
[M::process] read 529802 sequences (80000102 bp)...
[M::process] read 529802 sequences (80000102 bp)...
[M::mem_process_seqs] Processed 529802 reads in 46.027 CPU sec, 6.550 real sec
[M::mem_process_seqs] Processed 529802 reads in 44.371 CPU sec, 6.777 real sec
[M::process] read 529802 sequences (80000102 bp)...
[M::process] read 529802 sequences (80000102 bp)...
[M::mem_process_seqs] Processed 529802 reads in 47.325 CPU sec, 6.275 real sec
[M::mem_process_seqs] Processed 529802 reads in 46.275 CPU sec, 6.402 real sec
[M::process] read 529802 sequences (80000102 bp)...
[M::process] read 529802 sequences (80000102 bp)...
[M::mem_process_seqs] Processed 529802 reads in 46.199 CPU sec, 6.512 real sec
[M::process] read 529802 sequences (80000102 bp)...
[M::mem_process_seqs] Processed 529802 reads in 47.534 CPU sec, 6.483 real sec
[M::mem_process_seqs] Processed 529802 reads in 45.566 CPU sec, 6.180 real sec
[M::process] read 529802 sequences (80000102 bp)...
[M::process] read 529802 sequences (80000102 bp)...
[M::mem_process_seqs] Processed 529802 reads in 46.578 CPU sec, 6.136 real sec
[M::mem_process_seqs] Processed 529802 reads in 45.433 CPU sec, 6.154 real sec
[M::process] read 529802 sequences (80000102 bp)...
[M::mem_process_seqs] Processed 529802 reads in 46.058 CPU sec, 6.259 real sec
[M::process] read 529802 sequences (80000102 bp)...
[M::process] read 529802 sequences (80000102 bp)...
[M::mem_process_seqs] Processed 529802 reads in 46.491 CPU sec, 6.363 real sec
[M::process] read 529802 sequences (80000102 bp)...
[M::mem_process_seqs] Processed 529802 reads in 45.582 CPU sec, 6.239 real sec
[M::process] read 529802 sequences (80000102 bp)...
[M::mem_process_seqs] Processed 529802 reads in 44.866 CPU sec, 6.111 real sec
[M::process] read 529802 sequences (80000102 bp)...
[M::mem_process_seqs] Processed 529802 reads in 45.510 CPU sec, 6.198 real sec
[M::process] read 529802 sequences (80000102 bp)...
[M::mem_process_seqs] Processed 529802 reads in 47.002 CPU sec, 6.406 real sec
[M::mem_process_seqs] Processed 529802 reads in 45.655 CPU sec, 6.238 real sec
[M::process] read 529802 sequences (80000102 bp)...
[M::process] read 529802 sequences (80000102 bp)...
[M::mem_process_seqs] Processed 529802 reads in 46.471 CPU sec, 6.288 real sec
[M::mem_process_seqs] Processed 529802 reads in 44.777 CPU sec, 6.105 real sec
[M::process] read 529802 sequences (80000102 bp)...
[M::process] read 529802 sequences (80000102 bp)...
[M::mem_process_seqs] Processed 529802 reads in 45.503 CPU sec, 6.336 real sec
[M::mem_process_seqs] Processed 529802 reads in 45.744 CPU sec, 6.365 real sec
[M::process] read 529802 sequences (80000102 bp)...
[M::process] read 529802 sequences (80000102 bp)...
[M::mem_process_seqs] Processed 529802 reads in 46.392 CPU sec, 6.319 real sec
[M::mem_process_seqs] Processed 529802 reads in 44.958 CPU sec, 6.146 real sec
[M::process] read 529802 sequences (80000102 bp)...
[M::process] read 529802 sequences (80000102 bp)...
[M::mem_process_seqs] Processed 529802 reads in 45.562 CPU sec, 6.326 real sec
[M::mem_process_seqs] Processed 529802 reads in 45.919 CPU sec, 6.348 real sec
[M::process] read 529802 sequences (80000102 bp)...
[M::process] read 529802 sequences (80000102 bp)...
[M::mem_process_seqs] Processed 529802 reads in 46.616 CPU sec, 6.360 real sec
[M::mem_process_seqs] Processed 529802 reads in 45.493 CPU sec, 6.208 real sec
[M::process] read 529802 sequences (80000102 bp)...
[M::process] read 529802 sequences (80000102 bp)...
[M::mem_process_seqs] Processed 529802 reads in 46.606 CPU sec, 6.245 real sec
[M::mem_process_seqs] Processed 529802 reads in 45.888 CPU sec, 6.265 real sec
[M::process] read 529802 sequences (80000102 bp)...
[M::process] read 529802 sequences (80000102 bp)...
[M::mem_process_seqs] Processed 529802 reads in 46.904 CPU sec, 6.346 real sec
[M::mem_process_seqs] Processed 529802 reads in 45.452 CPU sec, 6.259 real sec
[M::process] read 529802 sequences (80000102 bp)...
[M::process] read 529802 sequences (80000102 bp)...
[M::mem_process_seqs] Processed 529802 reads in 46.253 CPU sec, 6.267 real sec
[M::mem_process_seqs] Processed 529802 reads in 45.623 CPU sec, 6.270 real sec
[M::process] read 529802 sequences (80000102 bp)...
[M::process] read 529802 sequences (80000102 bp)...
[M::mem_process_seqs] Processed 529802 reads in 45.858 CPU sec, 6.278 real sec
[M::mem_process_seqs] Processed 529802 reads in 45.486 CPU sec, 6.382 real sec
[M::process] read 529802 sequences (80000102 bp)...
[M::mem_process_seqs] Processed 529802 reads in 45.309 CPU sec, 6.661 real sec
[M::process] read 529802 sequences (80000102 bp)...
[M::process] read 529802 sequences (80000102 bp)...
[M::mem_process_seqs] Processed 529802 reads in 45.123 CPU sec, 5.975 real sec
[M::mem_process_seqs] Processed 529802 reads in 44.302 CPU sec, 6.021 real sec
[M::process] read 529802 sequences (80000102 bp)...
[M::process] read 529802 sequences (80000102 bp)...
[M::mem_process_seqs] Processed 529802 reads in 44.240 CPU sec, 5.981 real sec
[M::mem_process_seqs] Processed 529802 reads in 43.350 CPU sec, 5.903 real sec
[M::process] read 529802 sequences (80000102 bp)...
[M::process] read 529802 sequences (80000102 bp)...
[M::mem_process_seqs] Processed 529802 reads in 44.483 CPU sec, 6.086 real sec
[M::mem_process_seqs] Processed 529802 reads in 44.842 CPU sec, 6.325 real sec
[M::process] read 529802 sequences (80000102 bp)...
[M::mem_process_seqs] Processed 529802 reads in 44.443 CPU sec, 6.123 real sec
[M::process] read 529802 sequences (80000102 bp)...
[M::process] read 529802 sequences (80000102 bp)...
[M::mem_process_seqs] Processed 529802 reads in 44.993 CPU sec, 6.141 real sec
[M::mem_process_seqs] Processed 529802 reads in 44.004 CPU sec, 6.134 real sec
[M::process] read 529802 sequences (80000102 bp)...
[M::process] read 529802 sequences (80000102 bp)...
[M::mem_process_seqs] Processed 529802 reads in 44.732 CPU sec, 6.002 real sec
[M::process] read 529802 sequences (80000102 bp)...
[M::mem_process_seqs] Processed 529802 reads in 45.765 CPU sec, 6.266 real sec
[M::mem_process_seqs] Processed 529802 reads in 43.873 CPU sec, 6.122 real sec
[M::process] read 529802 sequences (80000102 bp)...
[M::process] read 529802 sequences (80000102 bp)...
[M::mem_process_seqs] Processed 529802 reads in 44.181 CPU sec, 6.011 real sec
[M::mem_process_seqs] Processed 529802 reads in 42.935 CPU sec, 6.126 real sec
[M::process] read 529802 sequences (80000102 bp)...
[M::process] read 529802 sequences (80000102 bp)...
[M::mem_process_seqs] Processed 529802 reads in 44.371 CPU sec, 6.012 real sec
[M::mem_process_seqs] Processed 529802 reads in 44.785 CPU sec, 6.148 real sec
[M::process] read 529802 sequences (80000102 bp)...
[M::process] read 529802 sequences (80000102 bp)...
[M::mem_process_seqs] Processed 529802 reads in 44.820 CPU sec, 6.093 real sec
[M::mem_process_seqs] Processed 529802 reads in 44.491 CPU sec, 6.020 real sec
[M::process] read 529802 sequences (80000102 bp)...
[M::process] read 529802 sequences (80000102 bp)...
[M::mem_process_seqs] Processed 529802 reads in 44.977 CPU sec, 6.098 real sec
[M::mem_process_seqs] Processed 529802 reads in 43.922 CPU sec, 6.244 real sec
[M::process] read 529802 sequences (80000102 bp)...
[M::process] read 529802 sequences (80000102 bp)...
[M::mem_process_seqs] Processed 529802 reads in 45.138 CPU sec, 6.052 real sec
[M::mem_process_seqs] Processed 529802 reads in 47.701 CPU sec, 6.482 real sec
[M::process] read 529802 sequences (80000102 bp)...
[M::process] read 529802 sequences (80000102 bp)...
[M::mem_process_seqs] Processed 529802 reads in 49.944 CPU sec, 6.864 real sec
[M::mem_process_seqs] Processed 529802 reads in 47.577 CPU sec, 7.037 real sec
[M::process] read 529802 sequences (80000102 bp)...
[M::mem_process_seqs] Processed 529802 reads in 49.145 CPU sec, 6.699 real sec
[M::process] read 529802 sequences (80000102 bp)...
[M::mem_process_seqs] Processed 529802 reads in 48.921 CPU sec, 6.649 real sec
[M::process] read 529802 sequences (80000102 bp)...
[M::mem_process_seqs] Processed 529802 reads in 48.143 CPU sec, 6.718 real sec
[M::process] read 529802 sequences (80000102 bp)...
[M::mem_process_seqs] Processed 529802 reads in 48.614 CPU sec, 6.586 real sec
[M::process] read 529802 sequences (80000102 bp)...
[M::process] read 529802 sequences (80000102 bp)...
[M::mem_process_seqs] Processed 529802 reads in 48.523 CPU sec, 6.583 real sec
[M::mem_process_seqs] Processed 529802 reads in 47.665 CPU sec, 6.510 real sec
[M::process] read 529802 sequences (80000102 bp)...
[M::process] read 529802 sequences (80000102 bp)...
[M::mem_process_seqs] Processed 529802 reads in 48.320 CPU sec, 6.582 real sec
[M::mem_process_seqs] Processed 529802 reads in 47.583 CPU sec, 6.444 real sec
[M::process] read 529802 sequences (80000102 bp)...
[M::mem_process_seqs] Processed 529802 reads in 47.796 CPU sec, 6.456 real sec
[M::process] read 529802 sequences (80000102 bp)...
[M::mem_process_seqs] Processed 529802 reads in 45.500 CPU sec, 6.902 real sec
[M::process] read 529802 sequences (80000102 bp)...
[M::process] read 529802 sequences (80000102 bp)...
[M::mem_process_seqs] Processed 529802 reads in 47.327 CPU sec, 6.245 real sec
[M::mem_process_seqs] Processed 529802 reads in 46.547 CPU sec, 6.379 real sec
[M::process] read 529802 sequences (80000102 bp)...
[M::mem_process_seqs] Processed 529802 reads in 45.872 CPU sec, 6.292 real sec
[M::process] read 529802 sequences (80000102 bp)...
[M::mem_process_seqs] Processed 529802 reads in 45.321 CPU sec, 6.162 real sec
[M::process] read 529802 sequences (80000102 bp)...
[M::process] read 529802 sequences (80000102 bp)...
[M::mem_process_seqs] Processed 529802 reads in 46.861 CPU sec, 6.302 real sec
[M::mem_process_seqs] Processed 529802 reads in 46.161 CPU sec, 6.431 real sec
[M::process] read 529802 sequences (80000102 bp)...
[M::mem_process_seqs] Processed 529802 reads in 47.865 CPU sec, 6.440 real sec
[M::process] read 529802 sequences (80000102 bp)...
[M::mem_process_seqs] Processed 529802 reads in 46.928 CPU sec, 6.384 real sec
[M::process] read 529802 sequences (80000102 bp)...
[M::mem_process_seqs] Processed 529802 reads in 47.038 CPU sec, 6.432 real sec
[M::process] read 529802 sequences (80000102 bp)...
[M::mem_process_seqs] Processed 529802 reads in 47.497 CPU sec, 6.469 real sec
[M::process] read 529802 sequences (80000102 bp)...
[M::process] read 529802 sequences (80000102 bp)...
[M::mem_process_seqs] Processed 529802 reads in 47.960 CPU sec, 6.719 real sec
[M::mem_process_seqs] Processed 529802 reads in 46.748 CPU sec, 6.409 real sec
[M::process] read 529802 sequences (80000102 bp)...
[M::process] read 529802 sequences (80000102 bp)...
[M::mem_process_seqs] Processed 529802 reads in 48.896 CPU sec, 6.580 real sec
[M::process] read 529802 sequences (80000102 bp)...
[M::mem_process_seqs] Processed 529802 reads in 48.037 CPU sec, 6.493 real sec
[M::process] read 529802 sequences (80000102 bp)...
[M::mem_process_seqs] Processed 529802 reads in 47.873 CPU sec, 6.540 real sec
[M::mem_process_seqs] Processed 529802 reads in 46.741 CPU sec, 6.414 real sec
[M::process] read 529802 sequences (80000102 bp)...
[M::process] read 529802 sequences (80000102 bp)...
[M::mem_process_seqs] Processed 529802 reads in 46.983 CPU sec, 6.250 real sec
[M::process] read 529802 sequences (80000102 bp)...
[M::mem_process_seqs] Processed 529802 reads in 48.127 CPU sec, 6.527 real sec
[M::process] read 529802 sequences (80000102 bp)...
[M::mem_process_seqs] Processed 529802 reads in 47.287 CPU sec, 6.486 real sec
[M::mem_process_seqs] Processed 529802 reads in 45.507 CPU sec, 6.216 real sec
[M::process] read 529802 sequences (80000102 bp)...
[M::process] read 529802 sequences (80000102 bp)...
[M::mem_process_seqs] Processed 529802 reads in 46.794 CPU sec, 6.214 real sec
[M::process] read 529802 sequences (80000102 bp)...
[M::mem_process_seqs] Processed 529802 reads in 47.786 CPU sec, 6.472 real sec
[M::process] read 529802 sequences (80000102 bp)...
[M::mem_process_seqs] Processed 529802 reads in 47.209 CPU sec, 6.425 real sec
[M::mem_process_seqs] Processed 529802 reads in 46.278 CPU sec, 6.377 real sec
[M::process] read 529802 sequences (80000102 bp)...
[M::process] read 529802 sequences (80000102 bp)...
[M::mem_process_seqs] Processed 529802 reads in 48.732 CPU sec, 6.503 real sec
[M::mem_process_seqs] Processed 529802 reads in 48.174 CPU sec, 6.616 real sec
[M::process] read 529802 sequences (80000102 bp)...
[M::process] read 529802 sequences (80000102 bp)...
[M::mem_process_seqs] Processed 529802 reads in 48.072 CPU sec, 6.498 real sec
[M::mem_process_seqs] Processed 529802 reads in 48.552 CPU sec, 6.574 real sec
[M::process] read 529802 sequences (80000102 bp)...
[M::process] read 529802 sequences (80000102 bp)...
[M::mem_process_seqs] Processed 529802 reads in 45.877 CPU sec, 6.488 real sec
[M::mem_process_seqs] Processed 529802 reads in 46.032 CPU sec, 6.300 real sec
[M::process] read 529802 sequences (80000102 bp)...
[M::process] read 529802 sequences (80000102 bp)...
[M::mem_process_seqs] Processed 529802 reads in 45.469 CPU sec, 6.086 real sec
[M::mem_process_seqs] Processed 529802 reads in 47.288 CPU sec, 6.489 real sec
[M::process] read 529802 sequences (80000102 bp)...
[M::mem_process_seqs] Processed 529802 reads in 46.185 CPU sec, 6.871 real sec
[M::process] read 529802 sequences (80000102 bp)...
[M::process] read 529802 sequences (80000102 bp)...
[M::mem_process_seqs] Processed 529802 reads in 46.453 CPU sec, 6.293 real sec
[M::process] read 529802 sequences (80000102 bp)...
[M::mem_process_seqs] Processed 529802 reads in 47.517 CPU sec, 6.429 real sec
[M::mem_process_seqs] Processed 529802 reads in 47.160 CPU sec, 6.395 real sec
[M::process] read 529802 sequences (80000102 bp)...
[M::process] read 529802 sequences (80000102 bp)...
[M::mem_process_seqs] Processed 529802 reads in 47.104 CPU sec, 6.375 real sec
[M::process] read 529802 sequences (80000102 bp)...
[M::mem_process_seqs] Processed 529802 reads in 47.101 CPU sec, 6.423 real sec
[M::process] read 529802 sequences (80000102 bp)...
[M::mem_process_seqs] Processed 529802 reads in 47.120 CPU sec, 6.442 real sec
[M::process] read 529802 sequences (80000102 bp)...
[M::mem_process_seqs] Processed 529802 reads in 47.363 CPU sec, 6.444 real sec
[M::process] read 529802 sequences (80000102 bp)...
[M::mem_process_seqs] Processed 529802 reads in 46.329 CPU sec, 6.286 real sec
[M::process] read 529802 sequences (80000102 bp)...
[M::mem_process_seqs] Processed 529802 reads in 47.552 CPU sec, 6.463 real sec
[M::mem_process_seqs] Processed 529802 reads in 46.928 CPU sec, 6.357 real sec
[M::process] read 529802 sequences (80000102 bp)...
[M::process] read 529802 sequences (80000102 bp)...
[M::mem_process_seqs] Processed 529802 reads in 46.809 CPU sec, 6.329 real sec
[M::mem_process_seqs] Processed 529802 reads in 45.366 CPU sec, 6.164 real sec
[M::process] read 529802 sequences (80000102 bp)...
[M::process] read 529802 sequences (80000102 bp)...
[M::mem_process_seqs] Processed 529802 reads in 46.867 CPU sec, 6.243 real sec
[M::process] read 529802 sequences (80000102 bp)...
[M::mem_process_seqs] Processed 529802 reads in 47.650 CPU sec, 6.426 real sec
[M::mem_process_seqs] Processed 529802 reads in 46.597 CPU sec, 6.319 real sec
[M::process] read 529802 sequences (80000102 bp)...
[M::process] read 529802 sequences (80000102 bp)...
[M::mem_process_seqs] Processed 529802 reads in 47.361 CPU sec, 6.346 real sec
[M::process] read 529802 sequences (80000102 bp)...
[M::mem_process_seqs] Processed 529802 reads in 47.220 CPU sec, 6.422 real sec
[M::process] read 529802 sequences (80000102 bp)...
[M::mem_process_seqs] Processed 529802 reads in 47.656 CPU sec, 6.485 real sec
[M::mem_process_seqs] Processed 529802 reads in 45.884 CPU sec, 6.345 real sec
[M::process] read 529802 sequences (80000102 bp)...
[M::process] read 529802 sequences (80000102 bp)...
[M::mem_process_seqs] Processed 529802 reads in 47.552 CPU sec, 6.390 real sec
[M::mem_process_seqs] Processed 529802 reads in 46.607 CPU sec, 6.306 real sec
[M::process] read 529802 sequences (80000102 bp)...
[M::process] read 529802 sequences (80000102 bp)...
[M::mem_process_seqs] Processed 529802 reads in 47.203 CPU sec, 6.339 real sec
[M::mem_process_seqs] Processed 529802 reads in 45.298 CPU sec, 6.152 real sec
[M::process] read 529802 sequences (80000102 bp)...
[M::process] read 529802 sequences (80000102 bp)...
[M::mem_process_seqs] Processed 529802 reads in 45.594 CPU sec, 6.152 real sec
[M::mem_process_seqs] Processed 529802 reads in 46.228 CPU sec, 6.285 real sec
[M::process] read 529802 sequences (80000102 bp)...
[M::mem_process_seqs] Processed 529802 reads in 46.609 CPU sec, 6.282 real sec
[M::process] read 529802 sequences (80000102 bp)...
[M::mem_process_seqs] Processed 529802 reads in 47.712 CPU sec, 6.449 real sec
[M::process] read 529802 sequences (80000102 bp)...
[M::process] read 529802 sequences (80000102 bp)...
[M::mem_process_seqs] Processed 529802 reads in 47.770 CPU sec, 6.512 real sec
[M::mem_process_seqs] Processed 529802 reads in 47.734 CPU sec, 6.594 real sec
[M::process] read 529802 sequences (80000102 bp)...
[M::process] read 529802 sequences (80000102 bp)...
[M::mem_process_seqs] Processed 529802 reads in 46.408 CPU sec, 6.337 real sec
[M::mem_process_seqs] Processed 529802 reads in 47.219 CPU sec, 6.411 real sec
[M::process] read 529802 sequences (80000102 bp)...
[M::process] read 529802 sequences (80000102 bp)...
[M::mem_process_seqs] Processed 529802 reads in 46.685 CPU sec, 6.284 real sec
[M::mem_process_seqs] Processed 529802 reads in 47.912 CPU sec, 6.521 real sec
[M::process] read 529802 sequences (80000102 bp)...
[M::mem_process_seqs] Processed 529802 reads in 45.975 CPU sec, 6.924 real sec
[M::process] read 529802 sequences (80000102 bp)...
[M::process] read 529802 sequences (80000102 bp)...
[M::mem_process_seqs] Processed 529802 reads in 46.851 CPU sec, 6.337 real sec
[M::process] read 529802 sequences (80000102 bp)...
[M::mem_process_seqs] Processed 529802 reads in 46.804 CPU sec, 6.385 real sec
[M::mem_process_seqs] Processed 529802 reads in 46.584 CPU sec, 6.367 real sec
[M::process] read 529802 sequences (80000102 bp)...
[M::process] read 529802 sequences (80000102 bp)...
[M::mem_process_seqs] Processed 529802 reads in 47.105 CPU sec, 6.344 real sec
[M::mem_process_seqs] Processed 529802 reads in 47.459 CPU sec, 6.543 real sec
[M::process] read 529802 sequences (80000102 bp)...
[M::process] read 529802 sequences (80000102 bp)...
[M::mem_process_seqs] Processed 529802 reads in 48.240 CPU sec, 6.597 real sec
[M::mem_process_seqs] Processed 529802 reads in 46.688 CPU sec, 6.366 real sec
[M::process] read 529802 sequences (80000102 bp)...
[M::mem_process_seqs] Processed 529802 reads in 47.115 CPU sec, 6.477 real sec
[M::process] read 529802 sequences (80000102 bp)...
[M::process] read 529802 sequences (80000102 bp)...
[M::mem_process_seqs] Processed 529802 reads in 48.060 CPU sec, 6.513 real sec
[M::mem_process_seqs] Processed 529802 reads in 48.732 CPU sec, 6.659 real sec
[M::process] read 529802 sequences (80000102 bp)...
[M::process] read 529802 sequences (80000102 bp)...
[M::mem_process_seqs] Processed 529802 reads in 49.321 CPU sec, 6.680 real sec
[M::process] read 53102 sequences (8018402 bp)...
[M::mem_process_seqs] Processed 529802 reads in 48.516 CPU sec, 6.688 real sec
[M::mem_process_seqs] Processed 53102 reads in 4.857 CPU sec, 0.711 real sec
[main] Version: 0.7.19-r1273
[main] CMD: bwa mem -t 8 ../reference/rRNA/rRNA_reference_Dmel_wMel.fasta /private/groups/russelllab/jodie/sequencing_data/scRNAseq/PIP-seq_cells/Jacobs_10524_241203B9/JW18DOX-Ctrl-2_S34_L003_R2_001.fastq.gz
[main] Real time: 3013.390 sec; CPU: 20635.396 sec
[bam_sort_core] merging from 13 files and 8 in-memory blocks...
Alignment complete for JW18DOX-Ctrl-2_pipseq
Filtered to 0 reads in rRNA regions
