Starting BWA alignment for JW18wMel-Ctrl-1_pipseq
[M::bwa_idx_load_from_disk] read 0 ALT contigs
[M::process] read 529802 sequences (80000102 bp)...
[M::process] read 529802 sequences (80000102 bp)...
[M::mem_process_seqs] Processed 529802 reads in 39.970 CPU sec, 5.126 real sec
[M::mem_process_seqs] Processed 529802 reads in 39.682 CPU sec, 5.459 real sec
[M::process] read 529802 sequences (80000102 bp)...
[M::process] read 529802 sequences (80000102 bp)...
[M::mem_process_seqs] Processed 529802 reads in 39.788 CPU sec, 5.545 real sec
[M::process] read 529802 sequences (80000102 bp)...
[M::mem_process_seqs] Processed 529802 reads in 39.566 CPU sec, 5.385 real sec
[M::mem_process_seqs] Processed 529802 reads in 39.177 CPU sec, 5.350 real sec
[M::process] read 529802 sequences (80000102 bp)...
[M::process] read 529802 sequences (80000102 bp)...
[M::mem_process_seqs] Processed 529802 reads in 39.538 CPU sec, 5.354 real sec
[M::mem_process_seqs] Processed 529802 reads in 39.321 CPU sec, 5.336 real sec
[M::process] read 529802 sequences (80000102 bp)...
[M::process] read 529802 sequences (80000102 bp)...
[M::mem_process_seqs] Processed 529802 reads in 39.900 CPU sec, 5.375 real sec
[M::process] read 529802 sequences (80000102 bp)...
[M::mem_process_seqs] Processed 529802 reads in 39.763 CPU sec, 5.376 real sec
[M::mem_process_seqs] Processed 529802 reads in 38.967 CPU sec, 5.306 real sec
[M::process] read 529802 sequences (80000102 bp)...
[M::process] read 529802 sequences (80000102 bp)...
[M::mem_process_seqs] Processed 529802 reads in 39.238 CPU sec, 5.336 real sec
[M::process] read 529802 sequences (80000102 bp)...
[M::mem_process_seqs] Processed 529802 reads in 39.519 CPU sec, 5.385 real sec
[M::process] read 529802 sequences (80000102 bp)...
[M::mem_process_seqs] Processed 529802 reads in 39.202 CPU sec, 5.487 real sec
[M::process] read 529802 sequences (80000102 bp)...
[M::mem_process_seqs] Processed 529802 reads in 39.647 CPU sec, 5.375 real sec
[M::process] read 529802 sequences (80000102 bp)...
[M::mem_process_seqs] Processed 529802 reads in 39.410 CPU sec, 5.411 real sec
[M::mem_process_seqs] Processed 529802 reads in 39.667 CPU sec, 5.357 real sec
[M::process] read 529802 sequences (80000102 bp)...
[M::mem_process_seqs] Processed 529802 reads in 39.174 CPU sec, 5.285 real sec
[M::process] read 529802 sequences (80000102 bp)...
[M::mem_process_seqs] Processed 529802 reads in 39.236 CPU sec, 5.252 real sec
[M::process] read 529802 sequences (80000102 bp)...
[M::process] read 529802 sequences (80000102 bp)...
[M::mem_process_seqs] Processed 529802 reads in 39.418 CPU sec, 5.477 real sec
[M::mem_process_seqs] Processed 529802 reads in 39.753 CPU sec, 5.518 real sec
[M::process] read 529802 sequences (80000102 bp)...
[M::mem_process_seqs] Processed 529802 reads in 42.495 CPU sec, 5.753 real sec
[M::process] read 529802 sequences (80000102 bp)...
[M::mem_process_seqs] Processed 529802 reads in 41.016 CPU sec, 5.539 real sec
[M::process] read 529802 sequences (80000102 bp)...
[M::mem_process_seqs] Processed 529802 reads in 39.044 CPU sec, 5.287 real sec
[M::process] read 529802 sequences (80000102 bp)...
[M::process] read 529802 sequences (80000102 bp)...
[M::mem_process_seqs] Processed 529802 reads in 39.171 CPU sec, 5.343 real sec
[M::mem_process_seqs] Processed 529802 reads in 38.865 CPU sec, 5.292 real sec
[M::process] read 529802 sequences (80000102 bp)...
[M::process] read 529802 sequences (80000102 bp)...
[M::mem_process_seqs] Processed 529802 reads in 39.220 CPU sec, 5.386 real sec
[M::mem_process_seqs] Processed 529802 reads in 39.310 CPU sec, 5.306 real sec
[M::process] read 529802 sequences (80000102 bp)...
[M::process] read 529802 sequences (80000102 bp)...
[M::mem_process_seqs] Processed 529802 reads in 39.181 CPU sec, 5.435 real sec
[M::mem_process_seqs] Processed 529802 reads in 39.144 CPU sec, 5.303 real sec
[M::process] read 529802 sequences (80000102 bp)...
[M::process] read 529802 sequences (80000102 bp)...
[M::mem_process_seqs] Processed 529802 reads in 39.752 CPU sec, 5.353 real sec
[M::process] read 529802 sequences (80000102 bp)...
[M::mem_process_seqs] Processed 529802 reads in 42.974 CPU sec, 5.830 real sec
[M::process] read 529802 sequences (80000102 bp)...
[M::mem_process_seqs] Processed 529802 reads in 44.592 CPU sec, 6.196 real sec
[M::process] read 529802 sequences (80000102 bp)...
[M::mem_process_seqs] Processed 529802 reads in 45.163 CPU sec, 6.239 real sec
[M::process] read 529802 sequences (80000102 bp)...
[M::mem_process_seqs] Processed 529802 reads in 45.869 CPU sec, 6.385 real sec
[M::mem_process_seqs] Processed 529802 reads in 47.347 CPU sec, 7.599 real sec
[M::process] read 529802 sequences (80000102 bp)...
[M::process] read 529802 sequences (80000102 bp)...
[M::mem_process_seqs] Processed 529802 reads in 45.493 CPU sec, 7.536 real sec
[M::process] read 529802 sequences (80000102 bp)...
[M::mem_process_seqs] Processed 529802 reads in 47.003 CPU sec, 6.556 real sec
[M::process] read 529802 sequences (80000102 bp)...
[M::mem_process_seqs] Processed 529802 reads in 48.694 CPU sec, 6.617 real sec
[M::mem_process_seqs] Processed 529802 reads in 48.692 CPU sec, 6.578 real sec
[M::process] read 529802 sequences (80000102 bp)...
[M::process] read 529802 sequences (80000102 bp)...
[M::mem_process_seqs] Processed 529802 reads in 48.913 CPU sec, 6.539 real sec
[M::process] read 529802 sequences (80000102 bp)...
[M::mem_process_seqs] Processed 529802 reads in 48.914 CPU sec, 6.613 real sec
[M::mem_process_seqs] Processed 529802 reads in 48.831 CPU sec, 6.677 real sec
[M::process] read 529802 sequences (80000102 bp)...
[M::mem_process_seqs] Processed 529802 reads in 47.635 CPU sec, 6.438 real sec
[M::process] read 529802 sequences (80000102 bp)...
[M::process] read 529802 sequences (80000102 bp)...
[M::mem_process_seqs] Processed 529802 reads in 48.238 CPU sec, 6.474 real sec
[M::process] read 529802 sequences (80000102 bp)...
[M::mem_process_seqs] Processed 529802 reads in 48.730 CPU sec, 6.600 real sec
[M::mem_process_seqs] Processed 529802 reads in 48.609 CPU sec, 6.544 real sec
[M::process] read 529802 sequences (80000102 bp)...
[M::process] read 529802 sequences (80000102 bp)...
[M::mem_process_seqs] Processed 529802 reads in 48.553 CPU sec, 6.529 real sec
[M::process] read 529802 sequences (80000102 bp)...
[M::mem_process_seqs] Processed 529802 reads in 48.590 CPU sec, 6.559 real sec
[M::process] read 529802 sequences (80000102 bp)...
[M::mem_process_seqs] Processed 529802 reads in 48.701 CPU sec, 6.548 real sec
[M::mem_process_seqs] Processed 529802 reads in 48.376 CPU sec, 6.520 real sec
[M::process] read 529802 sequences (80000102 bp)...
[M::process] read 529802 sequences (80000102 bp)...
[M::mem_process_seqs] Processed 529802 reads in 48.500 CPU sec, 6.601 real sec
[M::process] read 529802 sequences (80000102 bp)...
[M::mem_process_seqs] Processed 529802 reads in 48.469 CPU sec, 6.652 real sec
[M::process] read 529802 sequences (80000102 bp)...
[M::mem_process_seqs] Processed 529802 reads in 48.822 CPU sec, 6.586 real sec
[M::mem_process_seqs] Processed 529802 reads in 48.768 CPU sec, 6.644 real sec
[M::process] read 529802 sequences (80000102 bp)...
[M::process] read 529802 sequences (80000102 bp)...
[M::mem_process_seqs] Processed 529802 reads in 48.793 CPU sec, 6.631 real sec
[M::process] read 529802 sequences (80000102 bp)...
[M::mem_process_seqs] Processed 529802 reads in 48.389 CPU sec, 6.625 real sec
[M::mem_process_seqs] Processed 529802 reads in 48.988 CPU sec, 6.586 real sec
[M::process] read 529802 sequences (80000102 bp)...
[M::process] read 529802 sequences (80000102 bp)...
[M::mem_process_seqs] Processed 529802 reads in 48.913 CPU sec, 6.606 real sec
[M::process] read 529802 sequences (80000102 bp)...
[M::mem_process_seqs] Processed 529802 reads in 48.306 CPU sec, 6.519 real sec
[M::process] read 529802 sequences (80000102 bp)...
[M::mem_process_seqs] Processed 529802 reads in 48.121 CPU sec, 6.606 real sec
[M::mem_process_seqs] Processed 529802 reads in 47.898 CPU sec, 6.442 real sec
[M::process] read 529802 sequences (80000102 bp)...
[M::process] read 529802 sequences (80000102 bp)...
[M::mem_process_seqs] Processed 529802 reads in 48.264 CPU sec, 6.507 real sec
[M::process] read 529802 sequences (80000102 bp)...
[M::mem_process_seqs] Processed 529802 reads in 48.542 CPU sec, 6.577 real sec
[M::process] read 529802 sequences (80000102 bp)...
[M::mem_process_seqs] Processed 529802 reads in 48.213 CPU sec, 6.555 real sec
[M::process] read 529802 sequences (80000102 bp)...
[M::mem_process_seqs] Processed 529802 reads in 48.115 CPU sec, 6.506 real sec
[M::process] read 529802 sequences (80000102 bp)...
[M::mem_process_seqs] Processed 529802 reads in 48.272 CPU sec, 6.503 real sec
[M::process] read 529802 sequences (80000102 bp)...
[M::mem_process_seqs] Processed 529802 reads in 47.887 CPU sec, 6.500 real sec
[M::mem_process_seqs] Processed 529802 reads in 45.289 CPU sec, 6.663 real sec
[M::process] read 529802 sequences (80000102 bp)...
[M::process] read 529802 sequences (80000102 bp)...
[M::mem_process_seqs] Processed 529802 reads in 45.397 CPU sec, 6.096 real sec
[M::process] read 529802 sequences (80000102 bp)...
[M::mem_process_seqs] Processed 529802 reads in 45.436 CPU sec, 6.180 real sec
[M::process] read 529802 sequences (80000102 bp)...
[M::mem_process_seqs] Processed 529802 reads in 45.915 CPU sec, 6.385 real sec
[M::mem_process_seqs] Processed 529802 reads in 46.266 CPU sec, 6.259 real sec
[M::process] read 529802 sequences (80000102 bp)...
[M::process] read 529802 sequences (80000102 bp)...
[M::mem_process_seqs] Processed 529802 reads in 46.580 CPU sec, 6.298 real sec
[M::process] read 529802 sequences (80000102 bp)...
[M::mem_process_seqs] Processed 529802 reads in 46.886 CPU sec, 6.320 real sec
[M::process] read 529802 sequences (80000102 bp)...
[M::mem_process_seqs] Processed 529802 reads in 46.707 CPU sec, 6.426 real sec
[M::process] read 529802 sequences (80000102 bp)...
[M::mem_process_seqs] Processed 529802 reads in 46.310 CPU sec, 6.262 real sec
[M::process] read 529802 sequences (80000102 bp)...
[M::mem_process_seqs] Processed 529802 reads in 47.196 CPU sec, 6.522 real sec
[M::process] read 529802 sequences (80000102 bp)...
[M::mem_process_seqs] Processed 529802 reads in 46.706 CPU sec, 6.403 real sec
[M::process] read 529802 sequences (80000102 bp)...
[M::mem_process_seqs] Processed 529802 reads in 46.217 CPU sec, 6.285 real sec
[M::process] read 529802 sequences (80000102 bp)...
[M::mem_process_seqs] Processed 529802 reads in 46.181 CPU sec, 6.325 real sec
[M::process] read 529802 sequences (80000102 bp)...
[M::mem_process_seqs] Processed 529802 reads in 46.447 CPU sec, 6.358 real sec
[M::process] read 529802 sequences (80000102 bp)...
[M::mem_process_seqs] Processed 529802 reads in 46.580 CPU sec, 6.308 real sec
[M::process] read 529802 sequences (80000102 bp)...
[M::mem_process_seqs] Processed 529802 reads in 46.300 CPU sec, 6.264 real sec
[M::mem_process_seqs] Processed 529802 reads in 46.094 CPU sec, 6.276 real sec
[M::process] read 529802 sequences (80000102 bp)...
[M::process] read 529802 sequences (80000102 bp)...
[M::mem_process_seqs] Processed 529802 reads in 46.298 CPU sec, 6.413 real sec
[M::process] read 529802 sequences (80000102 bp)...
[M::mem_process_seqs] Processed 529802 reads in 46.732 CPU sec, 6.324 real sec
[M::mem_process_seqs] Processed 529802 reads in 46.470 CPU sec, 6.251 real sec
[M::process] read 529802 sequences (80000102 bp)...
[M::process] read 529802 sequences (80000102 bp)...
[M::mem_process_seqs] Processed 529802 reads in 46.219 CPU sec, 6.410 real sec
[M::mem_process_seqs] Processed 529802 reads in 46.338 CPU sec, 6.244 real sec
[M::process] read 529802 sequences (80000102 bp)...
[M::process] read 529802 sequences (80000102 bp)...
[M::mem_process_seqs] Processed 529802 reads in 45.954 CPU sec, 6.319 real sec
[M::process] read 529802 sequences (80000102 bp)...
[M::mem_process_seqs] Processed 529802 reads in 46.793 CPU sec, 6.416 real sec
[M::process] read 529802 sequences (80000102 bp)...
[M::mem_process_seqs] Processed 529802 reads in 47.029 CPU sec, 6.371 real sec
[M::mem_process_seqs] Processed 529802 reads in 47.487 CPU sec, 6.403 real sec
[M::process] read 529802 sequences (80000102 bp)...
[M::mem_process_seqs] Processed 529802 reads in 46.984 CPU sec, 6.348 real sec
[M::process] read 529802 sequences (80000102 bp)...
[M::process] read 529802 sequences (80000102 bp)...
[M::mem_process_seqs] Processed 529802 reads in 46.495 CPU sec, 6.346 real sec
[M::mem_process_seqs] Processed 529802 reads in 46.360 CPU sec, 6.263 real sec
[M::process] read 529802 sequences (80000102 bp)...
[M::process] read 529802 sequences (80000102 bp)...
[M::mem_process_seqs] Processed 529802 reads in 46.397 CPU sec, 6.328 real sec
[M::process] read 529802 sequences (80000102 bp)...
[M::mem_process_seqs] Processed 529802 reads in 46.542 CPU sec, 6.297 real sec
[M::process] read 529802 sequences (80000102 bp)...
[M::mem_process_seqs] Processed 529802 reads in 46.912 CPU sec, 6.605 real sec
[M::process] read 529802 sequences (80000102 bp)...
[M::mem_process_seqs] Processed 529802 reads in 47.027 CPU sec, 6.363 real sec
[M::mem_process_seqs] Processed 529802 reads in 45.258 CPU sec, 6.762 real sec
[M::process] read 529802 sequences (80000102 bp)...
[M::process] read 529802 sequences (80000102 bp)...
[M::mem_process_seqs] Processed 529802 reads in 45.993 CPU sec, 6.034 real sec
[M::process] read 529802 sequences (80000102 bp)...
[M::mem_process_seqs] Processed 529802 reads in 46.200 CPU sec, 6.265 real sec
[M::mem_process_seqs] Processed 529802 reads in 46.222 CPU sec, 6.258 real sec
[M::process] read 529802 sequences (80000102 bp)...
[M::process] read 529802 sequences (80000102 bp)...
[M::mem_process_seqs] Processed 529802 reads in 46.586 CPU sec, 6.236 real sec
[M::mem_process_seqs] Processed 529802 reads in 45.863 CPU sec, 6.271 real sec
[M::process] read 529802 sequences (80000102 bp)...
[M::process] read 529802 sequences (80000102 bp)...
[M::mem_process_seqs] Processed 529802 reads in 46.426 CPU sec, 6.293 real sec
[M::process] read 529802 sequences (80000102 bp)...
[M::mem_process_seqs] Processed 529802 reads in 46.905 CPU sec, 6.338 real sec
[M::mem_process_seqs] Processed 529802 reads in 46.254 CPU sec, 6.222 real sec
[M::process] read 529802 sequences (80000102 bp)...
[M::process] read 529802 sequences (80000102 bp)...
[M::mem_process_seqs] Processed 529802 reads in 47.067 CPU sec, 6.333 real sec
[M::mem_process_seqs] Processed 529802 reads in 46.232 CPU sec, 6.223 real sec
[M::process] read 529802 sequences (80000102 bp)...
[M::process] read 529802 sequences (80000102 bp)...
[M::mem_process_seqs] Processed 529802 reads in 46.666 CPU sec, 6.215 real sec
[M::process] read 529802 sequences (80000102 bp)...
[M::mem_process_seqs] Processed 529802 reads in 46.636 CPU sec, 6.351 real sec
[M::process] read 529802 sequences (80000102 bp)...
[M::mem_process_seqs] Processed 529802 reads in 46.653 CPU sec, 6.404 real sec
[M::process] read 529802 sequences (80000102 bp)...
[M::mem_process_seqs] Processed 529802 reads in 46.758 CPU sec, 6.311 real sec
[M::process] read 529802 sequences (80000102 bp)...
[M::mem_process_seqs] Processed 529802 reads in 46.392 CPU sec, 6.326 real sec
[M::process] read 529802 sequences (80000102 bp)...
[M::mem_process_seqs] Processed 529802 reads in 46.322 CPU sec, 6.262 real sec
[M::process] read 529802 sequences (80000102 bp)...
[M::mem_process_seqs] Processed 529802 reads in 46.677 CPU sec, 6.315 real sec
[M::process] read 529802 sequences (80000102 bp)...
[M::mem_process_seqs] Processed 529802 reads in 45.865 CPU sec, 6.314 real sec
[M::mem_process_seqs] Processed 529802 reads in 46.121 CPU sec, 6.211 real sec
[M::process] read 529802 sequences (80000102 bp)...
[M::mem_process_seqs] Processed 529802 reads in 45.937 CPU sec, 6.174 real sec
[M::process] read 529802 sequences (80000102 bp)...
[M::process] read 529802 sequences (80000102 bp)...
[M::mem_process_seqs] Processed 529802 reads in 46.155 CPU sec, 6.395 real sec
[M::mem_process_seqs] Processed 529802 reads in 46.001 CPU sec, 6.190 real sec
[M::process] read 529802 sequences (80000102 bp)...
[M::process] read 529802 sequences (80000102 bp)...
[M::mem_process_seqs] Processed 529802 reads in 46.285 CPU sec, 6.212 real sec
[M::mem_process_seqs] Processed 529802 reads in 45.767 CPU sec, 6.244 real sec
[M::process] read 529802 sequences (80000102 bp)...
[M::process] read 529802 sequences (80000102 bp)...
[M::mem_process_seqs] Processed 529802 reads in 46.298 CPU sec, 6.194 real sec
[M::mem_process_seqs] Processed 529802 reads in 46.009 CPU sec, 6.220 real sec
[M::process] read 529802 sequences (80000102 bp)...
[M::mem_process_seqs] Processed 529802 reads in 46.103 CPU sec, 6.201 real sec
[M::process] read 529802 sequences (80000102 bp)...
[M::mem_process_seqs] Processed 529802 reads in 46.394 CPU sec, 6.198 real sec
[M::process] read 529802 sequences (80000102 bp)...
[M::process] read 529802 sequences (80000102 bp)...
[M::mem_process_seqs] Processed 529802 reads in 46.146 CPU sec, 6.198 real sec
[M::process] read 529802 sequences (80000102 bp)...
[M::mem_process_seqs] Processed 529802 reads in 45.927 CPU sec, 6.302 real sec
[M::process] read 529802 sequences (80000102 bp)...
[M::mem_process_seqs] Processed 529802 reads in 46.353 CPU sec, 6.251 real sec
[M::process] read 529802 sequences (80000102 bp)...
[M::mem_process_seqs] Processed 529802 reads in 46.172 CPU sec, 6.270 real sec
[M::mem_process_seqs] Processed 529802 reads in 44.881 CPU sec, 6.664 real sec
[M::process] read 529802 sequences (80000102 bp)...
[M::process] read 529802 sequences (80000102 bp)...
[M::mem_process_seqs] Processed 529802 reads in 45.194 CPU sec, 5.994 real sec
[M::mem_process_seqs] Processed 529802 reads in 45.228 CPU sec, 6.075 real sec
[M::process] read 529802 sequences (80000102 bp)...
[M::process] read 529802 sequences (80000102 bp)...
[M::mem_process_seqs] Processed 529802 reads in 46.019 CPU sec, 6.182 real sec
[M::process] read 529802 sequences (80000102 bp)...
[M::mem_process_seqs] Processed 529802 reads in 45.553 CPU sec, 6.135 real sec
[M::process] read 529802 sequences (80000102 bp)...
[M::mem_process_seqs] Processed 529802 reads in 45.691 CPU sec, 6.205 real sec
[M::mem_process_seqs] Processed 529802 reads in 46.095 CPU sec, 6.204 real sec
[M::process] read 529802 sequences (80000102 bp)...
[M::process] read 529802 sequences (80000102 bp)...
[M::mem_process_seqs] Processed 529802 reads in 46.338 CPU sec, 6.228 real sec
[M::process] read 529802 sequences (80000102 bp)...
[M::mem_process_seqs] Processed 529802 reads in 46.515 CPU sec, 6.280 real sec
[M::process] read 529802 sequences (80000102 bp)...
[M::mem_process_seqs] Processed 529802 reads in 46.039 CPU sec, 6.254 real sec
[M::process] read 529802 sequences (80000102 bp)...
[M::mem_process_seqs] Processed 529802 reads in 45.975 CPU sec, 6.193 real sec
[M::mem_process_seqs] Processed 529802 reads in 45.613 CPU sec, 6.143 real sec
[M::process] read 529802 sequences (80000102 bp)...
[M::process] read 529802 sequences (80000102 bp)...
[M::mem_process_seqs] Processed 529802 reads in 45.895 CPU sec, 6.241 real sec
[M::process] read 529802 sequences (80000102 bp)...
[M::mem_process_seqs] Processed 529802 reads in 46.339 CPU sec, 6.228 real sec
[M::process] read 529802 sequences (80000102 bp)...
[M::mem_process_seqs] Processed 529802 reads in 46.037 CPU sec, 6.202 real sec
[M::mem_process_seqs] Processed 529802 reads in 47.101 CPU sec, 6.341 real sec
[M::process] read 529802 sequences (80000102 bp)...
[M::process] read 529802 sequences (80000102 bp)...
[M::mem_process_seqs] Processed 529802 reads in 46.694 CPU sec, 6.291 real sec
[M::process] read 529802 sequences (80000102 bp)...
[M::mem_process_seqs] Processed 529802 reads in 46.006 CPU sec, 6.295 real sec
[M::process] read 529802 sequences (80000102 bp)...
[M::mem_process_seqs] Processed 529802 reads in 46.167 CPU sec, 6.214 real sec
[M::process] read 529802 sequences (80000102 bp)...
[M::mem_process_seqs] Processed 529802 reads in 45.779 CPU sec, 6.173 real sec
[M::process] read 529802 sequences (80000102 bp)...
[M::mem_process_seqs] Processed 529802 reads in 46.084 CPU sec, 6.198 real sec
[M::process] read 529802 sequences (80000102 bp)...
[M::mem_process_seqs] Processed 529802 reads in 45.952 CPU sec, 6.209 real sec
[M::process] read 529802 sequences (80000102 bp)...
[M::mem_process_seqs] Processed 529802 reads in 46.183 CPU sec, 6.196 real sec
[M::mem_process_seqs] Processed 529802 reads in 45.690 CPU sec, 6.146 real sec
[M::process] read 529802 sequences (80000102 bp)...
[M::process] read 529802 sequences (80000102 bp)...
[M::mem_process_seqs] Processed 529802 reads in 45.797 CPU sec, 6.171 real sec
[M::process] read 529802 sequences (80000102 bp)...
[M::mem_process_seqs] Processed 529802 reads in 45.405 CPU sec, 6.149 real sec
[M::process] read 529802 sequences (80000102 bp)...
[M::mem_process_seqs] Processed 529802 reads in 45.022 CPU sec, 6.261 real sec
[M::mem_process_seqs] Processed 529802 reads in 45.614 CPU sec, 6.220 real sec
[M::process] read 529802 sequences (80000102 bp)...
[M::process] read 529802 sequences (80000102 bp)...
[M::mem_process_seqs] Processed 529802 reads in 45.639 CPU sec, 6.184 real sec
[M::mem_process_seqs] Processed 529802 reads in 45.657 CPU sec, 6.192 real sec
[M::process] read 529802 sequences (80000102 bp)...
[M::process] read 529802 sequences (80000102 bp)...
[M::mem_process_seqs] Processed 529802 reads in 45.362 CPU sec, 6.221 real sec
[M::process] read 529802 sequences (80000102 bp)...
[M::mem_process_seqs] Processed 529802 reads in 45.651 CPU sec, 6.282 real sec
[M::mem_process_seqs] Processed 529802 reads in 46.077 CPU sec, 6.212 real sec
[M::process] read 529802 sequences (80000102 bp)...
[M::mem_process_seqs] Processed 529802 reads in 44.371 CPU sec, 6.505 real sec
[M::process] read 529802 sequences (80000102 bp)...
[M::process] read 529802 sequences (80000102 bp)...
[M::mem_process_seqs] Processed 529802 reads in 44.116 CPU sec, 5.886 real sec
[M::mem_process_seqs] Processed 529802 reads in 44.694 CPU sec, 6.018 real sec
[M::process] read 529802 sequences (80000102 bp)...
[M::mem_process_seqs] Processed 529802 reads in 45.403 CPU sec, 6.114 real sec
[M::process] read 529802 sequences (80000102 bp)...
[M::mem_process_seqs] Processed 529802 reads in 45.094 CPU sec, 6.083 real sec
[M::process] read 529802 sequences (80000102 bp)...
[M::process] read 529802 sequences (80000102 bp)...
[M::mem_process_seqs] Processed 529802 reads in 44.551 CPU sec, 6.040 real sec
[M::mem_process_seqs] Processed 529802 reads in 44.939 CPU sec, 6.065 real sec
[M::process] read 529802 sequences (80000102 bp)...
[M::mem_process_seqs] Processed 529802 reads in 45.358 CPU sec, 6.134 real sec
[M::process] read 529802 sequences (80000102 bp)...
[M::mem_process_seqs] Processed 529802 reads in 44.768 CPU sec, 6.030 real sec
[M::process] read 529802 sequences (80000102 bp)...
[M::mem_process_seqs] Processed 529802 reads in 45.174 CPU sec, 6.087 real sec
[M::process] read 529802 sequences (80000102 bp)...
[M::process] read 529802 sequences (80000102 bp)...
[M::mem_process_seqs] Processed 529802 reads in 45.095 CPU sec, 6.061 real sec
[M::mem_process_seqs] Processed 529802 reads in 45.429 CPU sec, 6.154 real sec
[M::process] read 529802 sequences (80000102 bp)...
[M::process] read 529802 sequences (80000102 bp)...
[M::mem_process_seqs] Processed 529802 reads in 45.290 CPU sec, 6.062 real sec
[M::mem_process_seqs] Processed 529802 reads in 45.329 CPU sec, 6.138 real sec
[M::process] read 529802 sequences (80000102 bp)...
[M::mem_process_seqs] Processed 529802 reads in 45.551 CPU sec, 6.141 real sec
[M::process] read 529802 sequences (80000102 bp)...
[M::process] read 529802 sequences (80000102 bp)...
[M::mem_process_seqs] Processed 529802 reads in 45.861 CPU sec, 6.201 real sec
[M::mem_process_seqs] Processed 529802 reads in 44.228 CPU sec, 6.108 real sec
[M::process] read 529802 sequences (80000102 bp)...
[M::process] read 529802 sequences (80000102 bp)...
[M::mem_process_seqs] Processed 529802 reads in 45.157 CPU sec, 5.961 real sec
[M::mem_process_seqs] Processed 529802 reads in 45.228 CPU sec, 6.145 real sec
[M::process] read 529802 sequences (80000102 bp)...
[M::process] read 529802 sequences (80000102 bp)...
[M::mem_process_seqs] Processed 529802 reads in 45.205 CPU sec, 6.112 real sec
[M::mem_process_seqs] Processed 529802 reads in 44.936 CPU sec, 6.080 real sec
[M::process] read 529802 sequences (80000102 bp)...
[M::mem_process_seqs] Processed 529802 reads in 44.893 CPU sec, 6.030 real sec
[M::process] read 529802 sequences (80000102 bp)...
[M::process] read 529802 sequences (80000102 bp)...
[M::mem_process_seqs] Processed 529802 reads in 46.216 CPU sec, 6.143 real sec
[M::mem_process_seqs] Processed 529802 reads in 46.301 CPU sec, 6.271 real sec
[M::process] read 529802 sequences (80000102 bp)...
[M::process] read 529802 sequences (80000102 bp)...
[M::mem_process_seqs] Processed 529802 reads in 46.565 CPU sec, 6.189 real sec
[M::mem_process_seqs] Processed 529802 reads in 46.676 CPU sec, 6.314 real sec
[M::process] read 529802 sequences (80000102 bp)...
[M::mem_process_seqs] Processed 529802 reads in 46.275 CPU sec, 6.259 real sec
[M::process] read 529802 sequences (80000102 bp)...
[M::process] read 529802 sequences (80000102 bp)...
[M::mem_process_seqs] Processed 529802 reads in 46.572 CPU sec, 6.302 real sec
[M::mem_process_seqs] Processed 529802 reads in 46.346 CPU sec, 6.281 real sec
[M::process] read 529802 sequences (80000102 bp)...
[M::process] read 529802 sequences (80000102 bp)...
[M::mem_process_seqs] Processed 529802 reads in 46.163 CPU sec, 6.262 real sec
[M::mem_process_seqs] Processed 529802 reads in 45.361 CPU sec, 6.232 real sec
[M::process] read 529802 sequences (80000102 bp)...
[M::process] read 529802 sequences (80000102 bp)...
[M::mem_process_seqs] Processed 529802 reads in 47.324 CPU sec, 6.252 real sec
[M::mem_process_seqs] Processed 529802 reads in 46.390 CPU sec, 6.314 real sec
[M::process] read 529802 sequences (80000102 bp)...
[M::process] read 529802 sequences (80000102 bp)...
[M::mem_process_seqs] Processed 529802 reads in 47.862 CPU sec, 6.422 real sec
[M::mem_process_seqs] Processed 529802 reads in 45.024 CPU sec, 6.817 real sec
[M::process] read 529802 sequences (80000102 bp)...
[M::process] read 529802 sequences (80000102 bp)...
[M::mem_process_seqs] Processed 529802 reads in 46.391 CPU sec, 6.126 real sec
[M::mem_process_seqs] Processed 529802 reads in 45.024 CPU sec, 6.108 real sec
[M::process] read 529802 sequences (80000102 bp)...
[M::process] read 529802 sequences (80000102 bp)...
[M::mem_process_seqs] Processed 529802 reads in 46.649 CPU sec, 6.191 real sec
[M::mem_process_seqs] Processed 529802 reads in 45.635 CPU sec, 6.324 real sec
[M::process] read 529802 sequences (80000102 bp)...
[M::process] read 529802 sequences (80000102 bp)...
[M::mem_process_seqs] Processed 529802 reads in 46.551 CPU sec, 6.240 real sec
[M::mem_process_seqs] Processed 529802 reads in 45.057 CPU sec, 6.108 real sec
[M::process] read 529802 sequences (80000102 bp)...
[M::mem_process_seqs] Processed 529802 reads in 45.516 CPU sec, 6.092 real sec
[M::process] read 529802 sequences (80000102 bp)...
[M::process] read 529802 sequences (80000102 bp)...
[M::mem_process_seqs] Processed 529802 reads in 45.423 CPU sec, 5.879 real sec
[M::mem_process_seqs] Processed 529802 reads in 45.834 CPU sec, 6.208 real sec
[M::process] read 529802 sequences (80000102 bp)...
[M::process] read 529802 sequences (80000102 bp)...
[M::mem_process_seqs] Processed 529802 reads in 45.774 CPU sec, 6.107 real sec
[M::mem_process_seqs] Processed 529802 reads in 44.644 CPU sec, 6.055 real sec
[M::process] read 529802 sequences (80000102 bp)...
[M::process] read 529802 sequences (80000102 bp)...
[M::mem_process_seqs] Processed 529802 reads in 45.009 CPU sec, 6.007 real sec
[M::mem_process_seqs] Processed 529802 reads in 44.852 CPU sec, 6.076 real sec
[M::process] read 529802 sequences (80000102 bp)...
[M::process] read 529802 sequences (80000102 bp)...
[M::mem_process_seqs] Processed 529802 reads in 45.177 CPU sec, 6.006 real sec
[M::mem_process_seqs] Processed 529802 reads in 44.458 CPU sec, 6.063 real sec
[M::process] read 529802 sequences (80000102 bp)...
[M::process] read 529802 sequences (80000102 bp)...
[M::mem_process_seqs] Processed 529802 reads in 45.229 CPU sec, 6.126 real sec
[M::mem_process_seqs] Processed 529802 reads in 45.009 CPU sec, 6.076 real sec
[M::process] read 529802 sequences (80000102 bp)...
[M::process] read 529802 sequences (80000102 bp)...
[M::mem_process_seqs] Processed 529802 reads in 45.573 CPU sec, 6.129 real sec
[M::mem_process_seqs] Processed 529802 reads in 45.599 CPU sec, 6.199 real sec
[M::process] read 529802 sequences (80000102 bp)...
[M::process] read 529802 sequences (80000102 bp)...
[M::mem_process_seqs] Processed 529802 reads in 46.077 CPU sec, 6.221 real sec
[M::mem_process_seqs] Processed 529802 reads in 44.077 CPU sec, 5.963 real sec
[M::process] read 529802 sequences (80000102 bp)...
[M::process] read 529802 sequences (80000102 bp)...
[M::mem_process_seqs] Processed 529802 reads in 44.640 CPU sec, 6.107 real sec
[M::mem_process_seqs] Processed 529802 reads in 44.036 CPU sec, 5.952 real sec
[M::process] read 529802 sequences (80000102 bp)...
[M::mem_process_seqs] Processed 529802 reads in 43.984 CPU sec, 5.886 real sec
[M::process] read 529802 sequences (80000102 bp)...
[M::mem_process_seqs] Processed 529802 reads in 44.256 CPU sec, 5.982 real sec
[M::process] read 529802 sequences (80000102 bp)...
[M::process] read 529802 sequences (80000102 bp)...
[M::mem_process_seqs] Processed 529802 reads in 44.195 CPU sec, 5.595 real sec
[M::mem_process_seqs] Processed 529802 reads in 43.679 CPU sec, 5.938 real sec
[M::process] read 529802 sequences (80000102 bp)...
[M::process] read 529802 sequences (80000102 bp)...
[M::mem_process_seqs] Processed 529802 reads in 44.228 CPU sec, 5.879 real sec
[M::mem_process_seqs] Processed 529802 reads in 43.459 CPU sec, 5.917 real sec
[M::process] read 529802 sequences (80000102 bp)...
[M::process] read 529802 sequences (80000102 bp)...
[M::mem_process_seqs] Processed 529802 reads in 44.641 CPU sec, 5.896 real sec
[M::mem_process_seqs] Processed 529802 reads in 44.376 CPU sec, 6.036 real sec
[M::process] read 529802 sequences (80000102 bp)...
[M::mem_process_seqs] Processed 529802 reads in 43.896 CPU sec, 5.989 real sec
[M::process] read 529802 sequences (80000102 bp)...
[M::mem_process_seqs] Processed 529802 reads in 42.648 CPU sec, 6.491 real sec
[M::process] read 529802 sequences (80000102 bp)...
[M::process] read 529802 sequences (80000102 bp)...
[M::mem_process_seqs] Processed 529802 reads in 43.893 CPU sec, 5.790 real sec
[M::mem_process_seqs] Processed 529802 reads in 43.152 CPU sec, 5.987 real sec
[M::process] read 529802 sequences (80000102 bp)...
[M::process] read 529802 sequences (80000102 bp)...
[M::mem_process_seqs] Processed 529802 reads in 44.296 CPU sec, 5.910 real sec
[M::mem_process_seqs] Processed 529802 reads in 42.993 CPU sec, 5.906 real sec
[M::process] read 529802 sequences (80000102 bp)...
[M::process] read 529802 sequences (80000102 bp)...
[M::mem_process_seqs] Processed 529802 reads in 43.942 CPU sec, 5.841 real sec
[M::mem_process_seqs] Processed 529802 reads in 41.905 CPU sec, 5.690 real sec
[M::process] read 529802 sequences (80000102 bp)...
[M::process] read 529802 sequences (80000102 bp)...
[M::mem_process_seqs] Processed 529802 reads in 42.406 CPU sec, 5.602 real sec
[M::mem_process_seqs] Processed 529802 reads in 42.515 CPU sec, 5.762 real sec
[M::process] read 529802 sequences (80000102 bp)...
[M::mem_process_seqs] Processed 529802 reads in 42.642 CPU sec, 5.677 real sec
[M::process] read 529802 sequences (80000102 bp)...
[M::process] read 529802 sequences (80000102 bp)...
[M::mem_process_seqs] Processed 529802 reads in 43.238 CPU sec, 5.487 real sec
[M::mem_process_seqs] Processed 529802 reads in 42.607 CPU sec, 5.762 real sec
[M::process] read 529802 sequences (80000102 bp)...
[M::process] read 529802 sequences (80000102 bp)...
[M::mem_process_seqs] Processed 529802 reads in 43.935 CPU sec, 5.893 real sec
[M::mem_process_seqs] Processed 529802 reads in 41.858 CPU sec, 5.661 real sec
[M::process] read 529802 sequences (80000102 bp)...
[M::process] read 529802 sequences (80000102 bp)...
[M::mem_process_seqs] Processed 529802 reads in 43.319 CPU sec, 5.745 real sec
[M::mem_process_seqs] Processed 529802 reads in 42.407 CPU sec, 5.741 real sec
[M::process] read 529802 sequences (80000102 bp)...
[M::process] read 529802 sequences (80000102 bp)...
[M::mem_process_seqs] Processed 529802 reads in 42.957 CPU sec, 5.727 real sec
[M::mem_process_seqs] Processed 529802 reads in 42.485 CPU sec, 5.868 real sec
[M::process] read 529802 sequences (80000102 bp)...
[M::mem_process_seqs] Processed 529802 reads in 42.933 CPU sec, 5.742 real sec
[M::process] read 529802 sequences (80000102 bp)...
[M::process] read 529802 sequences (80000102 bp)...
[M::mem_process_seqs] Processed 529802 reads in 42.920 CPU sec, 5.954 real sec
[M::mem_process_seqs] Processed 529802 reads in 41.575 CPU sec, 5.642 real sec
[M::process] read 529802 sequences (80000102 bp)...
[M::process] read 529802 sequences (80000102 bp)...
[M::mem_process_seqs] Processed 529802 reads in 42.695 CPU sec, 5.714 real sec
[M::mem_process_seqs] Processed 529802 reads in 41.271 CPU sec, 5.684 real sec
[M::process] read 529802 sequences (80000102 bp)...
[M::process] read 529802 sequences (80000102 bp)...
[M::mem_process_seqs] Processed 529802 reads in 42.255 CPU sec, 5.603 real sec
[M::mem_process_seqs] Processed 529802 reads in 40.881 CPU sec, 5.597 real sec
[M::process] read 529802 sequences (80000102 bp)...
[M::process] read 529802 sequences (80000102 bp)...
[M::mem_process_seqs] Processed 529802 reads in 41.263 CPU sec, 5.536 real sec
[M::mem_process_seqs] Processed 529802 reads in 40.954 CPU sec, 5.576 real sec
[M::process] read 529802 sequences (80000102 bp)...
[M::process] read 529802 sequences (80000102 bp)...
[M::mem_process_seqs] Processed 529802 reads in 41.253 CPU sec, 5.448 real sec
[M::mem_process_seqs] Processed 529802 reads in 40.265 CPU sec, 5.576 real sec
[M::process] read 529802 sequences (80000102 bp)...
[M::process] read 529802 sequences (80000102 bp)...
[M::mem_process_seqs] Processed 529802 reads in 41.694 CPU sec, 5.537 real sec
[M::mem_process_seqs] Processed 529802 reads in 40.916 CPU sec, 5.580 real sec
[M::process] read 529802 sequences (80000102 bp)...
[M::process] read 529802 sequences (80000102 bp)...
[M::mem_process_seqs] Processed 529802 reads in 41.353 CPU sec, 5.527 real sec
[M::mem_process_seqs] Processed 529802 reads in 41.136 CPU sec, 5.572 real sec
[M::process] read 529802 sequences (80000102 bp)...
[M::mem_process_seqs] Processed 529802 reads in 40.175 CPU sec, 6.075 real sec
[M::process] read 529802 sequences (80000102 bp)...
[M::process] read 529802 sequences (80000102 bp)...
[M::mem_process_seqs] Processed 529802 reads in 41.092 CPU sec, 5.414 real sec
[M::mem_process_seqs] Processed 529802 reads in 39.665 CPU sec, 5.354 real sec
[M::process] read 529802 sequences (80000102 bp)...
[M::process] read 529802 sequences (80000102 bp)...
[M::mem_process_seqs] Processed 529802 reads in 40.445 CPU sec, 5.510 real sec
[M::mem_process_seqs] Processed 529802 reads in 40.718 CPU sec, 5.503 real sec
[M::process] read 529802 sequences (80000102 bp)...
[M::mem_process_seqs] Processed 529802 reads in 40.447 CPU sec, 5.445 real sec
[M::process] read 529802 sequences (80000102 bp)...
[M::process] read 529802 sequences (80000102 bp)...
[M::mem_process_seqs] Processed 529802 reads in 40.908 CPU sec, 5.463 real sec
[M::mem_process_seqs] Processed 529802 reads in 39.615 CPU sec, 5.405 real sec
[M::process] read 529802 sequences (80000102 bp)...
[M::mem_process_seqs] Processed 529802 reads in 39.552 CPU sec, 5.317 real sec
[M::process] read 529802 sequences (80000102 bp)...
[M::mem_process_seqs] Processed 529802 reads in 38.783 CPU sec, 5.347 real sec
[M::process] read 529802 sequences (80000102 bp)...
[M::process] read 529802 sequences (80000102 bp)...
[M::mem_process_seqs] Processed 529802 reads in 38.937 CPU sec, 5.590 real sec
[M::mem_process_seqs] Processed 529802 reads in 39.064 CPU sec, 5.850 real sec
[M::process] read 529802 sequences (80000102 bp)...
[M::process] read 529802 sequences (80000102 bp)...
[M::mem_process_seqs] Processed 529802 reads in 39.585 CPU sec, 5.436 real sec
[M::mem_process_seqs] Processed 529802 reads in 39.170 CPU sec, 5.304 real sec
[M::process] read 529802 sequences (80000102 bp)...
[M::process] read 529802 sequences (80000102 bp)...
[M::mem_process_seqs] Processed 529802 reads in 39.334 CPU sec, 5.424 real sec
[M::mem_process_seqs] Processed 529802 reads in 39.148 CPU sec, 5.321 real sec
[M::process] read 529802 sequences (80000102 bp)...
[M::process] read 529802 sequences (80000102 bp)...
[M::mem_process_seqs] Processed 529802 reads in 38.596 CPU sec, 5.764 real sec
[M::mem_process_seqs] Processed 529802 reads in 39.283 CPU sec, 5.558 real sec
[M::process] read 529802 sequences (80000102 bp)...
[M::mem_process_seqs] Processed 529802 reads in 38.964 CPU sec, 5.443 real sec
[M::process] read 529802 sequences (80000102 bp)...
[M::process] read 529802 sequences (80000102 bp)...
[M::mem_process_seqs] Processed 529802 reads in 39.212 CPU sec, 5.623 real sec
[M::mem_process_seqs] Processed 529802 reads in 39.106 CPU sec, 5.503 real sec
[M::process] read 529802 sequences (80000102 bp)...
[M::mem_process_seqs] Processed 529802 reads in 38.663 CPU sec, 5.343 real sec
[M::process] read 529802 sequences (80000102 bp)...
[M::process] read 529802 sequences (80000102 bp)...
[M::mem_process_seqs] Processed 529802 reads in 39.176 CPU sec, 5.493 real sec
[M::mem_process_seqs] Processed 529802 reads in 39.058 CPU sec, 6.121 real sec
[M::process] read 529802 sequences (80000102 bp)...
[M::process] read 529802 sequences (80000102 bp)...
[M::mem_process_seqs] Processed 529802 reads in 36.809 CPU sec, 7.361 real sec
[M::process] read 529802 sequences (80000102 bp)...
[M::mem_process_seqs] Processed 529802 reads in 39.316 CPU sec, 5.533 real sec
[M::process] read 529802 sequences (80000102 bp)...
[M::mem_process_seqs] Processed 529802 reads in 39.003 CPU sec, 5.387 real sec
[M::mem_process_seqs] Processed 529802 reads in 38.804 CPU sec, 5.263 real sec
[M::process] read 529802 sequences (80000102 bp)...
[M::process] read 529802 sequences (80000102 bp)...
[M::mem_process_seqs] Processed 529802 reads in 39.176 CPU sec, 5.459 real sec
[M::mem_process_seqs] Processed 529802 reads in 38.530 CPU sec, 5.408 real sec
[M::process] read 529802 sequences (80000102 bp)...
[M::process] read 529802 sequences (80000102 bp)...
[M::mem_process_seqs] Processed 529802 reads in 37.729 CPU sec, 9.506 real sec
[M::mem_process_seqs] Processed 529802 reads in 38.562 CPU sec, 6.192 real sec
[M::process] read 529802 sequences (80000102 bp)...
[M::mem_process_seqs] Processed 529802 reads in 38.605 CPU sec, 5.406 real sec
[M::process] read 529802 sequences (80000102 bp)...
[M::mem_process_seqs] Processed 529802 reads in 37.538 CPU sec, 6.204 real sec
[M::process] read 529802 sequences (80000102 bp)...
[M::process] read 529802 sequences (80000102 bp)...
[M::mem_process_seqs] Processed 529802 reads in 38.802 CPU sec, 5.170 real sec
[M::mem_process_seqs] Processed 529802 reads in 37.551 CPU sec, 5.312 real sec
[M::process] read 529802 sequences (80000102 bp)...
[M::process] read 529802 sequences (80000102 bp)...
[M::mem_process_seqs] Processed 529802 reads in 38.701 CPU sec, 5.402 real sec
[M::mem_process_seqs] Processed 529802 reads in 39.496 CPU sec, 5.495 real sec
[M::process] read 529802 sequences (80000102 bp)...
[M::mem_process_seqs] Processed 529802 reads in 39.063 CPU sec, 5.203 real sec
[M::process] read 529802 sequences (80000102 bp)...
[M::mem_process_seqs] Processed 529802 reads in 38.673 CPU sec, 5.341 real sec
[M::process] read 529802 sequences (80000102 bp)...
[M::process] read 529802 sequences (80000102 bp)...
[M::mem_process_seqs] Processed 529802 reads in 38.213 CPU sec, 5.124 real sec
[M::process] read 529802 sequences (80000102 bp)...
[M::mem_process_seqs] Processed 529802 reads in 38.866 CPU sec, 6.765 real sec
[M::process] read 529802 sequences (80000102 bp)...
[M::mem_process_seqs] Processed 529802 reads in 38.964 CPU sec, 5.711 real sec
[M::mem_process_seqs] Processed 529802 reads in 38.045 CPU sec, 5.402 real sec
[M::process] read 529802 sequences (80000102 bp)...
[M::mem_process_seqs] Processed 529802 reads in 39.189 CPU sec, 5.235 real sec
[M::process] read 529802 sequences (80000102 bp)...
[M::process] read 529802 sequences (80000102 bp)...
[M::mem_process_seqs] Processed 529802 reads in 38.940 CPU sec, 7.454 real sec
[M::mem_process_seqs] Processed 529802 reads in 38.426 CPU sec, 5.255 real sec
[M::process] read 529802 sequences (80000102 bp)...
[M::process] read 529802 sequences (80000102 bp)...
[M::mem_process_seqs] Processed 529802 reads in 38.915 CPU sec, 5.394 real sec
[M::mem_process_seqs] Processed 529802 reads in 39.075 CPU sec, 5.363 real sec
[M::process] read 529802 sequences (80000102 bp)...
[M::mem_process_seqs] Processed 529802 reads in 38.819 CPU sec, 5.267 real sec
[M::process] read 529802 sequences (80000102 bp)...
[M::process] read 529802 sequences (80000102 bp)...
[M::mem_process_seqs] Processed 529802 reads in 38.966 CPU sec, 5.337 real sec
[M::mem_process_seqs] Processed 529802 reads in 38.260 CPU sec, 5.337 real sec
[M::process] read 529802 sequences (80000102 bp)...
[M::process] read 529802 sequences (80000102 bp)...
[M::mem_process_seqs] Processed 529802 reads in 38.456 CPU sec, 5.029 real sec
[M::process] read 529802 sequences (80000102 bp)...
[M::mem_process_seqs] Processed 529802 reads in 39.026 CPU sec, 5.863 real sec
[M::mem_process_seqs] Processed 529802 reads in 38.139 CPU sec, 5.592 real sec
[M::process] read 529802 sequences (80000102 bp)...
[M::process] read 529802 sequences (80000102 bp)...
[M::mem_process_seqs] Processed 529802 reads in 39.251 CPU sec, 5.258 real sec
[M::mem_process_seqs] Processed 529802 reads in 38.084 CPU sec, 5.833 real sec
[M::process] read 529802 sequences (80000102 bp)...
[M::process] read 529802 sequences (80000102 bp)...
[M::mem_process_seqs] Processed 529802 reads in 38.841 CPU sec, 5.492 real sec
[M::mem_process_seqs] Processed 529802 reads in 38.849 CPU sec, 5.262 real sec
[M::process] read 529802 sequences (80000102 bp)...
[M::mem_process_seqs] Processed 529802 reads in 38.839 CPU sec, 5.250 real sec
[M::process] read 529802 sequences (80000102 bp)...
[M::mem_process_seqs] Processed 529802 reads in 38.953 CPU sec, 5.250 real sec
[M::process] read 529802 sequences (80000102 bp)...
[M::mem_process_seqs] Processed 529802 reads in 39.367 CPU sec, 5.260 real sec
[M::process] read 529802 sequences (80000102 bp)...
[M::mem_process_seqs] Processed 529802 reads in 38.545 CPU sec, 5.228 real sec
[M::process] read 529802 sequences (80000102 bp)...
[M::process] read 529802 sequences (80000102 bp)...
[M::mem_process_seqs] Processed 529802 reads in 39.082 CPU sec, 5.179 real sec
[M::mem_process_seqs] Processed 529802 reads in 38.608 CPU sec, 5.222 real sec
[M::process] read 529802 sequences (80000102 bp)...
[M::process] read 529802 sequences (80000102 bp)...
[M::mem_process_seqs] Processed 529802 reads in 39.091 CPU sec, 5.194 real sec
[M::mem_process_seqs] Processed 529802 reads in 37.996 CPU sec, 5.353 real sec
[M::process] read 529802 sequences (80000102 bp)...
[M::process] read 529802 sequences (80000102 bp)...
[M::mem_process_seqs] Processed 529802 reads in 39.536 CPU sec, 5.194 real sec
[M::mem_process_seqs] Processed 529802 reads in 38.280 CPU sec, 5.196 real sec
[M::process] read 529802 sequences (80000102 bp)...
[M::process] read 529802 sequences (80000102 bp)...
[M::mem_process_seqs] Processed 529802 reads in 39.518 CPU sec, 5.222 real sec
[M::mem_process_seqs] Processed 529802 reads in 38.634 CPU sec, 5.237 real sec
[M::process] read 529802 sequences (80000102 bp)...
[M::process] read 70520 sequences (10648520 bp)...
[M::mem_process_seqs] Processed 529802 reads in 38.118 CPU sec, 5.060 real sec
[M::mem_process_seqs] Processed 70520 reads in 5.358 CPU sec, 0.746 real sec
[main] Version: 0.7.19-r1273
[main] CMD: bwa mem -t 8 ../reference/rRNA/rRNA_reference_Dmel_wMel.fasta /private/groups/russelllab/jodie/sequencing_data/scRNAseq/PIP-seq_cells/Jacobs_10524_241203B9/JW18wMel-Ctrl-1_S35_L003_R2_001.fastq.gz
[main] Real time: 2203.381 sec; CPU: 14851.929 sec
[bam_sort_core] merging from 10 files and 8 in-memory blocks...
Alignment complete for JW18wMel-Ctrl-1_pipseq
Filtered to 0 reads in rRNA regions
