Starting BWA alignment for JW18wMel-SV-1_pipseq
[M::bwa_idx_load_from_disk] read 0 ALT contigs
[M::process] read 529802 sequences (80000102 bp)...
[M::process] read 529802 sequences (80000102 bp)...
[M::mem_process_seqs] Processed 529802 reads in 46.318 CPU sec, 5.895 real sec
[M::mem_process_seqs] Processed 529802 reads in 45.460 CPU sec, 6.244 real sec
[M::process] read 529802 sequences (80000102 bp)...
[M::process] read 529802 sequences (80000102 bp)...
[M::mem_process_seqs] Processed 529802 reads in 45.729 CPU sec, 6.107 real sec
[M::mem_process_seqs] Processed 529802 reads in 45.382 CPU sec, 6.147 real sec
[M::process] read 529802 sequences (80000102 bp)...
[M::mem_process_seqs] Processed 529802 reads in 45.002 CPU sec, 6.152 real sec
[M::process] read 529802 sequences (80000102 bp)...
[M::mem_process_seqs] Processed 529802 reads in 45.181 CPU sec, 6.094 real sec
[M::process] read 529802 sequences (80000102 bp)...
[M::process] read 529802 sequences (80000102 bp)...
[M::mem_process_seqs] Processed 529802 reads in 44.773 CPU sec, 6.104 real sec
[M::mem_process_seqs] Processed 529802 reads in 44.703 CPU sec, 6.042 real sec
[M::process] read 529802 sequences (80000102 bp)...
[M::process] read 529802 sequences (80000102 bp)...
[M::mem_process_seqs] Processed 529802 reads in 44.644 CPU sec, 6.041 real sec
[M::mem_process_seqs] Processed 529802 reads in 44.459 CPU sec, 6.013 real sec
[M::process] read 529802 sequences (80000102 bp)...
[M::process] read 529802 sequences (80000102 bp)...
[M::mem_process_seqs] Processed 529802 reads in 45.141 CPU sec, 6.051 real sec
[M::mem_process_seqs] Processed 529802 reads in 44.458 CPU sec, 6.013 real sec
[M::process] read 529802 sequences (80000102 bp)...
[M::process] read 529802 sequences (80000102 bp)...
[M::mem_process_seqs] Processed 529802 reads in 44.720 CPU sec, 6.012 real sec
[M::mem_process_seqs] Processed 529802 reads in 44.795 CPU sec, 6.048 real sec
[M::process] read 529802 sequences (80000102 bp)...
[M::process] read 529802 sequences (80000102 bp)...
[M::mem_process_seqs] Processed 529802 reads in 44.943 CPU sec, 6.021 real sec
[M::process] read 529802 sequences (80000102 bp)...
[M::mem_process_seqs] Processed 529802 reads in 44.739 CPU sec, 6.085 real sec
[M::process] read 529802 sequences (80000102 bp)...
[M::mem_process_seqs] Processed 529802 reads in 46.527 CPU sec, 6.275 real sec
[M::process] read 529802 sequences (80000102 bp)...
[M::mem_process_seqs] Processed 529802 reads in 48.238 CPU sec, 6.513 real sec
[M::mem_process_seqs] Processed 529802 reads in 47.067 CPU sec, 6.389 real sec
[M::process] read 529802 sequences (80000102 bp)...
[M::process] read 529802 sequences (80000102 bp)...
[M::mem_process_seqs] Processed 529802 reads in 46.174 CPU sec, 6.238 real sec
[M::mem_process_seqs] Processed 529802 reads in 47.869 CPU sec, 6.547 real sec
[M::process] read 529802 sequences (80000102 bp)...
[M::process] read 529802 sequences (80000102 bp)...
[M::mem_process_seqs] Processed 529802 reads in 47.170 CPU sec, 6.392 real sec
[M::process] read 529802 sequences (80000102 bp)...
[M::mem_process_seqs] Processed 529802 reads in 47.731 CPU sec, 6.493 real sec
[M::mem_process_seqs] Processed 529802 reads in 46.686 CPU sec, 6.344 real sec
[M::process] read 529802 sequences (80000102 bp)...
[M::process] read 529802 sequences (80000102 bp)...
[M::mem_process_seqs] Processed 529802 reads in 45.772 CPU sec, 6.175 real sec
[M::mem_process_seqs] Processed 529802 reads in 45.892 CPU sec, 6.187 real sec
[M::process] read 529802 sequences (80000102 bp)...
[M::process] read 529802 sequences (80000102 bp)...
[M::mem_process_seqs] Processed 529802 reads in 45.754 CPU sec, 6.165 real sec
[M::mem_process_seqs] Processed 529802 reads in 45.697 CPU sec, 6.158 real sec
[M::process] read 529802 sequences (80000102 bp)...
[M::process] read 529802 sequences (80000102 bp)...
[M::mem_process_seqs] Processed 529802 reads in 45.806 CPU sec, 6.227 real sec
[M::mem_process_seqs] Processed 529802 reads in 45.693 CPU sec, 6.228 real sec
[M::process] read 529802 sequences (80000102 bp)...
[M::mem_process_seqs] Processed 529802 reads in 45.481 CPU sec, 6.163 real sec
[M::process] read 529802 sequences (80000102 bp)...
[M::process] read 529802 sequences (80000102 bp)...
[M::mem_process_seqs] Processed 529802 reads in 45.780 CPU sec, 6.119 real sec
[M::mem_process_seqs] Processed 529802 reads in 45.468 CPU sec, 6.118 real sec
[M::process] read 529802 sequences (80000102 bp)...
[M::process] read 529802 sequences (80000102 bp)...
[M::mem_process_seqs] Processed 529802 reads in 46.059 CPU sec, 6.160 real sec
[M::mem_process_seqs] Processed 529802 reads in 44.237 CPU sec, 7.134 real sec
[M::process] read 529802 sequences (80000102 bp)...
[M::process] read 529802 sequences (80000102 bp)...
[M::mem_process_seqs] Processed 529802 reads in 43.200 CPU sec, 5.795 real sec
[M::mem_process_seqs] Processed 529802 reads in 45.110 CPU sec, 6.068 real sec
[M::process] read 529802 sequences (80000102 bp)...
[M::mem_process_seqs] Processed 529802 reads in 46.078 CPU sec, 6.199 real sec
[M::process] read 529802 sequences (80000102 bp)...
[M::process] read 529802 sequences (80000102 bp)...
[M::mem_process_seqs] Processed 529802 reads in 46.639 CPU sec, 6.273 real sec
[M::mem_process_seqs] Processed 529802 reads in 45.727 CPU sec, 6.159 real sec
[M::process] read 529802 sequences (80000102 bp)...
[M::process] read 529802 sequences (80000102 bp)...
[M::mem_process_seqs] Processed 529802 reads in 45.891 CPU sec, 6.170 real sec
[M::mem_process_seqs] Processed 529802 reads in 46.431 CPU sec, 6.252 real sec
[M::process] read 529802 sequences (80000102 bp)...
[M::mem_process_seqs] Processed 529802 reads in 46.421 CPU sec, 6.251 real sec
[M::process] read 529802 sequences (80000102 bp)...
[M::process] read 529802 sequences (80000102 bp)...
[M::mem_process_seqs] Processed 529802 reads in 46.042 CPU sec, 6.155 real sec
[M::mem_process_seqs] Processed 529802 reads in 45.679 CPU sec, 6.147 real sec
[M::process] read 529802 sequences (80000102 bp)...
[M::process] read 529802 sequences (80000102 bp)...
[M::mem_process_seqs] Processed 529802 reads in 45.793 CPU sec, 6.221 real sec
[M::process] read 529802 sequences (80000102 bp)...
[M::mem_process_seqs] Processed 529802 reads in 45.828 CPU sec, 6.177 real sec
[M::process] read 529802 sequences (80000102 bp)...
[M::mem_process_seqs] Processed 529802 reads in 45.931 CPU sec, 6.172 real sec
[M::mem_process_seqs] Processed 529802 reads in 45.840 CPU sec, 6.159 real sec
[M::process] read 529802 sequences (80000102 bp)...
[M::process] read 529802 sequences (80000102 bp)...
[M::mem_process_seqs] Processed 529802 reads in 46.256 CPU sec, 6.193 real sec
[M::mem_process_seqs] Processed 529802 reads in 45.770 CPU sec, 6.158 real sec
[M::process] read 529802 sequences (80000102 bp)...
[M::process] read 529802 sequences (80000102 bp)...
[M::mem_process_seqs] Processed 529802 reads in 46.018 CPU sec, 6.182 real sec
[M::process] read 529802 sequences (80000102 bp)...
[M::mem_process_seqs] Processed 529802 reads in 45.846 CPU sec, 6.162 real sec
[M::process] read 529802 sequences (80000102 bp)...
[M::mem_process_seqs] Processed 529802 reads in 45.919 CPU sec, 6.168 real sec
[M::process] read 529802 sequences (80000102 bp)...
[M::mem_process_seqs] Processed 529802 reads in 46.106 CPU sec, 6.245 real sec
[M::mem_process_seqs] Processed 529802 reads in 45.497 CPU sec, 6.113 real sec
[M::process] read 529802 sequences (80000102 bp)...
[M::process] read 529802 sequences (80000102 bp)...
[M::mem_process_seqs] Processed 529802 reads in 45.857 CPU sec, 6.191 real sec
[M::process] read 529802 sequences (80000102 bp)...
[M::mem_process_seqs] Processed 529802 reads in 45.672 CPU sec, 6.174 real sec
[M::mem_process_seqs] Processed 529802 reads in 45.772 CPU sec, 6.145 real sec
[M::process] read 529802 sequences (80000102 bp)...
[M::mem_process_seqs] Processed 529802 reads in 45.690 CPU sec, 6.138 real sec
[M::process] read 529802 sequences (80000102 bp)...
[M::process] read 529802 sequences (80000102 bp)...
[M::mem_process_seqs] Processed 529802 reads in 45.872 CPU sec, 6.157 real sec
[M::process] read 529802 sequences (80000102 bp)...
[M::mem_process_seqs] Processed 529802 reads in 45.700 CPU sec, 6.132 real sec
[M::process] read 529802 sequences (80000102 bp)...
[M::mem_process_seqs] Processed 529802 reads in 45.614 CPU sec, 6.145 real sec
[M::mem_process_seqs] Processed 529802 reads in 45.529 CPU sec, 6.116 real sec
[M::process] read 529802 sequences (80000102 bp)...
[M::process] read 529802 sequences (80000102 bp)...
[M::mem_process_seqs] Processed 529802 reads in 45.088 CPU sec, 6.041 real sec
[M::mem_process_seqs] Processed 529802 reads in 44.986 CPU sec, 6.054 real sec
[M::process] read 529802 sequences (80000102 bp)...
[M::process] read 529802 sequences (80000102 bp)...
[M::mem_process_seqs] Processed 529802 reads in 45.369 CPU sec, 6.077 real sec
[M::mem_process_seqs] Processed 529802 reads in 44.499 CPU sec, 6.610 real sec
[M::process] read 529802 sequences (80000102 bp)...
[M::process] read 529802 sequences (80000102 bp)...
[M::mem_process_seqs] Processed 529802 reads in 43.620 CPU sec, 5.729 real sec
[M::mem_process_seqs] Processed 529802 reads in 43.372 CPU sec, 5.832 real sec
[M::process] read 529802 sequences (80000102 bp)...
[M::mem_process_seqs] Processed 529802 reads in 44.098 CPU sec, 5.934 real sec
[M::process] read 529802 sequences (80000102 bp)...
[M::process] read 529802 sequences (80000102 bp)...
[M::mem_process_seqs] Processed 529802 reads in 44.731 CPU sec, 6.019 real sec
[M::process] read 529802 sequences (80000102 bp)...
[M::mem_process_seqs] Processed 529802 reads in 45.761 CPU sec, 6.180 real sec
[M::process] read 529802 sequences (80000102 bp)...
[M::mem_process_seqs] Processed 529802 reads in 45.779 CPU sec, 6.211 real sec
[M::process] read 529802 sequences (80000102 bp)...
[M::mem_process_seqs] Processed 529802 reads in 45.944 CPU sec, 6.211 real sec
[M::process] read 529802 sequences (80000102 bp)...
[M::mem_process_seqs] Processed 529802 reads in 45.960 CPU sec, 6.203 real sec
[M::process] read 529802 sequences (80000102 bp)...
[M::mem_process_seqs] Processed 529802 reads in 45.944 CPU sec, 6.175 real sec
[M::process] read 529802 sequences (80000102 bp)...
[M::mem_process_seqs] Processed 529802 reads in 46.066 CPU sec, 6.223 real sec
[M::mem_process_seqs] Processed 529802 reads in 45.447 CPU sec, 6.115 real sec
[M::process] read 529802 sequences (80000102 bp)...
[M::process] read 529802 sequences (80000102 bp)...
[M::mem_process_seqs] Processed 529802 reads in 45.317 CPU sec, 6.199 real sec
[M::mem_process_seqs] Processed 529802 reads in 45.732 CPU sec, 6.164 real sec
[M::process] read 529802 sequences (80000102 bp)...
[M::mem_process_seqs] Processed 529802 reads in 45.481 CPU sec, 6.117 real sec
[M::process] read 529802 sequences (80000102 bp)...
[M::process] read 529802 sequences (80000102 bp)...
[M::mem_process_seqs] Processed 529802 reads in 45.839 CPU sec, 6.169 real sec
[M::mem_process_seqs] Processed 529802 reads in 45.876 CPU sec, 6.200 real sec
[M::process] read 529802 sequences (80000102 bp)...
[M::mem_process_seqs] Processed 529802 reads in 45.932 CPU sec, 6.187 real sec
[M::process] read 529802 sequences (80000102 bp)...
[M::process] read 529802 sequences (80000102 bp)...
[M::mem_process_seqs] Processed 529802 reads in 45.920 CPU sec, 6.176 real sec
[M::mem_process_seqs] Processed 529802 reads in 45.732 CPU sec, 6.164 real sec
[M::process] read 529802 sequences (80000102 bp)...
[M::process] read 529802 sequences (80000102 bp)...
[M::mem_process_seqs] Processed 529802 reads in 45.537 CPU sec, 6.197 real sec
[M::mem_process_seqs] Processed 529802 reads in 45.593 CPU sec, 6.127 real sec
[M::process] read 529802 sequences (80000102 bp)...
[M::mem_process_seqs] Processed 529802 reads in 45.526 CPU sec, 6.087 real sec
[M::process] read 529802 sequences (80000102 bp)...
[M::process] read 529802 sequences (80000102 bp)...
[M::mem_process_seqs] Processed 529802 reads in 45.743 CPU sec, 6.223 real sec
[M::process] read 529802 sequences (80000102 bp)...
[M::mem_process_seqs] Processed 529802 reads in 45.982 CPU sec, 6.238 real sec
[M::process] read 529802 sequences (80000102 bp)...
[M::mem_process_seqs] Processed 529802 reads in 45.910 CPU sec, 6.241 real sec
[M::process] read 529802 sequences (80000102 bp)...
[M::mem_process_seqs] Processed 529802 reads in 45.769 CPU sec, 6.167 real sec
[M::mem_process_seqs] Processed 529802 reads in 45.365 CPU sec, 6.115 real sec
[M::process] read 529802 sequences (80000102 bp)...
[M::process] read 529802 sequences (80000102 bp)...
[M::mem_process_seqs] Processed 529802 reads in 45.988 CPU sec, 6.169 real sec
[M::process] read 529802 sequences (80000102 bp)...
[M::mem_process_seqs] Processed 529802 reads in 45.781 CPU sec, 6.183 real sec
[M::mem_process_seqs] Processed 529802 reads in 45.897 CPU sec, 6.182 real sec
[M::process] read 529802 sequences (80000102 bp)...
[M::process] read 529802 sequences (80000102 bp)...
[M::mem_process_seqs] Processed 529802 reads in 45.377 CPU sec, 6.208 real sec
[M::mem_process_seqs] Processed 529802 reads in 45.544 CPU sec, 6.132 real sec
[M::process] read 529802 sequences (80000102 bp)...
[M::mem_process_seqs] Processed 529802 reads in 45.599 CPU sec, 6.564 real sec
[M::process] read 529802 sequences (80000102 bp)...
[M::mem_process_seqs] Processed 529802 reads in 43.970 CPU sec, 6.559 real sec
[M::process] read 529802 sequences (80000102 bp)...
[M::process] read 529802 sequences (80000102 bp)...
[M::mem_process_seqs] Processed 529802 reads in 45.315 CPU sec, 5.930 real sec
[M::process] read 529802 sequences (80000102 bp)...
[M::mem_process_seqs] Processed 529802 reads in 44.245 CPU sec, 5.941 real sec
[M::process] read 529802 sequences (80000102 bp)...
[M::mem_process_seqs] Processed 529802 reads in 44.022 CPU sec, 5.920 real sec
[M::process] read 529802 sequences (80000102 bp)...
[M::mem_process_seqs] Processed 529802 reads in 44.300 CPU sec, 6.035 real sec
[M::process] read 529802 sequences (80000102 bp)...
[M::mem_process_seqs] Processed 529802 reads in 44.735 CPU sec, 6.029 real sec
[M::process] read 529802 sequences (80000102 bp)...
[M::mem_process_seqs] Processed 529802 reads in 45.138 CPU sec, 6.098 real sec
[M::mem_process_seqs] Processed 529802 reads in 45.708 CPU sec, 6.161 real sec
[M::process] read 529802 sequences (80000102 bp)...
[M::process] read 529802 sequences (80000102 bp)...
[M::mem_process_seqs] Processed 529802 reads in 45.920 CPU sec, 6.138 real sec
[M::mem_process_seqs] Processed 529802 reads in 45.579 CPU sec, 6.129 real sec
[M::process] read 529802 sequences (80000102 bp)...
[M::mem_process_seqs] Processed 529802 reads in 45.368 CPU sec, 6.077 real sec
[M::process] read 529802 sequences (80000102 bp)...
[M::process] read 529802 sequences (80000102 bp)...
[M::mem_process_seqs] Processed 529802 reads in 45.162 CPU sec, 6.098 real sec
[M::mem_process_seqs] Processed 529802 reads in 44.861 CPU sec, 6.027 real sec
[M::process] read 529802 sequences (80000102 bp)...
[M::mem_process_seqs] Processed 529802 reads in 44.553 CPU sec, 5.962 real sec
[M::process] read 529802 sequences (80000102 bp)...
[M::process] read 529802 sequences (80000102 bp)...
[M::mem_process_seqs] Processed 529802 reads in 45.089 CPU sec, 6.021 real sec
[M::process] read 529802 sequences (80000102 bp)...
[M::mem_process_seqs] Processed 529802 reads in 45.273 CPU sec, 6.085 real sec
[M::mem_process_seqs] Processed 529802 reads in 44.814 CPU sec, 6.030 real sec
[M::process] read 529802 sequences (80000102 bp)...
[M::process] read 529802 sequences (80000102 bp)...
[M::mem_process_seqs] Processed 529802 reads in 45.420 CPU sec, 6.125 real sec
[M::process] read 529802 sequences (80000102 bp)...
[M::mem_process_seqs] Processed 529802 reads in 45.745 CPU sec, 6.144 real sec
[M::mem_process_seqs] Processed 529802 reads in 44.475 CPU sec, 6.001 real sec
[M::process] read 529802 sequences (80000102 bp)...
[M::process] read 529802 sequences (80000102 bp)...
[M::mem_process_seqs] Processed 529802 reads in 45.189 CPU sec, 6.020 real sec
[M::mem_process_seqs] Processed 529802 reads in 44.440 CPU sec, 5.977 real sec
[M::process] read 529802 sequences (80000102 bp)...
[M::process] read 529802 sequences (80000102 bp)...
[M::mem_process_seqs] Processed 529802 reads in 44.676 CPU sec, 5.966 real sec
[M::process] read 529802 sequences (80000102 bp)...
[M::mem_process_seqs] Processed 529802 reads in 44.484 CPU sec, 6.040 real sec
[M::mem_process_seqs] Processed 529802 reads in 43.483 CPU sec, 5.827 real sec
[M::process] read 529802 sequences (80000102 bp)...
[M::process] read 529802 sequences (80000102 bp)...
[M::mem_process_seqs] Processed 529802 reads in 42.919 CPU sec, 5.830 real sec
[M::mem_process_seqs] Processed 529802 reads in 42.421 CPU sec, 5.774 real sec
[M::process] read 529802 sequences (80000102 bp)...
[M::process] read 529802 sequences (80000102 bp)...
[M::mem_process_seqs] Processed 529802 reads in 43.587 CPU sec, 5.746 real sec
[M::mem_process_seqs] Processed 529802 reads in 43.005 CPU sec, 5.771 real sec
[M::process] read 529802 sequences (80000102 bp)...
[M::mem_process_seqs] Processed 529802 reads in 42.507 CPU sec, 5.688 real sec
[M::process] read 529802 sequences (80000102 bp)...
[M::process] read 529802 sequences (80000102 bp)...
[M::mem_process_seqs] Processed 529802 reads in 42.300 CPU sec, 5.713 real sec
[M::mem_process_seqs] Processed 529802 reads in 41.997 CPU sec, 5.647 real sec
[M::process] read 529802 sequences (80000102 bp)...
[M::process] read 529802 sequences (80000102 bp)...
[M::mem_process_seqs] Processed 529802 reads in 42.952 CPU sec, 5.814 real sec
[M::mem_process_seqs] Processed 529802 reads in 41.270 CPU sec, 6.268 real sec
[M::process] read 529802 sequences (80000102 bp)...
[M::process] read 529802 sequences (80000102 bp)...
[M::mem_process_seqs] Processed 529802 reads in 41.687 CPU sec, 5.647 real sec
[M::mem_process_seqs] Processed 529802 reads in 41.732 CPU sec, 5.646 real sec
[M::process] read 529802 sequences (80000102 bp)...
[M::process] read 529802 sequences (80000102 bp)...
[M::mem_process_seqs] Processed 529802 reads in 41.585 CPU sec, 5.555 real sec
[M::mem_process_seqs] Processed 529802 reads in 41.457 CPU sec, 5.587 real sec
[M::process] read 529802 sequences (80000102 bp)...
[M::process] read 529802 sequences (80000102 bp)...
[M::mem_process_seqs] Processed 529802 reads in 42.042 CPU sec, 5.610 real sec
[M::process] read 529802 sequences (80000102 bp)...
[M::mem_process_seqs] Processed 529802 reads in 41.413 CPU sec, 5.637 real sec
[M::mem_process_seqs] Processed 529802 reads in 41.371 CPU sec, 5.559 real sec
[M::process] read 529802 sequences (80000102 bp)...
[M::process] read 529802 sequences (80000102 bp)...
[M::mem_process_seqs] Processed 529802 reads in 41.351 CPU sec, 5.547 real sec
[M::mem_process_seqs] Processed 529802 reads in 42.087 CPU sec, 5.649 real sec
[M::process] read 529802 sequences (80000102 bp)...
[M::process] read 529802 sequences (80000102 bp)...
[M::mem_process_seqs] Processed 529802 reads in 41.907 CPU sec, 5.602 real sec
[M::mem_process_seqs] Processed 529802 reads in 41.202 CPU sec, 5.557 real sec
[M::process] read 529802 sequences (80000102 bp)...
[M::process] read 529802 sequences (80000102 bp)...
[M::mem_process_seqs] Processed 529802 reads in 41.976 CPU sec, 5.639 real sec
[M::mem_process_seqs] Processed 529802 reads in 40.773 CPU sec, 5.508 real sec
[M::process] read 529802 sequences (80000102 bp)...
[M::process] read 529802 sequences (80000102 bp)...
[M::mem_process_seqs] Processed 529802 reads in 41.947 CPU sec, 5.548 real sec
[M::mem_process_seqs] Processed 529802 reads in 41.304 CPU sec, 5.558 real sec
[M::process] read 529802 sequences (80000102 bp)...
[M::process] read 529802 sequences (80000102 bp)...
[M::mem_process_seqs] Processed 529802 reads in 41.477 CPU sec, 5.498 real sec
[M::mem_process_seqs] Processed 529802 reads in 40.573 CPU sec, 5.475 real sec
[M::process] read 529802 sequences (80000102 bp)...
[M::process] read 529802 sequences (80000102 bp)...
[M::mem_process_seqs] Processed 529802 reads in 41.210 CPU sec, 5.553 real sec
[M::mem_process_seqs] Processed 529802 reads in 41.091 CPU sec, 5.539 real sec
[M::process] read 529802 sequences (80000102 bp)...
[M::mem_process_seqs] Processed 529802 reads in 41.648 CPU sec, 5.511 real sec
[M::process] read 529802 sequences (80000102 bp)...
[M::mem_process_seqs] Processed 529802 reads in 41.165 CPU sec, 5.551 real sec
[M::process] read 529802 sequences (80000102 bp)...
[M::process] read 529802 sequences (80000102 bp)...
[M::mem_process_seqs] Processed 529802 reads in 41.406 CPU sec, 5.502 real sec
[M::mem_process_seqs] Processed 529802 reads in 40.282 CPU sec, 5.439 real sec
[M::process] read 529802 sequences (80000102 bp)...
[M::process] read 529802 sequences (80000102 bp)...
[M::mem_process_seqs] Processed 529802 reads in 40.653 CPU sec, 5.477 real sec
[M::mem_process_seqs] Processed 529802 reads in 40.727 CPU sec, 5.472 real sec
[M::process] read 529802 sequences (80000102 bp)...
[M::mem_process_seqs] Processed 529802 reads in 40.911 CPU sec, 5.499 real sec
[M::process] read 529802 sequences (80000102 bp)...
[M::mem_process_seqs] Processed 529802 reads in 40.076 CPU sec, 5.515 real sec
[M::process] read 529802 sequences (80000102 bp)...
[M::process] read 529802 sequences (80000102 bp)...
[M::mem_process_seqs] Processed 529802 reads in 40.941 CPU sec, 5.508 real sec
[M::mem_process_seqs] Processed 529802 reads in 41.246 CPU sec, 5.544 real sec
[M::process] read 529802 sequences (80000102 bp)...
[M::mem_process_seqs] Processed 529802 reads in 40.736 CPU sec, 5.506 real sec
[M::process] read 529802 sequences (80000102 bp)...
[M::mem_process_seqs] Processed 529802 reads in 41.420 CPU sec, 5.517 real sec
[M::process] read 529802 sequences (80000102 bp)...
[M::mem_process_seqs] Processed 529802 reads in 40.162 CPU sec, 5.460 real sec
[M::process] read 529802 sequences (80000102 bp)...
[M::mem_process_seqs] Processed 529802 reads in 39.466 CPU sec, 5.914 real sec
[M::process] read 529802 sequences (80000102 bp)...
[M::process] read 529802 sequences (80000102 bp)...
[M::mem_process_seqs] Processed 529802 reads in 40.111 CPU sec, 5.332 real sec
[M::mem_process_seqs] Processed 529802 reads in 40.009 CPU sec, 5.418 real sec
[M::process] read 529802 sequences (80000102 bp)...
[M::process] read 529802 sequences (80000102 bp)...
[M::mem_process_seqs] Processed 529802 reads in 41.074 CPU sec, 5.481 real sec
[M::mem_process_seqs] Processed 529802 reads in 38.577 CPU sec, 5.325 real sec
[M::process] read 529802 sequences (80000102 bp)...
[M::process] read 529802 sequences (80000102 bp)...
[M::mem_process_seqs] Processed 529802 reads in 39.296 CPU sec, 5.334 real sec
[M::mem_process_seqs] Processed 529802 reads in 39.889 CPU sec, 5.383 real sec
[M::process] read 529802 sequences (80000102 bp)...
[M::mem_process_seqs] Processed 529802 reads in 40.980 CPU sec, 5.515 real sec
[M::process] read 529802 sequences (80000102 bp)...
[M::mem_process_seqs] Processed 529802 reads in 42.176 CPU sec, 5.737 real sec
[M::process] read 529802 sequences (80000102 bp)...
[M::mem_process_seqs] Processed 529802 reads in 40.122 CPU sec, 5.432 real sec
[M::process] read 529802 sequences (80000102 bp)...
[M::process] read 529802 sequences (80000102 bp)...
[M::mem_process_seqs] Processed 529802 reads in 40.536 CPU sec, 5.408 real sec
[M::mem_process_seqs] Processed 529802 reads in 41.045 CPU sec, 5.590 real sec
[M::process] read 529802 sequences (80000102 bp)...
[M::mem_process_seqs] Processed 529802 reads in 40.436 CPU sec, 5.473 real sec
[M::process] read 529802 sequences (80000102 bp)...
[M::process] read 529802 sequences (80000102 bp)...
[M::mem_process_seqs] Processed 529802 reads in 41.231 CPU sec, 5.494 real sec
[M::mem_process_seqs] Processed 529802 reads in 41.077 CPU sec, 5.548 real sec
[M::process] read 529802 sequences (80000102 bp)...
[M::process] read 529802 sequences (80000102 bp)...
[M::mem_process_seqs] Processed 529802 reads in 41.246 CPU sec, 5.521 real sec
[M::mem_process_seqs] Processed 529802 reads in 40.657 CPU sec, 5.517 real sec
[M::process] read 529802 sequences (80000102 bp)...
[M::process] read 529802 sequences (80000102 bp)...
[M::mem_process_seqs] Processed 529802 reads in 40.964 CPU sec, 5.492 real sec
[M::mem_process_seqs] Processed 529802 reads in 40.455 CPU sec, 5.480 real sec
[M::process] read 529802 sequences (80000102 bp)...
[M::process] read 529802 sequences (80000102 bp)...
[M::mem_process_seqs] Processed 529802 reads in 41.651 CPU sec, 5.572 real sec
[M::mem_process_seqs] Processed 529802 reads in 41.224 CPU sec, 5.682 real sec
[M::process] read 529802 sequences (80000102 bp)...
[M::mem_process_seqs] Processed 529802 reads in 40.881 CPU sec, 5.472 real sec
[M::process] read 529802 sequences (80000102 bp)...
[M::mem_process_seqs] Processed 529802 reads in 41.122 CPU sec, 5.543 real sec
[M::process] read 529802 sequences (80000102 bp)...
[M::mem_process_seqs] Processed 529802 reads in 40.993 CPU sec, 5.530 real sec
[M::process] read 529802 sequences (80000102 bp)...
[M::mem_process_seqs] Processed 529802 reads in 40.878 CPU sec, 5.526 real sec
[M::process] read 529802 sequences (80000102 bp)...
[M::process] read 529802 sequences (80000102 bp)...
[M::mem_process_seqs] Processed 529802 reads in 40.447 CPU sec, 5.902 real sec
[M::mem_process_seqs] Processed 529802 reads in 40.340 CPU sec, 5.465 real sec
[M::process] read 529802 sequences (80000102 bp)...
[M::process] read 529802 sequences (80000102 bp)...
[M::mem_process_seqs] Processed 529802 reads in 41.444 CPU sec, 5.549 real sec
[M::mem_process_seqs] Processed 529802 reads in 47.192 CPU sec, 6.359 real sec
[M::process] read 529802 sequences (80000102 bp)...
[M::process] read 529802 sequences (80000102 bp)...
[M::mem_process_seqs] Processed 529802 reads in 51.232 CPU sec, 6.866 real sec
[M::process] read 529802 sequences (80000102 bp)...
[M::mem_process_seqs] Processed 529802 reads in 49.817 CPU sec, 6.889 real sec
[M::mem_process_seqs] Processed 529802 reads in 49.263 CPU sec, 6.699 real sec
[M::process] read 529802 sequences (80000102 bp)...
[M::process] read 529802 sequences (80000102 bp)...
[M::mem_process_seqs] Processed 529802 reads in 49.783 CPU sec, 6.590 real sec
[M::mem_process_seqs] Processed 529802 reads in 50.297 CPU sec, 7.142 real sec
[M::process] read 529802 sequences (80000102 bp)...
[M::mem_process_seqs] Processed 529802 reads in 48.409 CPU sec, 7.287 real sec
[M::process] read 529802 sequences (80000102 bp)...
[M::process] read 529802 sequences (80000102 bp)...
[M::mem_process_seqs] Processed 529802 reads in 50.953 CPU sec, 6.687 real sec
[M::mem_process_seqs] Processed 529802 reads in 50.318 CPU sec, 6.810 real sec
[M::process] read 529802 sequences (80000102 bp)...
[M::mem_process_seqs] Processed 529802 reads in 49.366 CPU sec, 6.640 real sec
[M::process] read 529802 sequences (80000102 bp)...
[M::process] read 529802 sequences (80000102 bp)...
[M::mem_process_seqs] Processed 529802 reads in 49.150 CPU sec, 6.581 real sec
[M::mem_process_seqs] Processed 529802 reads in 48.076 CPU sec, 6.518 real sec
[M::process] read 529802 sequences (80000102 bp)...
[M::process] read 529802 sequences (80000102 bp)...
[M::mem_process_seqs] Processed 529802 reads in 49.983 CPU sec, 6.722 real sec
[M::mem_process_seqs] Processed 529802 reads in 50.124 CPU sec, 6.808 real sec
[M::process] read 529802 sequences (80000102 bp)...
[M::process] read 529802 sequences (80000102 bp)...
[M::mem_process_seqs] Processed 529802 reads in 50.309 CPU sec, 6.681 real sec
[M::mem_process_seqs] Processed 529802 reads in 48.827 CPU sec, 6.660 real sec
[M::process] read 529802 sequences (80000102 bp)...
[M::process] read 529802 sequences (80000102 bp)...
[M::mem_process_seqs] Processed 529802 reads in 49.627 CPU sec, 6.582 real sec
[M::mem_process_seqs] Processed 529802 reads in 47.861 CPU sec, 6.801 real sec
[M::process] read 529802 sequences (80000102 bp)...
[M::process] read 529802 sequences (80000102 bp)...
[M::mem_process_seqs] Processed 529802 reads in 49.519 CPU sec, 6.683 real sec
[M::mem_process_seqs] Processed 529802 reads in 49.716 CPU sec, 6.706 real sec
[M::process] read 529802 sequences (80000102 bp)...
[M::mem_process_seqs] Processed 529802 reads in 50.012 CPU sec, 6.731 real sec
[M::process] read 529802 sequences (80000102 bp)...
[M::mem_process_seqs] Processed 529802 reads in 49.240 CPU sec, 6.591 real sec
[M::process] read 529802 sequences (80000102 bp)...
[M::mem_process_seqs] Processed 529802 reads in 48.723 CPU sec, 6.574 real sec
[M::process] read 529802 sequences (80000102 bp)...
[M::process] read 529802 sequences (80000102 bp)...
[M::mem_process_seqs] Processed 529802 reads in 49.543 CPU sec, 6.583 real sec
[M::mem_process_seqs] Processed 529802 reads in 49.313 CPU sec, 6.685 real sec
[M::process] read 529802 sequences (80000102 bp)...
[M::mem_process_seqs] Processed 529802 reads in 48.492 CPU sec, 6.531 real sec
[M::process] read 529802 sequences (80000102 bp)...
[M::process] read 529802 sequences (80000102 bp)...
[M::mem_process_seqs] Processed 529802 reads in 50.179 CPU sec, 6.819 real sec
[M::mem_process_seqs] Processed 529802 reads in 49.216 CPU sec, 6.643 real sec
[M::process] read 529802 sequences (80000102 bp)...
[M::mem_process_seqs] Processed 529802 reads in 49.340 CPU sec, 6.605 real sec
[M::process] read 529802 sequences (80000102 bp)...
[M::process] read 529802 sequences (80000102 bp)...
[M::mem_process_seqs] Processed 529802 reads in 48.872 CPU sec, 6.616 real sec
[M::mem_process_seqs] Processed 529802 reads in 49.352 CPU sec, 6.670 real sec
[M::process] read 529802 sequences (80000102 bp)...
[M::process] read 529802 sequences (80000102 bp)...
[M::mem_process_seqs] Processed 529802 reads in 49.550 CPU sec, 6.696 real sec
[M::mem_process_seqs] Processed 529802 reads in 49.607 CPU sec, 6.691 real sec
[M::process] read 529802 sequences (80000102 bp)...
[M::mem_process_seqs] Processed 529802 reads in 49.541 CPU sec, 6.666 real sec
[M::process] read 529802 sequences (80000102 bp)...
[M::mem_process_seqs] Processed 529802 reads in 48.358 CPU sec, 6.587 real sec
[M::process] read 529802 sequences (80000102 bp)...
[M::mem_process_seqs] Processed 529802 reads in 47.554 CPU sec, 6.397 real sec
[M::process] read 529802 sequences (80000102 bp)...
[M::mem_process_seqs] Processed 529802 reads in 46.539 CPU sec, 6.305 real sec
[M::process] read 529802 sequences (80000102 bp)...
[M::mem_process_seqs] Processed 529802 reads in 44.989 CPU sec, 6.167 real sec
[M::process] read 529802 sequences (80000102 bp)...
[M::process] read 529802 sequences (80000102 bp)...
[M::mem_process_seqs] Processed 529802 reads in 47.826 CPU sec, 6.390 real sec
[M::mem_process_seqs] Processed 529802 reads in 46.639 CPU sec, 6.966 real sec
[M::process] read 529802 sequences (80000102 bp)...
[M::process] read 529802 sequences (80000102 bp)...
[M::mem_process_seqs] Processed 529802 reads in 46.979 CPU sec, 6.329 real sec
[M::mem_process_seqs] Processed 529802 reads in 46.086 CPU sec, 6.319 real sec
[M::process] read 529802 sequences (80000102 bp)...
[M::process] read 529802 sequences (80000102 bp)...
[M::mem_process_seqs] Processed 529802 reads in 47.297 CPU sec, 6.305 real sec
[M::mem_process_seqs] Processed 529802 reads in 46.358 CPU sec, 6.336 real sec
[M::process] read 529802 sequences (80000102 bp)...
[M::process] read 529802 sequences (80000102 bp)...
[M::mem_process_seqs] Processed 529802 reads in 46.677 CPU sec, 6.240 real sec
[M::mem_process_seqs] Processed 529802 reads in 46.616 CPU sec, 6.426 real sec
[M::process] read 529802 sequences (80000102 bp)...
[M::mem_process_seqs] Processed 529802 reads in 47.494 CPU sec, 6.375 real sec
[M::process] read 529802 sequences (80000102 bp)...
[M::process] read 529802 sequences (80000102 bp)...
[M::mem_process_seqs] Processed 529802 reads in 47.937 CPU sec, 6.528 real sec
[M::process] read 529802 sequences (80000102 bp)...
[M::mem_process_seqs] Processed 529802 reads in 47.762 CPU sec, 6.547 real sec
[M::mem_process_seqs] Processed 529802 reads in 46.241 CPU sec, 6.314 real sec
[M::process] read 529802 sequences (80000102 bp)...
[M::process] read 529802 sequences (80000102 bp)...
[M::mem_process_seqs] Processed 529802 reads in 46.663 CPU sec, 6.335 real sec
[M::mem_process_seqs] Processed 529802 reads in 47.916 CPU sec, 6.501 real sec
[M::process] read 529802 sequences (80000102 bp)...
[M::mem_process_seqs] Processed 529802 reads in 48.173 CPU sec, 6.490 real sec
[M::process] read 529802 sequences (80000102 bp)...
[M::process] read 529802 sequences (80000102 bp)...
[M::mem_process_seqs] Processed 529802 reads in 47.700 CPU sec, 6.410 real sec
[M::mem_process_seqs] Processed 529802 reads in 46.153 CPU sec, 6.289 real sec
[M::process] read 529802 sequences (80000102 bp)...
[M::process] read 529802 sequences (80000102 bp)...
[M::mem_process_seqs] Processed 529802 reads in 47.239 CPU sec, 6.424 real sec
[M::process] read 529802 sequences (80000102 bp)...
[M::mem_process_seqs] Processed 529802 reads in 47.443 CPU sec, 6.392 real sec
[M::mem_process_seqs] Processed 529802 reads in 47.864 CPU sec, 6.461 real sec
[M::process] read 529802 sequences (80000102 bp)...
[M::process] read 529802 sequences (80000102 bp)...
[M::mem_process_seqs] Processed 529802 reads in 48.234 CPU sec, 6.475 real sec
[M::mem_process_seqs] Processed 529802 reads in 47.075 CPU sec, 6.359 real sec
[M::process] read 529802 sequences (80000102 bp)...
[M::process] read 529802 sequences (80000102 bp)...
[M::mem_process_seqs] Processed 529802 reads in 47.488 CPU sec, 6.311 real sec
[M::process] read 529802 sequences (80000102 bp)...
[M::mem_process_seqs] Processed 529802 reads in 46.741 CPU sec, 6.350 real sec
[M::mem_process_seqs] Processed 529802 reads in 45.961 CPU sec, 6.268 real sec
[M::process] read 529802 sequences (80000102 bp)...
[M::process] read 529802 sequences (80000102 bp)...
[M::mem_process_seqs] Processed 529802 reads in 47.387 CPU sec, 6.402 real sec
[M::mem_process_seqs] Processed 529802 reads in 45.591 CPU sec, 6.187 real sec
[M::process] read 529802 sequences (80000102 bp)...
[M::process] read 529802 sequences (80000102 bp)...
[M::mem_process_seqs] Processed 529802 reads in 46.594 CPU sec, 6.245 real sec
[M::mem_process_seqs] Processed 529802 reads in 46.773 CPU sec, 6.281 real sec
[M::process] read 529802 sequences (80000102 bp)...
[M::process] read 529802 sequences (80000102 bp)...
[M::mem_process_seqs] Processed 529802 reads in 47.266 CPU sec, 6.407 real sec
[M::mem_process_seqs] Processed 529802 reads in 45.964 CPU sec, 6.262 real sec
[M::process] read 529802 sequences (80000102 bp)...
[M::process] read 529802 sequences (80000102 bp)...
[M::mem_process_seqs] Processed 529802 reads in 45.033 CPU sec, 6.097 real sec
[M::mem_process_seqs] Processed 529802 reads in 47.402 CPU sec, 6.371 real sec
[M::process] read 529802 sequences (80000102 bp)...
[M::mem_process_seqs] Processed 529802 reads in 46.179 CPU sec, 6.351 real sec
[M::process] read 529802 sequences (80000102 bp)...
[M::mem_process_seqs] Processed 529802 reads in 44.140 CPU sec, 6.574 real sec
[M::process] read 529802 sequences (80000102 bp)...
[M::process] read 529802 sequences (80000102 bp)...
[M::mem_process_seqs] Processed 529802 reads in 46.395 CPU sec, 6.506 real sec
[M::mem_process_seqs] Processed 529802 reads in 46.000 CPU sec, 6.366 real sec
[M::process] read 529802 sequences (80000102 bp)...
[M::process] read 529802 sequences (80000102 bp)...
[M::mem_process_seqs] Processed 529802 reads in 47.056 CPU sec, 6.283 real sec
[M::mem_process_seqs] Processed 529802 reads in 46.416 CPU sec, 6.345 real sec
[M::process] read 529802 sequences (80000102 bp)...
[M::process] read 529802 sequences (80000102 bp)...
[M::mem_process_seqs] Processed 529802 reads in 46.083 CPU sec, 6.148 real sec
[M::mem_process_seqs] Processed 529802 reads in 44.931 CPU sec, 6.081 real sec
[M::process] read 529802 sequences (80000102 bp)...
[M::process] read 529802 sequences (80000102 bp)...
[M::mem_process_seqs] Processed 529802 reads in 46.462 CPU sec, 6.336 real sec
[M::mem_process_seqs] Processed 529802 reads in 45.111 CPU sec, 6.082 real sec
[M::process] read 529802 sequences (80000102 bp)...
[M::process] read 529802 sequences (80000102 bp)...
[M::mem_process_seqs] Processed 529802 reads in 46.714 CPU sec, 6.321 real sec
[M::mem_process_seqs] Processed 529802 reads in 45.442 CPU sec, 6.199 real sec
[M::process] read 529802 sequences (80000102 bp)...
[M::process] read 529802 sequences (80000102 bp)...
[M::mem_process_seqs] Processed 529802 reads in 46.947 CPU sec, 6.396 real sec
[M::mem_process_seqs] Processed 529802 reads in 46.726 CPU sec, 6.345 real sec
[M::process] read 529802 sequences (80000102 bp)...
[M::process] read 529802 sequences (80000102 bp)...
[M::mem_process_seqs] Processed 529802 reads in 47.152 CPU sec, 6.402 real sec
[M::process] read 529802 sequences (80000102 bp)...
[M::mem_process_seqs] Processed 529802 reads in 48.309 CPU sec, 6.624 real sec
[M::mem_process_seqs] Processed 529802 reads in 47.302 CPU sec, 6.382 real sec
[M::process] read 529802 sequences (80000102 bp)...
[M::process] read 529802 sequences (80000102 bp)...
[M::mem_process_seqs] Processed 529802 reads in 46.641 CPU sec, 6.257 real sec
[M::mem_process_seqs] Processed 529802 reads in 46.677 CPU sec, 6.318 real sec
[M::process] read 529802 sequences (80000102 bp)...
[M::mem_process_seqs] Processed 529802 reads in 46.484 CPU sec, 6.225 real sec
[M::process] read 529802 sequences (80000102 bp)...
[M::mem_process_seqs] Processed 529802 reads in 47.182 CPU sec, 6.343 real sec
[M::process] read 529802 sequences (80000102 bp)...
[M::mem_process_seqs] Processed 529802 reads in 46.889 CPU sec, 6.322 real sec
[M::process] read 529802 sequences (80000102 bp)...
[M::process] read 529802 sequences (80000102 bp)...
[M::mem_process_seqs] Processed 529802 reads in 47.520 CPU sec, 6.331 real sec
[M::mem_process_seqs] Processed 529802 reads in 45.833 CPU sec, 6.318 real sec
[M::process] read 529802 sequences (80000102 bp)...
[M::process] read 529802 sequences (80000102 bp)...
[M::mem_process_seqs] Processed 529802 reads in 46.165 CPU sec, 6.247 real sec
[M::mem_process_seqs] Processed 529802 reads in 45.844 CPU sec, 6.274 real sec
[M::process] read 529802 sequences (80000102 bp)...
[M::mem_process_seqs] Processed 529802 reads in 47.202 CPU sec, 6.294 real sec
[M::process] read 529802 sequences (80000102 bp)...
[M::mem_process_seqs] Processed 529802 reads in 46.552 CPU sec, 6.326 real sec
[M::process] read 529802 sequences (80000102 bp)...
[M::mem_process_seqs] Processed 529802 reads in 46.393 CPU sec, 6.242 real sec
[M::process] read 529802 sequences (80000102 bp)...
[M::mem_process_seqs] Processed 529802 reads in 46.358 CPU sec, 6.272 real sec
[M::process] read 529802 sequences (80000102 bp)...
[M::mem_process_seqs] Processed 529802 reads in 46.797 CPU sec, 6.266 real sec
[M::process] read 529802 sequences (80000102 bp)...
[M::mem_process_seqs] Processed 529802 reads in 45.092 CPU sec, 6.086 real sec
[M::process] read 529802 sequences (80000102 bp)...
[M::process] read 529802 sequences (80000102 bp)...
[M::mem_process_seqs] Processed 529802 reads in 45.847 CPU sec, 6.133 real sec
[M::mem_process_seqs] Processed 529802 reads in 45.442 CPU sec, 6.179 real sec
[M::process] read 529802 sequences (80000102 bp)...
[M::process] read 529802 sequences (80000102 bp)...
[M::mem_process_seqs] Processed 529802 reads in 47.346 CPU sec, 6.867 real sec
[M::mem_process_seqs] Processed 529802 reads in 44.425 CPU sec, 6.576 real sec
[M::process] read 529802 sequences (80000102 bp)...
[M::process] read 529802 sequences (80000102 bp)...
[M::mem_process_seqs] Processed 529802 reads in 46.996 CPU sec, 6.243 real sec
[M::mem_process_seqs] Processed 529802 reads in 46.291 CPU sec, 6.276 real sec
[M::process] read 529802 sequences (80000102 bp)...
[M::process] read 529802 sequences (80000102 bp)...
[M::mem_process_seqs] Processed 529802 reads in 46.813 CPU sec, 6.285 real sec
[M::mem_process_seqs] Processed 529802 reads in 45.698 CPU sec, 6.206 real sec
[M::process] read 529802 sequences (80000102 bp)...
[M::process] read 529802 sequences (80000102 bp)...
[M::mem_process_seqs] Processed 529802 reads in 46.530 CPU sec, 6.206 real sec
[M::mem_process_seqs] Processed 529802 reads in 45.497 CPU sec, 6.192 real sec
[M::process] read 181963 sequences (27476413 bp)...
[M::mem_process_seqs] Processed 181963 reads in 14.954 CPU sec, 2.121 real sec
[main] Version: 0.7.19-r1273
[main] CMD: bwa mem -t 8 ../reference/rRNA/rRNA_reference_Dmel_wMel.fasta /private/groups/russelllab/jodie/sequencing_data/scRNAseq/PIP-seq_cells/Jacobs_10524_241203B9/JW18wMel-SV-1_S39_L003_R2_001.fastq.gz
[main] Real time: 2042.277 sec; CPU: 14029.527 sec
[bam_sort_core] merging from 9 files and 8 in-memory blocks...
Alignment complete for JW18wMel-SV-1_pipseq
Filtered to 0 reads in rRNA regions
