Starting BWA alignment for JW18DOX-Ctrl-1_pipseq
[M::bwa_idx_load_from_disk] read 0 ALT contigs
[M::process] read 529802 sequences (80000102 bp)...
[M::process] read 529802 sequences (80000102 bp)...
[M::mem_process_seqs] Processed 529802 reads in 45.615 CPU sec, 5.875 real sec
[M::mem_process_seqs] Processed 529802 reads in 44.492 CPU sec, 6.153 real sec
[M::process] read 529802 sequences (80000102 bp)...
[M::process] read 529802 sequences (80000102 bp)...
[M::mem_process_seqs] Processed 529802 reads in 45.434 CPU sec, 5.997 real sec
[M::mem_process_seqs] Processed 529802 reads in 43.867 CPU sec, 6.006 real sec
[M::process] read 529802 sequences (80000102 bp)...
[M::process] read 529802 sequences (80000102 bp)...
[M::mem_process_seqs] Processed 529802 reads in 43.370 CPU sec, 6.226 real sec
[M::mem_process_seqs] Processed 529802 reads in 43.445 CPU sec, 5.912 real sec
[M::process] read 529802 sequences (80000102 bp)...
[M::process] read 529802 sequences (80000102 bp)...
[M::mem_process_seqs] Processed 529802 reads in 44.140 CPU sec, 6.127 real sec
[M::process] read 529802 sequences (80000102 bp)...
[M::mem_process_seqs] Processed 529802 reads in 44.185 CPU sec, 6.166 real sec
[M::process] read 529802 sequences (80000102 bp)...
[M::mem_process_seqs] Processed 529802 reads in 44.096 CPU sec, 6.214 real sec
[M::process] read 529802 sequences (80000102 bp)...
[M::mem_process_seqs] Processed 529802 reads in 44.556 CPU sec, 6.176 real sec
[M::process] read 529802 sequences (80000102 bp)...
[M::mem_process_seqs] Processed 529802 reads in 43.288 CPU sec, 6.573 real sec
[M::mem_process_seqs] Processed 529802 reads in 43.962 CPU sec, 6.091 real sec
[M::process] read 529802 sequences (80000102 bp)...
[M::process] read 529802 sequences (80000102 bp)...
[M::mem_process_seqs] Processed 529802 reads in 44.544 CPU sec, 6.199 real sec
[M::mem_process_seqs] Processed 529802 reads in 44.279 CPU sec, 6.144 real sec
[M::process] read 529802 sequences (80000102 bp)...
[M::process] read 529802 sequences (80000102 bp)...
[M::mem_process_seqs] Processed 529802 reads in 44.292 CPU sec, 6.094 real sec
[M::mem_process_seqs] Processed 529802 reads in 44.126 CPU sec, 6.086 real sec
[M::process] read 529802 sequences (80000102 bp)...
[M::mem_process_seqs] Processed 529802 reads in 46.793 CPU sec, 6.329 real sec
[M::process] read 529802 sequences (80000102 bp)...
[M::mem_process_seqs] Processed 529802 reads in 46.016 CPU sec, 6.692 real sec
[M::process] read 529802 sequences (80000102 bp)...
[M::mem_process_seqs] Processed 529802 reads in 45.115 CPU sec, 6.557 real sec
[M::process] read 529802 sequences (80000102 bp)...
[M::mem_process_seqs] Processed 529802 reads in 46.856 CPU sec, 6.401 real sec
[M::process] read 529802 sequences (80000102 bp)...
[M::mem_process_seqs] Processed 529802 reads in 47.128 CPU sec, 6.305 real sec
[M::process] read 529802 sequences (80000102 bp)...
[M::process] read 529802 sequences (80000102 bp)...
[M::mem_process_seqs] Processed 529802 reads in 46.862 CPU sec, 6.520 real sec
[M::mem_process_seqs] Processed 529802 reads in 46.008 CPU sec, 6.527 real sec
[M::process] read 529802 sequences (80000102 bp)...
[M::process] read 529802 sequences (80000102 bp)...
[M::mem_process_seqs] Processed 529802 reads in 46.068 CPU sec, 6.253 real sec
[M::mem_process_seqs] Processed 529802 reads in 45.621 CPU sec, 6.192 real sec
[M::process] read 529802 sequences (80000102 bp)...
[M::mem_process_seqs] Processed 529802 reads in 44.868 CPU sec, 6.101 real sec
[M::process] read 529802 sequences (80000102 bp)...
[M::process] read 529802 sequences (80000102 bp)...
[M::mem_process_seqs] Processed 529802 reads in 45.629 CPU sec, 6.082 real sec
[M::mem_process_seqs] Processed 529802 reads in 44.462 CPU sec, 6.092 real sec
[M::process] read 529802 sequences (80000102 bp)...
[M::process] read 529802 sequences (80000102 bp)...
[M::mem_process_seqs] Processed 529802 reads in 45.772 CPU sec, 6.054 real sec
[M::mem_process_seqs] Processed 529802 reads in 44.936 CPU sec, 6.175 real sec
[M::process] read 529802 sequences (80000102 bp)...
[M::process] read 529802 sequences (80000102 bp)...
[M::mem_process_seqs] Processed 529802 reads in 45.355 CPU sec, 6.100 real sec
[M::process] read 529802 sequences (80000102 bp)...
[M::mem_process_seqs] Processed 529802 reads in 45.916 CPU sec, 6.222 real sec
[M::mem_process_seqs] Processed 529802 reads in 45.389 CPU sec, 6.209 real sec
[M::process] read 529802 sequences (80000102 bp)...
[M::process] read 529802 sequences (80000102 bp)...
[M::mem_process_seqs] Processed 529802 reads in 45.594 CPU sec, 6.355 real sec
[M::mem_process_seqs] Processed 529802 reads in 42.245 CPU sec, 6.471 real sec
[M::process] read 529802 sequences (80000102 bp)...
[M::process] read 529802 sequences (80000102 bp)...
[M::mem_process_seqs] Processed 529802 reads in 44.357 CPU sec, 6.180 real sec
[M::mem_process_seqs] Processed 529802 reads in 45.112 CPU sec, 6.123 real sec
[M::process] read 529802 sequences (80000102 bp)...
[M::mem_process_seqs] Processed 529802 reads in 45.936 CPU sec, 6.170 real sec
[M::process] read 529802 sequences (80000102 bp)...
[M::process] read 529802 sequences (80000102 bp)...
[M::mem_process_seqs] Processed 529802 reads in 45.185 CPU sec, 6.286 real sec
[M::process] read 529802 sequences (80000102 bp)...
[M::mem_process_seqs] Processed 529802 reads in 45.947 CPU sec, 6.275 real sec
[M::process] read 529802 sequences (80000102 bp)...
[M::mem_process_seqs] Processed 529802 reads in 46.158 CPU sec, 6.359 real sec
[M::mem_process_seqs] Processed 529802 reads in 45.583 CPU sec, 6.262 real sec
[M::process] read 529802 sequences (80000102 bp)...
[M::mem_process_seqs] Processed 529802 reads in 45.356 CPU sec, 6.130 real sec
[M::process] read 529802 sequences (80000102 bp)...
[M::process] read 529802 sequences (80000102 bp)...
[M::mem_process_seqs] Processed 529802 reads in 45.642 CPU sec, 6.139 real sec
[M::mem_process_seqs] Processed 529802 reads in 45.538 CPU sec, 6.185 real sec
[M::process] read 529802 sequences (80000102 bp)...
[M::mem_process_seqs] Processed 529802 reads in 45.275 CPU sec, 6.167 real sec
[M::process] read 529802 sequences (80000102 bp)...
[M::process] read 529802 sequences (80000102 bp)...
[M::mem_process_seqs] Processed 529802 reads in 45.551 CPU sec, 6.155 real sec
[M::process] read 529802 sequences (80000102 bp)...
[M::mem_process_seqs] Processed 529802 reads in 45.648 CPU sec, 6.351 real sec
[M::process] read 529802 sequences (80000102 bp)...
[M::mem_process_seqs] Processed 529802 reads in 45.465 CPU sec, 6.296 real sec
[M::mem_process_seqs] Processed 529802 reads in 44.751 CPU sec, 6.070 real sec
[M::process] read 529802 sequences (80000102 bp)...
[M::mem_process_seqs] Processed 529802 reads in 45.203 CPU sec, 6.159 real sec
[M::process] read 529802 sequences (80000102 bp)...
[M::process] read 529802 sequences (80000102 bp)...
[M::mem_process_seqs] Processed 529802 reads in 45.716 CPU sec, 6.249 real sec
[M::process] read 529802 sequences (80000102 bp)...
[M::mem_process_seqs] Processed 529802 reads in 45.980 CPU sec, 6.267 real sec
[M::mem_process_seqs] Processed 529802 reads in 45.638 CPU sec, 6.173 real sec
[M::process] read 529802 sequences (80000102 bp)...
[M::process] read 529802 sequences (80000102 bp)...
[M::mem_process_seqs] Processed 529802 reads in 45.878 CPU sec, 6.314 real sec
[M::process] read 529802 sequences (80000102 bp)...
[M::mem_process_seqs] Processed 529802 reads in 45.239 CPU sec, 6.178 real sec
[M::mem_process_seqs] Processed 529802 reads in 45.446 CPU sec, 6.193 real sec
[M::process] read 529802 sequences (80000102 bp)...
[M::mem_process_seqs] Processed 529802 reads in 45.559 CPU sec, 6.182 real sec
[M::process] read 529802 sequences (80000102 bp)...
[M::process] read 529802 sequences (80000102 bp)...
[M::mem_process_seqs] Processed 529802 reads in 45.568 CPU sec, 6.222 real sec
[M::process] read 529802 sequences (80000102 bp)...
[M::mem_process_seqs] Processed 529802 reads in 45.189 CPU sec, 6.371 real sec
[M::mem_process_seqs] Processed 529802 reads in 43.997 CPU sec, 6.163 real sec
[M::process] read 529802 sequences (80000102 bp)...
[M::process] read 529802 sequences (80000102 bp)...
[M::mem_process_seqs] Processed 529802 reads in 45.130 CPU sec, 6.074 real sec
[M::mem_process_seqs] Processed 529802 reads in 44.170 CPU sec, 6.081 real sec
[M::process] read 529802 sequences (80000102 bp)...
[M::process] read 529802 sequences (80000102 bp)...
[M::mem_process_seqs] Processed 529802 reads in 45.311 CPU sec, 6.056 real sec
[M::mem_process_seqs] Processed 529802 reads in 45.366 CPU sec, 6.162 real sec
[M::process] read 529802 sequences (80000102 bp)...
[M::process] read 529802 sequences (80000102 bp)...
[M::mem_process_seqs] Processed 529802 reads in 45.858 CPU sec, 6.232 real sec
[M::mem_process_seqs] Processed 529802 reads in 44.600 CPU sec, 6.139 real sec
[M::process] read 529802 sequences (80000102 bp)...
[M::mem_process_seqs] Processed 529802 reads in 42.382 CPU sec, 6.287 real sec
[M::process] read 529802 sequences (80000102 bp)...
[M::process] read 529802 sequences (80000102 bp)...
[M::mem_process_seqs] Processed 529802 reads in 43.734 CPU sec, 5.792 real sec
[M::mem_process_seqs] Processed 529802 reads in 43.843 CPU sec, 6.104 real sec
[M::process] read 529802 sequences (80000102 bp)...
[M::process] read 529802 sequences (80000102 bp)...
[M::mem_process_seqs] Processed 529802 reads in 45.301 CPU sec, 6.171 real sec
[M::mem_process_seqs] Processed 529802 reads in 45.538 CPU sec, 6.220 real sec
[M::process] read 529802 sequences (80000102 bp)...
[M::mem_process_seqs] Processed 529802 reads in 44.829 CPU sec, 6.104 real sec
[M::process] read 529802 sequences (80000102 bp)...
[M::process] read 529802 sequences (80000102 bp)...
[M::mem_process_seqs] Processed 529802 reads in 45.693 CPU sec, 6.218 real sec
[M::process] read 529802 sequences (80000102 bp)...
[M::mem_process_seqs] Processed 529802 reads in 45.476 CPU sec, 6.182 real sec
[M::mem_process_seqs] Processed 529802 reads in 45.186 CPU sec, 6.122 real sec
[M::process] read 529802 sequences (80000102 bp)...
[M::process] read 529802 sequences (80000102 bp)...
[M::mem_process_seqs] Processed 529802 reads in 45.407 CPU sec, 6.230 real sec
[M::process] read 529802 sequences (80000102 bp)...
[M::mem_process_seqs] Processed 529802 reads in 45.647 CPU sec, 6.302 real sec
[M::mem_process_seqs] Processed 529802 reads in 44.649 CPU sec, 6.077 real sec
[M::process] read 529802 sequences (80000102 bp)...
[M::process] read 529802 sequences (80000102 bp)...
[M::mem_process_seqs] Processed 529802 reads in 45.496 CPU sec, 6.111 real sec
[M::mem_process_seqs] Processed 529802 reads in 44.633 CPU sec, 6.058 real sec
[M::process] read 529802 sequences (80000102 bp)...
[M::mem_process_seqs] Processed 529802 reads in 45.451 CPU sec, 6.119 real sec
[M::process] read 529802 sequences (80000102 bp)...
[M::mem_process_seqs] Processed 529802 reads in 45.216 CPU sec, 6.103 real sec
[M::process] read 529802 sequences (80000102 bp)...
[M::mem_process_seqs] Processed 529802 reads in 45.142 CPU sec, 6.068 real sec
[M::process] read 529802 sequences (80000102 bp)...
[M::process] read 529802 sequences (80000102 bp)...
[M::mem_process_seqs] Processed 529802 reads in 45.261 CPU sec, 6.151 real sec
[M::mem_process_seqs] Processed 529802 reads in 43.889 CPU sec, 6.213 real sec
[M::process] read 529802 sequences (80000102 bp)...
[M::process] read 529802 sequences (80000102 bp)...
[M::mem_process_seqs] Processed 529802 reads in 44.709 CPU sec, 6.172 real sec
[M::process] read 529802 sequences (80000102 bp)...
[M::mem_process_seqs] Processed 529802 reads in 45.375 CPU sec, 6.139 real sec
[M::process] read 529802 sequences (80000102 bp)...
[M::mem_process_seqs] Processed 529802 reads in 45.146 CPU sec, 6.222 real sec
[M::process] read 529802 sequences (80000102 bp)...
[M::mem_process_seqs] Processed 529802 reads in 45.515 CPU sec, 6.210 real sec
[M::mem_process_seqs] Processed 529802 reads in 44.870 CPU sec, 6.067 real sec
[M::process] read 529802 sequences (80000102 bp)...
[M::mem_process_seqs] Processed 529802 reads in 44.824 CPU sec, 6.065 real sec
[M::process] read 529802 sequences (80000102 bp)...
[M::process] read 529802 sequences (80000102 bp)...
[M::mem_process_seqs] Processed 529802 reads in 44.803 CPU sec, 6.199 real sec
[M::process] read 529802 sequences (80000102 bp)...
[M::mem_process_seqs] Processed 529802 reads in 45.049 CPU sec, 6.189 real sec
[M::process] read 529802 sequences (80000102 bp)...
[M::mem_process_seqs] Processed 529802 reads in 45.602 CPU sec, 6.197 real sec
[M::mem_process_seqs] Processed 529802 reads in 45.521 CPU sec, 6.219 real sec
[M::process] read 529802 sequences (80000102 bp)...
[M::process] read 529802 sequences (80000102 bp)...
[M::mem_process_seqs] Processed 529802 reads in 45.041 CPU sec, 6.185 real sec
[M::mem_process_seqs] Processed 529802 reads in 44.887 CPU sec, 6.126 real sec
[M::process] read 529802 sequences (80000102 bp)...
[M::process] read 529802 sequences (80000102 bp)...
[M::mem_process_seqs] Processed 529802 reads in 45.130 CPU sec, 6.211 real sec
[M::mem_process_seqs] Processed 529802 reads in 44.597 CPU sec, 6.244 real sec
[M::process] read 529802 sequences (80000102 bp)...
[M::process] read 529802 sequences (80000102 bp)...
[M::mem_process_seqs] Processed 529802 reads in 43.759 CPU sec, 5.901 real sec
[M::mem_process_seqs] Processed 529802 reads in 42.562 CPU sec, 6.589 real sec
[M::process] read 529802 sequences (80000102 bp)...
[M::process] read 529802 sequences (80000102 bp)...
[M::mem_process_seqs] Processed 529802 reads in 43.437 CPU sec, 5.702 real sec
[M::mem_process_seqs] Processed 529802 reads in 44.235 CPU sec, 6.025 real sec
[M::process] read 529802 sequences (80000102 bp)...
[M::mem_process_seqs] Processed 529802 reads in 44.416 CPU sec, 6.043 real sec
[M::process] read 529802 sequences (80000102 bp)...
[M::process] read 529802 sequences (80000102 bp)...
[M::mem_process_seqs] Processed 529802 reads in 44.824 CPU sec, 6.165 real sec
[M::mem_process_seqs] Processed 529802 reads in 45.292 CPU sec, 6.167 real sec
[M::process] read 529802 sequences (80000102 bp)...
[M::mem_process_seqs] Processed 529802 reads in 45.887 CPU sec, 6.128 real sec
[M::process] read 529802 sequences (80000102 bp)...
[M::mem_process_seqs] Processed 529802 reads in 43.925 CPU sec, 6.018 real sec
[M::process] read 529802 sequences (80000102 bp)...
[M::mem_process_seqs] Processed 529802 reads in 44.672 CPU sec, 5.915 real sec
[M::process] read 529802 sequences (80000102 bp)...
[M::mem_process_seqs] Processed 529802 reads in 44.032 CPU sec, 6.087 real sec
[M::process] read 529802 sequences (80000102 bp)...
[M::process] read 529802 sequences (80000102 bp)...
[M::mem_process_seqs] Processed 529802 reads in 44.404 CPU sec, 6.022 real sec
[M::mem_process_seqs] Processed 529802 reads in 43.377 CPU sec, 5.947 real sec
[M::process] read 529802 sequences (80000102 bp)...
[M::process] read 529802 sequences (80000102 bp)...
[M::mem_process_seqs] Processed 529802 reads in 44.581 CPU sec, 6.256 real sec
[M::mem_process_seqs] Processed 529802 reads in 43.836 CPU sec, 6.070 real sec
[M::process] read 529802 sequences (80000102 bp)...
[M::process] read 529802 sequences (80000102 bp)...
[M::mem_process_seqs] Processed 529802 reads in 45.033 CPU sec, 6.068 real sec
[M::mem_process_seqs] Processed 529802 reads in 45.034 CPU sec, 6.211 real sec
[M::process] read 529802 sequences (80000102 bp)...
[M::mem_process_seqs] Processed 529802 reads in 44.191 CPU sec, 6.009 real sec
[M::process] read 529802 sequences (80000102 bp)...
[M::mem_process_seqs] Processed 529802 reads in 44.342 CPU sec, 6.011 real sec
[M::process] read 529802 sequences (80000102 bp)...
[M::mem_process_seqs] Processed 529802 reads in 44.046 CPU sec, 5.916 real sec
[M::process] read 529802 sequences (80000102 bp)...
[M::process] read 529802 sequences (80000102 bp)...
[M::mem_process_seqs] Processed 529802 reads in 44.414 CPU sec, 5.967 real sec
[M::process] read 529802 sequences (80000102 bp)...
[M::mem_process_seqs] Processed 529802 reads in 44.267 CPU sec, 6.076 real sec
[M::mem_process_seqs] Processed 529802 reads in 42.237 CPU sec, 5.729 real sec
[M::process] read 529802 sequences (80000102 bp)...
[M::mem_process_seqs] Processed 529802 reads in 43.580 CPU sec, 5.756 real sec
[M::process] read 529802 sequences (80000102 bp)...
[M::mem_process_seqs] Processed 529802 reads in 42.715 CPU sec, 5.828 real sec
[M::process] read 529802 sequences (80000102 bp)...
[M::process] read 529802 sequences (80000102 bp)...
[M::mem_process_seqs] Processed 529802 reads in 43.324 CPU sec, 5.892 real sec
[M::mem_process_seqs] Processed 529802 reads in 41.754 CPU sec, 5.698 real sec
[M::process] read 529802 sequences (80000102 bp)...
[M::process] read 529802 sequences (80000102 bp)...
[M::mem_process_seqs] Processed 529802 reads in 42.016 CPU sec, 5.668 real sec
[M::mem_process_seqs] Processed 529802 reads in 40.853 CPU sec, 5.637 real sec
[M::process] read 529802 sequences (80000102 bp)...
[M::process] read 529802 sequences (80000102 bp)...
[M::mem_process_seqs] Processed 529802 reads in 42.518 CPU sec, 5.663 real sec
[M::process] read 529802 sequences (80000102 bp)...
[M::mem_process_seqs] Processed 529802 reads in 43.096 CPU sec, 6.147 real sec
[M::process] read 529802 sequences (80000102 bp)...
[M::mem_process_seqs] Processed 529802 reads in 42.040 CPU sec, 5.888 real sec
[M::process] read 529802 sequences (80000102 bp)...
[M::mem_process_seqs] Processed 529802 reads in 41.341 CPU sec, 5.582 real sec
[M::mem_process_seqs] Processed 529802 reads in 41.290 CPU sec, 5.607 real sec
[M::process] read 529802 sequences (80000102 bp)...
[M::mem_process_seqs] Processed 529802 reads in 40.834 CPU sec, 5.942 real sec
[M::process] read 529802 sequences (80000102 bp)...
[M::process] read 529802 sequences (80000102 bp)...
[M::mem_process_seqs] Processed 529802 reads in 41.816 CPU sec, 5.511 real sec
[M::mem_process_seqs] Processed 529802 reads in 41.217 CPU sec, 5.636 real sec
[M::process] read 529802 sequences (80000102 bp)...
[M::process] read 529802 sequences (80000102 bp)...
[M::mem_process_seqs] Processed 529802 reads in 41.483 CPU sec, 5.693 real sec
[M::mem_process_seqs] Processed 529802 reads in 40.689 CPU sec, 5.536 real sec
[M::process] read 529802 sequences (80000102 bp)...
[M::process] read 529802 sequences (80000102 bp)...
[M::mem_process_seqs] Processed 529802 reads in 42.144 CPU sec, 5.670 real sec
[M::mem_process_seqs] Processed 529802 reads in 41.055 CPU sec, 5.607 real sec
[M::process] read 529802 sequences (80000102 bp)...
[M::process] read 529802 sequences (80000102 bp)...
[M::mem_process_seqs] Processed 529802 reads in 41.795 CPU sec, 5.662 real sec
[M::mem_process_seqs] Processed 529802 reads in 41.001 CPU sec, 5.565 real sec
[M::process] read 529802 sequences (80000102 bp)...
[M::process] read 529802 sequences (80000102 bp)...
[M::mem_process_seqs] Processed 529802 reads in 41.779 CPU sec, 5.578 real sec
[M::mem_process_seqs] Processed 529802 reads in 41.546 CPU sec, 5.668 real sec
[M::process] read 529802 sequences (80000102 bp)...
[M::process] read 529802 sequences (80000102 bp)...
[M::mem_process_seqs] Processed 529802 reads in 41.840 CPU sec, 5.666 real sec
[M::mem_process_seqs] Processed 529802 reads in 41.169 CPU sec, 5.617 real sec
[M::process] read 529802 sequences (80000102 bp)...
[M::process] read 529802 sequences (80000102 bp)...
[M::mem_process_seqs] Processed 529802 reads in 41.483 CPU sec, 5.553 real sec
[M::mem_process_seqs] Processed 529802 reads in 40.258 CPU sec, 5.822 real sec
[M::process] read 529802 sequences (80000102 bp)...
[M::process] read 529802 sequences (80000102 bp)...
[M::mem_process_seqs] Processed 529802 reads in 40.948 CPU sec, 5.751 real sec
[M::process] read 529802 sequences (80000102 bp)...
[M::mem_process_seqs] Processed 529802 reads in 41.102 CPU sec, 5.857 real sec
[M::process] read 529802 sequences (80000102 bp)...
[M::mem_process_seqs] Processed 529802 reads in 41.501 CPU sec, 5.727 real sec
[M::process] read 529802 sequences (80000102 bp)...
[M::mem_process_seqs] Processed 529802 reads in 41.182 CPU sec, 5.743 real sec
[M::mem_process_seqs] Processed 529802 reads in 41.003 CPU sec, 5.543 real sec
[M::process] read 529802 sequences (80000102 bp)...
[M::process] read 529802 sequences (80000102 bp)...
[M::mem_process_seqs] Processed 529802 reads in 39.657 CPU sec, 5.923 real sec
[M::process] read 529802 sequences (80000102 bp)...
[M::mem_process_seqs] Processed 529802 reads in 41.358 CPU sec, 5.713 real sec
[M::mem_process_seqs] Processed 529802 reads in 40.178 CPU sec, 5.554 real sec
[M::process] read 529802 sequences (80000102 bp)...
[M::process] read 529802 sequences (80000102 bp)...
[M::mem_process_seqs] Processed 529802 reads in 40.916 CPU sec, 5.461 real sec
[M::process] read 529802 sequences (80000102 bp)...
[M::mem_process_seqs] Processed 529802 reads in 40.824 CPU sec, 5.862 real sec
[M::process] read 529802 sequences (80000102 bp)...
[M::mem_process_seqs] Processed 529802 reads in 41.488 CPU sec, 5.832 real sec
[M::process] read 529802 sequences (80000102 bp)...
[M::mem_process_seqs] Processed 529802 reads in 40.661 CPU sec, 5.789 real sec
[M::mem_process_seqs] Processed 529802 reads in 39.549 CPU sec, 5.603 real sec
[M::process] read 529802 sequences (80000102 bp)...
[M::process] read 529802 sequences (80000102 bp)...
[M::mem_process_seqs] Processed 529802 reads in 41.079 CPU sec, 5.556 real sec
[M::process] read 529802 sequences (80000102 bp)...
[M::mem_process_seqs] Processed 529802 reads in 40.876 CPU sec, 5.698 real sec
[M::mem_process_seqs] Processed 529802 reads in 39.804 CPU sec, 5.577 real sec
[M::process] read 529802 sequences (80000102 bp)...
[M::process] read 529802 sequences (80000102 bp)...
[M::mem_process_seqs] Processed 529802 reads in 39.988 CPU sec, 5.406 real sec
[M::process] read 529802 sequences (80000102 bp)...
[M::mem_process_seqs] Processed 529802 reads in 39.847 CPU sec, 5.864 real sec
[M::process] read 529802 sequences (80000102 bp)...
[M::mem_process_seqs] Processed 529802 reads in 40.501 CPU sec, 5.696 real sec
[M::mem_process_seqs] Processed 529802 reads in 38.402 CPU sec, 6.241 real sec
[M::process] read 529802 sequences (80000102 bp)...
[M::process] read 529802 sequences (80000102 bp)...
[M::mem_process_seqs] Processed 529802 reads in 40.030 CPU sec, 5.511 real sec
[M::process] read 529802 sequences (80000102 bp)...
[M::mem_process_seqs] Processed 529802 reads in 41.301 CPU sec, 5.781 real sec
[M::mem_process_seqs] Processed 529802 reads in 40.478 CPU sec, 5.484 real sec
[M::process] read 529802 sequences (80000102 bp)...
[M::process] read 529802 sequences (80000102 bp)...
[M::mem_process_seqs] Processed 529802 reads in 39.566 CPU sec, 5.501 real sec
[M::process] read 529802 sequences (80000102 bp)...
[M::mem_process_seqs] Processed 529802 reads in 40.706 CPU sec, 5.689 real sec
[M::process] read 529802 sequences (80000102 bp)...
[M::mem_process_seqs] Processed 529802 reads in 40.849 CPU sec, 5.868 real sec
[M::process] read 529802 sequences (80000102 bp)...
[M::mem_process_seqs] Processed 529802 reads in 40.959 CPU sec, 5.599 real sec
[M::mem_process_seqs] Processed 529802 reads in 40.199 CPU sec, 5.763 real sec
[M::process] read 529802 sequences (80000102 bp)...
[M::process] read 529802 sequences (80000102 bp)...
[M::mem_process_seqs] Processed 529802 reads in 39.959 CPU sec, 5.818 real sec
[M::process] read 529802 sequences (80000102 bp)...
[M::mem_process_seqs] Processed 529802 reads in 40.853 CPU sec, 5.598 real sec
[M::mem_process_seqs] Processed 529802 reads in 40.525 CPU sec, 5.461 real sec
[M::process] read 529802 sequences (80000102 bp)...
[M::process] read 529802 sequences (80000102 bp)...
[M::mem_process_seqs] Processed 529802 reads in 40.700 CPU sec, 5.748 real sec
[M::process] read 529802 sequences (80000102 bp)...
[M::mem_process_seqs] Processed 529802 reads in 40.802 CPU sec, 5.734 real sec
[M::mem_process_seqs] Processed 529802 reads in 40.736 CPU sec, 5.524 real sec
[M::process] read 529802 sequences (80000102 bp)...
[M::process] read 529802 sequences (80000102 bp)...
[M::mem_process_seqs] Processed 529802 reads in 40.591 CPU sec, 5.973 real sec
[M::process] read 529802 sequences (80000102 bp)...
[M::mem_process_seqs] Processed 529802 reads in 41.143 CPU sec, 5.726 real sec
[M::mem_process_seqs] Processed 529802 reads in 39.896 CPU sec, 5.717 real sec
[M::process] read 529802 sequences (80000102 bp)...
[M::process] read 529802 sequences (80000102 bp)...
[M::mem_process_seqs] Processed 529802 reads in 40.229 CPU sec, 5.756 real sec
[M::process] read 529802 sequences (80000102 bp)...
[M::mem_process_seqs] Processed 529802 reads in 40.698 CPU sec, 6.170 real sec
[M::process] read 529802 sequences (80000102 bp)...
[M::mem_process_seqs] Processed 529802 reads in 40.972 CPU sec, 5.744 real sec
[M::process] read 529802 sequences (80000102 bp)...
[M::mem_process_seqs] Processed 529802 reads in 40.688 CPU sec, 5.702 real sec
[M::process] read 529802 sequences (80000102 bp)...
[M::mem_process_seqs] Processed 529802 reads in 44.535 CPU sec, 6.291 real sec
[M::process] read 529802 sequences (80000102 bp)...
[M::mem_process_seqs] Processed 529802 reads in 51.360 CPU sec, 6.954 real sec
[M::process] read 529802 sequences (80000102 bp)...
[M::mem_process_seqs] Processed 529802 reads in 49.369 CPU sec, 6.788 real sec
[M::process] read 529802 sequences (80000102 bp)...
[M::mem_process_seqs] Processed 529802 reads in 50.358 CPU sec, 6.936 real sec
[M::process] read 529802 sequences (80000102 bp)...
[M::mem_process_seqs] Processed 529802 reads in 50.001 CPU sec, 6.739 real sec
[M::mem_process_seqs] Processed 529802 reads in 49.784 CPU sec, 6.757 real sec
[M::process] read 529802 sequences (80000102 bp)...
[M::process] read 529802 sequences (80000102 bp)...
[M::mem_process_seqs] Processed 529802 reads in 50.770 CPU sec, 6.947 real sec
[M::mem_process_seqs] Processed 529802 reads in 48.421 CPU sec, 6.589 real sec
[M::process] read 529802 sequences (80000102 bp)...
[M::process] read 529802 sequences (80000102 bp)...
[M::mem_process_seqs] Processed 529802 reads in 49.159 CPU sec, 6.713 real sec
[M::process] read 529802 sequences (80000102 bp)...
[M::mem_process_seqs] Processed 529802 reads in 50.621 CPU sec, 7.002 real sec
[M::process] read 529802 sequences (80000102 bp)...
[M::mem_process_seqs] Processed 529802 reads in 50.485 CPU sec, 6.815 real sec
[M::mem_process_seqs] Processed 529802 reads in 48.354 CPU sec, 6.915 real sec
[M::process] read 529802 sequences (80000102 bp)...
[M::process] read 529802 sequences (80000102 bp)...
[M::mem_process_seqs] Processed 529802 reads in 48.739 CPU sec, 6.400 real sec
[M::mem_process_seqs] Processed 529802 reads in 49.815 CPU sec, 6.754 real sec
[M::process] read 529802 sequences (80000102 bp)...
[M::mem_process_seqs] Processed 529802 reads in 49.750 CPU sec, 6.678 real sec
[M::process] read 529802 sequences (80000102 bp)...
[M::process] read 529802 sequences (80000102 bp)...
[M::mem_process_seqs] Processed 529802 reads in 50.146 CPU sec, 6.803 real sec
[M::mem_process_seqs] Processed 529802 reads in 47.836 CPU sec, 6.492 real sec
[M::process] read 529802 sequences (80000102 bp)...
[M::process] read 529802 sequences (80000102 bp)...
[M::mem_process_seqs] Processed 529802 reads in 49.265 CPU sec, 6.592 real sec
[M::process] read 529802 sequences (80000102 bp)...
[M::mem_process_seqs] Processed 529802 reads in 49.307 CPU sec, 6.716 real sec
[M::process] read 529802 sequences (80000102 bp)...
[M::mem_process_seqs] Processed 529802 reads in 49.353 CPU sec, 6.733 real sec
[M::process] read 529802 sequences (80000102 bp)...
[M::mem_process_seqs] Processed 529802 reads in 49.483 CPU sec, 6.712 real sec
[M::process] read 529802 sequences (80000102 bp)...
[M::mem_process_seqs] Processed 529802 reads in 50.081 CPU sec, 6.882 real sec
[M::mem_process_seqs] Processed 529802 reads in 48.085 CPU sec, 6.494 real sec
[M::process] read 529802 sequences (80000102 bp)...
[M::process] read 529802 sequences (80000102 bp)...
[M::mem_process_seqs] Processed 529802 reads in 48.860 CPU sec, 6.656 real sec
[M::process] read 529802 sequences (80000102 bp)...
[M::mem_process_seqs] Processed 529802 reads in 49.346 CPU sec, 6.696 real sec
[M::process] read 529802 sequences (80000102 bp)...
[M::mem_process_seqs] Processed 529802 reads in 49.022 CPU sec, 6.715 real sec
[M::process] read 529802 sequences (80000102 bp)...
[M::mem_process_seqs] Processed 529802 reads in 48.518 CPU sec, 6.708 real sec
[M::process] read 529802 sequences (80000102 bp)...
[M::mem_process_seqs] Processed 529802 reads in 49.896 CPU sec, 6.848 real sec
[M::mem_process_seqs] Processed 529802 reads in 48.648 CPU sec, 6.659 real sec
[M::process] read 529802 sequences (80000102 bp)...
[M::mem_process_seqs] Processed 529802 reads in 47.696 CPU sec, 6.464 real sec
[M::process] read 529802 sequences (80000102 bp)...
[M::process] read 529802 sequences (80000102 bp)...
[M::mem_process_seqs] Processed 529802 reads in 47.822 CPU sec, 6.537 real sec
[M::process] read 529802 sequences (80000102 bp)...
[M::mem_process_seqs] Processed 529802 reads in 49.301 CPU sec, 6.970 real sec
[M::mem_process_seqs] Processed 529802 reads in 47.876 CPU sec, 6.636 real sec
[M::process] read 529802 sequences (80000102 bp)...
[M::process] read 529802 sequences (80000102 bp)...
[M::mem_process_seqs] Processed 529802 reads in 49.361 CPU sec, 6.718 real sec
[M::mem_process_seqs] Processed 529802 reads in 49.492 CPU sec, 6.714 real sec
[M::process] read 529802 sequences (80000102 bp)...
[M::process] read 529802 sequences (80000102 bp)...
[M::mem_process_seqs] Processed 529802 reads in 48.450 CPU sec, 6.657 real sec
[M::process] read 529802 sequences (80000102 bp)...
[M::mem_process_seqs] Processed 529802 reads in 47.081 CPU sec, 6.502 real sec
[M::mem_process_seqs] Processed 529802 reads in 46.604 CPU sec, 6.359 real sec
[M::process] read 529802 sequences (80000102 bp)...
[M::mem_process_seqs] Processed 529802 reads in 45.148 CPU sec, 6.153 real sec
[M::process] read 529802 sequences (80000102 bp)...
[M::process] read 529802 sequences (80000102 bp)...
[M::mem_process_seqs] Processed 529802 reads in 47.791 CPU sec, 6.522 real sec
[M::mem_process_seqs] Processed 529802 reads in 48.080 CPU sec, 6.599 real sec
[M::process] read 529802 sequences (80000102 bp)...
[M::process] read 529802 sequences (80000102 bp)...
[M::mem_process_seqs] Processed 529802 reads in 47.037 CPU sec, 6.412 real sec
[M::mem_process_seqs] Processed 529802 reads in 45.082 CPU sec, 6.141 real sec
[M::process] read 529802 sequences (80000102 bp)...
[M::process] read 529802 sequences (80000102 bp)...
[M::mem_process_seqs] Processed 529802 reads in 46.793 CPU sec, 6.333 real sec
[M::mem_process_seqs] Processed 529802 reads in 45.838 CPU sec, 6.224 real sec
[M::process] read 529802 sequences (80000102 bp)...
[M::mem_process_seqs] Processed 529802 reads in 46.061 CPU sec, 6.917 real sec
[M::process] read 529802 sequences (80000102 bp)...
[M::process] read 529802 sequences (80000102 bp)...
[M::mem_process_seqs] Processed 529802 reads in 46.473 CPU sec, 6.428 real sec
[M::process] read 529802 sequences (80000102 bp)...
[M::mem_process_seqs] Processed 529802 reads in 47.298 CPU sec, 6.682 real sec
[M::process] read 529802 sequences (80000102 bp)...
[M::mem_process_seqs] Processed 529802 reads in 47.873 CPU sec, 6.543 real sec
[M::process] read 529802 sequences (80000102 bp)...
[M::mem_process_seqs] Processed 529802 reads in 47.237 CPU sec, 6.475 real sec
[M::process] read 529802 sequences (80000102 bp)...
[M::mem_process_seqs] Processed 529802 reads in 46.964 CPU sec, 6.409 real sec
[M::mem_process_seqs] Processed 529802 reads in 46.219 CPU sec, 6.392 real sec
[M::process] read 529802 sequences (80000102 bp)...
[M::process] read 529802 sequences (80000102 bp)...
[M::mem_process_seqs] Processed 529802 reads in 47.948 CPU sec, 6.512 real sec
[M::mem_process_seqs] Processed 529802 reads in 47.186 CPU sec, 6.408 real sec
[M::process] read 529802 sequences (80000102 bp)...
[M::process] read 529802 sequences (80000102 bp)...
[M::mem_process_seqs] Processed 529802 reads in 46.472 CPU sec, 6.426 real sec
[M::mem_process_seqs] Processed 529802 reads in 46.038 CPU sec, 6.237 real sec
[M::process] read 529802 sequences (80000102 bp)...
[M::process] read 529802 sequences (80000102 bp)...
[M::mem_process_seqs] Processed 529802 reads in 47.057 CPU sec, 6.544 real sec
[M::process] read 529802 sequences (80000102 bp)...
[M::mem_process_seqs] Processed 529802 reads in 47.632 CPU sec, 6.571 real sec
[M::process] read 529802 sequences (80000102 bp)...
[M::mem_process_seqs] Processed 529802 reads in 47.583 CPU sec, 6.612 real sec
[M::process] read 529802 sequences (80000102 bp)...
[M::mem_process_seqs] Processed 529802 reads in 46.946 CPU sec, 6.814 real sec
[M::process] read 529802 sequences (80000102 bp)...
[M::mem_process_seqs] Processed 529802 reads in 47.819 CPU sec, 6.633 real sec
[M::process] read 529802 sequences (80000102 bp)...
[M::mem_process_seqs] Processed 529802 reads in 46.450 CPU sec, 6.533 real sec
[M::mem_process_seqs] Processed 529802 reads in 45.442 CPU sec, 6.165 real sec
[M::process] read 529802 sequences (80000102 bp)...
[M::process] read 529802 sequences (80000102 bp)...
[M::mem_process_seqs] Processed 529802 reads in 46.166 CPU sec, 6.386 real sec
[M::process] read 529802 sequences (80000102 bp)...
[M::mem_process_seqs] Processed 529802 reads in 47.518 CPU sec, 6.465 real sec
[M::process] read 529802 sequences (80000102 bp)...
[M::mem_process_seqs] Processed 529802 reads in 46.131 CPU sec, 6.608 real sec
[M::process] read 529802 sequences (80000102 bp)...
[M::mem_process_seqs] Processed 529802 reads in 46.479 CPU sec, 6.360 real sec
[M::process] read 529802 sequences (80000102 bp)...
[M::mem_process_seqs] Processed 529802 reads in 46.619 CPU sec, 6.414 real sec
[M::process] read 529802 sequences (80000102 bp)...
[M::mem_process_seqs] Processed 529802 reads in 47.087 CPU sec, 6.447 real sec
[M::process] read 529802 sequences (80000102 bp)...
[M::mem_process_seqs] Processed 529802 reads in 46.150 CPU sec, 6.282 real sec
[M::process] read 529802 sequences (80000102 bp)...
[M::mem_process_seqs] Processed 529802 reads in 45.096 CPU sec, 6.255 real sec
[M::process] read 529802 sequences (80000102 bp)...
[M::mem_process_seqs] Processed 529802 reads in 46.002 CPU sec, 6.572 real sec
[M::process] read 529802 sequences (80000102 bp)...
[M::mem_process_seqs] Processed 529802 reads in 45.471 CPU sec, 6.315 real sec
[M::process] read 529802 sequences (80000102 bp)...
[M::mem_process_seqs] Processed 529802 reads in 44.996 CPU sec, 6.538 real sec
[M::mem_process_seqs] Processed 529802 reads in 44.522 CPU sec, 6.023 real sec
[M::process] read 529802 sequences (80000102 bp)...
[M::process] read 529802 sequences (80000102 bp)...
[M::mem_process_seqs] Processed 529802 reads in 45.083 CPU sec, 6.206 real sec
[M::mem_process_seqs] Processed 529802 reads in 46.323 CPU sec, 6.356 real sec
[M::process] read 529802 sequences (80000102 bp)...
[M::process] read 529802 sequences (80000102 bp)...
[M::mem_process_seqs] Processed 529802 reads in 46.748 CPU sec, 6.591 real sec
[M::mem_process_seqs] Processed 529802 reads in 45.332 CPU sec, 6.804 real sec
[M::process] read 529802 sequences (80000102 bp)...
[M::process] read 529802 sequences (80000102 bp)...
[M::mem_process_seqs] Processed 529802 reads in 45.200 CPU sec, 6.296 real sec
[M::mem_process_seqs] Processed 529802 reads in 45.206 CPU sec, 6.154 real sec
[M::process] read 529802 sequences (80000102 bp)...
[M::process] read 529802 sequences (80000102 bp)...
[M::mem_process_seqs] Processed 529802 reads in 45.955 CPU sec, 6.378 real sec
[M::process] read 529802 sequences (80000102 bp)...
[M::mem_process_seqs] Processed 529802 reads in 46.232 CPU sec, 6.408 real sec
[M::mem_process_seqs] Processed 529802 reads in 46.418 CPU sec, 6.287 real sec
[M::process] read 529802 sequences (80000102 bp)...
[M::process] read 529802 sequences (80000102 bp)...
[M::mem_process_seqs] Processed 529802 reads in 47.733 CPU sec, 6.462 real sec
[M::mem_process_seqs] Processed 529802 reads in 45.526 CPU sec, 6.200 real sec
[M::process] read 529802 sequences (80000102 bp)...
[M::process] read 529802 sequences (80000102 bp)...
[M::mem_process_seqs] Processed 529802 reads in 47.413 CPU sec, 6.277 real sec
[M::process] read 529802 sequences (80000102 bp)...
[M::mem_process_seqs] Processed 529802 reads in 47.946 CPU sec, 6.602 real sec
[M::mem_process_seqs] Processed 529802 reads in 46.229 CPU sec, 6.309 real sec
[M::process] read 529802 sequences (80000102 bp)...
[M::process] read 529802 sequences (80000102 bp)...
[M::mem_process_seqs] Processed 529802 reads in 46.596 CPU sec, 6.175 real sec
[M::mem_process_seqs] Processed 529802 reads in 44.978 CPU sec, 6.114 real sec
[M::process] read 529802 sequences (80000102 bp)...
[M::process] read 529802 sequences (80000102 bp)...
[M::mem_process_seqs] Processed 529802 reads in 46.467 CPU sec, 6.157 real sec
[M::mem_process_seqs] Processed 529802 reads in 45.773 CPU sec, 6.248 real sec
[M::process] read 529802 sequences (80000102 bp)...
[M::process] read 529802 sequences (80000102 bp)...
[M::mem_process_seqs] Processed 529802 reads in 46.710 CPU sec, 6.290 real sec
[M::mem_process_seqs] Processed 529802 reads in 45.676 CPU sec, 6.222 real sec
[M::process] read 529802 sequences (80000102 bp)...
[M::process] read 529802 sequences (80000102 bp)...
[M::mem_process_seqs] Processed 529802 reads in 45.658 CPU sec, 6.178 real sec
[M::process] read 529802 sequences (80000102 bp)...
[M::mem_process_seqs] Processed 529802 reads in 46.477 CPU sec, 6.477 real sec
[M::mem_process_seqs] Processed 529802 reads in 46.800 CPU sec, 6.396 real sec
[M::process] read 529802 sequences (80000102 bp)...
[M::mem_process_seqs] Processed 529802 reads in 46.189 CPU sec, 6.275 real sec
[M::process] read 529802 sequences (80000102 bp)...
[M::process] read 529802 sequences (80000102 bp)...
[M::mem_process_seqs] Processed 529802 reads in 46.620 CPU sec, 6.420 real sec
[M::process] read 529802 sequences (80000102 bp)...
[M::mem_process_seqs] Processed 529802 reads in 46.239 CPU sec, 6.458 real sec
[M::process] read 529802 sequences (80000102 bp)...
[M::mem_process_seqs] Processed 529802 reads in 46.695 CPU sec, 6.507 real sec
[M::process] read 529802 sequences (80000102 bp)...
[M::mem_process_seqs] Processed 529802 reads in 46.073 CPU sec, 6.308 real sec
[M::mem_process_seqs] Processed 529802 reads in 44.296 CPU sec, 6.035 real sec
[M::process] read 529802 sequences (80000102 bp)...
[M::process] read 529802 sequences (80000102 bp)...
[M::mem_process_seqs] Processed 529802 reads in 45.644 CPU sec, 6.364 real sec
[M::process] read 529802 sequences (80000102 bp)...
[M::mem_process_seqs] Processed 529802 reads in 47.062 CPU sec, 6.396 real sec
[M::mem_process_seqs] Processed 529802 reads in 45.577 CPU sec, 6.269 real sec
[M::process] read 529802 sequences (80000102 bp)...
[M::process] read 529802 sequences (80000102 bp)...
[M::mem_process_seqs] Processed 529802 reads in 44.604 CPU sec, 6.337 real sec
[M::process] read 529802 sequences (80000102 bp)...
[M::mem_process_seqs] Processed 529802 reads in 44.644 CPU sec, 6.053 real sec
[M::mem_process_seqs] Processed 529802 reads in 45.791 CPU sec, 6.265 real sec
[M::process] read 529802 sequences (80000102 bp)...
[M::process] read 529802 sequences (80000102 bp)...
[M::mem_process_seqs] Processed 529802 reads in 46.345 CPU sec, 6.441 real sec
[M::process] read 529802 sequences (80000102 bp)...
[M::mem_process_seqs] Processed 529802 reads in 46.477 CPU sec, 6.458 real sec
[M::mem_process_seqs] Processed 529802 reads in 45.148 CPU sec, 7.252 real sec
[M::process] read 529802 sequences (80000102 bp)...
[M::process] read 529802 sequences (80000102 bp)...
[M::mem_process_seqs] Processed 529802 reads in 43.415 CPU sec, 6.044 real sec
[M::process] read 529802 sequences (80000102 bp)...
[M::mem_process_seqs] Processed 529802 reads in 46.017 CPU sec, 6.372 real sec
[M::process] read 529802 sequences (80000102 bp)...
[M::mem_process_seqs] Processed 529802 reads in 46.206 CPU sec, 6.416 real sec
[M::process] read 529802 sequences (80000102 bp)...
[M::mem_process_seqs] Processed 529802 reads in 44.667 CPU sec, 6.374 real sec
[M::process] read 529802 sequences (80000102 bp)...
[M::mem_process_seqs] Processed 529802 reads in 45.445 CPU sec, 6.238 real sec
[M::mem_process_seqs] Processed 529802 reads in 44.484 CPU sec, 6.140 real sec
[M::process] read 529802 sequences (80000102 bp)...
[M::process] read 529802 sequences (80000102 bp)...
[M::mem_process_seqs] Processed 529802 reads in 46.156 CPU sec, 6.382 real sec
[M::process] read 529802 sequences (80000102 bp)...
[M::mem_process_seqs] Processed 529802 reads in 46.009 CPU sec, 6.467 real sec
[M::mem_process_seqs] Processed 529802 reads in 46.410 CPU sec, 6.398 real sec
[M::process] read 529802 sequences (80000102 bp)...
[M::process] read 529802 sequences (80000102 bp)...
[M::mem_process_seqs] Processed 529802 reads in 46.365 CPU sec, 6.452 real sec
[M::mem_process_seqs] Processed 529802 reads in 44.626 CPU sec, 6.141 real sec
[M::process] read 529802 sequences (80000102 bp)...
[M::mem_process_seqs] Processed 529802 reads in 45.565 CPU sec, 6.117 real sec
[M::process] read 529802 sequences (80000102 bp)...
[M::process] read 529802 sequences (80000102 bp)...
[M::mem_process_seqs] Processed 529802 reads in 46.248 CPU sec, 6.391 real sec
[M::process] read 529802 sequences (80000102 bp)...
[M::mem_process_seqs] Processed 529802 reads in 45.131 CPU sec, 6.352 real sec
[M::process] read 529802 sequences (80000102 bp)...
[M::mem_process_seqs] Processed 529802 reads in 45.800 CPU sec, 6.329 real sec
[M::process] read 529802 sequences (80000102 bp)...
[M::mem_process_seqs] Processed 529802 reads in 44.751 CPU sec, 6.527 real sec
[M::process] read 529802 sequences (80000102 bp)...
[M::mem_process_seqs] Processed 529802 reads in 46.422 CPU sec, 6.486 real sec
[M::process] read 529802 sequences (80000102 bp)...
[M::mem_process_seqs] Processed 529802 reads in 46.036 CPU sec, 6.510 real sec
[M::process] read 529802 sequences (80000102 bp)...
[M::mem_process_seqs] Processed 529802 reads in 45.918 CPU sec, 6.376 real sec
[M::process] read 529802 sequences (80000102 bp)...
[M::mem_process_seqs] Processed 529802 reads in 46.197 CPU sec, 6.331 real sec
[M::process] read 529802 sequences (80000102 bp)...
[M::mem_process_seqs] Processed 529802 reads in 46.560 CPU sec, 6.511 real sec
[M::process] read 529802 sequences (80000102 bp)...
[M::mem_process_seqs] Processed 529802 reads in 46.282 CPU sec, 6.376 real sec
[M::process] read 529802 sequences (80000102 bp)...
[M::mem_process_seqs] Processed 529802 reads in 45.843 CPU sec, 6.223 real sec
[M::mem_process_seqs] Processed 529802 reads in 44.994 CPU sec, 6.335 real sec
[M::process] read 529802 sequences (80000102 bp)...
[M::process] read 529802 sequences (80000102 bp)...
[M::mem_process_seqs] Processed 529802 reads in 45.571 CPU sec, 6.022 real sec
[M::process] read 529802 sequences (80000102 bp)...
[M::mem_process_seqs] Processed 529802 reads in 46.309 CPU sec, 6.302 real sec
[M::process] read 529802 sequences (80000102 bp)...
[M::mem_process_seqs] Processed 529802 reads in 46.176 CPU sec, 6.343 real sec
[M::process] read 529802 sequences (80000102 bp)...
[M::mem_process_seqs] Processed 529802 reads in 45.913 CPU sec, 6.377 real sec
[M::process] read 529802 sequences (80000102 bp)...
[M::mem_process_seqs] Processed 529802 reads in 44.924 CPU sec, 6.057 real sec
[M::mem_process_seqs] Processed 529802 reads in 43.669 CPU sec, 5.951 real sec
[M::process] read 529802 sequences (80000102 bp)...
[M::process] read 529802 sequences (80000102 bp)...
[M::mem_process_seqs] Processed 529802 reads in 43.632 CPU sec, 6.157 real sec
[M::process] read 529802 sequences (80000102 bp)...
[M::mem_process_seqs] Processed 529802 reads in 44.207 CPU sec, 6.071 real sec
[M::mem_process_seqs] Processed 529802 reads in 42.561 CPU sec, 6.197 real sec
[M::process] read 529802 sequences (80000102 bp)...
[M::process] read 529802 sequences (80000102 bp)...
[M::mem_process_seqs] Processed 529802 reads in 44.915 CPU sec, 6.166 real sec
[M::mem_process_seqs] Processed 529802 reads in 44.116 CPU sec, 6.037 real sec
[M::process] read 529802 sequences (80000102 bp)...
[M::process] read 529802 sequences (80000102 bp)...
[M::mem_process_seqs] Processed 529802 reads in 44.277 CPU sec, 6.158 real sec
[M::mem_process_seqs] Processed 529802 reads in 44.171 CPU sec, 6.040 real sec
[M::process] read 529802 sequences (80000102 bp)...
[M::process] read 529802 sequences (80000102 bp)...
[M::mem_process_seqs] Processed 529802 reads in 44.170 CPU sec, 6.092 real sec
[M::process] read 529802 sequences (80000102 bp)...
[M::mem_process_seqs] Processed 529802 reads in 45.103 CPU sec, 6.218 real sec
[M::mem_process_seqs] Processed 529802 reads in 44.489 CPU sec, 6.058 real sec
[M::process] read 529802 sequences (80000102 bp)...
[M::process] read 529802 sequences (80000102 bp)...
[M::mem_process_seqs] Processed 529802 reads in 43.897 CPU sec, 5.976 real sec
[M::mem_process_seqs] Processed 529802 reads in 42.678 CPU sec, 5.800 real sec
[M::process] read 529802 sequences (80000102 bp)...
[M::process] read 529802 sequences (80000102 bp)...
[M::mem_process_seqs] Processed 529802 reads in 44.391 CPU sec, 5.890 real sec
[M::process] read 529802 sequences (80000102 bp)...
[M::mem_process_seqs] Processed 529802 reads in 44.192 CPU sec, 6.230 real sec
[M::mem_process_seqs] Processed 529802 reads in 44.218 CPU sec, 6.018 real sec
[M::process] read 529802 sequences (80000102 bp)...
[M::process] read 529802 sequences (80000102 bp)...
[M::mem_process_seqs] Processed 529802 reads in 43.772 CPU sec, 6.131 real sec
[M::process] read 529802 sequences (80000102 bp)...
[M::mem_process_seqs] Processed 529802 reads in 44.607 CPU sec, 6.191 real sec
[M::mem_process_seqs] Processed 529802 reads in 43.705 CPU sec, 5.945 real sec
[M::process] read 529802 sequences (80000102 bp)...
[M::process] read 529802 sequences (80000102 bp)...
[M::mem_process_seqs] Processed 529802 reads in 44.468 CPU sec, 6.134 real sec
[M::process] read 529802 sequences (80000102 bp)...
[M::mem_process_seqs] Processed 529802 reads in 45.569 CPU sec, 6.239 real sec
[M::mem_process_seqs] Processed 529802 reads in 48.878 CPU sec, 6.613 real sec
[M::process] read 529802 sequences (80000102 bp)...
[M::process] read 529802 sequences (80000102 bp)...
[M::mem_process_seqs] Processed 529802 reads in 50.096 CPU sec, 6.844 real sec
[M::mem_process_seqs] Processed 529802 reads in 49.804 CPU sec, 6.747 real sec
[M::process] read 529802 sequences (80000102 bp)...
[M::process] read 529802 sequences (80000102 bp)...
[M::mem_process_seqs] Processed 529802 reads in 49.284 CPU sec, 6.867 real sec
[M::mem_process_seqs] Processed 529802 reads in 47.449 CPU sec, 6.472 real sec
[M::process] read 529802 sequences (80000102 bp)...
[M::process] read 529802 sequences (80000102 bp)...
[M::mem_process_seqs] Processed 529802 reads in 48.236 CPU sec, 6.744 real sec
[M::mem_process_seqs] Processed 529802 reads in 48.638 CPU sec, 6.617 real sec
[M::process] read 529802 sequences (80000102 bp)...
[M::mem_process_seqs] Processed 529802 reads in 47.911 CPU sec, 6.435 real sec
[M::process] read 529802 sequences (80000102 bp)...
[M::process] read 529802 sequences (80000102 bp)...
[M::mem_process_seqs] Processed 529802 reads in 47.452 CPU sec, 6.648 real sec
[M::mem_process_seqs] Processed 529802 reads in 46.396 CPU sec, 6.372 real sec
[M::process] read 529802 sequences (80000102 bp)...
[M::process] read 529802 sequences (80000102 bp)...
[M::mem_process_seqs] Processed 529802 reads in 46.736 CPU sec, 6.418 real sec
[M::mem_process_seqs] Processed 529802 reads in 46.140 CPU sec, 6.357 real sec
[M::process] read 529802 sequences (80000102 bp)...
[M::process] read 529802 sequences (80000102 bp)...
[M::mem_process_seqs] Processed 529802 reads in 46.270 CPU sec, 6.603 real sec
[M::mem_process_seqs] Processed 529802 reads in 45.680 CPU sec, 6.185 real sec
[M::process] read 529802 sequences (80000102 bp)...
[M::mem_process_seqs] Processed 529802 reads in 46.746 CPU sec, 6.240 real sec
[M::process] read 529802 sequences (80000102 bp)...
[M::process] read 529802 sequences (80000102 bp)...
[M::mem_process_seqs] Processed 529802 reads in 46.467 CPU sec, 6.313 real sec
[M::mem_process_seqs] Processed 529802 reads in 44.893 CPU sec, 6.753 real sec
[M::process] read 529802 sequences (80000102 bp)...
[M::process] read 529802 sequences (80000102 bp)...
[M::mem_process_seqs] Processed 529802 reads in 47.355 CPU sec, 6.244 real sec
[M::mem_process_seqs] Processed 529802 reads in 46.030 CPU sec, 6.233 real sec
[M::process] read 529802 sequences (80000102 bp)...
[M::process] read 529802 sequences (80000102 bp)...
[M::mem_process_seqs] Processed 529802 reads in 45.981 CPU sec, 6.520 real sec
[M::process] read 529802 sequences (80000102 bp)...
[M::mem_process_seqs] Processed 529802 reads in 46.132 CPU sec, 6.285 real sec
[M::process] read 529802 sequences (80000102 bp)...
[M::mem_process_seqs] Processed 529802 reads in 46.835 CPU sec, 6.420 real sec
[M::process] read 529802 sequences (80000102 bp)...
[M::mem_process_seqs] Processed 529802 reads in 47.432 CPU sec, 6.505 real sec
[M::process] read 529802 sequences (80000102 bp)...
[M::mem_process_seqs] Processed 529802 reads in 47.122 CPU sec, 6.520 real sec
[M::mem_process_seqs] Processed 529802 reads in 46.994 CPU sec, 6.390 real sec
[M::process] read 529802 sequences (80000102 bp)...
[M::process] read 529802 sequences (80000102 bp)...
[M::mem_process_seqs] Processed 529802 reads in 47.567 CPU sec, 6.488 real sec
[M::process] read 529802 sequences (80000102 bp)...
[M::mem_process_seqs] Processed 529802 reads in 47.635 CPU sec, 6.459 real sec
[M::process] read 529802 sequences (80000102 bp)...
[M::mem_process_seqs] Processed 529802 reads in 47.250 CPU sec, 6.492 real sec
[M::mem_process_seqs] Processed 529802 reads in 46.157 CPU sec, 6.266 real sec
[M::process] read 529802 sequences (80000102 bp)...
[M::process] read 529802 sequences (80000102 bp)...
[M::mem_process_seqs] Processed 529802 reads in 47.018 CPU sec, 6.529 real sec
[M::mem_process_seqs] Processed 529802 reads in 47.332 CPU sec, 6.449 real sec
[M::process] read 529802 sequences (80000102 bp)...
[M::mem_process_seqs] Processed 529802 reads in 45.826 CPU sec, 6.263 real sec
[M::process] read 529802 sequences (80000102 bp)...
[M::process] read 529802 sequences (80000102 bp)...
[M::mem_process_seqs] Processed 529802 reads in 46.117 CPU sec, 6.242 real sec
[M::mem_process_seqs] Processed 529802 reads in 45.601 CPU sec, 6.213 real sec
[M::process] read 529802 sequences (80000102 bp)...
[M::process] read 529802 sequences (80000102 bp)...
[M::mem_process_seqs] Processed 529802 reads in 45.390 CPU sec, 6.557 real sec
[M::process] read 529802 sequences (80000102 bp)...
[M::mem_process_seqs] Processed 529802 reads in 46.992 CPU sec, 6.413 real sec
[M::mem_process_seqs] Processed 529802 reads in 47.299 CPU sec, 6.477 real sec
[M::process] read 529802 sequences (80000102 bp)...
[M::process] read 529802 sequences (80000102 bp)...
[M::mem_process_seqs] Processed 529802 reads in 47.632 CPU sec, 6.664 real sec
[M::mem_process_seqs] Processed 529802 reads in 47.674 CPU sec, 6.618 real sec
[M::process] read 529802 sequences (80000102 bp)...
[M::process] read 529802 sequences (80000102 bp)...
[M::mem_process_seqs] Processed 529802 reads in 48.653 CPU sec, 6.669 real sec
[M::mem_process_seqs] Processed 529802 reads in 46.996 CPU sec, 6.391 real sec
[M::process] read 529802 sequences (80000102 bp)...
[M::mem_process_seqs] Processed 529802 reads in 46.429 CPU sec, 6.152 real sec
[M::process] read 529802 sequences (80000102 bp)...
[M::mem_process_seqs] Processed 529802 reads in 45.490 CPU sec, 6.177 real sec
[M::process] read 529802 sequences (80000102 bp)...
[M::process] read 529802 sequences (80000102 bp)...
[M::mem_process_seqs] Processed 529802 reads in 46.847 CPU sec, 6.273 real sec
[M::mem_process_seqs] Processed 529802 reads in 46.994 CPU sec, 6.386 real sec
[M::process] read 529802 sequences (80000102 bp)...
[M::process] read 529802 sequences (80000102 bp)...
[M::mem_process_seqs] Processed 529802 reads in 46.344 CPU sec, 6.569 real sec
[M::process] read 529802 sequences (80000102 bp)...
[M::mem_process_seqs] Processed 529802 reads in 46.771 CPU sec, 6.338 real sec
[M::process] read 529802 sequences (80000102 bp)...
[M::mem_process_seqs] Processed 529802 reads in 46.721 CPU sec, 6.465 real sec
[M::mem_process_seqs] Processed 529802 reads in 45.412 CPU sec, 6.071 real sec
[M::process] read 529802 sequences (80000102 bp)...
[M::mem_process_seqs] Processed 529802 reads in 45.766 CPU sec, 6.651 real sec
[M::process] read 529802 sequences (80000102 bp)...
[M::process] read 529802 sequences (80000102 bp)...
[M::mem_process_seqs] Processed 529802 reads in 46.676 CPU sec, 6.306 real sec
[M::process] read 529802 sequences (80000102 bp)...
[M::mem_process_seqs] Processed 529802 reads in 46.853 CPU sec, 6.500 real sec
[M::mem_process_seqs] Processed 529802 reads in 45.854 CPU sec, 6.196 real sec
[M::process] read 529802 sequences (80000102 bp)...
[M::process] read 216209 sequences (32647559 bp)...
[M::mem_process_seqs] Processed 529802 reads in 46.455 CPU sec, 6.206 real sec
[M::mem_process_seqs] Processed 216209 reads in 18.703 CPU sec, 2.589 real sec
[main] Version: 0.7.19-r1273
[main] CMD: bwa mem -t 8 ../reference/rRNA/rRNA_reference_Dmel_wMel.fasta /private/groups/russelllab/jodie/sequencing_data/scRNAseq/PIP-seq_cells/Jacobs_10524_241203B9/JW18DOX-Ctrl-1_S33_L003_R2_001.fastq.gz
[main] Real time: 2757.803 sec; CPU: 18524.476 sec
[bam_sort_core] merging from 12 files and 8 in-memory blocks...
Alignment complete for JW18DOX-Ctrl-1_pipseq
Filtered to 0 reads in rRNA regions
