Starting BWA alignment for JW18wMel-Ctrl-2_pipseq
[M::bwa_idx_load_from_disk] read 0 ALT contigs
[M::process] read 529802 sequences (80000102 bp)...
[M::process] read 529802 sequences (80000102 bp)...
[M::mem_process_seqs] Processed 529802 reads in 40.364 CPU sec, 5.214 real sec
[M::process] read 529802 sequences (80000102 bp)...
[M::mem_process_seqs] Processed 529802 reads in 40.331 CPU sec, 5.753 real sec
[M::mem_process_seqs] Processed 529802 reads in 39.840 CPU sec, 5.420 real sec
[M::process] read 529802 sequences (80000102 bp)...
[M::process] read 529802 sequences (80000102 bp)...
[M::mem_process_seqs] Processed 529802 reads in 39.743 CPU sec, 5.617 real sec
[M::mem_process_seqs] Processed 529802 reads in 39.802 CPU sec, 5.877 real sec
[M::process] read 529802 sequences (80000102 bp)...
[M::process] read 529802 sequences (80000102 bp)...
[M::mem_process_seqs] Processed 529802 reads in 39.745 CPU sec, 6.427 real sec
[M::mem_process_seqs] Processed 529802 reads in 39.916 CPU sec, 5.639 real sec
[M::process] read 529802 sequences (80000102 bp)...
[M::process] read 529802 sequences (80000102 bp)...
[M::mem_process_seqs] Processed 529802 reads in 40.479 CPU sec, 5.527 real sec
[M::process] read 529802 sequences (80000102 bp)...
[M::mem_process_seqs] Processed 529802 reads in 39.906 CPU sec, 5.828 real sec
[M::process] read 529802 sequences (80000102 bp)...
[M::mem_process_seqs] Processed 529802 reads in 39.940 CPU sec, 5.878 real sec
[M::process] read 529802 sequences (80000102 bp)...
[M::mem_process_seqs] Processed 529802 reads in 39.954 CPU sec, 5.467 real sec
[M::mem_process_seqs] Processed 529802 reads in 40.063 CPU sec, 5.457 real sec
[M::process] read 529802 sequences (80000102 bp)...
[M::mem_process_seqs] Processed 529802 reads in 39.956 CPU sec, 6.529 real sec
[M::process] read 529802 sequences (80000102 bp)...
[M::process] read 529802 sequences (80000102 bp)...
[M::mem_process_seqs] Processed 529802 reads in 39.689 CPU sec, 5.621 real sec
[M::process] read 529802 sequences (80000102 bp)...
[M::mem_process_seqs] Processed 529802 reads in 39.854 CPU sec, 5.915 real sec
[M::process] read 529802 sequences (80000102 bp)...
[M::mem_process_seqs] Processed 529802 reads in 39.735 CPU sec, 5.682 real sec
[M::process] read 529802 sequences (80000102 bp)...
[M::mem_process_seqs] Processed 529802 reads in 40.087 CPU sec, 5.566 real sec
[M::process] read 529802 sequences (80000102 bp)...
[M::mem_process_seqs] Processed 529802 reads in 40.116 CPU sec, 5.453 real sec
[M::mem_process_seqs] Processed 529802 reads in 40.209 CPU sec, 5.526 real sec
[M::process] read 529802 sequences (80000102 bp)...
[M::process] read 529802 sequences (80000102 bp)...
[M::mem_process_seqs] Processed 529802 reads in 42.998 CPU sec, 5.934 real sec
[M::mem_process_seqs] Processed 529802 reads in 41.038 CPU sec, 5.569 real sec
[M::process] read 529802 sequences (80000102 bp)...
[M::process] read 529802 sequences (80000102 bp)...
[M::mem_process_seqs] Processed 529802 reads in 39.870 CPU sec, 5.476 real sec
[M::mem_process_seqs] Processed 529802 reads in 39.869 CPU sec, 5.393 real sec
[M::process] read 529802 sequences (80000102 bp)...
[M::process] read 529802 sequences (80000102 bp)...
[M::mem_process_seqs] Processed 529802 reads in 39.733 CPU sec, 5.888 real sec
[M::process] read 529802 sequences (80000102 bp)...
[M::mem_process_seqs] Processed 529802 reads in 39.630 CPU sec, 6.345 real sec
[M::process] read 529802 sequences (80000102 bp)...
[M::mem_process_seqs] Processed 529802 reads in 39.649 CPU sec, 6.064 real sec
[M::process] read 529802 sequences (80000102 bp)...
[M::mem_process_seqs] Processed 529802 reads in 39.529 CPU sec, 7.234 real sec
[M::mem_process_seqs] Processed 529802 reads in 39.468 CPU sec, 5.762 real sec
[M::process] read 529802 sequences (80000102 bp)...
[M::process] read 529802 sequences (80000102 bp)...
[M::mem_process_seqs] Processed 529802 reads in 42.892 CPU sec, 5.995 real sec
[M::process] read 529802 sequences (80000102 bp)...
[M::mem_process_seqs] Processed 529802 reads in 44.479 CPU sec, 6.682 real sec
[M::mem_process_seqs] Processed 529802 reads in 45.624 CPU sec, 6.453 real sec
[M::process] read 529802 sequences (80000102 bp)...
[M::process] read 529802 sequences (80000102 bp)...
[M::mem_process_seqs] Processed 529802 reads in 46.173 CPU sec, 6.334 real sec
[M::process] read 529802 sequences (80000102 bp)...
[M::mem_process_seqs] Processed 529802 reads in 50.367 CPU sec, 7.053 real sec
[M::mem_process_seqs] Processed 529802 reads in 47.617 CPU sec, 6.531 real sec
[M::process] read 529802 sequences (80000102 bp)...
[M::mem_process_seqs] Processed 529802 reads in 44.356 CPU sec, 8.403 real sec
[M::process] read 529802 sequences (80000102 bp)...
[M::process] read 529802 sequences (80000102 bp)...
[M::mem_process_seqs] Processed 529802 reads in 47.808 CPU sec, 6.543 real sec
[M::process] read 529802 sequences (80000102 bp)...
[M::mem_process_seqs] Processed 529802 reads in 49.670 CPU sec, 6.807 real sec
[M::process] read 529802 sequences (80000102 bp)...
[M::mem_process_seqs] Processed 529802 reads in 49.680 CPU sec, 6.763 real sec
[M::mem_process_seqs] Processed 529802 reads in 49.005 CPU sec, 6.726 real sec
[M::process] read 529802 sequences (80000102 bp)...
[M::mem_process_seqs] Processed 529802 reads in 49.106 CPU sec, 6.650 real sec
[M::process] read 529802 sequences (80000102 bp)...
[M::mem_process_seqs] Processed 529802 reads in 48.977 CPU sec, 6.671 real sec
[M::process] read 529802 sequences (80000102 bp)...
[M::process] read 529802 sequences (80000102 bp)...
[M::mem_process_seqs] Processed 529802 reads in 48.829 CPU sec, 6.720 real sec
[M::process] read 529802 sequences (80000102 bp)...
[M::mem_process_seqs] Processed 529802 reads in 49.095 CPU sec, 6.698 real sec
[M::process] read 529802 sequences (80000102 bp)...
[M::mem_process_seqs] Processed 529802 reads in 48.762 CPU sec, 6.891 real sec
[M::process] read 529802 sequences (80000102 bp)...
[M::mem_process_seqs] Processed 529802 reads in 49.111 CPU sec, 6.724 real sec
[M::mem_process_seqs] Processed 529802 reads in 48.686 CPU sec, 6.599 real sec
[M::process] read 529802 sequences (80000102 bp)...
[M::process] read 529802 sequences (80000102 bp)...
[M::mem_process_seqs] Processed 529802 reads in 49.364 CPU sec, 6.673 real sec
[M::process] read 529802 sequences (80000102 bp)...
[M::mem_process_seqs] Processed 529802 reads in 49.112 CPU sec, 6.738 real sec
[M::process] read 529802 sequences (80000102 bp)...
[M::mem_process_seqs] Processed 529802 reads in 49.201 CPU sec, 6.995 real sec
[M::process] read 529802 sequences (80000102 bp)...
[M::mem_process_seqs] Processed 529802 reads in 49.413 CPU sec, 6.681 real sec
[M::process] read 529802 sequences (80000102 bp)...
[M::mem_process_seqs] Processed 529802 reads in 49.378 CPU sec, 6.813 real sec
[M::process] read 529802 sequences (80000102 bp)...
[M::mem_process_seqs] Processed 529802 reads in 49.626 CPU sec, 6.775 real sec
[M::process] read 529802 sequences (80000102 bp)...
[M::mem_process_seqs] Processed 529802 reads in 49.108 CPU sec, 6.804 real sec
[M::mem_process_seqs] Processed 529802 reads in 48.863 CPU sec, 6.727 real sec
[M::process] read 529802 sequences (80000102 bp)...
[M::process] read 529802 sequences (80000102 bp)...
[M::mem_process_seqs] Processed 529802 reads in 48.863 CPU sec, 6.756 real sec
[M::mem_process_seqs] Processed 529802 reads in 49.072 CPU sec, 6.675 real sec
[M::process] read 529802 sequences (80000102 bp)...
[M::process] read 529802 sequences (80000102 bp)...
[M::mem_process_seqs] Processed 529802 reads in 48.750 CPU sec, 6.654 real sec
[M::process] read 529802 sequences (80000102 bp)...
[M::mem_process_seqs] Processed 529802 reads in 49.401 CPU sec, 6.786 real sec
[M::process] read 529802 sequences (80000102 bp)...
[M::mem_process_seqs] Processed 529802 reads in 48.895 CPU sec, 6.638 real sec
[M::process] read 529802 sequences (80000102 bp)...
[M::mem_process_seqs] Processed 529802 reads in 48.920 CPU sec, 6.719 real sec
[M::process] read 529802 sequences (80000102 bp)...
[M::mem_process_seqs] Processed 529802 reads in 48.969 CPU sec, 6.714 real sec
[M::process] read 529802 sequences (80000102 bp)...
[M::mem_process_seqs] Processed 529802 reads in 48.645 CPU sec, 6.833 real sec
[M::process] read 529802 sequences (80000102 bp)...
[M::mem_process_seqs] Processed 529802 reads in 48.665 CPU sec, 6.889 real sec
[M::process] read 529802 sequences (80000102 bp)...
[M::mem_process_seqs] Processed 529802 reads in 48.831 CPU sec, 6.583 real sec
[M::process] read 529802 sequences (80000102 bp)...
[M::mem_process_seqs] Processed 529802 reads in 48.007 CPU sec, 6.544 real sec
[M::process] read 529802 sequences (80000102 bp)...
[M::mem_process_seqs] Processed 529802 reads in 46.587 CPU sec, 6.420 real sec
[M::process] read 529802 sequences (80000102 bp)...
[M::mem_process_seqs] Processed 529802 reads in 46.228 CPU sec, 6.294 real sec
[M::mem_process_seqs] Processed 529802 reads in 44.565 CPU sec, 6.897 real sec
[M::process] read 529802 sequences (80000102 bp)...
[M::process] read 529802 sequences (80000102 bp)...
[M::mem_process_seqs] Processed 529802 reads in 46.725 CPU sec, 6.249 real sec
[M::process] read 529802 sequences (80000102 bp)...
[M::mem_process_seqs] Processed 529802 reads in 46.864 CPU sec, 6.540 real sec
[M::process] read 529802 sequences (80000102 bp)...
[M::mem_process_seqs] Processed 529802 reads in 47.669 CPU sec, 6.502 real sec
[M::process] read 529802 sequences (80000102 bp)...
[M::mem_process_seqs] Processed 529802 reads in 47.730 CPU sec, 6.602 real sec
[M::mem_process_seqs] Processed 529802 reads in 47.015 CPU sec, 6.501 real sec
[M::process] read 529802 sequences (80000102 bp)...
[M::process] read 529802 sequences (80000102 bp)...
[M::mem_process_seqs] Processed 529802 reads in 48.006 CPU sec, 6.644 real sec
[M::process] read 529802 sequences (80000102 bp)...
[M::mem_process_seqs] Processed 529802 reads in 47.592 CPU sec, 6.470 real sec
[M::process] read 529802 sequences (80000102 bp)...
[M::mem_process_seqs] Processed 529802 reads in 47.480 CPU sec, 6.455 real sec
[M::process] read 529802 sequences (80000102 bp)...
[M::mem_process_seqs] Processed 529802 reads in 46.903 CPU sec, 6.493 real sec
[M::mem_process_seqs] Processed 529802 reads in 46.816 CPU sec, 6.337 real sec
[M::process] read 529802 sequences (80000102 bp)...
[M::process] read 529802 sequences (80000102 bp)...
[M::mem_process_seqs] Processed 529802 reads in 47.248 CPU sec, 6.450 real sec
[M::mem_process_seqs] Processed 529802 reads in 47.040 CPU sec, 6.657 real sec
[M::process] read 529802 sequences (80000102 bp)...
[M::process] read 529802 sequences (80000102 bp)...
[M::mem_process_seqs] Processed 529802 reads in 47.257 CPU sec, 6.470 real sec
[M::process] read 529802 sequences (80000102 bp)...
[M::mem_process_seqs] Processed 529802 reads in 47.840 CPU sec, 6.644 real sec
[M::process] read 529802 sequences (80000102 bp)...
[M::mem_process_seqs] Processed 529802 reads in 47.205 CPU sec, 6.630 real sec
[M::process] read 529802 sequences (80000102 bp)...
[M::mem_process_seqs] Processed 529802 reads in 47.537 CPU sec, 6.623 real sec
[M::mem_process_seqs] Processed 529802 reads in 46.935 CPU sec, 6.481 real sec
[M::process] read 529802 sequences (80000102 bp)...
[M::process] read 529802 sequences (80000102 bp)...
[M::mem_process_seqs] Processed 529802 reads in 47.284 CPU sec, 6.684 real sec
[M::process] read 529802 sequences (80000102 bp)...
[M::mem_process_seqs] Processed 529802 reads in 47.269 CPU sec, 6.580 real sec
[M::process] read 529802 sequences (80000102 bp)...
[M::mem_process_seqs] Processed 529802 reads in 47.076 CPU sec, 6.574 real sec
[M::process] read 529802 sequences (80000102 bp)...
[M::mem_process_seqs] Processed 529802 reads in 47.246 CPU sec, 6.589 real sec
[M::mem_process_seqs] Processed 529802 reads in 47.511 CPU sec, 6.508 real sec
[M::process] read 529802 sequences (80000102 bp)...
[M::mem_process_seqs] Processed 529802 reads in 47.262 CPU sec, 6.471 real sec
[M::process] read 529802 sequences (80000102 bp)...
[M::process] read 529802 sequences (80000102 bp)...
[M::mem_process_seqs] Processed 529802 reads in 46.660 CPU sec, 6.518 real sec
[M::process] read 529802 sequences (80000102 bp)...
[M::mem_process_seqs] Processed 529802 reads in 47.384 CPU sec, 6.475 real sec
[M::process] read 529802 sequences (80000102 bp)...
[M::mem_process_seqs] Processed 529802 reads in 47.174 CPU sec, 6.500 real sec
[M::process] read 529802 sequences (80000102 bp)...
[M::mem_process_seqs] Processed 529802 reads in 47.151 CPU sec, 6.743 real sec
[M::mem_process_seqs] Processed 529802 reads in 47.593 CPU sec, 6.516 real sec
[M::process] read 529802 sequences (80000102 bp)...
[M::process] read 529802 sequences (80000102 bp)...
[M::mem_process_seqs] Processed 529802 reads in 47.654 CPU sec, 6.493 real sec
[M::process] read 529802 sequences (80000102 bp)...
[M::mem_process_seqs] Processed 529802 reads in 46.979 CPU sec, 6.399 real sec
[M::process] read 529802 sequences (80000102 bp)...
[M::mem_process_seqs] Processed 529802 reads in 46.953 CPU sec, 6.341 real sec
[M::mem_process_seqs] Processed 529802 reads in 46.223 CPU sec, 6.261 real sec
[M::process] read 529802 sequences (80000102 bp)...
[M::mem_process_seqs] Processed 529802 reads in 44.595 CPU sec, 7.071 real sec
[M::process] read 529802 sequences (80000102 bp)...
[M::process] read 529802 sequences (80000102 bp)...
[M::mem_process_seqs] Processed 529802 reads in 47.420 CPU sec, 6.316 real sec
[M::mem_process_seqs] Processed 529802 reads in 46.899 CPU sec, 6.408 real sec
[M::process] read 529802 sequences (80000102 bp)...
[M::process] read 529802 sequences (80000102 bp)...
[M::mem_process_seqs] Processed 529802 reads in 47.058 CPU sec, 6.518 real sec
[M::mem_process_seqs] Processed 529802 reads in 47.211 CPU sec, 6.422 real sec
[M::process] read 529802 sequences (80000102 bp)...
[M::process] read 529802 sequences (80000102 bp)...
[M::mem_process_seqs] Processed 529802 reads in 47.590 CPU sec, 6.627 real sec
[M::process] read 529802 sequences (80000102 bp)...
[M::mem_process_seqs] Processed 529802 reads in 47.634 CPU sec, 6.501 real sec
[M::mem_process_seqs] Processed 529802 reads in 47.311 CPU sec, 6.414 real sec
[M::process] read 529802 sequences (80000102 bp)...
[M::process] read 529802 sequences (80000102 bp)...
[M::mem_process_seqs] Processed 529802 reads in 47.203 CPU sec, 6.600 real sec
[M::mem_process_seqs] Processed 529802 reads in 46.352 CPU sec, 6.322 real sec
[M::process] read 529802 sequences (80000102 bp)...
[M::process] read 529802 sequences (80000102 bp)...
[M::mem_process_seqs] Processed 529802 reads in 47.149 CPU sec, 6.350 real sec
[M::process] read 529802 sequences (80000102 bp)...
[M::mem_process_seqs] Processed 529802 reads in 47.068 CPU sec, 6.630 real sec
[M::mem_process_seqs] Processed 529802 reads in 46.741 CPU sec, 6.372 real sec
[M::process] read 529802 sequences (80000102 bp)...
[M::process] read 529802 sequences (80000102 bp)...
[M::mem_process_seqs] Processed 529802 reads in 46.994 CPU sec, 6.450 real sec
[M::mem_process_seqs] Processed 529802 reads in 46.512 CPU sec, 6.316 real sec
[M::process] read 529802 sequences (80000102 bp)...
[M::process] read 529802 sequences (80000102 bp)...
[M::mem_process_seqs] Processed 529802 reads in 46.440 CPU sec, 6.552 real sec
[M::mem_process_seqs] Processed 529802 reads in 46.372 CPU sec, 6.296 real sec
[M::process] read 529802 sequences (80000102 bp)...
[M::process] read 529802 sequences (80000102 bp)...
[M::mem_process_seqs] Processed 529802 reads in 46.580 CPU sec, 6.331 real sec
[M::mem_process_seqs] Processed 529802 reads in 46.087 CPU sec, 6.281 real sec
[M::process] read 529802 sequences (80000102 bp)...
[M::process] read 529802 sequences (80000102 bp)...
[M::mem_process_seqs] Processed 529802 reads in 46.942 CPU sec, 6.466 real sec
[M::mem_process_seqs] Processed 529802 reads in 46.797 CPU sec, 6.304 real sec
[M::process] read 529802 sequences (80000102 bp)...
[M::process] read 529802 sequences (80000102 bp)...
[M::mem_process_seqs] Processed 529802 reads in 46.717 CPU sec, 6.334 real sec
[M::mem_process_seqs] Processed 529802 reads in 45.787 CPU sec, 6.286 real sec
[M::process] read 529802 sequences (80000102 bp)...
[M::process] read 529802 sequences (80000102 bp)...
[M::mem_process_seqs] Processed 529802 reads in 46.880 CPU sec, 6.426 real sec
[M::process] read 529802 sequences (80000102 bp)...
[M::mem_process_seqs] Processed 529802 reads in 47.151 CPU sec, 6.451 real sec
[M::mem_process_seqs] Processed 529802 reads in 46.874 CPU sec, 6.373 real sec
[M::process] read 529802 sequences (80000102 bp)...
[M::process] read 529802 sequences (80000102 bp)...
[M::mem_process_seqs] Processed 529802 reads in 46.631 CPU sec, 6.391 real sec
[M::process] read 529802 sequences (80000102 bp)...
[M::mem_process_seqs] Processed 529802 reads in 46.753 CPU sec, 6.543 real sec
[M::mem_process_seqs] Processed 529802 reads in 46.864 CPU sec, 6.378 real sec
[M::process] read 529802 sequences (80000102 bp)...
[M::process] read 529802 sequences (80000102 bp)...
[M::mem_process_seqs] Processed 529802 reads in 47.048 CPU sec, 6.302 real sec
[M::mem_process_seqs] Processed 529802 reads in 46.065 CPU sec, 6.215 real sec
[M::process] read 529802 sequences (80000102 bp)...
[M::process] read 529802 sequences (80000102 bp)...
[M::mem_process_seqs] Processed 529802 reads in 46.226 CPU sec, 6.302 real sec
[M::mem_process_seqs] Processed 529802 reads in 45.712 CPU sec, 6.245 real sec
[M::process] read 529802 sequences (80000102 bp)...
[M::mem_process_seqs] Processed 529802 reads in 45.418 CPU sec, 6.845 real sec
[M::process] read 529802 sequences (80000102 bp)...
[M::process] read 529802 sequences (80000102 bp)...
[M::mem_process_seqs] Processed 529802 reads in 46.714 CPU sec, 6.267 real sec
[M::mem_process_seqs] Processed 529802 reads in 47.271 CPU sec, 6.401 real sec
[M::process] read 529802 sequences (80000102 bp)...
[M::process] read 529802 sequences (80000102 bp)...
[M::mem_process_seqs] Processed 529802 reads in 47.056 CPU sec, 6.566 real sec
[M::mem_process_seqs] Processed 529802 reads in 46.175 CPU sec, 6.382 real sec
[M::process] read 529802 sequences (80000102 bp)...
[M::process] read 529802 sequences (80000102 bp)...
[M::mem_process_seqs] Processed 529802 reads in 46.868 CPU sec, 6.324 real sec
[M::process] read 529802 sequences (80000102 bp)...
[M::mem_process_seqs] Processed 529802 reads in 46.598 CPU sec, 6.528 real sec
[M::mem_process_seqs] Processed 529802 reads in 46.536 CPU sec, 6.329 real sec
[M::process] read 529802 sequences (80000102 bp)...
[M::process] read 529802 sequences (80000102 bp)...
[M::mem_process_seqs] Processed 529802 reads in 47.277 CPU sec, 6.365 real sec
[M::process] read 529802 sequences (80000102 bp)...
[M::mem_process_seqs] Processed 529802 reads in 46.740 CPU sec, 6.669 real sec
[M::mem_process_seqs] Processed 529802 reads in 47.623 CPU sec, 6.542 real sec
[M::process] read 529802 sequences (80000102 bp)...
[M::process] read 529802 sequences (80000102 bp)...
[M::mem_process_seqs] Processed 529802 reads in 47.180 CPU sec, 6.590 real sec
[M::mem_process_seqs] Processed 529802 reads in 46.235 CPU sec, 6.302 real sec
[M::process] read 529802 sequences (80000102 bp)...
[M::process] read 529802 sequences (80000102 bp)...
[M::mem_process_seqs] Processed 529802 reads in 46.668 CPU sec, 6.248 real sec
[M::process] read 529802 sequences (80000102 bp)...
[M::mem_process_seqs] Processed 529802 reads in 46.516 CPU sec, 6.640 real sec
[M::process] read 529802 sequences (80000102 bp)...
[M::mem_process_seqs] Processed 529802 reads in 46.807 CPU sec, 6.321 real sec
[M::process] read 529802 sequences (80000102 bp)...
[M::mem_process_seqs] Processed 529802 reads in 46.419 CPU sec, 6.513 real sec
[M::mem_process_seqs] Processed 529802 reads in 46.514 CPU sec, 6.370 real sec
[M::process] read 529802 sequences (80000102 bp)...
[M::mem_process_seqs] Processed 529802 reads in 45.848 CPU sec, 6.291 real sec
[M::process] read 529802 sequences (80000102 bp)...
[M::process] read 529802 sequences (80000102 bp)...
[M::mem_process_seqs] Processed 529802 reads in 46.206 CPU sec, 6.303 real sec
[M::process] read 529802 sequences (80000102 bp)...
[M::mem_process_seqs] Processed 529802 reads in 46.528 CPU sec, 6.432 real sec
[M::process] read 529802 sequences (80000102 bp)...
[M::mem_process_seqs] Processed 529802 reads in 46.038 CPU sec, 6.390 real sec
[M::process] read 529802 sequences (80000102 bp)...
[M::mem_process_seqs] Processed 529802 reads in 46.524 CPU sec, 6.388 real sec
[M::process] read 529802 sequences (80000102 bp)...
[M::mem_process_seqs] Processed 529802 reads in 46.656 CPU sec, 6.493 real sec
[M::mem_process_seqs] Processed 529802 reads in 46.258 CPU sec, 6.388 real sec
[M::process] read 529802 sequences (80000102 bp)...
[M::process] read 529802 sequences (80000102 bp)...
[M::mem_process_seqs] Processed 529802 reads in 47.292 CPU sec, 6.340 real sec
[M::mem_process_seqs] Processed 529802 reads in 46.684 CPU sec, 6.472 real sec
[M::process] read 529802 sequences (80000102 bp)...
[M::mem_process_seqs] Processed 529802 reads in 47.059 CPU sec, 6.379 real sec
[M::process] read 529802 sequences (80000102 bp)...
[M::mem_process_seqs] Processed 529802 reads in 46.718 CPU sec, 6.320 real sec
[M::process] read 529802 sequences (80000102 bp)...
[M::mem_process_seqs] Processed 529802 reads in 44.980 CPU sec, 6.131 real sec
[M::process] read 529802 sequences (80000102 bp)...
[M::process] read 529802 sequences (80000102 bp)...
[M::mem_process_seqs] Processed 529802 reads in 45.630 CPU sec, 6.225 real sec
[M::mem_process_seqs] Processed 529802 reads in 45.587 CPU sec, 6.262 real sec
[M::process] read 529802 sequences (80000102 bp)...
[M::process] read 529802 sequences (80000102 bp)...
[M::mem_process_seqs] Processed 529802 reads in 46.714 CPU sec, 6.284 real sec
[M::mem_process_seqs] Processed 529802 reads in 45.161 CPU sec, 6.785 real sec
[M::process] read 529802 sequences (80000102 bp)...
[M::process] read 529802 sequences (80000102 bp)...
[M::mem_process_seqs] Processed 529802 reads in 47.115 CPU sec, 6.274 real sec
[M::mem_process_seqs] Processed 529802 reads in 45.630 CPU sec, 6.277 real sec
[M::process] read 529802 sequences (80000102 bp)...
[M::process] read 529802 sequences (80000102 bp)...
[M::mem_process_seqs] Processed 529802 reads in 46.197 CPU sec, 6.322 real sec
[M::process] read 529802 sequences (80000102 bp)...
[M::mem_process_seqs] Processed 529802 reads in 46.154 CPU sec, 6.532 real sec
[M::process] read 529802 sequences (80000102 bp)...
[M::mem_process_seqs] Processed 529802 reads in 46.738 CPU sec, 6.527 real sec
[M::mem_process_seqs] Processed 529802 reads in 45.190 CPU sec, 6.169 real sec
[M::process] read 529802 sequences (80000102 bp)...
[M::process] read 529802 sequences (80000102 bp)...
[M::mem_process_seqs] Processed 529802 reads in 46.416 CPU sec, 6.330 real sec
[M::process] read 529802 sequences (80000102 bp)...
[M::mem_process_seqs] Processed 529802 reads in 46.392 CPU sec, 6.392 real sec
[M::mem_process_seqs] Processed 529802 reads in 45.122 CPU sec, 6.142 real sec
[M::process] read 529802 sequences (80000102 bp)...
[M::process] read 529802 sequences (80000102 bp)...
[M::mem_process_seqs] Processed 529802 reads in 45.963 CPU sec, 6.163 real sec
[M::process] read 529802 sequences (80000102 bp)...
[M::mem_process_seqs] Processed 529802 reads in 46.112 CPU sec, 6.430 real sec
[M::mem_process_seqs] Processed 529802 reads in 45.747 CPU sec, 6.265 real sec
[M::process] read 529802 sequences (80000102 bp)...
[M::mem_process_seqs] Processed 529802 reads in 46.727 CPU sec, 6.489 real sec
[M::process] read 529802 sequences (80000102 bp)...
[M::mem_process_seqs] Processed 529802 reads in 45.733 CPU sec, 6.255 real sec
[M::process] read 529802 sequences (80000102 bp)...
[M::mem_process_seqs] Processed 529802 reads in 45.256 CPU sec, 6.196 real sec
[M::process] read 529802 sequences (80000102 bp)...
[M::process] read 529802 sequences (80000102 bp)...
[M::mem_process_seqs] Processed 529802 reads in 46.733 CPU sec, 6.335 real sec
[M::mem_process_seqs] Processed 529802 reads in 47.282 CPU sec, 6.412 real sec
[M::process] read 529802 sequences (80000102 bp)...
[M::process] read 529802 sequences (80000102 bp)...
[M::mem_process_seqs] Processed 529802 reads in 47.692 CPU sec, 6.486 real sec
[M::mem_process_seqs] Processed 529802 reads in 46.652 CPU sec, 6.388 real sec
[M::process] read 529802 sequences (80000102 bp)...
[M::mem_process_seqs] Processed 529802 reads in 46.709 CPU sec, 6.255 real sec
[M::process] read 529802 sequences (80000102 bp)...
[M::process] read 529802 sequences (80000102 bp)...
[M::mem_process_seqs] Processed 529802 reads in 47.740 CPU sec, 6.409 real sec
[M::mem_process_seqs] Processed 529802 reads in 46.478 CPU sec, 6.315 real sec
[M::process] read 529802 sequences (80000102 bp)...
[M::process] read 529802 sequences (80000102 bp)...
[M::mem_process_seqs] Processed 529802 reads in 47.251 CPU sec, 6.301 real sec
[M::mem_process_seqs] Processed 529802 reads in 46.561 CPU sec, 6.689 real sec
[M::process] read 529802 sequences (80000102 bp)...
[M::process] read 529802 sequences (80000102 bp)...
[M::mem_process_seqs] Processed 529802 reads in 47.472 CPU sec, 6.330 real sec
[M::mem_process_seqs] Processed 529802 reads in 47.807 CPU sec, 6.526 real sec
[M::process] read 529802 sequences (80000102 bp)...
[M::process] read 529802 sequences (80000102 bp)...
[M::mem_process_seqs] Processed 529802 reads in 47.496 CPU sec, 6.519 real sec
[M::mem_process_seqs] Processed 529802 reads in 47.596 CPU sec, 6.452 real sec
[M::process] read 529802 sequences (80000102 bp)...
[M::process] read 529802 sequences (80000102 bp)...
[M::mem_process_seqs] Processed 529802 reads in 47.353 CPU sec, 6.422 real sec
[M::mem_process_seqs] Processed 529802 reads in 46.320 CPU sec, 6.292 real sec
[M::process] read 529802 sequences (80000102 bp)...
[M::process] read 529802 sequences (80000102 bp)...
[M::mem_process_seqs] Processed 529802 reads in 46.955 CPU sec, 6.289 real sec
[M::process] read 529802 sequences (80000102 bp)...
[M::mem_process_seqs] Processed 529802 reads in 47.568 CPU sec, 6.439 real sec
[M::mem_process_seqs] Processed 529802 reads in 46.701 CPU sec, 6.766 real sec
[M::process] read 529802 sequences (80000102 bp)...
[M::process] read 529802 sequences (80000102 bp)...
[M::mem_process_seqs] Processed 529802 reads in 46.473 CPU sec, 6.232 real sec
[M::mem_process_seqs] Processed 529802 reads in 46.361 CPU sec, 6.325 real sec
[M::process] read 529802 sequences (80000102 bp)...
[M::process] read 529802 sequences (80000102 bp)...
[M::mem_process_seqs] Processed 529802 reads in 46.808 CPU sec, 6.356 real sec
[M::mem_process_seqs] Processed 529802 reads in 46.164 CPU sec, 6.304 real sec
[M::process] read 529802 sequences (80000102 bp)...
[M::process] read 529802 sequences (80000102 bp)...
[M::mem_process_seqs] Processed 529802 reads in 46.799 CPU sec, 6.215 real sec
[M::mem_process_seqs] Processed 529802 reads in 45.329 CPU sec, 6.283 real sec
[M::process] read 529802 sequences (80000102 bp)...
[M::process] read 529802 sequences (80000102 bp)...
[M::mem_process_seqs] Processed 529802 reads in 46.445 CPU sec, 6.191 real sec
[M::mem_process_seqs] Processed 529802 reads in 45.309 CPU sec, 6.213 real sec
[M::process] read 529802 sequences (80000102 bp)...
[M::process] read 529802 sequences (80000102 bp)...
[M::mem_process_seqs] Processed 529802 reads in 46.121 CPU sec, 6.177 real sec
[M::mem_process_seqs] Processed 529802 reads in 45.069 CPU sec, 6.212 real sec
[M::process] read 529802 sequences (80000102 bp)...
[M::process] read 529802 sequences (80000102 bp)...
[M::mem_process_seqs] Processed 529802 reads in 46.409 CPU sec, 6.315 real sec
[M::mem_process_seqs] Processed 529802 reads in 45.132 CPU sec, 6.186 real sec
[M::process] read 529802 sequences (80000102 bp)...
[M::process] read 529802 sequences (80000102 bp)...
[M::mem_process_seqs] Processed 529802 reads in 46.736 CPU sec, 6.211 real sec
[M::mem_process_seqs] Processed 529802 reads in 46.182 CPU sec, 6.294 real sec
[M::process] read 529802 sequences (80000102 bp)...
[M::mem_process_seqs] Processed 529802 reads in 46.448 CPU sec, 6.348 real sec
[M::process] read 529802 sequences (80000102 bp)...
[M::mem_process_seqs] Processed 529802 reads in 45.272 CPU sec, 6.219 real sec
[M::process] read 529802 sequences (80000102 bp)...
[M::mem_process_seqs] Processed 529802 reads in 44.964 CPU sec, 6.098 real sec
[M::process] read 529802 sequences (80000102 bp)...
[M::process] read 529802 sequences (80000102 bp)...
[M::mem_process_seqs] Processed 529802 reads in 45.292 CPU sec, 6.066 real sec
[M::mem_process_seqs] Processed 529802 reads in 45.339 CPU sec, 6.217 real sec
[M::process] read 529802 sequences (80000102 bp)...
[M::mem_process_seqs] Processed 529802 reads in 45.288 CPU sec, 6.123 real sec
[M::process] read 529802 sequences (80000102 bp)...
[M::mem_process_seqs] Processed 529802 reads in 45.424 CPU sec, 6.144 real sec
[M::process] read 529802 sequences (80000102 bp)...
[M::mem_process_seqs] Processed 529802 reads in 44.462 CPU sec, 6.109 real sec
[M::process] read 529802 sequences (80000102 bp)...
[M::process] read 529802 sequences (80000102 bp)...
[M::mem_process_seqs] Processed 529802 reads in 45.183 CPU sec, 6.049 real sec
[M::mem_process_seqs] Processed 529802 reads in 44.421 CPU sec, 6.159 real sec
[M::process] read 529802 sequences (80000102 bp)...
[M::process] read 529802 sequences (80000102 bp)...
[M::mem_process_seqs] Processed 529802 reads in 46.820 CPU sec, 6.275 real sec
[M::mem_process_seqs] Processed 529802 reads in 44.422 CPU sec, 6.080 real sec
[M::process] read 529802 sequences (80000102 bp)...
[M::process] read 529802 sequences (80000102 bp)...
[M::mem_process_seqs] Processed 529802 reads in 45.246 CPU sec, 5.992 real sec
[M::mem_process_seqs] Processed 529802 reads in 43.313 CPU sec, 6.041 real sec
[M::process] read 529802 sequences (80000102 bp)...
[M::process] read 529802 sequences (80000102 bp)...
[M::mem_process_seqs] Processed 529802 reads in 43.896 CPU sec, 5.826 real sec
[M::mem_process_seqs] Processed 529802 reads in 44.762 CPU sec, 6.178 real sec
[M::process] read 529802 sequences (80000102 bp)...
[M::mem_process_seqs] Processed 529802 reads in 44.477 CPU sec, 6.038 real sec
[M::process] read 529802 sequences (80000102 bp)...
[M::mem_process_seqs] Processed 529802 reads in 44.682 CPU sec, 6.014 real sec
[M::process] read 529802 sequences (80000102 bp)...
[M::process] read 529802 sequences (80000102 bp)...
[M::mem_process_seqs] Processed 529802 reads in 45.050 CPU sec, 6.099 real sec
[M::mem_process_seqs] Processed 529802 reads in 43.261 CPU sec, 6.619 real sec
[M::process] read 529802 sequences (80000102 bp)...
[M::process] read 529802 sequences (80000102 bp)...
[M::mem_process_seqs] Processed 529802 reads in 43.789 CPU sec, 5.994 real sec
[M::mem_process_seqs] Processed 529802 reads in 43.285 CPU sec, 5.888 real sec
[M::process] read 529802 sequences (80000102 bp)...
[M::process] read 529802 sequences (80000102 bp)...
[M::mem_process_seqs] Processed 529802 reads in 43.079 CPU sec, 5.666 real sec
[M::process] read 529802 sequences (80000102 bp)...
[M::mem_process_seqs] Processed 529802 reads in 44.243 CPU sec, 6.004 real sec
[M::mem_process_seqs] Processed 529802 reads in 43.293 CPU sec, 5.909 real sec
[M::process] read 529802 sequences (80000102 bp)...
[M::process] read 529802 sequences (80000102 bp)...
[M::mem_process_seqs] Processed 529802 reads in 43.903 CPU sec, 5.864 real sec
[M::mem_process_seqs] Processed 529802 reads in 43.213 CPU sec, 5.886 real sec
[M::process] read 529802 sequences (80000102 bp)...
[M::process] read 529802 sequences (80000102 bp)...
[M::mem_process_seqs] Processed 529802 reads in 43.894 CPU sec, 5.911 real sec
[M::mem_process_seqs] Processed 529802 reads in 43.146 CPU sec, 5.843 real sec
[M::process] read 529802 sequences (80000102 bp)...
[M::process] read 529802 sequences (80000102 bp)...
[M::mem_process_seqs] Processed 529802 reads in 42.674 CPU sec, 5.993 real sec
[M::mem_process_seqs] Processed 529802 reads in 43.481 CPU sec, 6.013 real sec
[M::process] read 529802 sequences (80000102 bp)...
[M::process] read 529802 sequences (80000102 bp)...
[M::mem_process_seqs] Processed 529802 reads in 43.397 CPU sec, 5.977 real sec
[M::mem_process_seqs] Processed 529802 reads in 41.808 CPU sec, 5.730 real sec
[M::process] read 529802 sequences (80000102 bp)...
[M::process] read 529802 sequences (80000102 bp)...
[M::mem_process_seqs] Processed 529802 reads in 43.178 CPU sec, 5.778 real sec
[M::mem_process_seqs] Processed 529802 reads in 41.864 CPU sec, 5.692 real sec
[M::process] read 529802 sequences (80000102 bp)...
[M::mem_process_seqs] Processed 529802 reads in 42.640 CPU sec, 5.759 real sec
[M::process] read 529802 sequences (80000102 bp)...
[M::mem_process_seqs] Processed 529802 reads in 41.479 CPU sec, 5.597 real sec
[M::process] read 529802 sequences (80000102 bp)...
[M::process] read 529802 sequences (80000102 bp)...
[M::mem_process_seqs] Processed 529802 reads in 41.685 CPU sec, 5.567 real sec
[M::mem_process_seqs] Processed 529802 reads in 41.617 CPU sec, 5.850 real sec
[M::process] read 529802 sequences (80000102 bp)...
[M::mem_process_seqs] Processed 529802 reads in 41.486 CPU sec, 5.542 real sec
[M::process] read 529802 sequences (80000102 bp)...
[M::process] read 529802 sequences (80000102 bp)...
[M::mem_process_seqs] Processed 529802 reads in 41.352 CPU sec, 5.588 real sec
[M::mem_process_seqs] Processed 529802 reads in 41.590 CPU sec, 5.672 real sec
[M::process] read 529802 sequences (80000102 bp)...
[M::mem_process_seqs] Processed 529802 reads in 41.807 CPU sec, 5.581 real sec
[M::process] read 529802 sequences (80000102 bp)...
[M::mem_process_seqs] Processed 529802 reads in 41.418 CPU sec, 5.602 real sec
[M::process] read 529802 sequences (80000102 bp)...
[M::process] read 529802 sequences (80000102 bp)...
[M::mem_process_seqs] Processed 529802 reads in 41.819 CPU sec, 5.720 real sec
[M::mem_process_seqs] Processed 529802 reads in 40.694 CPU sec, 5.533 real sec
[M::process] read 529802 sequences (80000102 bp)...
[M::process] read 529802 sequences (80000102 bp)...
[M::mem_process_seqs] Processed 529802 reads in 41.029 CPU sec, 5.401 real sec
[M::mem_process_seqs] Processed 529802 reads in 40.257 CPU sec, 5.459 real sec
[M::process] read 529802 sequences (80000102 bp)...
[M::mem_process_seqs] Processed 529802 reads in 41.162 CPU sec, 5.721 real sec
[M::process] read 529802 sequences (80000102 bp)...
[M::mem_process_seqs] Processed 529802 reads in 40.082 CPU sec, 6.549 real sec
[M::process] read 529802 sequences (80000102 bp)...
[M::process] read 529802 sequences (80000102 bp)...
[M::mem_process_seqs] Processed 529802 reads in 41.550 CPU sec, 5.643 real sec
[M::mem_process_seqs] Processed 529802 reads in 41.541 CPU sec, 5.683 real sec
[M::process] read 529802 sequences (80000102 bp)...
[M::mem_process_seqs] Processed 529802 reads in 39.806 CPU sec, 6.084 real sec
[M::process] read 529802 sequences (80000102 bp)...
[M::process] read 529802 sequences (80000102 bp)...
[M::mem_process_seqs] Processed 529802 reads in 40.617 CPU sec, 5.413 real sec
[M::mem_process_seqs] Processed 529802 reads in 40.216 CPU sec, 5.449 real sec
[M::process] read 529802 sequences (80000102 bp)...
[M::mem_process_seqs] Processed 529802 reads in 39.835 CPU sec, 5.392 real sec
[M::process] read 529802 sequences (80000102 bp)...
[M::process] read 529802 sequences (80000102 bp)...
[M::mem_process_seqs] Processed 529802 reads in 40.086 CPU sec, 5.486 real sec
[M::mem_process_seqs] Processed 529802 reads in 40.101 CPU sec, 5.674 real sec
[M::process] read 529802 sequences (80000102 bp)...
[M::mem_process_seqs] Processed 529802 reads in 39.768 CPU sec, 5.379 real sec
[M::process] read 529802 sequences (80000102 bp)...
[M::process] read 529802 sequences (80000102 bp)...
[M::mem_process_seqs] Processed 529802 reads in 40.088 CPU sec, 5.490 real sec
[M::mem_process_seqs] Processed 529802 reads in 39.471 CPU sec, 5.520 real sec
[M::process] read 529802 sequences (80000102 bp)...
[M::process] read 529802 sequences (80000102 bp)...
[M::mem_process_seqs] Processed 529802 reads in 39.865 CPU sec, 5.494 real sec
[M::mem_process_seqs] Processed 529802 reads in 39.566 CPU sec, 5.400 real sec
[M::process] read 529802 sequences (80000102 bp)...
[M::process] read 529802 sequences (80000102 bp)...
[M::mem_process_seqs] Processed 529802 reads in 40.334 CPU sec, 5.378 real sec
[M::mem_process_seqs] Processed 529802 reads in 39.031 CPU sec, 5.548 real sec
[M::process] read 529802 sequences (80000102 bp)...
[M::process] read 529802 sequences (80000102 bp)...
[M::mem_process_seqs] Processed 529802 reads in 39.514 CPU sec, 5.519 real sec
[M::process] read 529802 sequences (80000102 bp)...
[M::mem_process_seqs] Processed 529802 reads in 39.713 CPU sec, 5.505 real sec
[M::mem_process_seqs] Processed 529802 reads in 39.203 CPU sec, 5.339 real sec
[M::process] read 529802 sequences (80000102 bp)...
[M::mem_process_seqs] Processed 529802 reads in 40.059 CPU sec, 5.303 real sec
[M::process] read 529802 sequences (80000102 bp)...
[M::mem_process_seqs] Processed 529802 reads in 39.218 CPU sec, 5.337 real sec
[M::process] read 529802 sequences (80000102 bp)...
[M::process] read 529802 sequences (80000102 bp)...
[M::mem_process_seqs] Processed 529802 reads in 39.835 CPU sec, 5.304 real sec
[M::mem_process_seqs] Processed 529802 reads in 38.851 CPU sec, 5.280 real sec
[M::process] read 529802 sequences (80000102 bp)...
[M::process] read 529802 sequences (80000102 bp)...
[M::mem_process_seqs] Processed 529802 reads in 39.788 CPU sec, 5.476 real sec
[M::mem_process_seqs] Processed 529802 reads in 40.203 CPU sec, 5.464 real sec
[M::process] read 529802 sequences (80000102 bp)...
[M::mem_process_seqs] Processed 529802 reads in 39.524 CPU sec, 5.365 real sec
[M::process] read 529802 sequences (80000102 bp)...
[M::mem_process_seqs] Processed 529802 reads in 38.786 CPU sec, 5.305 real sec
[M::process] read 529802 sequences (80000102 bp)...
[M::process] read 529802 sequences (80000102 bp)...
[M::mem_process_seqs] Processed 529802 reads in 39.507 CPU sec, 5.419 real sec
[M::mem_process_seqs] Processed 529802 reads in 38.829 CPU sec, 5.278 real sec
[M::process] read 529802 sequences (80000102 bp)...
[M::process] read 529802 sequences (80000102 bp)...
[M::mem_process_seqs] Processed 529802 reads in 39.937 CPU sec, 5.342 real sec
[M::mem_process_seqs] Processed 529802 reads in 39.316 CPU sec, 5.341 real sec
[M::process] read 394259 sequences (59533109 bp)...
[M::mem_process_seqs] Processed 394259 reads in 29.017 CPU sec, 3.955 real sec
[main] Version: 0.7.19-r1273
[main] CMD: bwa mem -t 8 ../reference/rRNA/rRNA_reference_Dmel_wMel.fasta /private/groups/russelllab/jodie/sequencing_data/scRNAseq/PIP-seq_cells/Jacobs_10524_241203B9/JW18wMel-Ctrl-2_S36_L003_R2_001.fastq.gz
[main] Real time: 1968.382 sec; CPU: 13321.769 sec
[bam_sort_core] merging from 8 files and 8 in-memory blocks...
Alignment complete for JW18wMel-Ctrl-2_pipseq
Filtered to 0 reads in rRNA regions
