Starting BWA alignment for JW18DOX-SV-2_pipseq
[M::bwa_idx_load_from_disk] read 0 ALT contigs
[M::process] read 529802 sequences (80000102 bp)...
[M::process] read 529802 sequences (80000102 bp)...
[M::mem_process_seqs] Processed 529802 reads in 38.474 CPU sec, 4.947 real sec
[M::process] read 529802 sequences (80000102 bp)...
[M::mem_process_seqs] Processed 529802 reads in 38.487 CPU sec, 5.482 real sec
[M::process] read 529802 sequences (80000102 bp)...
[M::mem_process_seqs] Processed 529802 reads in 38.209 CPU sec, 5.347 real sec
[M::process] read 529802 sequences (80000102 bp)...
[M::mem_process_seqs] Processed 529802 reads in 38.513 CPU sec, 5.328 real sec
[M::process] read 529802 sequences (80000102 bp)...
[M::mem_process_seqs] Processed 529802 reads in 38.248 CPU sec, 5.425 real sec
[M::process] read 529802 sequences (80000102 bp)...
[M::mem_process_seqs] Processed 529802 reads in 38.300 CPU sec, 5.433 real sec
[M::process] read 529802 sequences (80000102 bp)...
[M::mem_process_seqs] Processed 529802 reads in 37.984 CPU sec, 5.450 real sec
[M::mem_process_seqs] Processed 529802 reads in 38.185 CPU sec, 5.262 real sec
[M::process] read 529802 sequences (80000102 bp)...
[M::process] read 529802 sequences (80000102 bp)...
[M::mem_process_seqs] Processed 529802 reads in 37.858 CPU sec, 5.415 real sec
[M::mem_process_seqs] Processed 529802 reads in 38.533 CPU sec, 5.272 real sec
[M::process] read 529802 sequences (80000102 bp)...
[M::process] read 529802 sequences (80000102 bp)...
[M::mem_process_seqs] Processed 529802 reads in 38.281 CPU sec, 5.440 real sec
[M::process] read 529802 sequences (80000102 bp)...
[M::mem_process_seqs] Processed 529802 reads in 37.956 CPU sec, 5.271 real sec
[M::process] read 529802 sequences (80000102 bp)...
[M::mem_process_seqs] Processed 529802 reads in 37.954 CPU sec, 5.289 real sec
[M::process] read 529802 sequences (80000102 bp)...
[M::mem_process_seqs] Processed 529802 reads in 38.498 CPU sec, 5.446 real sec
[M::process] read 529802 sequences (80000102 bp)...
[M::mem_process_seqs] Processed 529802 reads in 37.836 CPU sec, 5.386 real sec
[M::process] read 529802 sequences (80000102 bp)...
[M::mem_process_seqs] Processed 529802 reads in 38.386 CPU sec, 5.429 real sec
[M::mem_process_seqs] Processed 529802 reads in 39.370 CPU sec, 5.461 real sec
[M::process] read 529802 sequences (80000102 bp)...
[M::mem_process_seqs] Processed 529802 reads in 39.687 CPU sec, 5.315 real sec
[M::process] read 529802 sequences (80000102 bp)...
[M::mem_process_seqs] Processed 529802 reads in 39.039 CPU sec, 5.321 real sec
[M::process] read 529802 sequences (80000102 bp)...
[M::process] read 529802 sequences (80000102 bp)...
[M::mem_process_seqs] Processed 529802 reads in 40.198 CPU sec, 5.467 real sec
[M::mem_process_seqs] Processed 529802 reads in 41.357 CPU sec, 5.720 real sec
[M::process] read 529802 sequences (80000102 bp)...
[M::mem_process_seqs] Processed 529802 reads in 40.751 CPU sec, 5.430 real sec
[M::process] read 529802 sequences (80000102 bp)...
[M::mem_process_seqs] Processed 529802 reads in 39.780 CPU sec, 5.392 real sec
[M::process] read 529802 sequences (80000102 bp)...
[M::mem_process_seqs] Processed 529802 reads in 39.815 CPU sec, 5.415 real sec
[M::process] read 529802 sequences (80000102 bp)...
[M::process] read 529802 sequences (80000102 bp)...
[M::mem_process_seqs] Processed 529802 reads in 39.300 CPU sec, 5.431 real sec
[M::mem_process_seqs] Processed 529802 reads in 38.939 CPU sec, 5.318 real sec
[M::process] read 529802 sequences (80000102 bp)...
[M::process] read 529802 sequences (80000102 bp)...
[M::mem_process_seqs] Processed 529802 reads in 39.858 CPU sec, 5.345 real sec
[M::process] read 529802 sequences (80000102 bp)...
[M::mem_process_seqs] Processed 529802 reads in 39.274 CPU sec, 5.321 real sec
[M::mem_process_seqs] Processed 529802 reads in 39.549 CPU sec, 5.389 real sec
[M::process] read 529802 sequences (80000102 bp)...
[M::mem_process_seqs] Processed 529802 reads in 39.998 CPU sec, 5.392 real sec
[M::process] read 529802 sequences (80000102 bp)...
[M::mem_process_seqs] Processed 529802 reads in 44.116 CPU sec, 5.974 real sec
[M::process] read 529802 sequences (80000102 bp)...
[M::mem_process_seqs] Processed 529802 reads in 44.378 CPU sec, 6.575 real sec
[M::process] read 529802 sequences (80000102 bp)...
[M::process] read 529802 sequences (80000102 bp)...
[M::mem_process_seqs] Processed 529802 reads in 45.511 CPU sec, 6.136 real sec
[M::mem_process_seqs] Processed 529802 reads in 47.699 CPU sec, 6.557 real sec
[M::process] read 529802 sequences (80000102 bp)...
[M::mem_process_seqs] Processed 529802 reads in 46.248 CPU sec, 7.058 real sec
[M::process] read 529802 sequences (80000102 bp)...
[M::process] read 529802 sequences (80000102 bp)...
[M::mem_process_seqs] Processed 529802 reads in 47.398 CPU sec, 6.185 real sec
[M::mem_process_seqs] Processed 529802 reads in 48.377 CPU sec, 6.563 real sec
[M::process] read 529802 sequences (80000102 bp)...
[M::process] read 529802 sequences (80000102 bp)...
[M::mem_process_seqs] Processed 529802 reads in 49.343 CPU sec, 6.679 real sec
[M::process] read 529802 sequences (80000102 bp)...
[M::mem_process_seqs] Processed 529802 reads in 49.327 CPU sec, 6.670 real sec
[M::process] read 529802 sequences (80000102 bp)...
[M::mem_process_seqs] Processed 529802 reads in 48.918 CPU sec, 6.659 real sec
[M::mem_process_seqs] Processed 529802 reads in 48.601 CPU sec, 6.586 real sec
[M::process] read 529802 sequences (80000102 bp)...
[M::process] read 529802 sequences (80000102 bp)...
[M::mem_process_seqs] Processed 529802 reads in 48.924 CPU sec, 6.791 real sec
[M::mem_process_seqs] Processed 529802 reads in 48.298 CPU sec, 6.565 real sec
[M::process] read 529802 sequences (80000102 bp)...
[M::process] read 529802 sequences (80000102 bp)...
[M::mem_process_seqs] Processed 529802 reads in 48.117 CPU sec, 6.549 real sec
[M::mem_process_seqs] Processed 529802 reads in 48.271 CPU sec, 6.589 real sec
[M::process] read 529802 sequences (80000102 bp)...
[M::process] read 529802 sequences (80000102 bp)...
[M::mem_process_seqs] Processed 529802 reads in 48.509 CPU sec, 6.505 real sec
[M::mem_process_seqs] Processed 529802 reads in 47.760 CPU sec, 6.515 real sec
[M::process] read 529802 sequences (80000102 bp)...
[M::process] read 529802 sequences (80000102 bp)...
[M::mem_process_seqs] Processed 529802 reads in 49.134 CPU sec, 6.593 real sec
[M::process] read 529802 sequences (80000102 bp)...
[M::mem_process_seqs] Processed 529802 reads in 48.872 CPU sec, 6.705 real sec
[M::mem_process_seqs] Processed 529802 reads in 48.883 CPU sec, 6.588 real sec
[M::process] read 529802 sequences (80000102 bp)...
[M::mem_process_seqs] Processed 529802 reads in 48.443 CPU sec, 6.514 real sec
[M::process] read 529802 sequences (80000102 bp)...
[M::process] read 529802 sequences (80000102 bp)...
[M::mem_process_seqs] Processed 529802 reads in 49.461 CPU sec, 6.664 real sec
[M::process] read 529802 sequences (80000102 bp)...
[M::mem_process_seqs] Processed 529802 reads in 48.705 CPU sec, 6.624 real sec
[M::mem_process_seqs] Processed 529802 reads in 48.671 CPU sec, 6.595 real sec
[M::process] read 529802 sequences (80000102 bp)...
[M::mem_process_seqs] Processed 529802 reads in 48.685 CPU sec, 6.542 real sec
[M::process] read 529802 sequences (80000102 bp)...
[M::mem_process_seqs] Processed 529802 reads in 49.082 CPU sec, 6.646 real sec
[M::process] read 529802 sequences (80000102 bp)...
[M::process] read 529802 sequences (80000102 bp)...
[M::mem_process_seqs] Processed 529802 reads in 48.910 CPU sec, 6.689 real sec
[M::mem_process_seqs] Processed 529802 reads in 48.364 CPU sec, 6.562 real sec
[M::process] read 529802 sequences (80000102 bp)...
[M::process] read 529802 sequences (80000102 bp)...
[M::mem_process_seqs] Processed 529802 reads in 48.862 CPU sec, 6.534 real sec
[M::mem_process_seqs] Processed 529802 reads in 48.806 CPU sec, 6.599 real sec
[M::process] read 529802 sequences (80000102 bp)...
[M::mem_process_seqs] Processed 529802 reads in 48.680 CPU sec, 6.588 real sec
[M::process] read 529802 sequences (80000102 bp)...
[M::process] read 529802 sequences (80000102 bp)...
[M::mem_process_seqs] Processed 529802 reads in 48.898 CPU sec, 6.575 real sec
[M::process] read 529802 sequences (80000102 bp)...
[M::mem_process_seqs] Processed 529802 reads in 48.595 CPU sec, 6.586 real sec
[M::mem_process_seqs] Processed 529802 reads in 48.234 CPU sec, 6.547 real sec
[M::process] read 529802 sequences (80000102 bp)...
[M::process] read 529802 sequences (80000102 bp)...
[M::mem_process_seqs] Processed 529802 reads in 47.525 CPU sec, 6.573 real sec
[M::process] read 529802 sequences (80000102 bp)...
[M::mem_process_seqs] Processed 529802 reads in 46.382 CPU sec, 6.394 real sec
[M::process] read 529802 sequences (80000102 bp)...
[M::mem_process_seqs] Processed 529802 reads in 44.514 CPU sec, 6.175 real sec
[M::mem_process_seqs] Processed 529802 reads in 42.999 CPU sec, 6.593 real sec
[M::process] read 529802 sequences (80000102 bp)...
[M::process] read 529802 sequences (80000102 bp)...
[M::mem_process_seqs] Processed 529802 reads in 44.685 CPU sec, 5.919 real sec
[M::mem_process_seqs] Processed 529802 reads in 44.547 CPU sec, 6.188 real sec
[M::process] read 529802 sequences (80000102 bp)...
[M::process] read 529802 sequences (80000102 bp)...
[M::mem_process_seqs] Processed 529802 reads in 45.123 CPU sec, 6.321 real sec
[M::process] read 529802 sequences (80000102 bp)...
[M::mem_process_seqs] Processed 529802 reads in 45.179 CPU sec, 6.253 real sec
[M::process] read 529802 sequences (80000102 bp)...
[M::mem_process_seqs] Processed 529802 reads in 45.921 CPU sec, 6.221 real sec
[M::process] read 529802 sequences (80000102 bp)...
[M::mem_process_seqs] Processed 529802 reads in 44.741 CPU sec, 6.378 real sec
[M::process] read 529802 sequences (80000102 bp)...
[M::mem_process_seqs] Processed 529802 reads in 44.777 CPU sec, 6.322 real sec
[M::process] read 529802 sequences (80000102 bp)...
[M::mem_process_seqs] Processed 529802 reads in 45.891 CPU sec, 6.485 real sec
[M::process] read 529802 sequences (80000102 bp)...
[M::mem_process_seqs] Processed 529802 reads in 45.334 CPU sec, 6.370 real sec
[M::process] read 529802 sequences (80000102 bp)...
[M::mem_process_seqs] Processed 529802 reads in 44.699 CPU sec, 6.252 real sec
[M::process] read 529802 sequences (80000102 bp)...
[M::mem_process_seqs] Processed 529802 reads in 45.249 CPU sec, 6.293 real sec
[M::process] read 529802 sequences (80000102 bp)...
[M::mem_process_seqs] Processed 529802 reads in 44.878 CPU sec, 6.202 real sec
[M::process] read 529802 sequences (80000102 bp)...
[M::mem_process_seqs] Processed 529802 reads in 44.924 CPU sec, 6.307 real sec
[M::mem_process_seqs] Processed 529802 reads in 45.128 CPU sec, 6.079 real sec
[M::process] read 529802 sequences (80000102 bp)...
[M::process] read 529802 sequences (80000102 bp)...
[M::mem_process_seqs] Processed 529802 reads in 45.105 CPU sec, 6.237 real sec
[M::process] read 529802 sequences (80000102 bp)...
[M::mem_process_seqs] Processed 529802 reads in 45.200 CPU sec, 6.248 real sec
[M::process] read 529802 sequences (80000102 bp)...
[M::mem_process_seqs] Processed 529802 reads in 44.940 CPU sec, 6.378 real sec
[M::process] read 529802 sequences (80000102 bp)...
[M::mem_process_seqs] Processed 529802 reads in 44.893 CPU sec, 6.365 real sec
[M::process] read 529802 sequences (80000102 bp)...
[M::mem_process_seqs] Processed 529802 reads in 44.968 CPU sec, 6.461 real sec
[M::process] read 529802 sequences (80000102 bp)...
[M::mem_process_seqs] Processed 529802 reads in 45.140 CPU sec, 6.211 real sec
[M::process] read 529802 sequences (80000102 bp)...
[M::mem_process_seqs] Processed 529802 reads in 44.611 CPU sec, 6.231 real sec
[M::process] read 529802 sequences (80000102 bp)...
[M::mem_process_seqs] Processed 529802 reads in 44.540 CPU sec, 6.409 real sec
[M::process] read 529802 sequences (80000102 bp)...
[M::mem_process_seqs] Processed 529802 reads in 44.807 CPU sec, 6.293 real sec
[M::process] read 529802 sequences (80000102 bp)...
[M::mem_process_seqs] Processed 529802 reads in 44.986 CPU sec, 6.474 real sec
[M::process] read 529802 sequences (80000102 bp)...
[M::mem_process_seqs] Processed 529802 reads in 45.298 CPU sec, 6.467 real sec
[M::process] read 529802 sequences (80000102 bp)...
[M::mem_process_seqs] Processed 529802 reads in 44.637 CPU sec, 6.310 real sec
[M::process] read 529802 sequences (80000102 bp)...
[M::mem_process_seqs] Processed 529802 reads in 45.265 CPU sec, 6.285 real sec
[M::process] read 529802 sequences (80000102 bp)...
[M::mem_process_seqs] Processed 529802 reads in 44.962 CPU sec, 6.218 real sec
[M::process] read 529802 sequences (80000102 bp)...
[M::mem_process_seqs] Processed 529802 reads in 45.052 CPU sec, 6.220 real sec
[M::mem_process_seqs] Processed 529802 reads in 45.688 CPU sec, 6.137 real sec
[M::process] read 529802 sequences (80000102 bp)...
[M::mem_process_seqs] Processed 529802 reads in 45.318 CPU sec, 6.240 real sec
[M::process] read 529802 sequences (80000102 bp)...
[M::process] read 529802 sequences (80000102 bp)...
[M::mem_process_seqs] Processed 529802 reads in 45.447 CPU sec, 6.312 real sec
[M::process] read 529802 sequences (80000102 bp)...
[M::mem_process_seqs] Processed 529802 reads in 44.500 CPU sec, 6.341 real sec
[M::mem_process_seqs] Processed 529802 reads in 42.514 CPU sec, 6.632 real sec
[M::process] read 529802 sequences (80000102 bp)...
[M::process] read 529802 sequences (80000102 bp)...
[M::mem_process_seqs] Processed 529802 reads in 44.759 CPU sec, 5.948 real sec
[M::process] read 529802 sequences (80000102 bp)...
[M::mem_process_seqs] Processed 529802 reads in 44.208 CPU sec, 6.442 real sec
[M::process] read 529802 sequences (80000102 bp)...
[M::mem_process_seqs] Processed 529802 reads in 45.128 CPU sec, 6.418 real sec
[M::process] read 529802 sequences (80000102 bp)...
[M::mem_process_seqs] Processed 529802 reads in 44.851 CPU sec, 6.275 real sec
[M::process] read 529802 sequences (80000102 bp)...
[M::mem_process_seqs] Processed 529802 reads in 44.995 CPU sec, 6.401 real sec
[M::process] read 529802 sequences (80000102 bp)...
[M::mem_process_seqs] Processed 529802 reads in 45.164 CPU sec, 6.356 real sec
[M::process] read 529802 sequences (80000102 bp)...
[M::mem_process_seqs] Processed 529802 reads in 45.419 CPU sec, 6.162 real sec
[M::mem_process_seqs] Processed 529802 reads in 44.603 CPU sec, 6.572 real sec
[M::process] read 529802 sequences (80000102 bp)...
[M::process] read 529802 sequences (80000102 bp)...
[M::mem_process_seqs] Processed 529802 reads in 44.971 CPU sec, 6.383 real sec
[M::process] read 529802 sequences (80000102 bp)...
[M::mem_process_seqs] Processed 529802 reads in 45.144 CPU sec, 6.384 real sec
[M::process] read 529802 sequences (80000102 bp)...
[M::mem_process_seqs] Processed 529802 reads in 44.816 CPU sec, 6.351 real sec
[M::process] read 529802 sequences (80000102 bp)...
[M::mem_process_seqs] Processed 529802 reads in 45.450 CPU sec, 6.307 real sec
[M::process] read 529802 sequences (80000102 bp)...
[M::mem_process_seqs] Processed 529802 reads in 44.919 CPU sec, 6.319 real sec
[M::process] read 529802 sequences (80000102 bp)...
[M::mem_process_seqs] Processed 529802 reads in 44.974 CPU sec, 6.357 real sec
[M::mem_process_seqs] Processed 529802 reads in 45.126 CPU sec, 6.065 real sec
[M::process] read 529802 sequences (80000102 bp)...
[M::process] read 529802 sequences (80000102 bp)...
[M::mem_process_seqs] Processed 529802 reads in 44.603 CPU sec, 6.343 real sec
[M::mem_process_seqs] Processed 529802 reads in 44.790 CPU sec, 6.068 real sec
[M::process] read 529802 sequences (80000102 bp)...
[M::process] read 529802 sequences (80000102 bp)...
[M::mem_process_seqs] Processed 529802 reads in 44.905 CPU sec, 6.253 real sec
[M::mem_process_seqs] Processed 529802 reads in 44.591 CPU sec, 6.040 real sec
[M::process] read 529802 sequences (80000102 bp)...
[M::process] read 529802 sequences (80000102 bp)...
[M::mem_process_seqs] Processed 529802 reads in 44.229 CPU sec, 6.287 real sec
[M::mem_process_seqs] Processed 529802 reads in 44.545 CPU sec, 6.360 real sec
[M::process] read 529802 sequences (80000102 bp)...
[M::process] read 529802 sequences (80000102 bp)...
[M::mem_process_seqs] Processed 529802 reads in 44.450 CPU sec, 6.238 real sec
[M::process] read 529802 sequences (80000102 bp)...
[M::mem_process_seqs] Processed 529802 reads in 44.759 CPU sec, 6.435 real sec
[M::process] read 529802 sequences (80000102 bp)...
[M::mem_process_seqs] Processed 529802 reads in 45.092 CPU sec, 6.270 real sec
[M::mem_process_seqs] Processed 529802 reads in 45.430 CPU sec, 6.197 real sec
[M::process] read 529802 sequences (80000102 bp)...
[M::process] read 529802 sequences (80000102 bp)...
[M::mem_process_seqs] Processed 529802 reads in 44.834 CPU sec, 6.257 real sec
[M::process] read 529802 sequences (80000102 bp)...
[M::mem_process_seqs] Processed 529802 reads in 45.468 CPU sec, 6.357 real sec
[M::mem_process_seqs] Processed 529802 reads in 44.649 CPU sec, 6.082 real sec
[M::process] read 529802 sequences (80000102 bp)...
[M::process] read 529802 sequences (80000102 bp)...
[M::mem_process_seqs] Processed 529802 reads in 44.487 CPU sec, 6.278 real sec
[M::mem_process_seqs] Processed 529802 reads in 44.601 CPU sec, 6.261 real sec
[M::process] read 529802 sequences (80000102 bp)...
[M::process] read 529802 sequences (80000102 bp)...
[M::mem_process_seqs] Processed 529802 reads in 44.078 CPU sec, 5.976 real sec
[M::process] read 529802 sequences (80000102 bp)...
[M::mem_process_seqs] Processed 529802 reads in 43.994 CPU sec, 6.017 real sec
[M::mem_process_seqs] Processed 529802 reads in 42.391 CPU sec, 6.479 real sec
[M::process] read 529802 sequences (80000102 bp)...
[M::process] read 529802 sequences (80000102 bp)...
[M::mem_process_seqs] Processed 529802 reads in 44.544 CPU sec, 6.072 real sec
[M::process] read 529802 sequences (80000102 bp)...
[M::mem_process_seqs] Processed 529802 reads in 44.308 CPU sec, 6.151 real sec
[M::process] read 529802 sequences (80000102 bp)...
[M::mem_process_seqs] Processed 529802 reads in 44.846 CPU sec, 6.192 real sec
[M::mem_process_seqs] Processed 529802 reads in 45.152 CPU sec, 6.189 real sec
[M::process] read 529802 sequences (80000102 bp)...
[M::process] read 529802 sequences (80000102 bp)...
[M::mem_process_seqs] Processed 529802 reads in 45.155 CPU sec, 6.326 real sec
[M::mem_process_seqs] Processed 529802 reads in 45.344 CPU sec, 6.228 real sec
[M::process] read 529802 sequences (80000102 bp)...
[M::process] read 529802 sequences (80000102 bp)...
[M::mem_process_seqs] Processed 529802 reads in 45.534 CPU sec, 6.207 real sec
[M::mem_process_seqs] Processed 529802 reads in 45.152 CPU sec, 6.154 real sec
[M::process] read 529802 sequences (80000102 bp)...
[M::process] read 529802 sequences (80000102 bp)...
[M::mem_process_seqs] Processed 529802 reads in 44.956 CPU sec, 6.521 real sec
[M::process] read 529802 sequences (80000102 bp)...
[M::mem_process_seqs] Processed 529802 reads in 44.962 CPU sec, 6.330 real sec
[M::process] read 529802 sequences (80000102 bp)...
[M::mem_process_seqs] Processed 529802 reads in 45.032 CPU sec, 6.265 real sec
[M::mem_process_seqs] Processed 529802 reads in 45.078 CPU sec, 6.153 real sec
[M::process] read 529802 sequences (80000102 bp)...
[M::process] read 529802 sequences (80000102 bp)...
[M::mem_process_seqs] Processed 529802 reads in 45.731 CPU sec, 6.425 real sec
[M::process] read 529802 sequences (80000102 bp)...
[M::mem_process_seqs] Processed 529802 reads in 45.809 CPU sec, 6.185 real sec
[M::mem_process_seqs] Processed 529802 reads in 44.920 CPU sec, 6.371 real sec
[M::process] read 529802 sequences (80000102 bp)...
[M::mem_process_seqs] Processed 529802 reads in 44.444 CPU sec, 6.354 real sec
[M::process] read 529802 sequences (80000102 bp)...
[M::process] read 529802 sequences (80000102 bp)...
[M::mem_process_seqs] Processed 529802 reads in 44.979 CPU sec, 6.448 real sec
[M::process] read 529802 sequences (80000102 bp)...
[M::mem_process_seqs] Processed 529802 reads in 44.799 CPU sec, 6.280 real sec
[M::process] read 529802 sequences (80000102 bp)...
[M::mem_process_seqs] Processed 529802 reads in 44.873 CPU sec, 6.404 real sec
[M::process] read 529802 sequences (80000102 bp)...
[M::mem_process_seqs] Processed 529802 reads in 44.413 CPU sec, 6.368 real sec
[M::mem_process_seqs] Processed 529802 reads in 44.601 CPU sec, 6.095 real sec
[M::process] read 529802 sequences (80000102 bp)...
[M::process] read 529802 sequences (80000102 bp)...
[M::mem_process_seqs] Processed 529802 reads in 44.980 CPU sec, 6.146 real sec
[M::process] read 529802 sequences (80000102 bp)...
[M::mem_process_seqs] Processed 529802 reads in 44.519 CPU sec, 6.413 real sec
[M::process] read 529802 sequences (80000102 bp)...
[M::mem_process_seqs] Processed 529802 reads in 44.396 CPU sec, 6.396 real sec
[M::process] read 529802 sequences (80000102 bp)...
[M::mem_process_seqs] Processed 529802 reads in 44.170 CPU sec, 6.427 real sec
[M::process] read 529802 sequences (80000102 bp)...
[M::mem_process_seqs] Processed 529802 reads in 44.520 CPU sec, 6.370 real sec
[M::mem_process_seqs] Processed 529802 reads in 43.641 CPU sec, 5.990 real sec
[M::process] read 529802 sequences (80000102 bp)...
[M::process] read 529802 sequences (80000102 bp)...
[M::mem_process_seqs] Processed 529802 reads in 44.411 CPU sec, 6.196 real sec
[M::process] read 529802 sequences (80000102 bp)...
[M::mem_process_seqs] Processed 529802 reads in 44.830 CPU sec, 6.300 real sec
[M::process] read 529802 sequences (80000102 bp)...
[M::mem_process_seqs] Processed 529802 reads in 44.539 CPU sec, 6.290 real sec
[M::process] read 529802 sequences (80000102 bp)...
[M::mem_process_seqs] Processed 529802 reads in 45.079 CPU sec, 6.168 real sec
[M::process] read 529802 sequences (80000102 bp)...
[M::mem_process_seqs] Processed 529802 reads in 44.022 CPU sec, 6.106 real sec
[M::mem_process_seqs] Processed 529802 reads in 42.228 CPU sec, 6.362 real sec
[M::process] read 529802 sequences (80000102 bp)...
[M::process] read 529802 sequences (80000102 bp)...
[M::mem_process_seqs] Processed 529802 reads in 43.763 CPU sec, 6.021 real sec
[M::process] read 529802 sequences (80000102 bp)...
[M::mem_process_seqs] Processed 529802 reads in 44.456 CPU sec, 6.220 real sec
[M::process] read 529802 sequences (80000102 bp)...
[M::mem_process_seqs] Processed 529802 reads in 43.503 CPU sec, 6.017 real sec
[M::process] read 529802 sequences (80000102 bp)...
[M::mem_process_seqs] Processed 529802 reads in 44.585 CPU sec, 6.159 real sec
[M::process] read 529802 sequences (80000102 bp)...
[M::mem_process_seqs] Processed 529802 reads in 44.050 CPU sec, 6.277 real sec
[M::process] read 529802 sequences (80000102 bp)...
[M::mem_process_seqs] Processed 529802 reads in 44.175 CPU sec, 6.137 real sec
[M::process] read 529802 sequences (80000102 bp)...
[M::mem_process_seqs] Processed 529802 reads in 44.543 CPU sec, 6.480 real sec
[M::process] read 529802 sequences (80000102 bp)...
[M::mem_process_seqs] Processed 529802 reads in 43.892 CPU sec, 6.023 real sec
[M::process] read 529802 sequences (80000102 bp)...
[M::mem_process_seqs] Processed 529802 reads in 44.860 CPU sec, 6.157 real sec
[M::mem_process_seqs] Processed 529802 reads in 43.868 CPU sec, 6.051 real sec
[M::process] read 529802 sequences (80000102 bp)...
[M::process] read 529802 sequences (80000102 bp)...
[M::mem_process_seqs] Processed 529802 reads in 44.318 CPU sec, 5.967 real sec
[M::mem_process_seqs] Processed 529802 reads in 44.015 CPU sec, 6.308 real sec
[M::process] read 529802 sequences (80000102 bp)...
[M::process] read 529802 sequences (80000102 bp)...
[M::mem_process_seqs] Processed 529802 reads in 44.292 CPU sec, 5.963 real sec
[M::process] read 529802 sequences (80000102 bp)...
[M::mem_process_seqs] Processed 529802 reads in 44.264 CPU sec, 6.234 real sec
[M::mem_process_seqs] Processed 529802 reads in 42.990 CPU sec, 6.105 real sec
[M::process] read 529802 sequences (80000102 bp)...
[M::process] read 529802 sequences (80000102 bp)...
[M::mem_process_seqs] Processed 529802 reads in 44.175 CPU sec, 5.880 real sec
[M::mem_process_seqs] Processed 529802 reads in 43.566 CPU sec, 6.160 real sec
[M::process] read 529802 sequences (80000102 bp)...
[M::process] read 529802 sequences (80000102 bp)...
[M::mem_process_seqs] Processed 529802 reads in 43.129 CPU sec, 6.050 real sec
[M::mem_process_seqs] Processed 529802 reads in 43.652 CPU sec, 6.070 real sec
[M::process] read 529802 sequences (80000102 bp)...
[M::process] read 529802 sequences (80000102 bp)...
[M::mem_process_seqs] Processed 529802 reads in 43.943 CPU sec, 5.697 real sec
[M::process] read 529802 sequences (80000102 bp)...
[M::mem_process_seqs] Processed 529802 reads in 46.389 CPU sec, 6.400 real sec
[M::mem_process_seqs] Processed 529802 reads in 45.441 CPU sec, 6.150 real sec
[M::process] read 529802 sequences (80000102 bp)...
[M::mem_process_seqs] Processed 529802 reads in 45.017 CPU sec, 6.208 real sec
[M::process] read 529802 sequences (80000102 bp)...
[M::mem_process_seqs] Processed 529802 reads in 45.466 CPU sec, 6.112 real sec
[M::process] read 529802 sequences (80000102 bp)...
[M::process] read 529802 sequences (80000102 bp)...
[M::mem_process_seqs] Processed 529802 reads in 44.713 CPU sec, 6.541 real sec
[M::process] read 529802 sequences (80000102 bp)...
[M::mem_process_seqs] Processed 529802 reads in 45.524 CPU sec, 6.236 real sec
[M::mem_process_seqs] Processed 529802 reads in 43.884 CPU sec, 6.196 real sec
[M::process] read 529802 sequences (80000102 bp)...
[M::process] read 529802 sequences (80000102 bp)...
[M::mem_process_seqs] Processed 529802 reads in 44.580 CPU sec, 6.265 real sec
[M::mem_process_seqs] Processed 529802 reads in 44.464 CPU sec, 6.441 real sec
[M::process] read 529802 sequences (80000102 bp)...
[M::process] read 529802 sequences (80000102 bp)...
[M::mem_process_seqs] Processed 529802 reads in 45.480 CPU sec, 6.072 real sec
[M::mem_process_seqs] Processed 529802 reads in 46.524 CPU sec, 6.370 real sec
[M::process] read 529802 sequences (80000102 bp)...
[M::process] read 529802 sequences (80000102 bp)...
[M::mem_process_seqs] Processed 529802 reads in 45.265 CPU sec, 6.197 real sec
[M::process] read 529802 sequences (80000102 bp)...
[M::mem_process_seqs] Processed 529802 reads in 45.568 CPU sec, 6.485 real sec
[M::mem_process_seqs] Processed 529802 reads in 42.774 CPU sec, 6.751 real sec
[M::process] read 529802 sequences (80000102 bp)...
[M::process] read 529802 sequences (80000102 bp)...
[M::mem_process_seqs] Processed 529802 reads in 43.998 CPU sec, 6.233 real sec
[M::process] read 529802 sequences (80000102 bp)...
[M::mem_process_seqs] Processed 529802 reads in 45.679 CPU sec, 6.312 real sec
[M::process] read 529802 sequences (80000102 bp)...
[M::mem_process_seqs] Processed 529802 reads in 44.527 CPU sec, 6.164 real sec
[M::mem_process_seqs] Processed 529802 reads in 43.649 CPU sec, 5.927 real sec
[M::process] read 529802 sequences (80000102 bp)...
[M::process] read 529802 sequences (80000102 bp)...
[M::mem_process_seqs] Processed 529802 reads in 44.295 CPU sec, 6.297 real sec
[M::process] read 529802 sequences (80000102 bp)...
[M::mem_process_seqs] Processed 529802 reads in 44.494 CPU sec, 6.268 real sec
[M::mem_process_seqs] Processed 529802 reads in 44.288 CPU sec, 6.169 real sec
[M::process] read 529802 sequences (80000102 bp)...
[M::process] read 529802 sequences (80000102 bp)...
[M::mem_process_seqs] Processed 529802 reads in 45.088 CPU sec, 6.126 real sec
[M::process] read 529802 sequences (80000102 bp)...
[M::mem_process_seqs] Processed 529802 reads in 43.785 CPU sec, 6.228 real sec
[M::mem_process_seqs] Processed 529802 reads in 44.353 CPU sec, 6.061 real sec
[M::process] read 529802 sequences (80000102 bp)...
[M::process] read 529802 sequences (80000102 bp)...
[M::mem_process_seqs] Processed 529802 reads in 44.319 CPU sec, 6.046 real sec
[M::mem_process_seqs] Processed 529802 reads in 43.633 CPU sec, 6.205 real sec
[M::process] read 529802 sequences (80000102 bp)...
[M::process] read 529802 sequences (80000102 bp)...
[M::mem_process_seqs] Processed 529802 reads in 43.943 CPU sec, 5.915 real sec
[M::process] read 529802 sequences (80000102 bp)...
[M::mem_process_seqs] Processed 529802 reads in 44.330 CPU sec, 6.023 real sec
[M::process] read 529802 sequences (80000102 bp)...
[M::mem_process_seqs] Processed 529802 reads in 44.051 CPU sec, 6.089 real sec
[M::process] read 529802 sequences (80000102 bp)...
[M::mem_process_seqs] Processed 529802 reads in 44.220 CPU sec, 6.310 real sec
[M::process] read 529802 sequences (80000102 bp)...
[M::mem_process_seqs] Processed 529802 reads in 44.181 CPU sec, 5.982 real sec
[M::process] read 529802 sequences (80000102 bp)...
[M::mem_process_seqs] Processed 529802 reads in 44.622 CPU sec, 6.176 real sec
[M::mem_process_seqs] Processed 529802 reads in 44.189 CPU sec, 6.015 real sec
[M::process] read 529802 sequences (80000102 bp)...
[M::process] read 529802 sequences (80000102 bp)...
[M::mem_process_seqs] Processed 529802 reads in 44.164 CPU sec, 6.013 real sec
[M::process] read 529802 sequences (80000102 bp)...
[M::mem_process_seqs] Processed 529802 reads in 43.730 CPU sec, 6.076 real sec
[M::process] read 529802 sequences (80000102 bp)...
[M::mem_process_seqs] Processed 529802 reads in 43.359 CPU sec, 5.969 real sec
[M::process] read 529802 sequences (80000102 bp)...
[M::mem_process_seqs] Processed 529802 reads in 42.853 CPU sec, 5.949 real sec
[M::process] read 529802 sequences (80000102 bp)...
[M::mem_process_seqs] Processed 529802 reads in 43.150 CPU sec, 6.006 real sec
[M::process] read 529802 sequences (80000102 bp)...
[M::mem_process_seqs] Processed 529802 reads in 42.690 CPU sec, 6.243 real sec
[M::process] read 529802 sequences (80000102 bp)...
[M::mem_process_seqs] Processed 529802 reads in 41.945 CPU sec, 5.957 real sec
[M::process] read 529802 sequences (80000102 bp)...
[M::mem_process_seqs] Processed 529802 reads in 43.446 CPU sec, 6.181 real sec
[M::process] read 529802 sequences (80000102 bp)...
[M::mem_process_seqs] Processed 529802 reads in 42.816 CPU sec, 6.063 real sec
[M::process] read 529802 sequences (80000102 bp)...
[M::mem_process_seqs] Processed 529802 reads in 43.232 CPU sec, 5.947 real sec
[M::process] read 529802 sequences (80000102 bp)...
[M::mem_process_seqs] Processed 529802 reads in 42.933 CPU sec, 5.972 real sec
[M::process] read 529802 sequences (80000102 bp)...
[M::mem_process_seqs] Processed 529802 reads in 43.018 CPU sec, 6.163 real sec
[M::process] read 529802 sequences (80000102 bp)...
[M::mem_process_seqs] Processed 529802 reads in 42.590 CPU sec, 5.985 real sec
[M::mem_process_seqs] Processed 529802 reads in 41.507 CPU sec, 6.429 real sec
[M::process] read 529802 sequences (80000102 bp)...
[M::process] read 529802 sequences (80000102 bp)...
[M::mem_process_seqs] Processed 529802 reads in 43.041 CPU sec, 5.698 real sec
[M::mem_process_seqs] Processed 529802 reads in 42.572 CPU sec, 5.819 real sec
[M::process] read 529802 sequences (80000102 bp)...
[M::mem_process_seqs] Processed 529802 reads in 43.334 CPU sec, 5.858 real sec
[M::process] read 529802 sequences (80000102 bp)...
[M::mem_process_seqs] Processed 529802 reads in 42.088 CPU sec, 5.838 real sec
[M::process] read 529802 sequences (80000102 bp)...
[M::process] read 529802 sequences (80000102 bp)...
[M::mem_process_seqs] Processed 529802 reads in 42.253 CPU sec, 5.920 real sec
[M::mem_process_seqs] Processed 529802 reads in 41.116 CPU sec, 5.808 real sec
[M::process] read 529802 sequences (80000102 bp)...
[M::process] read 529802 sequences (80000102 bp)...
[M::mem_process_seqs] Processed 529802 reads in 41.590 CPU sec, 5.572 real sec
[M::mem_process_seqs] Processed 529802 reads in 41.042 CPU sec, 5.779 real sec
[M::process] read 529802 sequences (80000102 bp)...
[M::process] read 529802 sequences (80000102 bp)...
[M::mem_process_seqs] Processed 529802 reads in 42.166 CPU sec, 5.718 real sec
[M::mem_process_seqs] Processed 529802 reads in 39.908 CPU sec, 5.638 real sec
[M::process] read 529802 sequences (80000102 bp)...
[M::process] read 529802 sequences (80000102 bp)...
[M::mem_process_seqs] Processed 529802 reads in 41.976 CPU sec, 5.962 real sec
[M::mem_process_seqs] Processed 529802 reads in 42.201 CPU sec, 5.871 real sec
[M::process] read 529802 sequences (80000102 bp)...
[M::process] read 529802 sequences (80000102 bp)...
[M::mem_process_seqs] Processed 529802 reads in 41.818 CPU sec, 5.930 real sec
[M::mem_process_seqs] Processed 529802 reads in 41.929 CPU sec, 5.895 real sec
[M::process] read 529802 sequences (80000102 bp)...
[M::mem_process_seqs] Processed 529802 reads in 42.207 CPU sec, 5.797 real sec
[M::process] read 529802 sequences (80000102 bp)...
[M::process] read 529802 sequences (80000102 bp)...
[M::mem_process_seqs] Processed 529802 reads in 41.610 CPU sec, 5.959 real sec
[M::mem_process_seqs] Processed 529802 reads in 40.668 CPU sec, 5.670 real sec
[M::process] read 529802 sequences (80000102 bp)...
[M::process] read 529802 sequences (80000102 bp)...
[M::mem_process_seqs] Processed 529802 reads in 41.841 CPU sec, 5.658 real sec
[M::process] read 529802 sequences (80000102 bp)...
[M::mem_process_seqs] Processed 529802 reads in 42.085 CPU sec, 5.764 real sec
[M::process] read 13243 sequences (1999693 bp)...
[M::mem_process_seqs] Processed 529802 reads in 39.489 CPU sec, 5.981 real sec
[M::mem_process_seqs] Processed 13243 reads in 1.057 CPU sec, 0.185 real sec
[main] Version: 0.7.19-r1273
[main] CMD: bwa mem -t 8 ../reference/rRNA/rRNA_reference_Dmel_wMel.fasta /private/groups/russelllab/jodie/sequencing_data/scRNAseq/PIP-seq_cells/Jacobs_10524_241203B9/JW18DOX-SV-2_S38_L003_R2_001.fastq.gz
[main] Real time: 1676.689 sec; CPU: 11304.127 sec
[bam_sort_core] merging from 7 files and 8 in-memory blocks...
Alignment complete for JW18DOX-SV-2_pipseq
Filtered to 0 reads in rRNA regions
