Starting BWA alignment for JW18wMel-SV-2_pipseq
[M::bwa_idx_load_from_disk] read 0 ALT contigs
[M::process] read 529802 sequences (80000102 bp)...
[M::process] read 529802 sequences (80000102 bp)...
[M::mem_process_seqs] Processed 529802 reads in 47.018 CPU sec, 6.012 real sec
[M::process] read 529802 sequences (80000102 bp)...
[M::mem_process_seqs] Processed 529802 reads in 45.079 CPU sec, 6.569 real sec
[M::process] read 529802 sequences (80000102 bp)...
[M::mem_process_seqs] Processed 529802 reads in 45.924 CPU sec, 6.281 real sec
[M::process] read 529802 sequences (80000102 bp)...
[M::mem_process_seqs] Processed 529802 reads in 45.429 CPU sec, 6.277 real sec
[M::process] read 529802 sequences (80000102 bp)...
[M::mem_process_seqs] Processed 529802 reads in 45.625 CPU sec, 6.446 real sec
[M::mem_process_seqs] Processed 529802 reads in 45.193 CPU sec, 6.344 real sec
[M::process] read 529802 sequences (80000102 bp)...
[M::process] read 529802 sequences (80000102 bp)...
[M::mem_process_seqs] Processed 529802 reads in 45.065 CPU sec, 6.320 real sec
[M::mem_process_seqs] Processed 529802 reads in 44.826 CPU sec, 6.122 real sec
[M::process] read 529802 sequences (80000102 bp)...
[M::process] read 529802 sequences (80000102 bp)...
[M::mem_process_seqs] Processed 529802 reads in 45.427 CPU sec, 6.181 real sec
[M::process] read 529802 sequences (80000102 bp)...
[M::mem_process_seqs] Processed 529802 reads in 45.084 CPU sec, 6.239 real sec
[M::mem_process_seqs] Processed 529802 reads in 44.087 CPU sec, 5.980 real sec
[M::process] read 529802 sequences (80000102 bp)...
[M::process] read 529802 sequences (80000102 bp)...
[M::mem_process_seqs] Processed 529802 reads in 43.679 CPU sec, 6.223 real sec
[M::process] read 529802 sequences (80000102 bp)...
[M::mem_process_seqs] Processed 529802 reads in 44.932 CPU sec, 6.148 real sec
[M::process] read 529802 sequences (80000102 bp)...
[M::mem_process_seqs] Processed 529802 reads in 44.731 CPU sec, 6.124 real sec
[M::mem_process_seqs] Processed 529802 reads in 44.754 CPU sec, 6.107 real sec
[M::process] read 529802 sequences (80000102 bp)...
[M::process] read 529802 sequences (80000102 bp)...
[M::mem_process_seqs] Processed 529802 reads in 45.399 CPU sec, 6.160 real sec
[M::process] read 529802 sequences (80000102 bp)...
[M::mem_process_seqs] Processed 529802 reads in 46.802 CPU sec, 6.497 real sec
[M::process] read 529802 sequences (80000102 bp)...
[M::mem_process_seqs] Processed 529802 reads in 47.983 CPU sec, 6.609 real sec
[M::process] read 529802 sequences (80000102 bp)...
[M::mem_process_seqs] Processed 529802 reads in 46.253 CPU sec, 6.450 real sec
[M::mem_process_seqs] Processed 529802 reads in 47.408 CPU sec, 6.585 real sec
[M::process] read 529802 sequences (80000102 bp)...
[M::mem_process_seqs] Processed 529802 reads in 47.438 CPU sec, 6.452 real sec
[M::process] read 529802 sequences (80000102 bp)...
[M::process] read 529802 sequences (80000102 bp)...
[M::mem_process_seqs] Processed 529802 reads in 46.034 CPU sec, 6.560 real sec
[M::process] read 529802 sequences (80000102 bp)...
[M::mem_process_seqs] Processed 529802 reads in 48.004 CPU sec, 6.588 real sec
[M::process] read 529802 sequences (80000102 bp)...
[M::mem_process_seqs] Processed 529802 reads in 46.542 CPU sec, 6.378 real sec
[M::process] read 529802 sequences (80000102 bp)...
[M::mem_process_seqs] Processed 529802 reads in 46.003 CPU sec, 6.267 real sec
[M::mem_process_seqs] Processed 529802 reads in 46.076 CPU sec, 6.237 real sec
[M::process] read 529802 sequences (80000102 bp)...
[M::process] read 529802 sequences (80000102 bp)...
[M::mem_process_seqs] Processed 529802 reads in 45.909 CPU sec, 6.213 real sec
[M::process] read 529802 sequences (80000102 bp)...
[M::mem_process_seqs] Processed 529802 reads in 45.880 CPU sec, 6.398 real sec
[M::process] read 529802 sequences (80000102 bp)...
[M::mem_process_seqs] Processed 529802 reads in 46.283 CPU sec, 6.257 real sec
[M::process] read 529802 sequences (80000102 bp)...
[M::mem_process_seqs] Processed 529802 reads in 46.336 CPU sec, 6.349 real sec
[M::mem_process_seqs] Processed 529802 reads in 45.156 CPU sec, 6.096 real sec
[M::process] read 529802 sequences (80000102 bp)...
[M::process] read 529802 sequences (80000102 bp)...
[M::mem_process_seqs] Processed 529802 reads in 45.701 CPU sec, 6.316 real sec
[M::mem_process_seqs] Processed 529802 reads in 45.916 CPU sec, 6.208 real sec
[M::process] read 529802 sequences (80000102 bp)...
[M::process] read 529802 sequences (80000102 bp)...
[M::mem_process_seqs] Processed 529802 reads in 45.771 CPU sec, 6.223 real sec
[M::mem_process_seqs] Processed 529802 reads in 43.436 CPU sec, 6.749 real sec
[M::process] read 529802 sequences (80000102 bp)...
[M::process] read 529802 sequences (80000102 bp)...
[M::mem_process_seqs] Processed 529802 reads in 43.685 CPU sec, 5.840 real sec
[M::process] read 529802 sequences (80000102 bp)...
[M::mem_process_seqs] Processed 529802 reads in 45.759 CPU sec, 6.216 real sec
[M::mem_process_seqs] Processed 529802 reads in 46.326 CPU sec, 6.347 real sec
[M::process] read 529802 sequences (80000102 bp)...
[M::process] read 529802 sequences (80000102 bp)...
[M::mem_process_seqs] Processed 529802 reads in 46.354 CPU sec, 6.291 real sec
[M::process] read 529802 sequences (80000102 bp)...
[M::mem_process_seqs] Processed 529802 reads in 46.452 CPU sec, 6.338 real sec
[M::process] read 529802 sequences (80000102 bp)...
[M::mem_process_seqs] Processed 529802 reads in 45.984 CPU sec, 6.344 real sec
[M::process] read 529802 sequences (80000102 bp)...
[M::mem_process_seqs] Processed 529802 reads in 46.646 CPU sec, 6.336 real sec
[M::mem_process_seqs] Processed 529802 reads in 46.381 CPU sec, 6.263 real sec
[M::process] read 529802 sequences (80000102 bp)...
[M::mem_process_seqs] Processed 529802 reads in 45.407 CPU sec, 6.168 real sec
[M::process] read 529802 sequences (80000102 bp)...
[M::mem_process_seqs] Processed 529802 reads in 45.809 CPU sec, 6.229 real sec
[M::process] read 529802 sequences (80000102 bp)...
[M::process] read 529802 sequences (80000102 bp)...
[M::mem_process_seqs] Processed 529802 reads in 45.796 CPU sec, 6.331 real sec
[M::process] read 529802 sequences (80000102 bp)...
[M::mem_process_seqs] Processed 529802 reads in 45.845 CPU sec, 6.253 real sec
[M::process] read 529802 sequences (80000102 bp)...
[M::mem_process_seqs] Processed 529802 reads in 46.330 CPU sec, 6.269 real sec
[M::process] read 529802 sequences (80000102 bp)...
[M::mem_process_seqs] Processed 529802 reads in 46.308 CPU sec, 6.315 real sec
[M::process] read 529802 sequences (80000102 bp)...
[M::mem_process_seqs] Processed 529802 reads in 46.089 CPU sec, 6.279 real sec
[M::process] read 529802 sequences (80000102 bp)...
[M::mem_process_seqs] Processed 529802 reads in 45.602 CPU sec, 6.197 real sec
[M::mem_process_seqs] Processed 529802 reads in 45.455 CPU sec, 6.150 real sec
[M::process] read 529802 sequences (80000102 bp)...
[M::process] read 529802 sequences (80000102 bp)...
[M::mem_process_seqs] Processed 529802 reads in 45.766 CPU sec, 6.250 real sec
[M::process] read 529802 sequences (80000102 bp)...
[M::mem_process_seqs] Processed 529802 reads in 46.155 CPU sec, 6.266 real sec
[M::process] read 529802 sequences (80000102 bp)...
[M::mem_process_seqs] Processed 529802 reads in 45.868 CPU sec, 6.205 real sec
[M::mem_process_seqs] Processed 529802 reads in 44.819 CPU sec, 6.121 real sec
[M::process] read 529802 sequences (80000102 bp)...
[M::process] read 529802 sequences (80000102 bp)...
[M::mem_process_seqs] Processed 529802 reads in 45.027 CPU sec, 6.253 real sec
[M::process] read 529802 sequences (80000102 bp)...
[M::mem_process_seqs] Processed 529802 reads in 46.292 CPU sec, 6.343 real sec
[M::mem_process_seqs] Processed 529802 reads in 45.426 CPU sec, 6.121 real sec
[M::process] read 529802 sequences (80000102 bp)...
[M::process] read 529802 sequences (80000102 bp)...
[M::mem_process_seqs] Processed 529802 reads in 45.223 CPU sec, 6.282 real sec
[M::process] read 529802 sequences (80000102 bp)...
[M::mem_process_seqs] Processed 529802 reads in 45.465 CPU sec, 6.282 real sec
[M::process] read 529802 sequences (80000102 bp)...
[M::mem_process_seqs] Processed 529802 reads in 45.572 CPU sec, 6.216 real sec
[M::mem_process_seqs] Processed 529802 reads in 45.918 CPU sec, 6.196 real sec
[M::process] read 529802 sequences (80000102 bp)...
[M::mem_process_seqs] Processed 529802 reads in 44.501 CPU sec, 6.086 real sec
[M::process] read 529802 sequences (80000102 bp)...
[M::process] read 529802 sequences (80000102 bp)...
[M::mem_process_seqs] Processed 529802 reads in 46.103 CPU sec, 6.218 real sec
[M::process] read 529802 sequences (80000102 bp)...
[M::mem_process_seqs] Processed 529802 reads in 45.497 CPU sec, 6.218 real sec
[M::mem_process_seqs] Processed 529802 reads in 45.504 CPU sec, 6.181 real sec
[M::process] read 529802 sequences (80000102 bp)...
[M::mem_process_seqs] Processed 529802 reads in 42.982 CPU sec, 6.389 real sec
[M::process] read 529802 sequences (80000102 bp)...
[M::process] read 529802 sequences (80000102 bp)...
[M::mem_process_seqs] Processed 529802 reads in 43.865 CPU sec, 6.087 real sec
[M::mem_process_seqs] Processed 529802 reads in 44.920 CPU sec, 6.071 real sec
[M::process] read 529802 sequences (80000102 bp)...
[M::process] read 529802 sequences (80000102 bp)...
[M::mem_process_seqs] Processed 529802 reads in 46.588 CPU sec, 6.277 real sec
[M::process] read 529802 sequences (80000102 bp)...
[M::mem_process_seqs] Processed 529802 reads in 45.379 CPU sec, 6.214 real sec
[M::process] read 529802 sequences (80000102 bp)...
[M::mem_process_seqs] Processed 529802 reads in 46.069 CPU sec, 6.295 real sec
[M::process] read 529802 sequences (80000102 bp)...
[M::mem_process_seqs] Processed 529802 reads in 46.148 CPU sec, 6.231 real sec
[M::process] read 529802 sequences (80000102 bp)...
[M::mem_process_seqs] Processed 529802 reads in 46.083 CPU sec, 6.414 real sec
[M::mem_process_seqs] Processed 529802 reads in 45.748 CPU sec, 6.195 real sec
[M::process] read 529802 sequences (80000102 bp)...
[M::process] read 529802 sequences (80000102 bp)...
[M::mem_process_seqs] Processed 529802 reads in 45.764 CPU sec, 6.122 real sec
[M::process] read 529802 sequences (80000102 bp)...
[M::mem_process_seqs] Processed 529802 reads in 45.874 CPU sec, 6.309 real sec
[M::mem_process_seqs] Processed 529802 reads in 46.122 CPU sec, 6.194 real sec
[M::process] read 529802 sequences (80000102 bp)...
[M::process] read 529802 sequences (80000102 bp)...
[M::mem_process_seqs] Processed 529802 reads in 45.456 CPU sec, 6.192 real sec
[M::mem_process_seqs] Processed 529802 reads in 45.001 CPU sec, 6.056 real sec
[M::process] read 529802 sequences (80000102 bp)...
[M::process] read 529802 sequences (80000102 bp)...
[M::mem_process_seqs] Processed 529802 reads in 45.522 CPU sec, 6.122 real sec
[M::process] read 529802 sequences (80000102 bp)...
[M::mem_process_seqs] Processed 529802 reads in 45.244 CPU sec, 6.298 real sec
[M::process] read 529802 sequences (80000102 bp)...
[M::mem_process_seqs] Processed 529802 reads in 45.000 CPU sec, 6.207 real sec
[M::process] read 529802 sequences (80000102 bp)...
[M::mem_process_seqs] Processed 529802 reads in 45.059 CPU sec, 6.340 real sec
[M::mem_process_seqs] Processed 529802 reads in 45.818 CPU sec, 6.160 real sec
[M::process] read 529802 sequences (80000102 bp)...
[M::mem_process_seqs] Processed 529802 reads in 45.321 CPU sec, 6.111 real sec
[M::process] read 529802 sequences (80000102 bp)...
[M::process] read 529802 sequences (80000102 bp)...
[M::mem_process_seqs] Processed 529802 reads in 45.430 CPU sec, 6.158 real sec
[M::process] read 529802 sequences (80000102 bp)...
[M::mem_process_seqs] Processed 529802 reads in 46.079 CPU sec, 6.330 real sec
[M::process] read 529802 sequences (80000102 bp)...
[M::mem_process_seqs] Processed 529802 reads in 45.714 CPU sec, 6.209 real sec
[M::process] read 529802 sequences (80000102 bp)...
[M::mem_process_seqs] Processed 529802 reads in 45.388 CPU sec, 6.320 real sec
[M::process] read 529802 sequences (80000102 bp)...
[M::mem_process_seqs] Processed 529802 reads in 45.728 CPU sec, 6.243 real sec
[M::mem_process_seqs] Processed 529802 reads in 45.302 CPU sec, 6.161 real sec
[M::process] read 529802 sequences (80000102 bp)...
[M::process] read 529802 sequences (80000102 bp)...
[M::mem_process_seqs] Processed 529802 reads in 45.402 CPU sec, 6.240 real sec
[M::process] read 529802 sequences (80000102 bp)...
[M::mem_process_seqs] Processed 529802 reads in 46.353 CPU sec, 6.291 real sec
[M::mem_process_seqs] Processed 529802 reads in 45.782 CPU sec, 6.174 real sec
[M::process] read 529802 sequences (80000102 bp)...
[M::process] read 529802 sequences (80000102 bp)...
[M::mem_process_seqs] Processed 529802 reads in 45.423 CPU sec, 6.344 real sec
[M::process] read 529802 sequences (80000102 bp)...
[M::mem_process_seqs] Processed 529802 reads in 46.156 CPU sec, 6.297 real sec
[M::process] read 529802 sequences (80000102 bp)...
[M::mem_process_seqs] Processed 529802 reads in 46.245 CPU sec, 6.252 real sec
[M::process] read 529802 sequences (80000102 bp)...
[M::mem_process_seqs] Processed 529802 reads in 44.795 CPU sec, 6.165 real sec
[M::process] read 529802 sequences (80000102 bp)...
[M::mem_process_seqs] Processed 529802 reads in 43.821 CPU sec, 6.071 real sec
[M::mem_process_seqs] Processed 529802 reads in 43.112 CPU sec, 6.766 real sec
[M::process] read 529802 sequences (80000102 bp)...
[M::process] read 529802 sequences (80000102 bp)...
[M::mem_process_seqs] Processed 529802 reads in 44.528 CPU sec, 5.920 real sec
[M::process] read 529802 sequences (80000102 bp)...
[M::mem_process_seqs] Processed 529802 reads in 45.184 CPU sec, 6.091 real sec
[M::mem_process_seqs] Processed 529802 reads in 45.111 CPU sec, 6.141 real sec
[M::process] read 529802 sequences (80000102 bp)...
[M::mem_process_seqs] Processed 529802 reads in 46.055 CPU sec, 6.215 real sec
[M::process] read 529802 sequences (80000102 bp)...
[M::mem_process_seqs] Processed 529802 reads in 44.936 CPU sec, 6.067 real sec
[M::process] read 529802 sequences (80000102 bp)...
[M::process] read 529802 sequences (80000102 bp)...
[M::mem_process_seqs] Processed 529802 reads in 44.795 CPU sec, 6.244 real sec
[M::process] read 529802 sequences (80000102 bp)...
[M::mem_process_seqs] Processed 529802 reads in 44.779 CPU sec, 6.251 real sec
[M::process] read 529802 sequences (80000102 bp)...
[M::mem_process_seqs] Processed 529802 reads in 45.503 CPU sec, 6.165 real sec
[M::mem_process_seqs] Processed 529802 reads in 44.694 CPU sec, 6.041 real sec
[M::process] read 529802 sequences (80000102 bp)...
[M::mem_process_seqs] Processed 529802 reads in 44.285 CPU sec, 5.942 real sec
[M::process] read 529802 sequences (80000102 bp)...
[M::process] read 529802 sequences (80000102 bp)...
[M::mem_process_seqs] Processed 529802 reads in 45.051 CPU sec, 6.193 real sec
[M::mem_process_seqs] Processed 529802 reads in 44.346 CPU sec, 6.053 real sec
[M::process] read 529802 sequences (80000102 bp)...
[M::mem_process_seqs] Processed 529802 reads in 44.867 CPU sec, 6.044 real sec
[M::process] read 529802 sequences (80000102 bp)...
[M::mem_process_seqs] Processed 529802 reads in 45.610 CPU sec, 6.181 real sec
[M::process] read 529802 sequences (80000102 bp)...
[M::mem_process_seqs] Processed 529802 reads in 44.572 CPU sec, 6.072 real sec
[M::process] read 529802 sequences (80000102 bp)...
[M::mem_process_seqs] Processed 529802 reads in 45.122 CPU sec, 6.022 real sec
[M::process] read 529802 sequences (80000102 bp)...
[M::mem_process_seqs] Processed 529802 reads in 44.573 CPU sec, 6.005 real sec
[M::process] read 529802 sequences (80000102 bp)...
[M::mem_process_seqs] Processed 529802 reads in 44.829 CPU sec, 6.055 real sec
[M::process] read 529802 sequences (80000102 bp)...
[M::process] read 529802 sequences (80000102 bp)...
[M::mem_process_seqs] Processed 529802 reads in 45.012 CPU sec, 6.166 real sec
[M::mem_process_seqs] Processed 529802 reads in 42.930 CPU sec, 5.854 real sec
[M::process] read 529802 sequences (80000102 bp)...
[M::process] read 529802 sequences (80000102 bp)...
[M::mem_process_seqs] Processed 529802 reads in 43.510 CPU sec, 5.847 real sec
[M::mem_process_seqs] Processed 529802 reads in 43.129 CPU sec, 5.902 real sec
[M::process] read 529802 sequences (80000102 bp)...
[M::process] read 529802 sequences (80000102 bp)...
[M::mem_process_seqs] Processed 529802 reads in 43.671 CPU sec, 5.827 real sec
[M::mem_process_seqs] Processed 529802 reads in 43.001 CPU sec, 5.931 real sec
[M::process] read 529802 sequences (80000102 bp)...
[M::mem_process_seqs] Processed 529802 reads in 42.747 CPU sec, 5.760 real sec
[M::process] read 529802 sequences (80000102 bp)...
[M::process] read 529802 sequences (80000102 bp)...
[M::mem_process_seqs] Processed 529802 reads in 42.146 CPU sec, 5.805 real sec
[M::process] read 529802 sequences (80000102 bp)...
[M::mem_process_seqs] Processed 529802 reads in 42.179 CPU sec, 5.768 real sec
[M::mem_process_seqs] Processed 529802 reads in 43.138 CPU sec, 5.864 real sec
[M::process] read 529802 sequences (80000102 bp)...
[M::mem_process_seqs] Processed 529802 reads in 42.391 CPU sec, 5.740 real sec
[M::process] read 529802 sequences (80000102 bp)...
[M::process] read 529802 sequences (80000102 bp)...
[M::mem_process_seqs] Processed 529802 reads in 41.062 CPU sec, 5.531 real sec
[M::mem_process_seqs] Processed 529802 reads in 42.045 CPU sec, 5.709 real sec
[M::process] read 529802 sequences (80000102 bp)...
[M::process] read 529802 sequences (80000102 bp)...
[M::mem_process_seqs] Processed 529802 reads in 42.434 CPU sec, 5.707 real sec
[M::mem_process_seqs] Processed 529802 reads in 40.405 CPU sec, 6.028 real sec
[M::process] read 529802 sequences (80000102 bp)...
[M::process] read 529802 sequences (80000102 bp)...
[M::mem_process_seqs] Processed 529802 reads in 41.901 CPU sec, 5.596 real sec
[M::mem_process_seqs] Processed 529802 reads in 40.036 CPU sec, 5.693 real sec
[M::process] read 529802 sequences (80000102 bp)...
[M::process] read 529802 sequences (80000102 bp)...
[M::mem_process_seqs] Processed 529802 reads in 41.597 CPU sec, 5.560 real sec
[M::mem_process_seqs] Processed 529802 reads in 41.252 CPU sec, 5.621 real sec
[M::process] read 529802 sequences (80000102 bp)...
[M::process] read 529802 sequences (80000102 bp)...
[M::mem_process_seqs] Processed 529802 reads in 42.208 CPU sec, 5.691 real sec
[M::process] read 529802 sequences (80000102 bp)...
[M::mem_process_seqs] Processed 529802 reads in 42.144 CPU sec, 5.721 real sec
[M::mem_process_seqs] Processed 529802 reads in 42.041 CPU sec, 5.702 real sec
[M::process] read 529802 sequences (80000102 bp)...
[M::process] read 529802 sequences (80000102 bp)...
[M::mem_process_seqs] Processed 529802 reads in 41.803 CPU sec, 5.647 real sec
[M::mem_process_seqs] Processed 529802 reads in 41.362 CPU sec, 5.668 real sec
[M::process] read 529802 sequences (80000102 bp)...
[M::process] read 529802 sequences (80000102 bp)...
[M::mem_process_seqs] Processed 529802 reads in 42.126 CPU sec, 5.652 real sec
[M::mem_process_seqs] Processed 529802 reads in 41.741 CPU sec, 5.631 real sec
[M::process] read 529802 sequences (80000102 bp)...
[M::mem_process_seqs] Processed 529802 reads in 41.474 CPU sec, 5.647 real sec
[M::process] read 529802 sequences (80000102 bp)...
[M::process] read 529802 sequences (80000102 bp)...
[M::mem_process_seqs] Processed 529802 reads in 41.243 CPU sec, 5.655 real sec
[M::process] read 529802 sequences (80000102 bp)...
[M::mem_process_seqs] Processed 529802 reads in 42.200 CPU sec, 5.672 real sec
[M::process] read 529802 sequences (80000102 bp)...
[M::mem_process_seqs] Processed 529802 reads in 40.334 CPU sec, 5.937 real sec
[M::mem_process_seqs] Processed 529802 reads in 40.995 CPU sec, 5.520 real sec
[M::process] read 529802 sequences (80000102 bp)...
[M::process] read 529802 sequences (80000102 bp)...
[M::mem_process_seqs] Processed 529802 reads in 41.708 CPU sec, 5.587 real sec
[M::process] read 529802 sequences (80000102 bp)...
[M::mem_process_seqs] Processed 529802 reads in 41.267 CPU sec, 5.597 real sec
[M::mem_process_seqs] Processed 529802 reads in 40.948 CPU sec, 5.512 real sec
[M::process] read 529802 sequences (80000102 bp)...
[M::mem_process_seqs] Processed 529802 reads in 41.273 CPU sec, 5.553 real sec
[M::process] read 529802 sequences (80000102 bp)...
[M::process] read 529802 sequences (80000102 bp)...
[M::mem_process_seqs] Processed 529802 reads in 40.976 CPU sec, 5.460 real sec
[M::mem_process_seqs] Processed 529802 reads in 41.315 CPU sec, 5.571 real sec
[M::process] read 529802 sequences (80000102 bp)...
[M::mem_process_seqs] Processed 529802 reads in 41.235 CPU sec, 5.595 real sec
[M::process] read 529802 sequences (80000102 bp)...
[M::process] read 529802 sequences (80000102 bp)...
[M::mem_process_seqs] Processed 529802 reads in 41.519 CPU sec, 5.535 real sec
[M::mem_process_seqs] Processed 529802 reads in 40.541 CPU sec, 5.485 real sec
[M::process] read 529802 sequences (80000102 bp)...
[M::process] read 529802 sequences (80000102 bp)...
[M::mem_process_seqs] Processed 529802 reads in 41.776 CPU sec, 5.488 real sec
[M::mem_process_seqs] Processed 529802 reads in 40.960 CPU sec, 5.509 real sec
[M::process] read 529802 sequences (80000102 bp)...
[M::process] read 529802 sequences (80000102 bp)...
[M::mem_process_seqs] Processed 529802 reads in 41.018 CPU sec, 5.583 real sec
[M::mem_process_seqs] Processed 529802 reads in 40.900 CPU sec, 5.500 real sec
[M::process] read 529802 sequences (80000102 bp)...
[M::mem_process_seqs] Processed 529802 reads in 40.514 CPU sec, 5.399 real sec
[M::process] read 529802 sequences (80000102 bp)...
[M::mem_process_seqs] Processed 529802 reads in 40.249 CPU sec, 5.396 real sec
[M::process] read 529802 sequences (80000102 bp)...
[M::process] read 529802 sequences (80000102 bp)...
[M::mem_process_seqs] Processed 529802 reads in 41.286 CPU sec, 5.580 real sec
[M::mem_process_seqs] Processed 529802 reads in 39.535 CPU sec, 5.810 real sec
[M::process] read 529802 sequences (80000102 bp)...
[M::process] read 529802 sequences (80000102 bp)...
[M::mem_process_seqs] Processed 529802 reads in 41.051 CPU sec, 5.386 real sec
[M::mem_process_seqs] Processed 529802 reads in 41.194 CPU sec, 5.637 real sec
[M::process] read 529802 sequences (80000102 bp)...
[M::process] read 529802 sequences (80000102 bp)...
[M::mem_process_seqs] Processed 529802 reads in 42.433 CPU sec, 5.735 real sec
[M::mem_process_seqs] Processed 529802 reads in 40.029 CPU sec, 5.402 real sec
[M::process] read 529802 sequences (80000102 bp)...
[M::mem_process_seqs] Processed 529802 reads in 39.756 CPU sec, 5.364 real sec
[M::process] read 529802 sequences (80000102 bp)...
[M::process] read 529802 sequences (80000102 bp)...
[M::mem_process_seqs] Processed 529802 reads in 41.178 CPU sec, 5.550 real sec
[M::mem_process_seqs] Processed 529802 reads in 41.079 CPU sec, 5.542 real sec
[M::process] read 529802 sequences (80000102 bp)...
[M::process] read 529802 sequences (80000102 bp)...
[M::mem_process_seqs] Processed 529802 reads in 41.332 CPU sec, 5.537 real sec
[M::mem_process_seqs] Processed 529802 reads in 40.229 CPU sec, 5.406 real sec
[M::process] read 529802 sequences (80000102 bp)...
[M::process] read 529802 sequences (80000102 bp)...
[M::mem_process_seqs] Processed 529802 reads in 41.496 CPU sec, 5.478 real sec
[M::mem_process_seqs] Processed 529802 reads in 40.817 CPU sec, 5.490 real sec
[M::process] read 529802 sequences (80000102 bp)...
[M::process] read 529802 sequences (80000102 bp)...
[M::mem_process_seqs] Processed 529802 reads in 41.598 CPU sec, 5.530 real sec
[M::mem_process_seqs] Processed 529802 reads in 40.688 CPU sec, 5.619 real sec
[M::process] read 529802 sequences (80000102 bp)...
[M::process] read 529802 sequences (80000102 bp)...
[M::mem_process_seqs] Processed 529802 reads in 41.723 CPU sec, 5.681 real sec
[M::process] read 529802 sequences (80000102 bp)...
[M::mem_process_seqs] Processed 529802 reads in 41.477 CPU sec, 5.643 real sec
[M::mem_process_seqs] Processed 529802 reads in 40.709 CPU sec, 5.473 real sec
[M::process] read 529802 sequences (80000102 bp)...
[M::process] read 529802 sequences (80000102 bp)...
[M::mem_process_seqs] Processed 529802 reads in 41.357 CPU sec, 5.507 real sec
[M::mem_process_seqs] Processed 529802 reads in 40.837 CPU sec, 5.518 real sec
[M::process] read 529802 sequences (80000102 bp)...
[M::process] read 529802 sequences (80000102 bp)...
[M::mem_process_seqs] Processed 529802 reads in 40.847 CPU sec, 5.557 real sec
[M::process] read 529802 sequences (80000102 bp)...
[M::mem_process_seqs] Processed 529802 reads in 40.958 CPU sec, 5.683 real sec
[M::mem_process_seqs] Processed 529802 reads in 40.658 CPU sec, 5.463 real sec
[M::process] read 529802 sequences (80000102 bp)...
[M::process] read 529802 sequences (80000102 bp)...
[M::mem_process_seqs] Processed 529802 reads in 41.215 CPU sec, 5.541 real sec
[M::process] read 529802 sequences (80000102 bp)...
[M::mem_process_seqs] Processed 529802 reads in 46.155 CPU sec, 6.354 real sec
[M::process] read 529802 sequences (80000102 bp)...
[M::mem_process_seqs] Processed 529802 reads in 50.935 CPU sec, 7.063 real sec
[M::process] read 529802 sequences (80000102 bp)...
[M::mem_process_seqs] Processed 529802 reads in 49.945 CPU sec, 6.934 real sec
[M::process] read 529802 sequences (80000102 bp)...
[M::mem_process_seqs] Processed 529802 reads in 49.727 CPU sec, 7.060 real sec
[M::process] read 529802 sequences (80000102 bp)...
[M::mem_process_seqs] Processed 529802 reads in 50.293 CPU sec, 6.931 real sec
[M::mem_process_seqs] Processed 529802 reads in 49.673 CPU sec, 6.745 real sec
[M::process] read 529802 sequences (80000102 bp)...
[M::mem_process_seqs] Processed 529802 reads in 51.083 CPU sec, 6.921 real sec
[M::process] read 529802 sequences (80000102 bp)...
[M::process] read 529802 sequences (80000102 bp)...
[M::mem_process_seqs] Processed 529802 reads in 49.808 CPU sec, 6.869 real sec
[M::mem_process_seqs] Processed 529802 reads in 50.216 CPU sec, 7.028 real sec
[M::process] read 529802 sequences (80000102 bp)...
[M::process] read 529802 sequences (80000102 bp)...
[M::mem_process_seqs] Processed 529802 reads in 51.174 CPU sec, 7.208 real sec
[M::mem_process_seqs] Processed 529802 reads in 50.220 CPU sec, 6.757 real sec
[M::process] read 529802 sequences (80000102 bp)...
[M::mem_process_seqs] Processed 529802 reads in 47.698 CPU sec, 7.281 real sec
[M::process] read 529802 sequences (80000102 bp)...
[M::process] read 529802 sequences (80000102 bp)...
[M::mem_process_seqs] Processed 529802 reads in 48.267 CPU sec, 6.673 real sec
[M::process] read 529802 sequences (80000102 bp)...
[M::mem_process_seqs] Processed 529802 reads in 48.891 CPU sec, 7.105 real sec
[M::process] read 529802 sequences (80000102 bp)...
[M::mem_process_seqs] Processed 529802 reads in 50.269 CPU sec, 7.006 real sec
[M::mem_process_seqs] Processed 529802 reads in 49.411 CPU sec, 6.889 real sec
[M::process] read 529802 sequences (80000102 bp)...
[M::process] read 529802 sequences (80000102 bp)...
[M::mem_process_seqs] Processed 529802 reads in 48.201 CPU sec, 6.945 real sec
[M::process] read 529802 sequences (80000102 bp)...
[M::mem_process_seqs] Processed 529802 reads in 49.135 CPU sec, 6.721 real sec
[M::mem_process_seqs] Processed 529802 reads in 49.420 CPU sec, 6.724 real sec
[M::process] read 529802 sequences (80000102 bp)...
[M::process] read 529802 sequences (80000102 bp)...
[M::mem_process_seqs] Processed 529802 reads in 49.769 CPU sec, 6.838 real sec
[M::process] read 529802 sequences (80000102 bp)...
[M::mem_process_seqs] Processed 529802 reads in 49.837 CPU sec, 6.970 real sec
[M::mem_process_seqs] Processed 529802 reads in 49.203 CPU sec, 6.718 real sec
[M::process] read 529802 sequences (80000102 bp)...
[M::process] read 529802 sequences (80000102 bp)...
[M::mem_process_seqs] Processed 529802 reads in 49.301 CPU sec, 6.616 real sec
[M::process] read 529802 sequences (80000102 bp)...
[M::mem_process_seqs] Processed 529802 reads in 49.383 CPU sec, 6.747 real sec
[M::process] read 529802 sequences (80000102 bp)...
[M::mem_process_seqs] Processed 529802 reads in 48.743 CPU sec, 6.942 real sec
[M::process] read 529802 sequences (80000102 bp)...
[M::mem_process_seqs] Processed 529802 reads in 48.738 CPU sec, 7.160 real sec
[M::mem_process_seqs] Processed 529802 reads in 48.492 CPU sec, 7.176 real sec
[M::process] read 529802 sequences (80000102 bp)...
[M::process] read 529802 sequences (80000102 bp)...
[M::mem_process_seqs] Processed 529802 reads in 48.237 CPU sec, 6.810 real sec
[M::mem_process_seqs] Processed 529802 reads in 49.421 CPU sec, 6.681 real sec
[M::process] read 529802 sequences (80000102 bp)...
[M::process] read 529802 sequences (80000102 bp)...
[M::mem_process_seqs] Processed 529802 reads in 48.803 CPU sec, 6.743 real sec
[M::process] read 529802 sequences (80000102 bp)...
[M::mem_process_seqs] Processed 529802 reads in 48.372 CPU sec, 7.128 real sec
[M::process] read 529802 sequences (80000102 bp)...
[M::mem_process_seqs] Processed 529802 reads in 48.981 CPU sec, 6.799 real sec
[M::process] read 529802 sequences (80000102 bp)...
[M::mem_process_seqs] Processed 529802 reads in 49.440 CPU sec, 6.857 real sec
[M::process] read 529802 sequences (80000102 bp)...
[M::mem_process_seqs] Processed 529802 reads in 49.317 CPU sec, 7.106 real sec
[M::process] read 529802 sequences (80000102 bp)...
[M::mem_process_seqs] Processed 529802 reads in 48.985 CPU sec, 6.897 real sec
[M::mem_process_seqs] Processed 529802 reads in 46.939 CPU sec, 6.435 real sec
[M::process] read 529802 sequences (80000102 bp)...
[M::process] read 529802 sequences (80000102 bp)...
[M::mem_process_seqs] Processed 529802 reads in 46.144 CPU sec, 6.590 real sec
[M::mem_process_seqs] Processed 529802 reads in 44.737 CPU sec, 6.923 real sec
[M::process] read 529802 sequences (80000102 bp)...
[M::process] read 529802 sequences (80000102 bp)...
[M::mem_process_seqs] Processed 529802 reads in 48.059 CPU sec, 6.567 real sec
[M::mem_process_seqs] Processed 529802 reads in 46.846 CPU sec, 6.717 real sec
[M::process] read 529802 sequences (80000102 bp)...
[M::process] read 529802 sequences (80000102 bp)...
[M::mem_process_seqs] Processed 529802 reads in 45.425 CPU sec, 6.943 real sec
[M::process] read 529802 sequences (80000102 bp)...
[M::mem_process_seqs] Processed 529802 reads in 46.456 CPU sec, 6.518 real sec
[M::mem_process_seqs] Processed 529802 reads in 46.248 CPU sec, 6.425 real sec
[M::process] read 529802 sequences (80000102 bp)...
[M::mem_process_seqs] Processed 529802 reads in 47.084 CPU sec, 6.346 real sec
[M::process] read 529802 sequences (80000102 bp)...
[M::mem_process_seqs] Processed 529802 reads in 45.618 CPU sec, 7.319 real sec
[M::process] read 529802 sequences (80000102 bp)...
[M::process] read 529802 sequences (80000102 bp)...
[M::mem_process_seqs] Processed 529802 reads in 45.275 CPU sec, 6.851 real sec
[M::process] read 529802 sequences (80000102 bp)...
[M::mem_process_seqs] Processed 529802 reads in 47.656 CPU sec, 6.880 real sec
[M::mem_process_seqs] Processed 529802 reads in 46.958 CPU sec, 6.585 real sec
[M::process] read 529802 sequences (80000102 bp)...
[M::process] read 529802 sequences (80000102 bp)...
[M::mem_process_seqs] Processed 529802 reads in 46.087 CPU sec, 6.633 real sec
[M::mem_process_seqs] Processed 529802 reads in 45.296 CPU sec, 7.331 real sec
[M::process] read 529802 sequences (80000102 bp)...
[M::process] read 529802 sequences (80000102 bp)...
[M::mem_process_seqs] Processed 529802 reads in 47.005 CPU sec, 6.491 real sec
[M::process] read 529802 sequences (80000102 bp)...
[M::mem_process_seqs] Processed 529802 reads in 48.977 CPU sec, 7.061 real sec
[M::mem_process_seqs] Processed 529802 reads in 46.985 CPU sec, 6.598 real sec
[M::process] read 529802 sequences (80000102 bp)...
[M::process] read 529802 sequences (80000102 bp)...
[M::mem_process_seqs] Processed 529802 reads in 45.987 CPU sec, 7.142 real sec
[M::mem_process_seqs] Processed 529802 reads in 47.396 CPU sec, 6.547 real sec
[M::process] read 529802 sequences (80000102 bp)...
[M::process] read 529802 sequences (80000102 bp)...
[M::mem_process_seqs] Processed 529802 reads in 47.632 CPU sec, 6.558 real sec
[M::process] read 529802 sequences (80000102 bp)...
[M::mem_process_seqs] Processed 529802 reads in 47.503 CPU sec, 6.624 real sec
[M::process] read 529802 sequences (80000102 bp)...
[M::mem_process_seqs] Processed 529802 reads in 48.007 CPU sec, 7.071 real sec
[M::mem_process_seqs] Processed 529802 reads in 46.366 CPU sec, 6.646 real sec
[M::process] read 529802 sequences (80000102 bp)...
[M::process] read 529802 sequences (80000102 bp)...
[M::mem_process_seqs] Processed 529802 reads in 47.677 CPU sec, 6.452 real sec
[M::mem_process_seqs] Processed 529802 reads in 46.237 CPU sec, 6.448 real sec
[M::process] read 529802 sequences (80000102 bp)...
[M::process] read 529802 sequences (80000102 bp)...
[M::mem_process_seqs] Processed 529802 reads in 46.992 CPU sec, 6.431 real sec
[M::mem_process_seqs] Processed 529802 reads in 47.428 CPU sec, 6.551 real sec
[M::process] read 529802 sequences (80000102 bp)...
[M::mem_process_seqs] Processed 529802 reads in 45.899 CPU sec, 6.236 real sec
[M::process] read 529802 sequences (80000102 bp)...
[M::mem_process_seqs] Processed 529802 reads in 46.520 CPU sec, 6.626 real sec
[M::process] read 529802 sequences (80000102 bp)...
[M::process] read 529802 sequences (80000102 bp)...
[M::mem_process_seqs] Processed 529802 reads in 47.408 CPU sec, 6.698 real sec
[M::mem_process_seqs] Processed 529802 reads in 47.343 CPU sec, 6.503 real sec
[M::process] read 529802 sequences (80000102 bp)...
[M::process] read 529802 sequences (80000102 bp)...
[M::mem_process_seqs] Processed 529802 reads in 46.241 CPU sec, 6.484 real sec
[M::process] read 529802 sequences (80000102 bp)...
[M::mem_process_seqs] Processed 529802 reads in 46.043 CPU sec, 6.383 real sec
[M::process] read 529802 sequences (80000102 bp)...
[M::mem_process_seqs] Processed 529802 reads in 46.579 CPU sec, 6.482 real sec
[M::mem_process_seqs] Processed 529802 reads in 44.894 CPU sec, 6.192 real sec
[M::process] read 529802 sequences (80000102 bp)...
[M::process] read 529802 sequences (80000102 bp)...
[M::mem_process_seqs] Processed 529802 reads in 45.517 CPU sec, 6.570 real sec
[M::process] read 529802 sequences (80000102 bp)...
[M::mem_process_seqs] Processed 529802 reads in 45.318 CPU sec, 6.436 real sec
[M::mem_process_seqs] Processed 529802 reads in 45.171 CPU sec, 6.230 real sec
[M::process] read 529802 sequences (80000102 bp)...
[M::process] read 529802 sequences (80000102 bp)...
[M::mem_process_seqs] Processed 529802 reads in 46.899 CPU sec, 6.731 real sec
[M::mem_process_seqs] Processed 529802 reads in 45.932 CPU sec, 6.542 real sec
[M::process] read 529802 sequences (80000102 bp)...
[M::process] read 529802 sequences (80000102 bp)...
[M::mem_process_seqs] Processed 529802 reads in 46.605 CPU sec, 6.756 real sec
[M::mem_process_seqs] Processed 529802 reads in 44.603 CPU sec, 6.954 real sec
[M::process] read 529802 sequences (80000102 bp)...
[M::process] read 529802 sequences (80000102 bp)...
[M::mem_process_seqs] Processed 529802 reads in 45.131 CPU sec, 6.365 real sec
[M::mem_process_seqs] Processed 529802 reads in 46.012 CPU sec, 6.249 real sec
[M::process] read 529802 sequences (80000102 bp)...
[M::process] read 529802 sequences (80000102 bp)...
[M::mem_process_seqs] Processed 529802 reads in 46.330 CPU sec, 6.339 real sec
[M::process] read 529802 sequences (80000102 bp)...
[M::mem_process_seqs] Processed 529802 reads in 46.994 CPU sec, 6.605 real sec
[M::mem_process_seqs] Processed 529802 reads in 46.731 CPU sec, 6.525 real sec
[M::process] read 529802 sequences (80000102 bp)...
[M::process] read 529802 sequences (80000102 bp)...
[M::mem_process_seqs] Processed 529802 reads in 45.975 CPU sec, 6.932 real sec
[M::mem_process_seqs] Processed 529802 reads in 47.467 CPU sec, 6.606 real sec
[M::process] read 529802 sequences (80000102 bp)...
[M::process] read 529802 sequences (80000102 bp)...
[M::mem_process_seqs] Processed 529802 reads in 47.813 CPU sec, 6.598 real sec
[M::mem_process_seqs] Processed 529802 reads in 46.312 CPU sec, 6.571 real sec
[M::process] read 529802 sequences (80000102 bp)...
[M::process] read 529802 sequences (80000102 bp)...
[M::mem_process_seqs] Processed 529802 reads in 45.806 CPU sec, 6.517 real sec
[M::process] read 529802 sequences (80000102 bp)...
[M::mem_process_seqs] Processed 529802 reads in 46.442 CPU sec, 6.964 real sec
[M::process] read 529802 sequences (80000102 bp)...
[M::mem_process_seqs] Processed 529802 reads in 46.875 CPU sec, 6.431 real sec
[M::mem_process_seqs] Processed 529802 reads in 47.264 CPU sec, 6.537 real sec
[M::process] read 529802 sequences (80000102 bp)...
[M::mem_process_seqs] Processed 529802 reads in 46.326 CPU sec, 6.323 real sec
[M::process] read 529802 sequences (80000102 bp)...
[M::process] read 529802 sequences (80000102 bp)...
[M::mem_process_seqs] Processed 529802 reads in 47.376 CPU sec, 6.452 real sec
[M::mem_process_seqs] Processed 529802 reads in 45.965 CPU sec, 6.287 real sec
[M::process] read 529802 sequences (80000102 bp)...
[M::mem_process_seqs] Processed 529802 reads in 46.037 CPU sec, 7.006 real sec
[M::process] read 529802 sequences (80000102 bp)...
[M::mem_process_seqs] Processed 529802 reads in 47.223 CPU sec, 6.495 real sec
[M::process] read 529802 sequences (80000102 bp)...
[M::mem_process_seqs] Processed 529802 reads in 45.661 CPU sec, 6.166 real sec
[M::process] read 529802 sequences (80000102 bp)...
[M::process] read 529802 sequences (80000102 bp)...
[M::mem_process_seqs] Processed 529802 reads in 44.914 CPU sec, 6.493 real sec
[M::mem_process_seqs] Processed 529802 reads in 45.010 CPU sec, 6.133 real sec
[M::process] read 529802 sequences (80000102 bp)...
[M::process] read 529802 sequences (80000102 bp)...
[M::mem_process_seqs] Processed 529802 reads in 46.664 CPU sec, 6.457 real sec
[M::mem_process_seqs] Processed 529802 reads in 44.422 CPU sec, 5.998 real sec
[M::process] read 529802 sequences (80000102 bp)...
[M::process] read 529802 sequences (80000102 bp)...
[M::mem_process_seqs] Processed 529802 reads in 45.044 CPU sec, 6.238 real sec
[M::process] read 529802 sequences (80000102 bp)...
[M::mem_process_seqs] Processed 529802 reads in 47.010 CPU sec, 6.486 real sec
[M::mem_process_seqs] Processed 529802 reads in 46.404 CPU sec, 6.660 real sec
[M::process] read 529802 sequences (80000102 bp)...
[M::process] read 529802 sequences (80000102 bp)...
[M::mem_process_seqs] Processed 529802 reads in 45.518 CPU sec, 6.191 real sec
[M::mem_process_seqs] Processed 529802 reads in 44.338 CPU sec, 6.199 real sec
[M::process] read 529802 sequences (80000102 bp)...
[M::process] read 529802 sequences (80000102 bp)...
[M::mem_process_seqs] Processed 529802 reads in 46.293 CPU sec, 6.240 real sec
[M::mem_process_seqs] Processed 529802 reads in 45.771 CPU sec, 6.304 real sec
[M::process] read 529802 sequences (80000102 bp)...
[M::process] read 529802 sequences (80000102 bp)...
[M::mem_process_seqs] Processed 529802 reads in 46.632 CPU sec, 6.838 real sec
[M::mem_process_seqs] Processed 529802 reads in 46.120 CPU sec, 8.131 real sec
[M::process] read 529802 sequences (80000102 bp)...
[M::process] read 529802 sequences (80000102 bp)...
[M::mem_process_seqs] Processed 529802 reads in 46.247 CPU sec, 6.467 real sec
[M::mem_process_seqs] Processed 529802 reads in 44.023 CPU sec, 6.952 real sec
[M::process] read 529802 sequences (80000102 bp)...
[M::process] read 529802 sequences (80000102 bp)...
[M::mem_process_seqs] Processed 529802 reads in 46.310 CPU sec, 6.241 real sec
[M::process] read 529802 sequences (80000102 bp)...
[M::mem_process_seqs] Processed 529802 reads in 45.253 CPU sec, 6.702 real sec
[M::mem_process_seqs] Processed 529802 reads in 43.592 CPU sec, 6.040 real sec
[M::process] read 529802 sequences (80000102 bp)...
[M::process] read 529802 sequences (80000102 bp)...
[M::mem_process_seqs] Processed 529802 reads in 46.274 CPU sec, 6.168 real sec
[M::mem_process_seqs] Processed 529802 reads in 45.964 CPU sec, 6.405 real sec
[M::process] read 529802 sequences (80000102 bp)...
[M::mem_process_seqs] Processed 529802 reads in 45.861 CPU sec, 6.224 real sec
[M::process] read 529802 sequences (80000102 bp)...
[M::process] read 529802 sequences (80000102 bp)...
[M::mem_process_seqs] Processed 529802 reads in 47.265 CPU sec, 6.379 real sec
[M::mem_process_seqs] Processed 529802 reads in 44.573 CPU sec, 6.095 real sec
[M::process] read 529802 sequences (80000102 bp)...
[M::process] read 529802 sequences (80000102 bp)...
[M::mem_process_seqs] Processed 529802 reads in 46.267 CPU sec, 6.204 real sec
[M::mem_process_seqs] Processed 529802 reads in 45.774 CPU sec, 6.295 real sec
[M::process] read 529802 sequences (80000102 bp)...
[M::process] read 529802 sequences (80000102 bp)...
[M::mem_process_seqs] Processed 529802 reads in 45.623 CPU sec, 6.230 real sec
[M::mem_process_seqs] Processed 529802 reads in 44.630 CPU sec, 6.057 real sec
[M::process] read 529802 sequences (80000102 bp)...
[M::process] read 529802 sequences (80000102 bp)...
[M::mem_process_seqs] Processed 529802 reads in 46.291 CPU sec, 6.143 real sec
[M::mem_process_seqs] Processed 529802 reads in 46.000 CPU sec, 6.317 real sec
[M::process] read 529802 sequences (80000102 bp)...
[M::process] read 529802 sequences (80000102 bp)...
[M::mem_process_seqs] Processed 529802 reads in 46.505 CPU sec, 6.240 real sec
[M::mem_process_seqs] Processed 529802 reads in 44.875 CPU sec, 6.277 real sec
[M::process] read 529802 sequences (80000102 bp)...
[M::process] read 529802 sequences (80000102 bp)...
[M::mem_process_seqs] Processed 529802 reads in 46.636 CPU sec, 6.303 real sec
[M::mem_process_seqs] Processed 529802 reads in 45.231 CPU sec, 6.858 real sec
[M::process] read 529802 sequences (80000102 bp)...
[M::process] read 529802 sequences (80000102 bp)...
[M::mem_process_seqs] Processed 529802 reads in 46.971 CPU sec, 6.501 real sec
[M::mem_process_seqs] Processed 529802 reads in 45.209 CPU sec, 6.424 real sec
[M::process] read 529802 sequences (80000102 bp)...
[M::process] read 529802 sequences (80000102 bp)...
[M::mem_process_seqs] Processed 529802 reads in 45.907 CPU sec, 6.521 real sec
[M::process] read 529802 sequences (80000102 bp)...
[M::mem_process_seqs] Processed 529802 reads in 45.960 CPU sec, 6.313 real sec
[M::mem_process_seqs] Processed 529802 reads in 45.820 CPU sec, 6.455 real sec
[M::process] read 529802 sequences (80000102 bp)...
[M::process] read 529802 sequences (80000102 bp)...
[M::mem_process_seqs] Processed 529802 reads in 46.790 CPU sec, 6.605 real sec
[M::mem_process_seqs] Processed 529802 reads in 45.581 CPU sec, 6.474 real sec
[M::process] read 529802 sequences (80000102 bp)...
[M::process] read 529802 sequences (80000102 bp)...
[M::mem_process_seqs] Processed 529802 reads in 45.581 CPU sec, 6.455 real sec
[M::mem_process_seqs] Processed 529802 reads in 44.887 CPU sec, 6.099 real sec
[M::process] read 529802 sequences (80000102 bp)...
[M::mem_process_seqs] Processed 529802 reads in 44.648 CPU sec, 6.106 real sec
[M::process] read 529802 sequences (80000102 bp)...
[M::mem_process_seqs] Processed 529802 reads in 43.794 CPU sec, 6.050 real sec
[M::process] read 529802 sequences (80000102 bp)...
[M::process] read 529802 sequences (80000102 bp)...
[M::mem_process_seqs] Processed 529802 reads in 45.081 CPU sec, 6.119 real sec
[M::mem_process_seqs] Processed 529802 reads in 42.623 CPU sec, 5.882 real sec
[M::process] read 529802 sequences (80000102 bp)...
[M::process] read 529802 sequences (80000102 bp)...
[M::mem_process_seqs] Processed 529802 reads in 44.280 CPU sec, 6.286 real sec
[M::mem_process_seqs] Processed 529802 reads in 43.049 CPU sec, 6.726 real sec
[M::process] read 529802 sequences (80000102 bp)...
[M::process] read 529802 sequences (80000102 bp)...
[M::mem_process_seqs] Processed 529802 reads in 44.338 CPU sec, 6.153 real sec
[M::mem_process_seqs] Processed 529802 reads in 45.262 CPU sec, 6.201 real sec
[M::process] read 529802 sequences (80000102 bp)...
[M::mem_process_seqs] Processed 529802 reads in 44.371 CPU sec, 6.427 real sec
[M::process] read 529802 sequences (80000102 bp)...
[M::process] read 529802 sequences (80000102 bp)...
[M::mem_process_seqs] Processed 529802 reads in 44.810 CPU sec, 6.127 real sec
[M::mem_process_seqs] Processed 529802 reads in 41.214 CPU sec, 6.683 real sec
[M::process] read 529802 sequences (80000102 bp)...
[M::process] read 529802 sequences (80000102 bp)...
[M::mem_process_seqs] Processed 529802 reads in 44.577 CPU sec, 5.942 real sec
[M::mem_process_seqs] Processed 529802 reads in 43.663 CPU sec, 6.230 real sec
[M::process] read 529802 sequences (80000102 bp)...
[M::process] read 529802 sequences (80000102 bp)...
[M::mem_process_seqs] Processed 529802 reads in 45.294 CPU sec, 6.117 real sec
[M::mem_process_seqs] Processed 529802 reads in 43.499 CPU sec, 5.901 real sec
[M::process] read 529802 sequences (80000102 bp)...
[M::process] read 529802 sequences (80000102 bp)...
[M::mem_process_seqs] Processed 529802 reads in 45.261 CPU sec, 6.256 real sec
[M::mem_process_seqs] Processed 529802 reads in 44.026 CPU sec, 6.242 real sec
[M::process] read 529802 sequences (80000102 bp)...
[M::mem_process_seqs] Processed 529802 reads in 44.698 CPU sec, 6.201 real sec
[M::process] read 529802 sequences (80000102 bp)...
[M::process] read 529802 sequences (80000102 bp)...
[M::mem_process_seqs] Processed 529802 reads in 46.819 CPU sec, 6.851 real sec
[M::mem_process_seqs] Processed 529802 reads in 48.643 CPU sec, 7.187 real sec
[M::process] read 529802 sequences (80000102 bp)...
[M::process] read 529802 sequences (80000102 bp)...
[M::mem_process_seqs] Processed 529802 reads in 49.588 CPU sec, 7.076 real sec
[M::process] read 529802 sequences (80000102 bp)...
[M::mem_process_seqs] Processed 529802 reads in 50.014 CPU sec, 6.929 real sec
[M::process] read 529802 sequences (80000102 bp)...
[M::mem_process_seqs] Processed 529802 reads in 48.470 CPU sec, 7.108 real sec
[M::mem_process_seqs] Processed 529802 reads in 47.869 CPU sec, 6.613 real sec
[M::process] read 529802 sequences (80000102 bp)...
[M::process] read 529802 sequences (80000102 bp)...
[M::mem_process_seqs] Processed 529802 reads in 48.924 CPU sec, 6.991 real sec
[M::process] read 529802 sequences (80000102 bp)...
[M::mem_process_seqs] Processed 529802 reads in 48.666 CPU sec, 6.828 real sec
[M::process] read 529802 sequences (80000102 bp)...
[M::mem_process_seqs] Processed 529802 reads in 47.780 CPU sec, 7.027 real sec
[M::mem_process_seqs] Processed 529802 reads in 47.513 CPU sec, 6.527 real sec
[M::process] read 529802 sequences (80000102 bp)...
[M::process] read 529802 sequences (80000102 bp)...
[M::mem_process_seqs] Processed 529802 reads in 47.218 CPU sec, 6.786 real sec
[M::mem_process_seqs] Processed 529802 reads in 46.217 CPU sec, 6.719 real sec
[M::process] read 529802 sequences (80000102 bp)...
[M::process] read 529802 sequences (80000102 bp)...
[M::mem_process_seqs] Processed 529802 reads in 47.010 CPU sec, 6.609 real sec
[M::process] read 529802 sequences (80000102 bp)...
[M::mem_process_seqs] Processed 529802 reads in 46.360 CPU sec, 6.447 real sec
[M::mem_process_seqs] Processed 529802 reads in 46.068 CPU sec, 6.275 real sec
[M::process] read 529802 sequences (80000102 bp)...
[M::process] read 529802 sequences (80000102 bp)...
[M::mem_process_seqs] Processed 529802 reads in 46.765 CPU sec, 6.445 real sec
[M::process] read 529802 sequences (80000102 bp)...
[M::mem_process_seqs] Processed 529802 reads in 47.178 CPU sec, 6.599 real sec
[M::mem_process_seqs] Processed 529802 reads in 45.367 CPU sec, 6.300 real sec
[M::process] read 529802 sequences (80000102 bp)...
[M::process] read 529802 sequences (80000102 bp)...
[M::mem_process_seqs] Processed 529802 reads in 46.074 CPU sec, 7.158 real sec
[M::process] read 529802 sequences (80000102 bp)...
[M::mem_process_seqs] Processed 529802 reads in 47.343 CPU sec, 6.566 real sec
[M::mem_process_seqs] Processed 529802 reads in 45.996 CPU sec, 7.138 real sec
[M::process] read 529802 sequences (80000102 bp)...
[M::process] read 529802 sequences (80000102 bp)...
[M::mem_process_seqs] Processed 529802 reads in 47.532 CPU sec, 6.626 real sec
[M::mem_process_seqs] Processed 529802 reads in 48.018 CPU sec, 7.043 real sec
[M::process] read 529802 sequences (80000102 bp)...
[M::process] read 529802 sequences (80000102 bp)...
[M::mem_process_seqs] Processed 529802 reads in 47.311 CPU sec, 7.720 real sec
[M::mem_process_seqs] Processed 529802 reads in 46.653 CPU sec, 6.468 real sec
[M::process] read 529802 sequences (80000102 bp)...
[M::process] read 529802 sequences (80000102 bp)...
[M::mem_process_seqs] Processed 529802 reads in 48.145 CPU sec, 6.628 real sec
[M::mem_process_seqs] Processed 529802 reads in 46.633 CPU sec, 6.397 real sec
[M::process] read 529802 sequences (80000102 bp)...
[M::process] read 529802 sequences (80000102 bp)...
[M::mem_process_seqs] Processed 529802 reads in 46.960 CPU sec, 6.579 real sec
[M::mem_process_seqs] Processed 529802 reads in 46.544 CPU sec, 6.316 real sec
[M::process] read 529802 sequences (80000102 bp)...
[M::mem_process_seqs] Processed 529802 reads in 47.251 CPU sec, 6.448 real sec
[M::process] read 529802 sequences (80000102 bp)...
[M::process] read 529802 sequences (80000102 bp)...
[M::mem_process_seqs] Processed 529802 reads in 47.429 CPU sec, 6.477 real sec
[M::mem_process_seqs] Processed 529802 reads in 45.544 CPU sec, 6.167 real sec
[M::process] read 529802 sequences (80000102 bp)...
[M::process] read 529802 sequences (80000102 bp)...
[M::mem_process_seqs] Processed 529802 reads in 46.552 CPU sec, 6.283 real sec
[M::mem_process_seqs] Processed 529802 reads in 46.212 CPU sec, 6.938 real sec
[M::process] read 529802 sequences (80000102 bp)...
[M::process] read 529802 sequences (80000102 bp)...
[M::mem_process_seqs] Processed 529802 reads in 46.386 CPU sec, 6.531 real sec
[M::mem_process_seqs] Processed 529802 reads in 46.321 CPU sec, 6.678 real sec
[M::process] read 529802 sequences (80000102 bp)...
[M::process] read 529802 sequences (80000102 bp)...
[M::mem_process_seqs] Processed 529802 reads in 47.677 CPU sec, 6.738 real sec
[M::process] read 529802 sequences (80000102 bp)...
[M::mem_process_seqs] Processed 529802 reads in 49.008 CPU sec, 6.894 real sec
[M::process] read 529802 sequences (80000102 bp)...
[M::mem_process_seqs] Processed 529802 reads in 47.416 CPU sec, 6.838 real sec
[M::process] read 529802 sequences (80000102 bp)...
[M::mem_process_seqs] Processed 529802 reads in 48.359 CPU sec, 6.764 real sec
[M::mem_process_seqs] Processed 529802 reads in 45.750 CPU sec, 6.613 real sec
[M::process] read 529802 sequences (80000102 bp)...
[M::process] read 529802 sequences (80000102 bp)...
[M::mem_process_seqs] Processed 529802 reads in 46.407 CPU sec, 6.344 real sec
[M::process] read 529802 sequences (80000102 bp)...
[M::mem_process_seqs] Processed 529802 reads in 45.820 CPU sec, 6.802 real sec
[M::mem_process_seqs] Processed 529802 reads in 47.116 CPU sec, 8.140 real sec
[M::process] read 529802 sequences (80000102 bp)...
[M::process] read 529802 sequences (80000102 bp)...
[M::mem_process_seqs] Processed 529802 reads in 46.483 CPU sec, 6.662 real sec
[M::process] read 529802 sequences (80000102 bp)...
[M::mem_process_seqs] Processed 529802 reads in 46.833 CPU sec, 6.872 real sec
[M::mem_process_seqs] Processed 529802 reads in 46.239 CPU sec, 6.393 real sec
[M::process] read 529802 sequences (80000102 bp)...
[M::mem_process_seqs] Processed 529802 reads in 46.887 CPU sec, 9.115 real sec
[M::process] read 529802 sequences (80000102 bp)...
[M::process] read 529802 sequences (80000102 bp)...
[M::mem_process_seqs] Processed 529802 reads in 47.312 CPU sec, 6.672 real sec
[M::process] read 529802 sequences (80000102 bp)...
[M::mem_process_seqs] Processed 529802 reads in 46.514 CPU sec, 8.076 real sec
[M::mem_process_seqs] Processed 529802 reads in 45.570 CPU sec, 6.808 real sec
[M::process] read 529802 sequences (80000102 bp)...
[M::process] read 529802 sequences (80000102 bp)...
[M::mem_process_seqs] Processed 529802 reads in 46.742 CPU sec, 6.283 real sec
[M::mem_process_seqs] Processed 529802 reads in 45.822 CPU sec, 6.457 real sec
[M::process] read 529802 sequences (80000102 bp)...
[M::process] read 529802 sequences (80000102 bp)...
[M::mem_process_seqs] Processed 529802 reads in 47.763 CPU sec, 7.336 real sec
[M::mem_process_seqs] Processed 529802 reads in 44.588 CPU sec, 7.192 real sec
[M::process] read 529802 sequences (80000102 bp)...
[M::process] read 529802 sequences (80000102 bp)...
[M::mem_process_seqs] Processed 529802 reads in 46.609 CPU sec, 6.301 real sec
[M::process] read 529802 sequences (80000102 bp)...
[M::mem_process_seqs] Processed 529802 reads in 47.055 CPU sec, 6.660 real sec
[M::mem_process_seqs] Processed 529802 reads in 45.742 CPU sec, 6.238 real sec
[M::process] read 529802 sequences (80000102 bp)...
[M::process] read 529802 sequences (80000102 bp)...
[M::mem_process_seqs] Processed 529802 reads in 47.010 CPU sec, 6.301 real sec
[M::mem_process_seqs] Processed 529802 reads in 46.959 CPU sec, 6.671 real sec
[M::process] read 529802 sequences (80000102 bp)...
[M::process] read 529802 sequences (80000102 bp)...
[M::mem_process_seqs] Processed 529802 reads in 47.346 CPU sec, 6.615 real sec
[M::mem_process_seqs] Processed 529802 reads in 46.149 CPU sec, 6.724 real sec
[M::process] read 529802 sequences (80000102 bp)...
[M::process] read 529802 sequences (80000102 bp)...
[M::mem_process_seqs] Processed 529802 reads in 47.069 CPU sec, 6.542 real sec
[M::mem_process_seqs] Processed 529802 reads in 46.298 CPU sec, 7.176 real sec
[M::process] read 529802 sequences (80000102 bp)...
[M::mem_process_seqs] Processed 529802 reads in 45.125 CPU sec, 6.275 real sec
[M::process] read 529802 sequences (80000102 bp)...
[M::process] read 529802 sequences (80000102 bp)...
[M::mem_process_seqs] Processed 529802 reads in 44.896 CPU sec, 6.034 real sec
[M::mem_process_seqs] Processed 529802 reads in 45.695 CPU sec, 6.348 real sec
[M::process] read 529802 sequences (80000102 bp)...
[M::mem_process_seqs] Processed 529802 reads in 45.737 CPU sec, 6.273 real sec
[M::process] read 529802 sequences (80000102 bp)...
[M::process] read 529802 sequences (80000102 bp)...
[M::mem_process_seqs] Processed 529802 reads in 46.610 CPU sec, 6.472 real sec
[M::process] read 529802 sequences (80000102 bp)...
[M::mem_process_seqs] Processed 529802 reads in 47.953 CPU sec, 6.527 real sec
[M::mem_process_seqs] Processed 529802 reads in 46.059 CPU sec, 6.593 real sec
[M::process] read 529802 sequences (80000102 bp)...
[M::process] read 529802 sequences (80000102 bp)...
[M::mem_process_seqs] Processed 529802 reads in 45.978 CPU sec, 6.432 real sec
[M::mem_process_seqs] Processed 529802 reads in 46.633 CPU sec, 6.767 real sec
[M::process] read 529802 sequences (80000102 bp)...
[M::mem_process_seqs] Processed 529802 reads in 45.383 CPU sec, 6.420 real sec
[M::process] read 529802 sequences (80000102 bp)...
[M::process] read 529802 sequences (80000102 bp)...
[M::mem_process_seqs] Processed 529802 reads in 46.859 CPU sec, 6.690 real sec
[M::process] read 529802 sequences (80000102 bp)...
[M::mem_process_seqs] Processed 529802 reads in 46.323 CPU sec, 7.381 real sec
[M::mem_process_seqs] Processed 529802 reads in 45.799 CPU sec, 6.370 real sec
[M::process] read 529802 sequences (80000102 bp)...
[M::process] read 529802 sequences (80000102 bp)...
[M::mem_process_seqs] Processed 529802 reads in 46.815 CPU sec, 6.303 real sec
[M::process] read 529802 sequences (80000102 bp)...
[M::mem_process_seqs] Processed 529802 reads in 45.239 CPU sec, 6.774 real sec
[M::mem_process_seqs] Processed 529802 reads in 46.788 CPU sec, 6.647 real sec
[M::process] read 529802 sequences (80000102 bp)...
[M::process] read 529802 sequences (80000102 bp)...
[M::mem_process_seqs] Processed 529802 reads in 47.067 CPU sec, 6.821 real sec
[M::mem_process_seqs] Processed 529802 reads in 45.773 CPU sec, 6.501 real sec
[M::process] read 529802 sequences (80000102 bp)...
[M::process] read 529802 sequences (80000102 bp)...
[M::mem_process_seqs] Processed 529802 reads in 47.157 CPU sec, 6.774 real sec
[M::mem_process_seqs] Processed 529802 reads in 46.751 CPU sec, 8.910 real sec
[M::process] read 529802 sequences (80000102 bp)...
[M::mem_process_seqs] Processed 529802 reads in 46.564 CPU sec, 6.358 real sec
[M::process] read 529802 sequences (80000102 bp)...
[M::process] read 529802 sequences (80000102 bp)...
[M::mem_process_seqs] Processed 529802 reads in 47.315 CPU sec, 6.664 real sec
[M::mem_process_seqs] Processed 529802 reads in 48.802 CPU sec, 6.833 real sec
[M::process] read 529802 sequences (80000102 bp)...
[M::mem_process_seqs] Processed 529802 reads in 47.467 CPU sec, 7.421 real sec
[M::process] read 129822 sequences (19603122 bp)...
[M::mem_process_seqs] Processed 129822 reads in 11.600 CPU sec, 1.831 real sec
[main] Version: 0.7.19-r1273
[main] CMD: bwa mem -t 8 ../reference/rRNA/rRNA_reference_Dmel_wMel.fasta /private/groups/russelllab/jodie/sequencing_data/scRNAseq/PIP-seq_cells/Jacobs_10524_241203B9/JW18wMel-SV-2_S40_L003_R2_001.fastq.gz
[main] Real time: 3021.661 sec; CPU: 19940.575 sec
[bam_sort_core] merging from 13 files and 8 in-memory blocks...
Alignment complete for JW18wMel-SV-2_pipseq
Filtered to 0 reads in rRNA regions
