Starting BWA alignment for JW18DOX-SV-1_pipseq
[M::bwa_idx_load_from_disk] read 0 ALT contigs
[M::process] read 529802 sequences (80000102 bp)...
[M::process] read 529802 sequences (80000102 bp)...
[M::mem_process_seqs] Processed 529802 reads in 47.287 CPU sec, 6.059 real sec
[M::mem_process_seqs] Processed 529802 reads in 45.990 CPU sec, 6.371 real sec
[M::process] read 529802 sequences (80000102 bp)...
[M::process] read 529802 sequences (80000102 bp)...
[M::mem_process_seqs] Processed 529802 reads in 46.747 CPU sec, 6.263 real sec
[M::mem_process_seqs] Processed 529802 reads in 46.156 CPU sec, 6.312 real sec
[M::process] read 529802 sequences (80000102 bp)...
[M::process] read 529802 sequences (80000102 bp)...
[M::mem_process_seqs] Processed 529802 reads in 46.444 CPU sec, 6.221 real sec
[M::mem_process_seqs] Processed 529802 reads in 45.267 CPU sec, 6.163 real sec
[M::process] read 529802 sequences (80000102 bp)...
[M::process] read 529802 sequences (80000102 bp)...
[M::mem_process_seqs] Processed 529802 reads in 46.368 CPU sec, 6.131 real sec
[M::mem_process_seqs] Processed 529802 reads in 45.499 CPU sec, 6.169 real sec
[M::process] read 529802 sequences (80000102 bp)...
[M::process] read 529802 sequences (80000102 bp)...
[M::mem_process_seqs] Processed 529802 reads in 46.251 CPU sec, 6.176 real sec
[M::process] read 529802 sequences (80000102 bp)...
[M::mem_process_seqs] Processed 529802 reads in 46.065 CPU sec, 6.265 real sec
[M::mem_process_seqs] Processed 529802 reads in 45.114 CPU sec, 6.115 real sec
[M::process] read 529802 sequences (80000102 bp)...
[M::process] read 529802 sequences (80000102 bp)...
[M::mem_process_seqs] Processed 529802 reads in 45.879 CPU sec, 6.116 real sec
[M::mem_process_seqs] Processed 529802 reads in 45.942 CPU sec, 6.224 real sec
[M::process] read 529802 sequences (80000102 bp)...
[M::process] read 529802 sequences (80000102 bp)...
[M::mem_process_seqs] Processed 529802 reads in 46.433 CPU sec, 6.242 real sec
[M::mem_process_seqs] Processed 529802 reads in 45.895 CPU sec, 6.251 real sec
[M::process] read 529802 sequences (80000102 bp)...
[M::mem_process_seqs] Processed 529802 reads in 46.048 CPU sec, 6.187 real sec
[M::process] read 529802 sequences (80000102 bp)...
[M::process] read 529802 sequences (80000102 bp)...
[M::mem_process_seqs] Processed 529802 reads in 48.898 CPU sec, 6.584 real sec
[M::process] read 529802 sequences (80000102 bp)...
[M::mem_process_seqs] Processed 529802 reads in 48.692 CPU sec, 6.614 real sec
[M::mem_process_seqs] Processed 529802 reads in 46.471 CPU sec, 6.470 real sec
[M::process] read 529802 sequences (80000102 bp)...
[M::process] read 529802 sequences (80000102 bp)...
[M::mem_process_seqs] Processed 529802 reads in 48.859 CPU sec, 6.790 real sec
[M::mem_process_seqs] Processed 529802 reads in 47.817 CPU sec, 6.539 real sec
[M::process] read 529802 sequences (80000102 bp)...
[M::process] read 529802 sequences (80000102 bp)...
[M::mem_process_seqs] Processed 529802 reads in 48.608 CPU sec, 6.617 real sec
[M::process] read 529802 sequences (80000102 bp)...
[M::mem_process_seqs] Processed 529802 reads in 48.169 CPU sec, 6.712 real sec
[M::process] read 529802 sequences (80000102 bp)...
[M::mem_process_seqs] Processed 529802 reads in 47.197 CPU sec, 6.421 real sec
[M::process] read 529802 sequences (80000102 bp)...
[M::mem_process_seqs] Processed 529802 reads in 47.216 CPU sec, 6.529 real sec
[M::mem_process_seqs] Processed 529802 reads in 46.623 CPU sec, 6.386 real sec
[M::process] read 529802 sequences (80000102 bp)...
[M::mem_process_seqs] Processed 529802 reads in 47.050 CPU sec, 6.343 real sec
[M::process] read 529802 sequences (80000102 bp)...
[M::process] read 529802 sequences (80000102 bp)...
[M::mem_process_seqs] Processed 529802 reads in 47.622 CPU sec, 6.436 real sec
[M::mem_process_seqs] Processed 529802 reads in 46.715 CPU sec, 6.363 real sec
[M::process] read 529802 sequences (80000102 bp)...
[M::mem_process_seqs] Processed 529802 reads in 47.230 CPU sec, 6.359 real sec
[M::process] read 529802 sequences (80000102 bp)...
[M::process] read 529802 sequences (80000102 bp)...
[M::mem_process_seqs] Processed 529802 reads in 47.068 CPU sec, 6.289 real sec
[M::process] read 529802 sequences (80000102 bp)...
[M::mem_process_seqs] Processed 529802 reads in 47.661 CPU sec, 6.451 real sec
[M::process] read 529802 sequences (80000102 bp)...
[M::mem_process_seqs] Processed 529802 reads in 47.443 CPU sec, 6.586 real sec
[M::mem_process_seqs] Processed 529802 reads in 46.345 CPU sec, 6.318 real sec
[M::process] read 529802 sequences (80000102 bp)...
[M::mem_process_seqs] Processed 529802 reads in 43.173 CPU sec, 6.714 real sec
[M::process] read 529802 sequences (80000102 bp)...
[M::process] read 529802 sequences (80000102 bp)...
[M::mem_process_seqs] Processed 529802 reads in 46.871 CPU sec, 6.197 real sec
[M::mem_process_seqs] Processed 529802 reads in 46.700 CPU sec, 6.366 real sec
[M::process] read 529802 sequences (80000102 bp)...
[M::process] read 529802 sequences (80000102 bp)...
[M::mem_process_seqs] Processed 529802 reads in 46.914 CPU sec, 6.351 real sec
[M::mem_process_seqs] Processed 529802 reads in 46.265 CPU sec, 6.270 real sec
[M::process] read 529802 sequences (80000102 bp)...
[M::process] read 529802 sequences (80000102 bp)...
[M::mem_process_seqs] Processed 529802 reads in 47.431 CPU sec, 6.301 real sec
[M::process] read 529802 sequences (80000102 bp)...
[M::mem_process_seqs] Processed 529802 reads in 48.164 CPU sec, 6.502 real sec
[M::process] read 529802 sequences (80000102 bp)...
[M::mem_process_seqs] Processed 529802 reads in 47.453 CPU sec, 6.454 real sec
[M::mem_process_seqs] Processed 529802 reads in 46.158 CPU sec, 6.237 real sec
[M::process] read 529802 sequences (80000102 bp)...
[M::process] read 529802 sequences (80000102 bp)...
[M::mem_process_seqs] Processed 529802 reads in 46.587 CPU sec, 6.321 real sec
[M::process] read 529802 sequences (80000102 bp)...
[M::mem_process_seqs] Processed 529802 reads in 47.376 CPU sec, 6.453 real sec
[M::mem_process_seqs] Processed 529802 reads in 47.125 CPU sec, 6.356 real sec
[M::process] read 529802 sequences (80000102 bp)...
[M::process] read 529802 sequences (80000102 bp)...
[M::mem_process_seqs] Processed 529802 reads in 47.534 CPU sec, 6.409 real sec
[M::process] read 529802 sequences (80000102 bp)...
[M::mem_process_seqs] Processed 529802 reads in 46.950 CPU sec, 6.347 real sec
[M::mem_process_seqs] Processed 529802 reads in 46.486 CPU sec, 6.299 real sec
[M::process] read 529802 sequences (80000102 bp)...
[M::process] read 529802 sequences (80000102 bp)...
[M::mem_process_seqs] Processed 529802 reads in 46.767 CPU sec, 6.315 real sec
[M::mem_process_seqs] Processed 529802 reads in 46.690 CPU sec, 6.330 real sec
[M::process] read 529802 sequences (80000102 bp)...
[M::process] read 529802 sequences (80000102 bp)...
[M::mem_process_seqs] Processed 529802 reads in 47.440 CPU sec, 6.368 real sec
[M::process] read 529802 sequences (80000102 bp)...
[M::mem_process_seqs] Processed 529802 reads in 46.986 CPU sec, 6.434 real sec
[M::process] read 529802 sequences (80000102 bp)...
[M::mem_process_seqs] Processed 529802 reads in 47.189 CPU sec, 6.401 real sec
[M::process] read 529802 sequences (80000102 bp)...
[M::mem_process_seqs] Processed 529802 reads in 46.866 CPU sec, 6.402 real sec
[M::mem_process_seqs] Processed 529802 reads in 47.507 CPU sec, 6.457 real sec
[M::process] read 529802 sequences (80000102 bp)...
[M::mem_process_seqs] Processed 529802 reads in 47.080 CPU sec, 6.369 real sec
[M::process] read 529802 sequences (80000102 bp)...
[M::process] read 529802 sequences (80000102 bp)...
[M::mem_process_seqs] Processed 529802 reads in 47.328 CPU sec, 6.458 real sec
[M::mem_process_seqs] Processed 529802 reads in 46.785 CPU sec, 6.354 real sec
[M::process] read 529802 sequences (80000102 bp)...
[M::process] read 529802 sequences (80000102 bp)...
[M::mem_process_seqs] Processed 529802 reads in 47.219 CPU sec, 6.345 real sec
[M::process] read 529802 sequences (80000102 bp)...
[M::mem_process_seqs] Processed 529802 reads in 47.037 CPU sec, 6.425 real sec
[M::mem_process_seqs] Processed 529802 reads in 46.441 CPU sec, 6.284 real sec
[M::process] read 529802 sequences (80000102 bp)...
[M::process] read 529802 sequences (80000102 bp)...
[M::mem_process_seqs] Processed 529802 reads in 47.094 CPU sec, 6.318 real sec
[M::mem_process_seqs] Processed 529802 reads in 46.447 CPU sec, 6.305 real sec
[M::process] read 529802 sequences (80000102 bp)...
[M::mem_process_seqs] Processed 529802 reads in 47.002 CPU sec, 6.316 real sec
[M::process] read 529802 sequences (80000102 bp)...
[M::process] read 529802 sequences (80000102 bp)...
[M::mem_process_seqs] Processed 529802 reads in 46.373 CPU sec, 6.351 real sec
[M::process] read 529802 sequences (80000102 bp)...
[M::mem_process_seqs] Processed 529802 reads in 45.316 CPU sec, 6.205 real sec
[M::mem_process_seqs] Processed 529802 reads in 42.943 CPU sec, 6.586 real sec
[M::process] read 529802 sequences (80000102 bp)...
[M::process] read 529802 sequences (80000102 bp)...
[M::mem_process_seqs] Processed 529802 reads in 46.708 CPU sec, 6.275 real sec
[M::mem_process_seqs] Processed 529802 reads in 46.633 CPU sec, 6.310 real sec
[M::process] read 529802 sequences (80000102 bp)...
[M::process] read 529802 sequences (80000102 bp)...
[M::mem_process_seqs] Processed 529802 reads in 46.827 CPU sec, 6.273 real sec
[M::process] read 529802 sequences (80000102 bp)...
[M::mem_process_seqs] Processed 529802 reads in 47.179 CPU sec, 6.435 real sec
[M::mem_process_seqs] Processed 529802 reads in 46.724 CPU sec, 6.331 real sec
[M::process] read 529802 sequences (80000102 bp)...
[M::process] read 529802 sequences (80000102 bp)...
[M::mem_process_seqs] Processed 529802 reads in 46.801 CPU sec, 6.284 real sec
[M::mem_process_seqs] Processed 529802 reads in 46.603 CPU sec, 6.307 real sec
[M::process] read 529802 sequences (80000102 bp)...
[M::process] read 529802 sequences (80000102 bp)...
[M::mem_process_seqs] Processed 529802 reads in 47.196 CPU sec, 6.321 real sec
[M::process] read 529802 sequences (80000102 bp)...
[M::mem_process_seqs] Processed 529802 reads in 47.107 CPU sec, 6.380 real sec
[M::mem_process_seqs] Processed 529802 reads in 46.524 CPU sec, 6.294 real sec
[M::process] read 529802 sequences (80000102 bp)...
[M::process] read 529802 sequences (80000102 bp)...
[M::mem_process_seqs] Processed 529802 reads in 47.124 CPU sec, 6.477 real sec
[M::process] read 529802 sequences (80000102 bp)...
[M::mem_process_seqs] Processed 529802 reads in 47.093 CPU sec, 6.355 real sec
[M::mem_process_seqs] Processed 529802 reads in 47.056 CPU sec, 6.367 real sec
[M::process] read 529802 sequences (80000102 bp)...
[M::mem_process_seqs] Processed 529802 reads in 46.781 CPU sec, 6.318 real sec
[M::process] read 529802 sequences (80000102 bp)...
[M::process] read 529802 sequences (80000102 bp)...
[M::mem_process_seqs] Processed 529802 reads in 46.638 CPU sec, 6.396 real sec
[M::mem_process_seqs] Processed 529802 reads in 46.483 CPU sec, 6.346 real sec
[M::process] read 529802 sequences (80000102 bp)...
[M::process] read 529802 sequences (80000102 bp)...
[M::mem_process_seqs] Processed 529802 reads in 47.384 CPU sec, 6.383 real sec
[M::mem_process_seqs] Processed 529802 reads in 45.943 CPU sec, 6.214 real sec
[M::process] read 529802 sequences (80000102 bp)...
[M::process] read 529802 sequences (80000102 bp)...
[M::mem_process_seqs] Processed 529802 reads in 47.162 CPU sec, 6.270 real sec
[M::mem_process_seqs] Processed 529802 reads in 46.724 CPU sec, 6.301 real sec
[M::process] read 529802 sequences (80000102 bp)...
[M::mem_process_seqs] Processed 529802 reads in 46.209 CPU sec, 6.238 real sec
[M::process] read 529802 sequences (80000102 bp)...
[M::process] read 529802 sequences (80000102 bp)...
[M::mem_process_seqs] Processed 529802 reads in 46.532 CPU sec, 6.357 real sec
[M::mem_process_seqs] Processed 529802 reads in 47.125 CPU sec, 6.352 real sec
[M::process] read 529802 sequences (80000102 bp)...
[M::mem_process_seqs] Processed 529802 reads in 46.983 CPU sec, 6.350 real sec
[M::process] read 529802 sequences (80000102 bp)...
[M::process] read 529802 sequences (80000102 bp)...
[M::mem_process_seqs] Processed 529802 reads in 47.211 CPU sec, 6.349 real sec
[M::process] read 529802 sequences (80000102 bp)...
[M::mem_process_seqs] Processed 529802 reads in 46.597 CPU sec, 6.391 real sec
[M::process] read 529802 sequences (80000102 bp)...
[M::mem_process_seqs] Processed 529802 reads in 46.913 CPU sec, 6.344 real sec
[M::mem_process_seqs] Processed 529802 reads in 46.610 CPU sec, 6.292 real sec
[M::process] read 529802 sequences (80000102 bp)...
[M::process] read 529802 sequences (80000102 bp)...
[M::mem_process_seqs] Processed 529802 reads in 46.573 CPU sec, 6.362 real sec
[M::mem_process_seqs] Processed 529802 reads in 45.125 CPU sec, 6.101 real sec
[M::process] read 529802 sequences (80000102 bp)...
[M::process] read 529802 sequences (80000102 bp)...
[M::mem_process_seqs] Processed 529802 reads in 44.647 CPU sec, 6.107 real sec
[M::mem_process_seqs] Processed 529802 reads in 44.759 CPU sec, 6.282 real sec
[M::process] read 529802 sequences (80000102 bp)...
[M::mem_process_seqs] Processed 529802 reads in 43.042 CPU sec, 6.579 real sec
[M::process] read 529802 sequences (80000102 bp)...
[M::process] read 529802 sequences (80000102 bp)...
[M::mem_process_seqs] Processed 529802 reads in 46.476 CPU sec, 6.154 real sec
[M::process] read 529802 sequences (80000102 bp)...
[M::mem_process_seqs] Processed 529802 reads in 46.877 CPU sec, 6.403 real sec
[M::mem_process_seqs] Processed 529802 reads in 46.645 CPU sec, 6.348 real sec
[M::process] read 529802 sequences (80000102 bp)...
[M::process] read 529802 sequences (80000102 bp)...
[M::mem_process_seqs] Processed 529802 reads in 47.183 CPU sec, 6.285 real sec
[M::mem_process_seqs] Processed 529802 reads in 46.164 CPU sec, 6.320 real sec
[M::process] read 529802 sequences (80000102 bp)...
[M::process] read 529802 sequences (80000102 bp)...
[M::mem_process_seqs] Processed 529802 reads in 45.929 CPU sec, 6.360 real sec
[M::process] read 529802 sequences (80000102 bp)...
[M::mem_process_seqs] Processed 529802 reads in 46.166 CPU sec, 7.024 real sec
[M::mem_process_seqs] Processed 529802 reads in 45.296 CPU sec, 6.168 real sec
[M::process] read 529802 sequences (80000102 bp)...
[M::process] read 529802 sequences (80000102 bp)...
[M::mem_process_seqs] Processed 529802 reads in 45.595 CPU sec, 6.284 real sec
[M::process] read 529802 sequences (80000102 bp)...
[M::mem_process_seqs] Processed 529802 reads in 45.840 CPU sec, 6.447 real sec
[M::process] read 529802 sequences (80000102 bp)...
[M::mem_process_seqs] Processed 529802 reads in 46.869 CPU sec, 6.436 real sec
[M::mem_process_seqs] Processed 529802 reads in 45.702 CPU sec, 6.626 real sec
[M::process] read 529802 sequences (80000102 bp)...
[M::mem_process_seqs] Processed 529802 reads in 46.662 CPU sec, 6.702 real sec
[M::process] read 529802 sequences (80000102 bp)...
[M::process] read 529802 sequences (80000102 bp)...
[M::mem_process_seqs] Processed 529802 reads in 46.464 CPU sec, 6.285 real sec
[M::mem_process_seqs] Processed 529802 reads in 45.775 CPU sec, 6.249 real sec
[M::process] read 529802 sequences (80000102 bp)...
[M::process] read 529802 sequences (80000102 bp)...
[M::mem_process_seqs] Processed 529802 reads in 45.617 CPU sec, 6.399 real sec
[M::process] read 529802 sequences (80000102 bp)...
[M::mem_process_seqs] Processed 529802 reads in 46.149 CPU sec, 6.664 real sec
[M::mem_process_seqs] Processed 529802 reads in 43.918 CPU sec, 6.289 real sec
[M::process] read 529802 sequences (80000102 bp)...
[M::mem_process_seqs] Processed 529802 reads in 43.597 CPU sec, 6.005 real sec
[M::process] read 529802 sequences (80000102 bp)...
[M::process] read 529802 sequences (80000102 bp)...
[M::mem_process_seqs] Processed 529802 reads in 43.699 CPU sec, 6.104 real sec
[M::mem_process_seqs] Processed 529802 reads in 44.552 CPU sec, 6.051 real sec
[M::process] read 529802 sequences (80000102 bp)...
[M::mem_process_seqs] Processed 529802 reads in 44.061 CPU sec, 6.139 real sec
[M::process] read 529802 sequences (80000102 bp)...
[M::process] read 529802 sequences (80000102 bp)...
[M::mem_process_seqs] Processed 529802 reads in 42.073 CPU sec, 6.454 real sec
[M::process] read 529802 sequences (80000102 bp)...
[M::mem_process_seqs] Processed 529802 reads in 41.987 CPU sec, 11.011 real sec
[M::mem_process_seqs] Processed 529802 reads in 42.062 CPU sec, 6.019 real sec
[M::process] read 529802 sequences (80000102 bp)...
[M::process] read 529802 sequences (80000102 bp)...
[M::mem_process_seqs] Processed 529802 reads in 43.832 CPU sec, 5.866 real sec
[M::mem_process_seqs] Processed 529802 reads in 42.748 CPU sec, 5.833 real sec
[M::process] read 529802 sequences (80000102 bp)...
[M::process] read 529802 sequences (80000102 bp)...
[M::mem_process_seqs] Processed 529802 reads in 41.403 CPU sec, 5.889 real sec
[M::mem_process_seqs] Processed 529802 reads in 42.992 CPU sec, 5.847 real sec
[M::process] read 529802 sequences (80000102 bp)...
[M::process] read 529802 sequences (80000102 bp)...
[M::mem_process_seqs] Processed 529802 reads in 42.949 CPU sec, 5.758 real sec
[M::mem_process_seqs] Processed 529802 reads in 40.851 CPU sec, 5.599 real sec
[M::process] read 529802 sequences (80000102 bp)...
[M::process] read 529802 sequences (80000102 bp)...
[M::mem_process_seqs] Processed 529802 reads in 42.389 CPU sec, 5.819 real sec
[M::mem_process_seqs] Processed 529802 reads in 41.241 CPU sec, 6.186 real sec
[M::process] read 529802 sequences (80000102 bp)...
[M::process] read 529802 sequences (80000102 bp)...
[M::mem_process_seqs] Processed 529802 reads in 43.025 CPU sec, 5.646 real sec
[M::mem_process_seqs] Processed 529802 reads in 41.860 CPU sec, 5.944 real sec
[M::process] read 529802 sequences (80000102 bp)...
[M::process] read 529802 sequences (80000102 bp)...
[M::mem_process_seqs] Processed 529802 reads in 42.962 CPU sec, 5.838 real sec
[M::mem_process_seqs] Processed 529802 reads in 42.134 CPU sec, 5.738 real sec
[M::process] read 529802 sequences (80000102 bp)...
[M::process] read 529802 sequences (80000102 bp)...
[M::mem_process_seqs] Processed 529802 reads in 43.065 CPU sec, 5.734 real sec
[M::mem_process_seqs] Processed 529802 reads in 41.655 CPU sec, 5.898 real sec
[M::process] read 529802 sequences (80000102 bp)...
[M::mem_process_seqs] Processed 529802 reads in 43.125 CPU sec, 5.852 real sec
[M::process] read 529802 sequences (80000102 bp)...
[M::mem_process_seqs] Processed 529802 reads in 42.837 CPU sec, 6.201 real sec
[M::process] read 529802 sequences (80000102 bp)...
[M::mem_process_seqs] Processed 529802 reads in 41.608 CPU sec, 5.666 real sec
[M::process] read 529802 sequences (80000102 bp)...
[M::process] read 529802 sequences (80000102 bp)...
[M::mem_process_seqs] Processed 529802 reads in 42.084 CPU sec, 5.679 real sec
[M::mem_process_seqs] Processed 529802 reads in 41.365 CPU sec, 5.738 real sec
[M::process] read 529802 sequences (80000102 bp)...
[M::process] read 529802 sequences (80000102 bp)...
[M::mem_process_seqs] Processed 529802 reads in 43.141 CPU sec, 5.753 real sec
[M::mem_process_seqs] Processed 529802 reads in 41.630 CPU sec, 5.636 real sec
[M::process] read 529802 sequences (80000102 bp)...
[M::process] read 529802 sequences (80000102 bp)...
[M::mem_process_seqs] Processed 529802 reads in 42.330 CPU sec, 5.619 real sec
[M::mem_process_seqs] Processed 529802 reads in 41.353 CPU sec, 5.587 real sec
[M::process] read 529802 sequences (80000102 bp)...
[M::mem_process_seqs] Processed 529802 reads in 42.232 CPU sec, 5.598 real sec
[M::process] read 529802 sequences (80000102 bp)...
[M::mem_process_seqs] Processed 529802 reads in 41.737 CPU sec, 5.665 real sec
[M::process] read 529802 sequences (80000102 bp)...
[M::mem_process_seqs] Processed 529802 reads in 41.745 CPU sec, 5.698 real sec
[M::process] read 529802 sequences (80000102 bp)...
[M::mem_process_seqs] Processed 529802 reads in 41.191 CPU sec, 5.657 real sec
[M::process] read 529802 sequences (80000102 bp)...
[M::mem_process_seqs] Processed 529802 reads in 42.739 CPU sec, 5.706 real sec
[M::process] read 529802 sequences (80000102 bp)...
[M::mem_process_seqs] Processed 529802 reads in 41.424 CPU sec, 5.615 real sec
[M::process] read 529802 sequences (80000102 bp)...
[M::process] read 529802 sequences (80000102 bp)...
[M::mem_process_seqs] Processed 529802 reads in 42.274 CPU sec, 5.636 real sec
[M::mem_process_seqs] Processed 529802 reads in 41.713 CPU sec, 5.725 real sec
[M::process] read 529802 sequences (80000102 bp)...
[M::process] read 529802 sequences (80000102 bp)...
[M::mem_process_seqs] Processed 529802 reads in 42.295 CPU sec, 5.765 real sec
[M::mem_process_seqs] Processed 529802 reads in 41.578 CPU sec, 5.617 real sec
[M::process] read 529802 sequences (80000102 bp)...
[M::process] read 529802 sequences (80000102 bp)...
[M::mem_process_seqs] Processed 529802 reads in 41.370 CPU sec, 5.482 real sec
[M::mem_process_seqs] Processed 529802 reads in 40.577 CPU sec, 5.482 real sec
[M::process] read 529802 sequences (80000102 bp)...
[M::process] read 529802 sequences (80000102 bp)...
[M::mem_process_seqs] Processed 529802 reads in 41.861 CPU sec, 5.613 real sec
[M::mem_process_seqs] Processed 529802 reads in 40.463 CPU sec, 5.782 real sec
[M::process] read 529802 sequences (80000102 bp)...
[M::process] read 529802 sequences (80000102 bp)...
[M::mem_process_seqs] Processed 529802 reads in 40.823 CPU sec, 5.491 real sec
[M::mem_process_seqs] Processed 529802 reads in 39.857 CPU sec, 5.614 real sec
[M::process] read 529802 sequences (80000102 bp)...
[M::mem_process_seqs] Processed 529802 reads in 41.493 CPU sec, 5.539 real sec
[M::process] read 529802 sequences (80000102 bp)...
[M::mem_process_seqs] Processed 529802 reads in 41.489 CPU sec, 6.266 real sec
[M::process] read 529802 sequences (80000102 bp)...
[M::process] read 529802 sequences (80000102 bp)...
[M::mem_process_seqs] Processed 529802 reads in 42.071 CPU sec, 5.548 real sec
[M::mem_process_seqs] Processed 529802 reads in 41.288 CPU sec, 5.621 real sec
[M::process] read 529802 sequences (80000102 bp)...
[M::mem_process_seqs] Processed 529802 reads in 42.125 CPU sec, 5.637 real sec
[M::process] read 529802 sequences (80000102 bp)...
[M::mem_process_seqs] Processed 529802 reads in 40.766 CPU sec, 5.627 real sec
[M::process] read 529802 sequences (80000102 bp)...
[M::process] read 529802 sequences (80000102 bp)...
[M::mem_process_seqs] Processed 529802 reads in 42.078 CPU sec, 5.674 real sec
[M::mem_process_seqs] Processed 529802 reads in 41.659 CPU sec, 5.746 real sec
[M::process] read 529802 sequences (80000102 bp)...
[M::process] read 529802 sequences (80000102 bp)...
[M::mem_process_seqs] Processed 529802 reads in 41.289 CPU sec, 5.768 real sec
[M::mem_process_seqs] Processed 529802 reads in 41.851 CPU sec, 5.664 real sec
[M::process] read 529802 sequences (80000102 bp)...
[M::mem_process_seqs] Processed 529802 reads in 42.602 CPU sec, 5.779 real sec
[M::process] read 529802 sequences (80000102 bp)...
[M::mem_process_seqs] Processed 529802 reads in 42.379 CPU sec, 5.777 real sec
[M::process] read 529802 sequences (80000102 bp)...
[M::mem_process_seqs] Processed 529802 reads in 41.629 CPU sec, 5.718 real sec
[M::process] read 529802 sequences (80000102 bp)...
[M::process] read 529802 sequences (80000102 bp)...
[M::mem_process_seqs] Processed 529802 reads in 41.316 CPU sec, 5.607 real sec
[M::mem_process_seqs] Processed 529802 reads in 41.440 CPU sec, 5.680 real sec
[M::process] read 529802 sequences (80000102 bp)...
[M::process] read 529802 sequences (80000102 bp)...
[M::mem_process_seqs] Processed 529802 reads in 41.557 CPU sec, 5.933 real sec
[M::process] read 529802 sequences (80000102 bp)...
[M::mem_process_seqs] Processed 529802 reads in 41.772 CPU sec, 6.501 real sec
[M::mem_process_seqs] Processed 529802 reads in 41.306 CPU sec, 5.594 real sec
[M::process] read 529802 sequences (80000102 bp)...
[M::process] read 529802 sequences (80000102 bp)...
[M::mem_process_seqs] Processed 529802 reads in 43.675 CPU sec, 5.823 real sec
[M::mem_process_seqs] Processed 529802 reads in 52.352 CPU sec, 7.176 real sec
[M::process] read 529802 sequences (80000102 bp)...
[M::process] read 529802 sequences (80000102 bp)...
[M::mem_process_seqs] Processed 529802 reads in 51.412 CPU sec, 7.178 real sec
[M::mem_process_seqs] Processed 529802 reads in 51.247 CPU sec, 7.187 real sec
[M::process] read 529802 sequences (80000102 bp)...
[M::process] read 529802 sequences (80000102 bp)...
[M::mem_process_seqs] Processed 529802 reads in 51.120 CPU sec, 7.225 real sec
[M::mem_process_seqs] Processed 529802 reads in 50.538 CPU sec, 6.954 real sec
[M::process] read 529802 sequences (80000102 bp)...
[M::process] read 529802 sequences (80000102 bp)...
[M::mem_process_seqs] Processed 529802 reads in 52.401 CPU sec, 7.234 real sec
[M::mem_process_seqs] Processed 529802 reads in 50.574 CPU sec, 7.368 real sec
[M::process] read 529802 sequences (80000102 bp)...
[M::mem_process_seqs] Processed 529802 reads in 50.950 CPU sec, 6.936 real sec
[M::process] read 529802 sequences (80000102 bp)...
[M::process] read 529802 sequences (80000102 bp)...
[M::mem_process_seqs] Processed 529802 reads in 50.440 CPU sec, 7.451 real sec
[M::process] read 529802 sequences (80000102 bp)...
[M::mem_process_seqs] Processed 529802 reads in 51.792 CPU sec, 7.735 real sec
[M::mem_process_seqs] Processed 529802 reads in 49.255 CPU sec, 7.188 real sec
[M::process] read 529802 sequences (80000102 bp)...
[M::process] read 529802 sequences (80000102 bp)...
[M::mem_process_seqs] Processed 529802 reads in 49.470 CPU sec, 7.109 real sec
[M::process] read 529802 sequences (80000102 bp)...
[M::mem_process_seqs] Processed 529802 reads in 50.455 CPU sec, 7.341 real sec
[M::process] read 529802 sequences (80000102 bp)...
[M::mem_process_seqs] Processed 529802 reads in 51.583 CPU sec, 7.632 real sec
[M::process] read 347698 sequences (52502398 bp)...
[M::mem_process_seqs] Processed 529802 reads in 51.451 CPU sec, 7.205 real sec
[M::mem_process_seqs] Processed 347698 reads in 33.248 CPU sec, 4.888 real sec
[main] Version: 0.7.19-r1273
[main] CMD: bwa mem -t 8 ../reference/rRNA/rRNA_reference_Dmel_wMel.fasta /private/groups/russelllab/jodie/sequencing_data/scRNAseq/PIP-seq_cells/Jacobs_10524_241203B9/JW18DOX-SV-1_S37_L003_R2_001.fastq.gz
[main] Real time: 1366.188 sec; CPU: 9133.197 sec
[bam_sort_core] merging from 6 files and 8 in-memory blocks...
Alignment complete for JW18DOX-SV-1_pipseq
Filtered to 0 reads in rRNA regions
