Starting cluster marker and pathway analysis for wolbachia_infection
/private/groups/russelllab/jodie/scRNAseq/Jacobs_et_al_2026_wolbachia-drosophila-scrnaseq/cell_culture_system/scripts/method_comparison/cluster_marker_pathway_analysis.py:103: FutureWarning: The default of observed=False is deprecated and will be changed to True in a future version of pandas. Pass observed=False to retain current behavior or observed=True to adopt the future default and silence this warning.
  summary = adata.obs.groupby('leiden')[['n_counts', 'n_genes']].agg(
WARNING: saving figure to file results/cluster_marker_pathway/umap_wolbachia_infection_transcriptional_activity.pdf
/private/groups/russelllab/jodie/scRNAseq/Jacobs_et_al_2026_wolbachia-drosophila-scrnaseq/cell_culture_system/scripts/method_comparison/cluster_marker_pathway_analysis.py:235: FutureWarning: Series.__getitem__ treating keys as positions is deprecated. In a future version, integer keys will always be treated as labels (consistent with DataFrame behavior). To access a value by position, use `ser.iloc[pos]`
  pct_in   = result['pts'][grp][i]      if 'pts'      in result else np.nan
/private/groups/russelllab/jodie/scRNAseq/Jacobs_et_al_2026_wolbachia-drosophila-scrnaseq/cell_culture_system/scripts/method_comparison/cluster_marker_pathway_analysis.py:236: FutureWarning: Series.__getitem__ treating keys as positions is deprecated. In a future version, integer keys will always be treated as labels (consistent with DataFrame behavior). To access a value by position, use `ser.iloc[pos]`
  pct_rest = result['pts_rest'][grp][i]  if 'pts_rest' in result else np.nan
WARNING: saving figure to file results/cluster_marker_pathway/rank_genes_groups_leiden_wolbachia_infection_ranked_genes.pdf
WARNING: dendrogram data not found (using key=dendrogram_leiden). Running `sc.tl.dendrogram` with default parameters. For fine tuning it is recommended to run `sc.tl.dendrogram` independently.
WARNING: saving figure to file results/cluster_marker_pathway/heatmap_wolbachia_infection_top10_heatmap.pdf
WARNING: saving figure to file results/cluster_marker_pathway/dotplot__wolbachia_infection_top5_dotplot.pdf
/private/groups/russelllab/jodie/scRNAseq/Jacobs_et_al_2026_wolbachia-drosophila-scrnaseq/cell_culture_system/scripts/method_comparison/cluster_marker_pathway_analysis.py:397: FutureWarning: Downcasting object dtype arrays on .fillna, .ffill, .bfill is deprecated and will change in a future version. Call result.infer_objects(copy=False) instead. To opt-in to the future behavior, set `pd.set_option('future.no_silent_downcasting', True)`
  ).reindex(var_names).fillna(False).values.astype(bool)
============================================================
LOADING DATA
============================================================
  Cells: 89,046  Genes: 1,997  Clusters: 15
  adata.raw: 17,040 genes (will be used for DE)

============================================================
LOADING GENE SYMBOL MAPPING
============================================================
  File: ../reference/KB_Drosophila_melanogaster_wMel_combined_16S/transcripts_to_genes.txt
  Loaded 17,869 mappings
    FBgn0267594 -> CR45932
    FBgn0259849 -> Su(Ste):CR42418
    FBgn0085494 -> Mst77Y-16Psi
    FBgn0085506 -> CG40635
    FBgn0259870 -> Su(Ste):CR42439

============================================================
TRANSCRIPTIONAL ACTIVITY BY CLUSTER
============================================================
           n_counts                           ...      n_genes           
               mean       median         std  ...          std  min   max
leiden                                        ...                        
0       2881.046875  2906.718750  317.756348  ...  1046.979546  701  6563
1       2051.328613  1998.301270  303.575409  ...   408.472312  700  4300
2       2794.389893  2876.991943  438.618195  ...  1223.687928  701  6366
3       2819.571777  2960.870117  592.848755  ...  1269.755615  700  6654
4       3627.101562  3766.802246  886.295593  ...  1360.217116  700  7586
5       3150.143799  3144.163574  397.050873  ...  1114.198343  700  6509
6       4373.912598  4456.884766  608.898743  ...  1020.765047  889  6971
7       3236.441406  3192.064941  928.153076  ...  1199.273027  700  6576
8       2638.756836  2749.215332  483.322388  ...  1303.018918  700  6274
9       3630.613281  3666.914062  724.696594  ...  1037.251468  701  6266
10      3002.243408  3043.578857  544.353821  ...  1245.885895  703  6636
11      2915.261719  3002.115234  394.380005  ...  1196.784905  700  6264
12      2563.394287  2554.248535  459.417206  ...   502.856395  701  5223
13      2381.270020  2174.745361  680.839050  ...   737.979305  700  5479
14      1350.255981  1306.361938  257.920135  ...   264.255906  700  3016

[15 rows x 10 columns]

n_counts: H=48724.89  p=0.00e+00  η²=0.5471 (large)
n_genes:  H=42252.99  p=0.00e+00  η²=0.4744 (large)

============================================================
DIFFERENTIAL GENE EXPRESSION
============================================================
  Method: wilcoxon
  Filters: log2fc>=0.25, pct_in>=0.05, pct_ratio>=1.0, pval_adj<0.05
  Using adata.raw for DE (log-normalised, pre-scale counts)
  Genes after Wolbachia filter: 15,880 / 17,040 (1,160 bacterial transcripts removed)
  Genes after expression filter: 15,880 / 15,880
  Raw DE results: 238200 gene×cluster entries
  After filtering:  29574 entries
    Cluster 0: 3353 markers
    Cluster 1: 1 markers
    Cluster 2: 2911 markers
    Cluster 3: 1160 markers
    Cluster 4: 1999 markers
    Cluster 5: 4880 markers
    Cluster 6: 5529 markers
    Cluster 7: 390 markers
    Cluster 8: 495 markers
    Cluster 9: 1913 markers
    Cluster 10: 3519 markers
    Cluster 11: 3346 markers
    Cluster 12: 37 markers
    Cluster 13: 40 markers
    Cluster 14: 1 markers

  Top 10 markers per cluster:

  Cluster 0:
    FBgn0030077            log2FC=  1.49  pct_in=0.92  pval_adj=0.00e+00
    FBgn0027930            log2FC=  1.64  pct_in=0.14  pval_adj=0.00e+00
    FBgn0004583            log2FC=  1.46  pct_in=0.23  pval_adj=0.00e+00
    FBti0059708            log2FC=  1.48  pct_in=0.25  pval_adj=0.00e+00
    FBgn0000633            log2FC=  1.53  pct_in=0.07  pval_adj=0.00e+00
    FBti0059693            log2FC=  1.46  pct_in=1.00  pval_adj=0.00e+00
    FBgn0037624            log2FC=  1.45  pct_in=0.92  pval_adj=0.00e+00
    FBgn0266414            log2FC=  1.48  pct_in=0.07  pval_adj=0.00e+00
    FBgn0038533            log2FC=  1.34  pct_in=0.29  pval_adj=0.00e+00
    FBgn0000244            log2FC=  1.33  pct_in=0.41  pval_adj=0.00e+00

  Cluster 1:
    FBgn0033699            log2FC=  0.71  pct_in=1.00  pval_adj=0.00e+00

  Cluster 2:
    FBgn0263219            log2FC=  1.91  pct_in=0.89  pval_adj=0.00e+00
    FBgn0000064            log2FC=  0.75  pct_in=0.14  pval_adj=0.00e+00
    FBgn0014135            log2FC=  1.64  pct_in=0.18  pval_adj=0.00e+00
    FBgn0000547            log2FC=  1.38  pct_in=0.31  pval_adj=0.00e+00
    FBgn0265874            log2FC=  2.53  pct_in=0.82  pval_adj=0.00e+00
    FBgn0058263            log2FC=  1.35  pct_in=0.30  pval_adj=0.00e+00
    FBgn0261988            log2FC=  1.12  pct_in=0.49  pval_adj=0.00e+00
    FBgn0039858            log2FC=  0.56  pct_in=0.23  pval_adj=0.00e+00
    FBgn0261703            log2FC=  1.34  pct_in=0.19  pval_adj=0.00e+00
    FBgn0019660            log2FC=  1.17  pct_in=0.98  pval_adj=0.00e+00

  Cluster 3:
    FBgn0030040            log2FC=  4.55  pct_in=0.13  pval_adj=0.00e+00
    FBgn0053926            log2FC=  3.22  pct_in=0.24  pval_adj=0.00e+00
    FBgn0034709            log2FC=  3.46  pct_in=0.83  pval_adj=0.00e+00
    FBgn0038516            log2FC=  3.56  pct_in=0.14  pval_adj=0.00e+00
    FBgn0038194            log2FC=  3.51  pct_in=0.94  pval_adj=0.00e+00
    FBgn0011706            log2FC=  2.79  pct_in=0.34  pval_adj=0.00e+00
    FBgn0051279            log2FC=  3.71  pct_in=0.94  pval_adj=0.00e+00
    FBgn0010041            log2FC=  3.05  pct_in=0.52  pval_adj=0.00e+00
    FBgn0262565            log2FC=  4.46  pct_in=0.33  pval_adj=0.00e+00
    FBgn0001224            log2FC=  2.12  pct_in=0.57  pval_adj=0.00e+00

  Cluster 4:
    FBti0019213            log2FC=  3.60  pct_in=0.15  pval_adj=0.00e+00
    FBti0062208            log2FC=  3.31  pct_in=0.08  pval_adj=0.00e+00
    FBgn0083228            log2FC=  3.70  pct_in=0.24  pval_adj=0.00e+00
    FBgn0013687            log2FC=  3.04  pct_in=0.18  pval_adj=0.00e+00
    RR48408_transposable_element log2FC=  3.07  pct_in=1.00  pval_adj=0.00e+00
    FBgn0027108            log2FC=  3.09  pct_in=0.83  pval_adj=0.00e+00
    FBgn0261016            log2FC=  2.81  pct_in=0.28  pval_adj=0.00e+00
    FBgn0267164            log2FC=  2.96  pct_in=0.40  pval_adj=0.00e+00
    FBgn0085236            log2FC=  3.28  pct_in=0.19  pval_adj=0.00e+00
    FBti0019383            log2FC=  2.98  pct_in=0.18  pval_adj=0.00e+00

  Cluster 5:
    FBgn0047000            log2FC=  3.71  pct_in=0.90  pval_adj=0.00e+00
    FBgn0035710            log2FC=  3.95  pct_in=0.25  pval_adj=0.00e+00
    RR48395_transposable_element log2FC=  3.94  pct_in=0.50  pval_adj=0.00e+00
    FBgn0003326            log2FC=  3.98  pct_in=1.00  pval_adj=0.00e+00
    FBgn0004516            log2FC=  4.21  pct_in=0.96  pval_adj=0.00e+00
    FBgn0030816            log2FC=  3.59  pct_in=0.12  pval_adj=0.00e+00
    FBgn0026415            log2FC=  3.49  pct_in=0.34  pval_adj=0.00e+00
    FBgn0036806            log2FC=  2.73  pct_in=0.44  pval_adj=0.00e+00
    FBgn0031397            log2FC=  3.13  pct_in=0.25  pval_adj=0.00e+00
    FBgn0053207            log2FC=  2.69  pct_in=0.17  pval_adj=0.00e+00

  Cluster 6:
    FBgn0013275            log2FC=  4.52  pct_in=0.07  pval_adj=0.00e+00
    FBti0059727            log2FC=  3.34  pct_in=0.82  pval_adj=0.00e+00
    FBgn0058469            log2FC=  3.08  pct_in=0.31  pval_adj=0.00e+00
    RR48375_transposable_element log2FC=  4.02  pct_in=0.11  pval_adj=0.00e+00
    FBgn0000504            log2FC=  3.39  pct_in=0.31  pval_adj=0.00e+00
    FBti0059706            log2FC=  3.22  pct_in=0.07  pval_adj=0.00e+00
    FBgn0004242            log2FC=  2.98  pct_in=1.00  pval_adj=0.00e+00
    FBti0018969            log2FC=  2.96  pct_in=0.94  pval_adj=0.00e+00
    FBgn0287604            log2FC=  3.09  pct_in=0.07  pval_adj=0.00e+00
    FBgn0036485            log2FC=  3.60  pct_in=0.54  pval_adj=0.00e+00

  Cluster 7:
    FBgn0267507            log2FC=  3.02  pct_in=0.06  pval_adj=0.00e+00
    FBgn0004242            log2FC=  2.97  pct_in=1.00  pval_adj=0.00e+00
    FBti0061606            log2FC=  2.93  pct_in=0.80  pval_adj=0.00e+00
    FBgn0261016            log2FC=  2.88  pct_in=0.17  pval_adj=0.00e+00
    RR48373_transposable_element log2FC=  2.21  pct_in=0.96  pval_adj=0.00e+00
    FBgn0037060            log2FC=  2.55  pct_in=0.56  pval_adj=0.00e+00
    FBgn0266851            log2FC=  2.77  pct_in=0.06  pval_adj=0.00e+00
    FBti0019757            log2FC=  2.75  pct_in=0.30  pval_adj=0.00e+00
    FBgn0016075            log2FC=  2.21  pct_in=0.72  pval_adj=0.00e+00
    FBgn0030608            log2FC=  1.45  pct_in=0.89  pval_adj=0.00e+00

  Cluster 8:
    FBti0060275            log2FC=  1.26  pct_in=0.78  pval_adj=0.00e+00
    FBgn0022893            log2FC=  0.43  pct_in=0.19  pval_adj=0.00e+00
    FBgn0032833            log2FC=  0.56  pct_in=1.00  pval_adj=1.34e-277
    FBgn0021795            log2FC=  0.54  pct_in=0.83  pval_adj=1.36e-274
    FBgn0010612            log2FC=  0.41  pct_in=0.90  pval_adj=1.12e-247
    FBgn0004867            log2FC=  0.34  pct_in=0.96  pval_adj=3.26e-245
    FBgn0010411            log2FC=  0.36  pct_in=0.94  pval_adj=4.61e-231
    FBgn0013269            log2FC=  0.57  pct_in=0.91  pval_adj=2.90e-222
    FBgn0261599            log2FC=  0.29  pct_in=1.00  pval_adj=1.73e-220
    FBgn0031066            log2FC=  0.39  pct_in=0.63  pval_adj=1.99e-216

  Cluster 9:
    FBti0019213            log2FC=  2.93  pct_in=0.13  pval_adj=0.00e+00
    FBgn0013687            log2FC=  2.77  pct_in=0.06  pval_adj=0.00e+00
    FBgn0027108            log2FC=  2.94  pct_in=0.25  pval_adj=0.00e+00
    FBgn0264975            log2FC=  3.08  pct_in=0.14  pval_adj=0.00e+00
    FBti0063007            log2FC=  2.65  pct_in=1.00  pval_adj=0.00e+00
    FBti0019045            log2FC=  2.66  pct_in=0.90  pval_adj=0.00e+00
    FBgn0000179            log2FC=  2.43  pct_in=0.31  pval_adj=0.00e+00
    FBgn0040398            log2FC=  2.25  pct_in=0.44  pval_adj=0.00e+00
    RR48383_transposable_element log2FC=  2.47  pct_in=0.18  pval_adj=0.00e+00
    FBgn0001114            log2FC=  3.81  pct_in=0.20  pval_adj=0.00e+00

  Cluster 10:
    FBgn0033204            log2FC=  3.06  pct_in=0.89  pval_adj=0.00e+00
    FBgn0037975            log2FC=  2.98  pct_in=0.17  pval_adj=0.00e+00
    FBti0060949            log2FC=  3.34  pct_in=0.15  pval_adj=0.00e+00
    FBgn0038455            log2FC=  1.84  pct_in=0.10  pval_adj=0.00e+00
    FBgn0051694            log2FC=  1.52  pct_in=0.24  pval_adj=0.00e+00
    FBgn0264542            log2FC=  2.55  pct_in=0.35  pval_adj=0.00e+00
    FBgn0037974            log2FC=  2.56  pct_in=0.20  pval_adj=0.00e+00
    FBgn0033649            log2FC=  2.55  pct_in=0.17  pval_adj=0.00e+00
    FBgn0033945            log2FC=  1.76  pct_in=0.27  pval_adj=0.00e+00
    FBgn0266705            log2FC=  2.30  pct_in=0.93  pval_adj=0.00e+00

  Cluster 11:
    FBgn0263660            log2FC=  1.69  pct_in=0.96  pval_adj=0.00e+00
    FBti0059708            log2FC=  1.53  pct_in=0.16  pval_adj=1.73e-296
    FBgn0004583            log2FC=  1.45  pct_in=0.29  pval_adj=2.40e-293
    FBgn0032590            log2FC=  1.72  pct_in=0.30  pval_adj=1.73e-290
    FBgn0259993            log2FC=  1.61  pct_in=0.10  pval_adj=3.55e-280
    FBti0060033            log2FC=  1.62  pct_in=1.00  pval_adj=1.89e-273
    FBgn0265104            log2FC=  1.48  pct_in=0.90  pval_adj=7.59e-254
    FBgn0024734            log2FC=  1.31  pct_in=0.38  pval_adj=1.21e-230
    FBgn0016797            log2FC=  1.31  pct_in=0.46  pval_adj=1.21e-230
    FBgn0087007            log2FC=  1.37  pct_in=0.20  pval_adj=1.01e-226

  Cluster 12:
    FBgn0014388            log2FC=  0.70  pct_in=0.09  pval_adj=0.00e+00
    FBgn0032588            log2FC=  3.20  pct_in=0.55  pval_adj=0.00e+00
    FBgn0261793            log2FC=  0.55  pct_in=0.99  pval_adj=5.16e-220
    FBgn0262656            log2FC=  0.60  pct_in=0.45  pval_adj=7.76e-190
    FBgn0010313            log2FC=  0.68  pct_in=0.13  pval_adj=8.07e-147
    FBgn0024352            log2FC=  0.75  pct_in=0.65  pval_adj=3.02e-134
    FBti0018861            log2FC=  0.81  pct_in=0.99  pval_adj=4.49e-132
    FBgn0086659            log2FC=  3.08  pct_in=0.92  pval_adj=1.04e-83
    FBgn0082951            log2FC=  3.53  pct_in=0.91  pval_adj=1.26e-72
    FBgn0038964            log2FC=  0.34  pct_in=0.93  pval_adj=3.84e-66

  Cluster 13:
    FBti0019150            log2FC=  3.63  pct_in=0.07  pval_adj=0.00e+00
    FBgn0027598            log2FC=  1.83  pct_in=0.07  pval_adj=0.00e+00
    FBti0061606            log2FC=  2.80  pct_in=0.61  pval_adj=1.84e-288
    FBgn0013702            log2FC=  5.20  pct_in=0.15  pval_adj=2.77e-235
    FBgn0086659            log2FC=  4.41  pct_in=1.00  pval_adj=1.12e-206
    FBgn0015288            log2FC=  0.91  pct_in=0.78  pval_adj=1.13e-171
    FBti0019426            log2FC=  3.87  pct_in=1.00  pval_adj=7.36e-118
    FBgn0020255            log2FC=  0.35  pct_in=0.59  pval_adj=3.35e-98
    FBgn0038020            log2FC=  1.21  pct_in=0.91  pval_adj=5.66e-74
    FBgn0034408            log2FC=  1.07  pct_in=0.91  pval_adj=4.09e-64

  Cluster 14:
    FBgn0002626            log2FC=  0.57  pct_in=0.39  pval_adj=7.16e-202

============================================================
PATHWAY ENRICHMENT ANALYSIS (FlyEnrichr)
============================================================
  Using all markers passing filters (no top_n cap)

  Building background gene set …
  Background: 15880 genes → 13417 symbols (2463 unmapped, 1160 bacterial excluded)

==================================================
  Cluster 0
==================================================
  Using 3353 markers for enrichment
  Markers: 3353 FBgn IDs → 2905 symbols (448 unmapped)
  Foreground after background intersection: 2905
  [GO_Biological_Process_2018] 2420 terms, 578 significant
  [GO_Molecular_Function_2018] 590 terms, 91 significant
  [GO_Cellular_Component_2018] 322 terms, 127 significant
  [KEGG_2019] 110 terms, 26 significant
  [WikiPathways_2018] 27 terms, 8 significant

==================================================
  Cluster 1
==================================================
  Skipping: only 1 markers (need ≥ 5)

==================================================
  Cluster 2
==================================================
  Using 2911 markers for enrichment
  Markers: 2911 FBgn IDs → 2339 symbols (572 unmapped)
  Foreground after background intersection: 2339
  [GO_Biological_Process_2018] 2332 terms, 488 significant
  [GO_Molecular_Function_2018] 600 terms, 80 significant
  [GO_Cellular_Component_2018] 291 terms, 67 significant
  [KEGG_2019] 112 terms, 15 significant
  [WikiPathways_2018] 26 terms, 4 significant

==================================================
  Cluster 3
==================================================
  Using 1160 markers for enrichment
  Markers: 1160 FBgn IDs → 1084 symbols (76 unmapped)
  Foreground after background intersection: 1084
  [GO_Biological_Process_2018] 1561 terms, 0 significant
  [GO_Molecular_Function_2018] 406 terms, 0 significant
  [GO_Cellular_Component_2018] 168 terms, 1 significant
  [KEGG_2019] 95 terms, 0 significant
  [WikiPathways_2018] 20 terms, 0 significant

==================================================
  Cluster 4
==================================================
  Using 1999 markers for enrichment
  Markers: 1999 FBgn IDs → 1848 symbols (151 unmapped)
  Foreground after background intersection: 1848
  [GO_Biological_Process_2018] 2142 terms, 32 significant
  [GO_Molecular_Function_2018] 555 terms, 5 significant
  [GO_Cellular_Component_2018] 277 terms, 6 significant
  [KEGG_2019] 114 terms, 2 significant
  [WikiPathways_2018] 23 terms, 3 significant

==================================================
  Cluster 5
==================================================
  Using 4880 markers for enrichment
  Markers: 4880 FBgn IDs → 4409 symbols (471 unmapped)
  Foreground after background intersection: 4409
  [GO_Biological_Process_2018] 2556 terms, 407 significant
  [GO_Molecular_Function_2018] 644 terms, 60 significant
  [GO_Cellular_Component_2018] 323 terms, 59 significant
  [KEGG_2019] 115 terms, 22 significant
  [WikiPathways_2018] 27 terms, 4 significant

==================================================
  Cluster 6
==================================================
  Using 5529 markers for enrichment
  Markers: 5529 FBgn IDs → 4983 symbols (546 unmapped)
  Foreground after background intersection: 4983
  [GO_Biological_Process_2018] 2578 terms, 522 significant
  [GO_Molecular_Function_2018] 669 terms, 88 significant
  [GO_Cellular_Component_2018] 330 terms, 80 significant
  [KEGG_2019] 115 terms, 28 significant
  [WikiPathways_2018] 28 terms, 3 significant

==================================================
  Cluster 7
==================================================
  Using 390 markers for enrichment
  Markers: 390 FBgn IDs → 325 symbols (65 unmapped)
  Foreground after background intersection: 325
  [GO_Biological_Process_2018] 707 terms, 0 significant
  [GO_Molecular_Function_2018] 175 terms, 0 significant
  [GO_Cellular_Component_2018] 72 terms, 0 significant
  [KEGG_2019] 59 terms, 0 significant
  [WikiPathways_2018] 8 terms, 0 significant

==================================================
  Cluster 8
==================================================
  Using 495 markers for enrichment
  Markers: 495 FBgn IDs → 404 symbols (91 unmapped)
  Foreground after background intersection: 404
  [GO_Biological_Process_2018] 1032 terms, 19 significant
  [GO_Molecular_Function_2018] 213 terms, 7 significant
  [GO_Cellular_Component_2018] 203 terms, 24 significant
  [KEGG_2019] 65 terms, 3 significant
  [WikiPathways_2018] 9 terms, 3 significant

==================================================
  Cluster 9
==================================================
  Using 1913 markers for enrichment
  Markers: 1913 FBgn IDs → 1820 symbols (93 unmapped)
  Foreground after background intersection: 1820
  [GO_Biological_Process_2018] 2191 terms, 144 significant
  [GO_Molecular_Function_2018] 560 terms, 19 significant
  [GO_Cellular_Component_2018] 