Starting cell cycle annotation for JW18wMel-SV-1_pipseq
Input file: results/filtered_h5ad/JW18wMel-SV-1_pipseq.h5ad
2025-11-19 10:16:28.543108: I tensorflow/core/platform/cpu_feature_guard.cc:151] This TensorFlow binary is optimized with oneAPI Deep Neural Network Library (oneDNN) to use the following CPU instructions in performance-critical operations:  SSE4.1 SSE4.2 AVX AVX2 AVX512F FMA
To enable them in other operations, rebuild TensorFlow with the appropriate compiler flags.
Auto tuning number of linear components...
Performing PCA...
Training Autoencoder with...
    0 linear dimensions...
epoch: 100/500, loss:  0.7956, time elapsed:  13.86s, time left:  55.44s
epoch: 200/500, loss:  0.7950, time elapsed:  27.35s, time left:  41.02s
epoch: 300/500, loss:  0.7944, time elapsed:  40.86s, time left:  27.24s
epoch: 400/500, loss:  0.7941, time elapsed:  54.34s, time left:  13.59s
epoch: 500/500, loss:  0.7938, time elapsed:  67.73s, time left:  0.00s
[0.7938042283058167]
[0.7910706778122201, 0.7857879188834753, 0.781065841761877, 0.7782832242468891, 0.7758436277264577]
    1 linear dimensions...
epoch: 100/500, loss:  0.7869, time elapsed:  13.48s, time left:  53.91s
epoch: 200/500, loss:  0.7869, time elapsed:  26.85s, time left:  40.28s
epoch: 300/500, loss:  0.7867, time elapsed:  40.09s, time left:  26.72s
epoch: 400/500, loss:  0.7870, time elapsed:  53.39s, time left:  13.35s
epoch: 500/500, loss:  0.7868, time elapsed:  66.70s, time left:  0.00s
[0.7938042283058167, 0.7868144512176514]
[0.7910706778122201, 0.7857879188834753, 0.781065841761877, 0.7782832242468891, 0.7758436277264577]
    2 linear dimensions...
epoch: 100/500, loss:  0.7836, time elapsed:  13.69s, time left:  54.75s
epoch: 200/500, loss:  0.7830, time elapsed:  27.22s, time left:  40.83s
epoch: 300/500, loss:  0.7831, time elapsed:  40.59s, time left:  27.06s
epoch: 400/500, loss:  0.7826, time elapsed:  54.00s, time left:  13.50s
epoch: 500/500, loss:  0.7826, time elapsed:  67.49s, time left:  0.00s
[0.7938042283058167, 0.7868144512176514, 0.7826438546180725]
[0.7910706778122201, 0.7857879188834753, 0.781065841761877, 0.7782832242468891, 0.7758436277264577]
Found! Use 1 linear components...
Early stop disabled, continue to check all cases...
    3 linear dimensions...
epoch: 100/500, loss:  0.7802, time elapsed:  13.23s, time left:  52.90s
epoch: 200/500, loss:  0.7804, time elapsed:  26.17s, time left:  39.25s
epoch: 300/500, loss:  0.7802, time elapsed:  39.14s, time left:  26.09s
epoch: 400/500, loss:  0.7802, time elapsed:  52.13s, time left:  13.03s
epoch: 500/500, loss:  0.7802, time elapsed:  65.08s, time left:  0.00s
[0.7938042283058167, 0.7868144512176514, 0.7826438546180725, 0.7802189588546753]
[0.7910706778122201, 0.7857879188834753, 0.781065841761877, 0.7782832242468891, 0.7758436277264577]
epoch: 100/800, loss:  0.7857, time elapsed:  13.43s, time left:  94.04s
epoch: 200/800, loss:  0.7852, time elapsed:  26.65s, time left:  79.95s
epoch: 300/800, loss:  0.7852, time elapsed:  39.89s, time left:  66.48s
epoch: 400/800, loss:  0.7851, time elapsed:  53.08s, time left:  53.08s
epoch: 500/800, loss:  0.7851, time elapsed:  66.35s, time left:  39.81s
epoch: 600/800, loss:  0.7849, time elapsed:  79.51s, time left:  26.50s
epoch: 700/800, loss:  0.7850, time elapsed:  92.70s, time left:  13.24s
epoch: 800/800, loss:  0.7851, time elapsed:  105.97s, time left:  0.00s
Pseudotime shape: (1327, 1)
Pseudotime range: -4.439 to 3.271
Step 1: Converting to circular coordinates...
Step 2: Direct angle-based assignment...
Step 3: Light smoothing at boundaries...
Boundary smoothing changed 0 assignments
Step 4: Calculate confidence scores...
Final phase distribution:
  g0/g1: 247 cells (18.6%)
  s: 631 cells (47.6%)
  g2/m: 449 cells (33.8%)
Unassigned cells: 0 (should be 0)

Final cell cycle stage distribution:
g0/g1: 247 cells (18.6%)
g2/m: 449 cells (33.8%)
s: 631 cells (47.6%)

Added to adata.obs:
cyclum_stage: 1327 cells
cyclum_pseudotime: 1327 cells
cyclum_confidence: 1327 cells

Analysis complete! Results saved to: results/annotated_h5ad/JW18wMel-SV-1_pipseq.h5ad
Plots saved as: results/annotated_h5ad/JW18wMel-SV-1_pipseq_cyclum_*.pdf
Compressing filtered h5ad file
Cell cycle annotation complete for JW18wMel-SV-1_pipseq
