Starting cell cycle annotation for JW18DOX-SV-2_10x
Input file: results/filtered_h5ad/JW18DOX-SV-2_10x.h5ad
2025-12-03 15:53:08.582479: I tensorflow/core/platform/cpu_feature_guard.cc:151] This TensorFlow binary is optimized with oneAPI Deep Neural Network Library (oneDNN) to use the following CPU instructions in performance-critical operations:  SSE4.1 SSE4.2 AVX AVX2 FMA
To enable them in other operations, rebuild TensorFlow with the appropriate compiler flags.
Auto tuning number of linear components...
Performing PCA...
Training Autoencoder with...
    0 linear dimensions...
epoch: 100/500, loss:  0.6024, time elapsed:  106.05s, time left:  424.19s
epoch: 200/500, loss:  0.6021, time elapsed:  213.17s, time left:  319.76s
epoch: 300/500, loss:  0.6020, time elapsed:  319.16s, time left:  212.77s
epoch: 400/500, loss:  0.6018, time elapsed:  425.09s, time left:  106.27s
epoch: 500/500, loss:  0.6018, time elapsed:  530.96s, time left:  0.00s
[0.6018457412719727]
[0.5996319981627005, 0.5908967808844287, 0.5853866595066068, 0.5818787229366389, 0.5790180377894518]
    1 linear dimensions...
epoch: 100/500, loss:  0.5932, time elapsed:  108.97s, time left:  435.86s
epoch: 200/500, loss:  0.5931, time elapsed:  218.15s, time left:  327.22s
epoch: 300/500, loss:  0.5931, time elapsed:  326.90s, time left:  217.94s
epoch: 400/500, loss:  0.5934, time elapsed:  434.76s, time left:  108.69s
epoch: 500/500, loss:  0.5937, time elapsed:  543.19s, time left:  0.00s
[0.6018457412719727, 0.5936986207962036]
[0.5996319981627005, 0.5908967808844287, 0.5853866595066068, 0.5818787229366389, 0.5790180377894518]
Found! Use 0 linear components...
Early stop disabled, continue to check all cases...
    2 linear dimensions...
epoch: 100/500, loss:  0.5880, time elapsed:  110.61s, time left:  442.46s
epoch: 200/500, loss:  0.5883, time elapsed:  220.97s, time left:  331.45s
epoch: 300/500, loss:  0.5881, time elapsed:  330.13s, time left:  220.09s
epoch: 400/500, loss:  0.5883, time elapsed:  440.69s, time left:  110.17s
epoch: 500/500, loss:  0.5886, time elapsed:  551.00s, time left:  0.00s
[0.6018457412719727, 0.5936986207962036, 0.5885917544364929]
[0.5996319981627005, 0.5908967808844287, 0.5853866595066068, 0.5818787229366389, 0.5790180377894518]
    3 linear dimensions...
epoch: 100/500, loss:  0.5842, time elapsed:  108.82s, time left:  435.29s
epoch: 200/500, loss:  0.5842, time elapsed:  214.47s, time left:  321.71s
epoch: 300/500, loss:  0.5839, time elapsed:  319.65s, time left:  213.10s
epoch: 400/500, loss:  0.5839, time elapsed:  423.63s, time left:  105.91s
epoch: 500/500, loss:  0.5839, time elapsed:  526.17s, time left:  0.00s
[0.6018457412719727, 0.5936986207962036, 0.5885917544364929, 0.583916962146759]
[0.5996319981627005, 0.5908967808844287, 0.5853866595066068, 0.5818787229366389, 0.5790180377894518]
epoch: 100/800, loss:  0.6014, time elapsed:  101.99s, time left:  713.95s
epoch: 200/800, loss:  0.6011, time elapsed:  204.42s, time left:  613.26s
epoch: 300/800, loss:  0.6010, time elapsed:  306.40s, time left:  510.67s
epoch: 400/800, loss:  0.6009, time elapsed:  408.37s, time left:  408.37s
epoch: 500/800, loss:  0.6008, time elapsed:  510.04s, time left:  306.02s
epoch: 600/800, loss:  0.6008, time elapsed:  613.52s, time left:  204.51s
epoch: 700/800, loss:  0.6008, time elapsed:  716.89s, time left:  102.41s
epoch: 800/800, loss:  0.6008, time elapsed:  819.70s, time left:  0.00s
Pseudotime shape: (8903, 1)
Pseudotime range: -1.393 to 0.174
Step 1: Converting to circular coordinates...
Step 2: Direct angle-based assignment...
Step 3: Light smoothing at boundaries...
Boundary smoothing changed 1 assignments
Step 4: Calculate confidence scores...
Final phase distribution:
  g0/g1: 1447 cells (16.3%)
  s: 1072 cells (12.0%)
  g2/m: 6384 cells (71.7%)
Unassigned cells: 0 (should be 0)

Final cell cycle stage distribution:
g0/g1: 1447 cells (16.3%)
g2/m: 6384 cells (71.7%)
s: 1072 cells (12.0%)

Added to adata.obs:
cyclum_stage: 8903 cells
cyclum_pseudotime: 8903 cells
cyclum_confidence: 8903 cells

Analysis complete! Results saved to: results/annotated_h5ad/JW18DOX-SV-2_10x.h5ad
Plots saved as: results/annotated_h5ad/JW18DOX-SV-2_10x_cyclum_*.pdf
Compressing filtered h5ad file
Cell cycle annotation complete for JW18DOX-SV-2_10x
