Starting cell cycle annotation for JW18wMel-SV-D1-1_pipseq
Input file: results/filtered_h5ad/JW18wMel-SV-D1-1_pipseq.h5ad
2026-03-06 11:19:23.352026: I tensorflow/core/platform/cpu_feature_guard.cc:151] This TensorFlow binary is optimized with oneAPI Deep Neural Network Library (oneDNN) to use the following CPU instructions in performance-critical operations:  SSE4.1 SSE4.2 AVX AVX2 AVX512F FMA
To enable them in other operations, rebuild TensorFlow with the appropriate compiler flags.
Auto tuning number of linear components...
Performing PCA...
Training Autoencoder with...
    0 linear dimensions...
epoch: 100/500, loss:  0.7956, time elapsed:  13.60s, time left:  54.40s
epoch: 200/500, loss:  0.7949, time elapsed:  26.74s, time left:  40.11s
epoch: 300/500, loss:  0.7943, time elapsed:  39.94s, time left:  26.63s
epoch: 400/500, loss:  0.7940, time elapsed:  53.09s, time left:  13.27s
epoch: 500/500, loss:  0.7941, time elapsed:  66.09s, time left:  0.00s
[0.7940621376037598]
[0.7910706778122201, 0.7857879188281152, 0.7810658417030205, 0.7782828829823051, 0.7758430756313567]
    1 linear dimensions...
epoch: 100/500, loss:  0.7868, time elapsed:  13.42s, time left:  53.66s
epoch: 200/500, loss:  0.7869, time elapsed:  26.32s, time left:  39.48s
epoch: 300/500, loss:  0.7867, time elapsed:  39.20s, time left:  26.14s
epoch: 400/500, loss:  0.7864, time elapsed:  52.05s, time left:  13.01s
epoch: 500/500, loss:  0.7864, time elapsed:  64.88s, time left:  0.00s
[0.7940621376037598, 0.7863625884056091]
[0.7910706778122201, 0.7857879188281152, 0.7810658417030205, 0.7782828829823051, 0.7758430756313567]
    2 linear dimensions...
epoch: 100/500, loss:  0.7829, time elapsed:  13.29s, time left:  53.17s
epoch: 200/500, loss:  0.7833, time elapsed:  26.40s, time left:  39.59s
epoch: 300/500, loss:  0.7830, time elapsed:  39.56s, time left:  26.37s
epoch: 400/500, loss:  0.7826, time elapsed:  52.71s, time left:  13.18s
epoch: 500/500, loss:  0.7829, time elapsed:  65.86s, time left:  0.00s
[0.7940621376037598, 0.7863625884056091, 0.7828853130340576]
[0.7910706778122201, 0.7857879188281152, 0.7810658417030205, 0.7782828829823051, 0.7758430756313567]
Found! Use 1 linear components...
Early stop disabled, continue to check all cases...
    3 linear dimensions...
epoch: 100/500, loss:  0.7815, time elapsed:  12.92s, time left:  51.68s
epoch: 200/500, loss:  0.7813, time elapsed:  25.54s, time left:  38.31s
epoch: 300/500, loss:  0.7810, time elapsed:  38.16s, time left:  25.44s
epoch: 400/500, loss:  0.7814, time elapsed:  50.79s, time left:  12.70s
epoch: 500/500, loss:  0.7811, time elapsed:  63.43s, time left:  0.00s
[0.7940621376037598, 0.7863625884056091, 0.7828853130340576, 0.7810841202735901]
[0.7910706778122201, 0.7857879188281152, 0.7810658417030205, 0.7782828829823051, 0.7758430756313567]
epoch: 100/800, loss:  0.7856, time elapsed:  13.24s, time left:  92.68s
epoch: 200/800, loss:  0.7853, time elapsed:  26.01s, time left:  78.03s
epoch: 300/800, loss:  0.7852, time elapsed:  38.82s, time left:  64.70s
epoch: 400/800, loss:  0.7851, time elapsed:  51.55s, time left:  51.55s
epoch: 500/800, loss:  0.7850, time elapsed:  64.36s, time left:  38.62s
epoch: 600/800, loss:  0.7851, time elapsed:  77.13s, time left:  25.71s
epoch: 700/800, loss:  0.7851, time elapsed:  89.85s, time left:  12.84s
epoch: 800/800, loss:  0.7851, time elapsed:  102.59s, time left:  0.00s
Pseudotime shape: (1327, 1)
Pseudotime range: -4.333 to 3.231
Step 1: Converting to circular coordinates...
Step 2: Direct angle-based assignment...
Step 3: Light smoothing at boundaries...
Boundary smoothing changed 0 assignments
Step 4: Calculate confidence scores...
Final phase distribution:
  g0/g1: 239 cells (18.0%)
  s: 630 cells (47.5%)
  g2/m: 458 cells (34.5%)
Unassigned cells: 0 (should be 0)

Final cell cycle stage distribution:
g0/g1: 239 cells (18.0%)
g2/m: 458 cells (34.5%)
s: 630 cells (47.5%)

Added to adata.obs:
cyclum_stage: 1327 cells
cyclum_pseudotime: 1327 cells
cyclum_confidence: 1327 cells

Analysis complete! Results saved to: results/annotated_h5ad/JW18wMel-SV-D1-1_pipseq.h5ad
Plots saved as: results/annotated_h5ad/JW18wMel-SV-D1-1_pipseq_cyclum_*.pdf
Compressing filtered h5ad file
gzip: results/filtered_h5ad/JW18wMel-SV-D1-1_pipseq.h5ad.gz already exists;	not overwritten
