Starting cell cycle annotation for JW18wMel-SV-D28-1_pipseq
Input file: results/filtered_h5ad/JW18wMel-SV-D28-1_pipseq.h5ad
2026-03-06 11:27:00.340399: I tensorflow/core/platform/cpu_feature_guard.cc:151] This TensorFlow binary is optimized with oneAPI Deep Neural Network Library (oneDNN) to use the following CPU instructions in performance-critical operations:  SSE4.1 SSE4.2 AVX AVX2 AVX512F FMA
To enable them in other operations, rebuild TensorFlow with the appropriate compiler flags.
Auto tuning number of linear components...
Performing PCA...
Training Autoencoder with...
    0 linear dimensions...
epoch: 100/500, loss:  0.7853, time elapsed:  22.04s, time left:  88.18s
epoch: 200/500, loss:  0.7834, time elapsed:  43.56s, time left:  65.34s
epoch: 300/500, loss:  0.7827, time elapsed:  65.03s, time left:  43.36s
epoch: 400/500, loss:  0.7827, time elapsed:  86.45s, time left:  21.61s
epoch: 500/500, loss:  0.7822, time elapsed:  107.76s, time left:  0.00s
[0.7822303771972656]
[0.7791337092498952, 0.7737892391078436, 0.770692310643719, 0.7688183755150507, 0.7672294299677136]
    1 linear dimensions...
epoch: 100/500, loss:  0.7765, time elapsed:  21.54s, time left:  86.17s
epoch: 200/500, loss:  0.7763, time elapsed:  42.47s, time left:  63.70s
epoch: 300/500, loss:  0.7766, time elapsed:  63.38s, time left:  42.25s
epoch: 400/500, loss:  0.7765, time elapsed:  84.35s, time left:  21.09s
epoch: 500/500, loss:  0.7764, time elapsed:  105.25s, time left:  0.00s
[0.7822303771972656, 0.7764091491699219]
[0.7791337092498952, 0.7737892391078436, 0.770692310643719, 0.7688183755150507, 0.7672294299677136]
    2 linear dimensions...
epoch: 100/500, loss:  0.7730, time elapsed:  21.57s, time left:  86.27s
epoch: 200/500, loss:  0.7728, time elapsed:  42.78s, time left:  64.17s
epoch: 300/500, loss:  0.7729, time elapsed:  63.98s, time left:  42.66s
epoch: 400/500, loss:  0.7728, time elapsed:  85.09s, time left:  21.27s
epoch: 500/500, loss:  0.7727, time elapsed:  106.31s, time left:  0.00s
[0.7822303771972656, 0.7764091491699219, 0.7727169990539551]
[0.7791337092498952, 0.7737892391078436, 0.770692310643719, 0.7688183755150507, 0.7672294299677136]
    3 linear dimensions...
epoch: 100/500, loss:  0.7716, time elapsed:  21.24s, time left:  84.97s
epoch: 200/500, loss:  0.7709, time elapsed:  42.30s, time left:  63.45s
epoch: 300/500, loss:  0.7711, time elapsed:  63.31s, time left:  42.21s
epoch: 400/500, loss:  0.7710, time elapsed:  84.28s, time left:  21.07s
epoch: 500/500, loss:  0.7714, time elapsed:  105.37s, time left:  0.00s
[0.7822303771972656, 0.7764091491699219, 0.7727169990539551, 0.7713785171508789]
[0.7791337092498952, 0.7737892391078436, 0.770692310643719, 0.7688183755150507, 0.7672294299677136]
Found! Use 2 linear components...
Early stop disabled, continue to check all cases...
epoch: 100/800, loss:  0.7718, time elapsed:  21.60s, time left:  151.23s
epoch: 200/800, loss:  0.7717, time elapsed:  43.07s, time left:  129.22s
epoch: 300/800, loss:  0.7717, time elapsed:  64.46s, time left:  107.43s
epoch: 400/800, loss:  0.7716, time elapsed:  85.83s, time left:  85.83s
epoch: 500/800, loss:  0.7717, time elapsed:  107.19s, time left:  64.32s
epoch: 600/800, loss:  0.7716, time elapsed:  128.70s, time left:  42.90s
epoch: 700/800, loss:  0.7716, time elapsed:  150.21s, time left:  21.46s
epoch: 800/800, loss:  0.7716, time elapsed:  171.58s, time left:  0.00s
Pseudotime shape: (2370, 1)
Pseudotime range: -4.319 to 4.701
Step 1: Converting to circular coordinates...
Step 2: Direct angle-based assignment...
Step 3: Light smoothing at boundaries...
Boundary smoothing changed 2 assignments
Step 4: Calculate confidence scores...
Final phase distribution:
  g0/g1: 764 cells (32.2%)
  s: 1188 cells (50.1%)
  g2/m: 418 cells (17.6%)
Unassigned cells: 0 (should be 0)

Final cell cycle stage distribution:
g0/g1: 764 cells (32.2%)
g2/m: 418 cells (17.6%)
s: 1188 cells (50.1%)

Added to adata.obs:
cyclum_stage: 2370 cells
cyclum_pseudotime: 2370 cells
cyclum_confidence: 2370 cells

Analysis complete! Results saved to: results/annotated_h5ad/JW18wMel-SV-D28-1_pipseq.h5ad
Plots saved as: results/annotated_h5ad/JW18wMel-SV-D28-1_pipseq_cyclum_*.pdf
Compressing filtered h5ad file
gzip: results/filtered_h5ad/JW18wMel-SV-D28-1_pipseq.h5ad.gz already exists;	not overwritten
