Starting cell cycle annotation for JW18wMel-Ctrl-2_10x
Input file: results/filtered_h5ad/JW18wMel-Ctrl-2_10x.h5ad
2025-11-21 11:07:59.549932: I tensorflow/core/platform/cpu_feature_guard.cc:151] This TensorFlow binary is optimized with oneAPI Deep Neural Network Library (oneDNN) to use the following CPU instructions in performance-critical operations:  SSE4.1 SSE4.2 AVX AVX2 FMA
To enable them in other operations, rebuild TensorFlow with the appropriate compiler flags.
Auto tuning number of linear components...
Performing PCA...
Training Autoencoder with...
    0 linear dimensions...
epoch: 100/500, loss:  0.5274, time elapsed:  128.40s, time left:  513.60s
epoch: 200/500, loss:  0.5272, time elapsed:  255.77s, time left:  383.66s
epoch: 300/500, loss:  0.5272, time elapsed:  382.72s, time left:  255.15s
epoch: 400/500, loss:  0.5272, time elapsed:  511.20s, time left:  127.80s
epoch: 500/500, loss:  0.5270, time elapsed:  639.14s, time left:  0.00s
[0.5269727110862732]
[0.5284981933240583, 0.5182021897087794, 0.5135128501629744, 0.5103002598890121, 0.5091104325036127]
    1 linear dimensions...
epoch: 100/500, loss:  0.5197, time elapsed:  133.33s, time left:  533.33s
epoch: 200/500, loss:  0.5195, time elapsed:  266.35s, time left:  399.52s
epoch: 300/500, loss:  0.5195, time elapsed:  400.04s, time left:  266.69s
epoch: 400/500, loss:  0.5193, time elapsed:  534.16s, time left:  133.54s
epoch: 500/500, loss:  0.5196, time elapsed:  668.24s, time left:  0.00s
[0.5269727110862732, 0.519554853439331]
[0.5284981933240583, 0.5182021897087794, 0.5135128501629744, 0.5103002598890121, 0.5091104325036127]
Found! Use 0 linear components...
Early stop disabled, continue to check all cases...
    2 linear dimensions...
epoch: 100/500, loss:  0.5162, time elapsed:  130.59s, time left:  522.36s
epoch: 200/500, loss:  0.5159, time elapsed:  255.61s, time left:  383.42s
epoch: 300/500, loss:  0.5159, time elapsed:  378.96s, time left:  252.64s
epoch: 400/500, loss:  0.5162, time elapsed:  498.18s, time left:  124.55s
epoch: 500/500, loss:  0.5159, time elapsed:  617.02s, time left:  0.00s
[0.5269727110862732, 0.519554853439331, 0.5158915519714355]
[0.5284981933240583, 0.5182021897087794, 0.5135128501629744, 0.5103002598890121, 0.5091104325036127]
    3 linear dimensions...
epoch: 100/500, loss:  0.5124, time elapsed:  128.93s, time left:  515.70s
epoch: 200/500, loss:  0.5120, time elapsed:  258.46s, time left:  387.69s
epoch: 300/500, loss:  0.5122, time elapsed:  388.31s, time left:  258.87s
epoch: 400/500, loss:  0.5122, time elapsed:  519.85s, time left:  129.96s
epoch: 500/500, loss:  0.5121, time elapsed:  650.03s, time left:  0.00s
[0.5269727110862732, 0.519554853439331, 0.5158915519714355, 0.5121170878410339]
[0.5284981933240583, 0.5182021897087794, 0.5135128501629744, 0.5103002598890121, 0.5091104325036127]
epoch: 100/800, loss:  0.5257, time elapsed:  126.89s, time left:  888.26s
epoch: 200/800, loss:  0.5254, time elapsed:  254.20s, time left:  762.59s
epoch: 300/800, loss:  0.5254, time elapsed:  379.79s, time left:  632.98s
epoch: 400/800, loss:  0.5254, time elapsed:  505.30s, time left:  505.30s
epoch: 500/800, loss:  0.5253, time elapsed:  630.93s, time left:  378.56s
epoch: 600/800, loss:  0.5252, time elapsed:  756.53s, time left:  252.18s
epoch: 700/800, loss:  0.5253, time elapsed:  882.18s, time left:  126.03s
epoch: 800/800, loss:  0.5253, time elapsed:  1007.92s, time left:  0.00s
Pseudotime shape: (10653, 1)
Pseudotime range: -2.672 to 3.739
Step 1: Converting to circular coordinates...
Step 2: Direct angle-based assignment...
Step 3: Light smoothing at boundaries...
Boundary smoothing changed 2 assignments
Step 4: Calculate confidence scores...
Final phase distribution:
  g0/g1: 4234 cells (39.7%)
  s: 2667 cells (25.0%)
  g2/m: 3752 cells (35.2%)
Unassigned cells: 0 (should be 0)

Final cell cycle stage distribution:
g0/g1: 4234 cells (39.7%)
g2/m: 3752 cells (35.2%)
s: 2667 cells (25.0%)

Added to adata.obs:
cyclum_stage: 10653 cells
cyclum_pseudotime: 10653 cells
cyclum_confidence: 10653 cells

Analysis complete! Results saved to: results/annotated_h5ad/JW18wMel-Ctrl-2_10x.h5ad
Plots saved as: results/annotated_h5ad/JW18wMel-Ctrl-2_10x_cyclum_*.pdf
Compressing filtered h5ad file
Cell cycle annotation complete for JW18wMel-Ctrl-2_10x
