Starting cell cycle annotation for JW18DOX-Ctrl-1_pipseq
Input file: results/filtered_h5ad/JW18DOX-Ctrl-1_pipseq.h5ad
2026-03-06 10:39:38.315172: I tensorflow/core/platform/cpu_feature_guard.cc:151] This TensorFlow binary is optimized with oneAPI Deep Neural Network Library (oneDNN) to use the following CPU instructions in performance-critical operations:  SSE4.1 SSE4.2 AVX AVX2 FMA
To enable them in other operations, rebuild TensorFlow with the appropriate compiler flags.
Auto tuning number of linear components...
Performing PCA...
Training Autoencoder with...
    0 linear dimensions...
epoch: 100/500, loss:  0.7815, time elapsed:  24.05s, time left:  96.18s
epoch: 200/500, loss:  0.7804, time elapsed:  49.04s, time left:  73.56s
epoch: 300/500, loss:  0.7805, time elapsed:  72.79s, time left:  48.53s
epoch: 400/500, loss:  0.7804, time elapsed:  96.37s, time left:  24.09s
epoch: 500/500, loss:  0.7804, time elapsed:  119.55s, time left:  0.00s
[0.7804420590400696]
[0.7780333984651325, 0.77298959179775, 0.7691616373032508, 0.7660840596216633, 0.7638119537773699]
    1 linear dimensions...
epoch: 100/500, loss:  0.7743, time elapsed:  25.03s, time left:  100.13s
epoch: 200/500, loss:  0.7743, time elapsed:  49.16s, time left:  73.74s
epoch: 300/500, loss:  0.7743, time elapsed:  73.88s, time left:  49.25s
epoch: 400/500, loss:  0.7743, time elapsed:  97.62s, time left:  24.41s
epoch: 500/500, loss:  0.7741, time elapsed:  121.74s, time left:  0.00s
[0.7804420590400696, 0.7741029858589172]
[0.7780333984651325, 0.77298959179775, 0.7691616373032508, 0.7660840596216633, 0.7638119537773699]
    2 linear dimensions...
epoch: 100/500, loss:  0.7704, time elapsed:  24.98s, time left:  99.92s
epoch: 200/500, loss:  0.7707, time elapsed:  49.45s, time left:  74.18s
epoch: 300/500, loss:  0.7704, time elapsed:  73.68s, time left:  49.12s
epoch: 400/500, loss:  0.7703, time elapsed:  97.95s, time left:  24.49s
epoch: 500/500, loss:  0.7705, time elapsed:  121.90s, time left:  0.00s
[0.7804420590400696, 0.7741029858589172, 0.7704679369926453]
[0.7780333984651325, 0.77298959179775, 0.7691616373032508, 0.7660840596216633, 0.7638119537773699]
Found! Use 1 linear components...
Early stop disabled, continue to check all cases...
    3 linear dimensions...
epoch: 100/500, loss:  0.7685, time elapsed:  24.86s, time left:  99.44s
epoch: 200/500, loss:  0.7680, time elapsed:  49.61s, time left:  74.41s
epoch: 300/500, loss:  0.7680, time elapsed:  74.32s, time left:  49.55s
epoch: 400/500, loss:  0.7680, time elapsed:  98.24s, time left:  24.56s
epoch: 500/500, loss:  0.7678, time elapsed:  122.54s, time left:  0.00s
[0.7804420590400696, 0.7741029858589172, 0.7704679369926453, 0.7678028345108032]
[0.7780333984651325, 0.77298959179775, 0.7691616373032508, 0.7660840596216633, 0.7638119537773699]
epoch: 100/800, loss:  0.7731, time elapsed:  25.78s, time left:  180.48s
epoch: 200/800, loss:  0.7730, time elapsed:  50.02s, time left:  150.05s
epoch: 300/800, loss:  0.7729, time elapsed:  74.14s, time left:  123.57s
epoch: 400/800, loss:  0.7729, time elapsed:  98.81s, time left:  98.81s
epoch: 500/800, loss:  0.7728, time elapsed:  123.00s, time left:  73.80s
epoch: 600/800, loss:  0.7728, time elapsed:  147.50s, time left:  49.17s
epoch: 700/800, loss:  0.7727, time elapsed:  171.88s, time left:  24.55s
epoch: 800/800, loss:  0.7727, time elapsed:  195.96s, time left:  0.00s
Pseudotime shape: (2183, 1)
Pseudotime range: -3.434 to 3.823
Step 1: Converting to circular coordinates...
Step 2: Direct angle-based assignment...
Step 3: Light smoothing at boundaries...
Boundary smoothing changed 1 assignments
Step 4: Calculate confidence scores...
Final phase distribution:
  g0/g1: 777 cells (35.6%)
  s: 875 cells (40.1%)
  g2/m: 531 cells (24.3%)
Unassigned cells: 0 (should be 0)

Final cell cycle stage distribution:
g0/g1: 777 cells (35.6%)
g2/m: 531 cells (24.3%)
s: 875 cells (40.1%)

Added to adata.obs:
cyclum_stage: 2183 cells
cyclum_pseudotime: 2183 cells
cyclum_confidence: 2183 cells

Analysis complete! Results saved to: results/annotated_h5ad/JW18DOX-Ctrl-1_pipseq.h5ad
Plots saved as: results/annotated_h5ad/JW18DOX-Ctrl-1_pipseq_cyclum_*.pdf
Compressing filtered h5ad file
Cell cycle annotation complete for JW18DOX-Ctrl-1_pipseq
