Starting cell cycle annotation for JW18DOX-SV-1_pipseq
Input file: results/filtered_h5ad/JW18DOX-SV-1_pipseq.h5ad
2025-11-19 10:44:56.825323: I tensorflow/core/platform/cpu_feature_guard.cc:151] This TensorFlow binary is optimized with oneAPI Deep Neural Network Library (oneDNN) to use the following CPU instructions in performance-critical operations:  SSE4.1 SSE4.2 AVX AVX2 FMA
To enable them in other operations, rebuild TensorFlow with the appropriate compiler flags.
Auto tuning number of linear components...
Performing PCA...
Training Autoencoder with...
    0 linear dimensions...
epoch: 100/500, loss:  0.8828, time elapsed:  10.62s, time left:  42.47s
epoch: 200/500, loss:  0.8811, time elapsed:  20.64s, time left:  30.96s
epoch: 300/500, loss:  0.8803, time elapsed:  30.74s, time left:  20.49s
epoch: 400/500, loss:  0.8794, time elapsed:  40.90s, time left:  10.23s
epoch: 500/500, loss:  0.8792, time elapsed:  51.00s, time left:  0.00s
[0.8792263269424438]
[0.8729130014643318, 0.8683101822069802, 0.8644492199449424, 0.8611258002808797, 0.8580148114647776]
    1 linear dimensions...
epoch: 100/500, loss:  0.8694, time elapsed:  10.56s, time left:  42.24s
epoch: 200/500, loss:  0.8691, time elapsed:  20.76s, time left:  31.15s
epoch: 300/500, loss:  0.8694, time elapsed:  31.01s, time left:  20.67s
epoch: 400/500, loss:  0.8693, time elapsed:  41.25s, time left:  10.31s
epoch: 500/500, loss:  0.8691, time elapsed:  51.48s, time left:  0.00s
[0.8792263269424438, 0.8690589070320129]
[0.8729130014643318, 0.8683101822069802, 0.8644492199449424, 0.8611258002808797, 0.8580148114647776]
    2 linear dimensions...
epoch: 100/500, loss:  0.8659, time elapsed:  10.60s, time left:  42.38s
epoch: 200/500, loss:  0.8656, time elapsed:  20.83s, time left:  31.24s
epoch: 300/500, loss:  0.8656, time elapsed:  31.28s, time left:  20.85s
epoch: 400/500, loss:  0.8662, time elapsed:  41.52s, time left:  10.38s
epoch: 500/500, loss:  0.8653, time elapsed:  51.73s, time left:  0.00s
[0.8792263269424438, 0.8690589070320129, 0.8652670383453369]
[0.8729130014643318, 0.8683101822069802, 0.8644492199449424, 0.8611258002808797, 0.8580148114647776]
Found! Use 1 linear components...
Early stop disabled, continue to check all cases...
    3 linear dimensions...
epoch: 100/500, loss:  0.8633, time elapsed:  10.63s, time left:  42.54s
epoch: 200/500, loss:  0.8628, time elapsed:  20.91s, time left:  31.37s
epoch: 300/500, loss:  0.8624, time elapsed:  31.16s, time left:  20.77s
epoch: 400/500, loss:  0.8623, time elapsed:  41.46s, time left:  10.37s
epoch: 500/500, loss:  0.8620, time elapsed:  51.72s, time left:  0.00s
[0.8792263269424438, 0.8690589070320129, 0.8652670383453369, 0.8620330095291138]
[0.8729130014643318, 0.8683101822069802, 0.8644492199449424, 0.8611258002808797, 0.8580148114647776]
epoch: 100/800, loss:  0.8689, time elapsed:  10.45s, time left:  73.15s
epoch: 200/800, loss:  0.8683, time elapsed:  20.62s, time left:  61.86s
epoch: 300/800, loss:  0.8682, time elapsed:  30.76s, time left:  51.26s
epoch: 400/800, loss:  0.8682, time elapsed:  40.98s, time left:  40.98s
epoch: 500/800, loss:  0.8681, time elapsed:  51.11s, time left:  30.67s
epoch: 600/800, loss:  0.8681, time elapsed:  61.29s, time left:  20.43s
epoch: 700/800, loss:  0.8681, time elapsed:  71.42s, time left:  10.20s
epoch: 800/800, loss:  0.8680, time elapsed:  81.58s, time left:  0.00s
Pseudotime shape: (778, 1)
Pseudotime range: -3.951 to 4.439
Step 1: Converting to circular coordinates...
Step 2: Direct angle-based assignment...
Step 3: Light smoothing at boundaries...
Boundary smoothing changed 2 assignments
Step 4: Calculate confidence scores...
Final phase distribution:
  g0/g1: 321 cells (41.3%)
  s: 316 cells (40.6%)
  g2/m: 141 cells (18.1%)
Unassigned cells: 0 (should be 0)

Final cell cycle stage distribution:
g0/g1: 321 cells (41.3%)
g2/m: 141 cells (18.1%)
s: 316 cells (40.6%)

Added to adata.obs:
cyclum_stage: 778 cells
cyclum_pseudotime: 778 cells
cyclum_confidence: 778 cells

Analysis complete! Results saved to: results/annotated_h5ad/JW18DOX-SV-1_pipseq.h5ad
Plots saved as: results/annotated_h5ad/JW18DOX-SV-1_pipseq_cyclum_*.pdf
Compressing filtered h5ad file
Cell cycle annotation complete for JW18DOX-SV-1_pipseq
