Starting cell cycle annotation for JW18wMel-SV-D7-1_pipseq
Input file: results/filtered_h5ad/JW18wMel-SV-D7-1_pipseq.h5ad
2026-03-06 10:38:56.293841: I tensorflow/core/platform/cpu_feature_guard.cc:151] This TensorFlow binary is optimized with oneAPI Deep Neural Network Library (oneDNN) to use the following CPU instructions in performance-critical operations:  SSE4.1 SSE4.2 AVX AVX2 FMA
To enable them in other operations, rebuild TensorFlow with the appropriate compiler flags.
Auto tuning number of linear components...
Performing PCA...
Training Autoencoder with...
    0 linear dimensions...
epoch: 100/500, loss:  0.7879, time elapsed:  22.96s, time left:  91.82s
epoch: 200/500, loss:  0.7863, time elapsed:  45.31s, time left:  67.96s
epoch: 300/500, loss:  0.7863, time elapsed:  67.62s, time left:  45.08s
epoch: 400/500, loss:  0.7861, time elapsed:  89.89s, time left:  22.47s
epoch: 500/500, loss:  0.7861, time elapsed:  112.11s, time left:  0.00s
[0.7860717177391052]
[0.7834802114105934, 0.7767397841141533, 0.7713261955901952, 0.7675235913906391, 0.76510489809641]
    1 linear dimensions...
epoch: 100/500, loss:  0.7787, time elapsed:  22.99s, time left:  91.96s
epoch: 200/500, loss:  0.7782, time elapsed:  45.42s, time left:  68.13s
epoch: 300/500, loss:  0.7786, time elapsed:  67.89s, time left:  45.26s
epoch: 400/500, loss:  0.7783, time elapsed:  90.30s, time left:  22.58s
epoch: 500/500, loss:  0.7783, time elapsed:  112.61s, time left:  0.00s
[0.7860717177391052, 0.7783336043357849]
[0.7834802114105934, 0.7767397841141533, 0.7713261955901952, 0.7675235913906391, 0.76510489809641]
    2 linear dimensions...
epoch: 100/500, loss:  0.7734, time elapsed:  23.14s, time left:  92.58s
epoch: 200/500, loss:  0.7731, time elapsed:  45.75s, time left:  68.62s
epoch: 300/500, loss:  0.7732, time elapsed:  68.48s, time left:  45.65s
epoch: 400/500, loss:  0.7730, time elapsed:  91.15s, time left:  22.79s
epoch: 500/500, loss:  0.7730, time elapsed:  113.82s, time left:  0.00s
[0.7860717177391052, 0.7783336043357849, 0.7729970216751099]
[0.7834802114105934, 0.7767397841141533, 0.7713261955901952, 0.7675235913906391, 0.76510489809641]
Found! Use 1 linear components...
Early stop disabled, continue to check all cases...
    3 linear dimensions...
epoch: 100/500, loss:  0.7700, time elapsed:  22.87s, time left:  91.48s
epoch: 200/500, loss:  0.7697, time elapsed:  45.27s, time left:  67.90s
epoch: 300/500, loss:  0.7699, time elapsed:  67.65s, time left:  45.10s
epoch: 400/500, loss:  0.7698, time elapsed:  90.04s, time left:  22.51s
epoch: 500/500, loss:  0.7694, time elapsed:  112.38s, time left:  0.00s
[0.7860717177391052, 0.7783336043357849, 0.7729970216751099, 0.76939857006073]
[0.7834802114105934, 0.7767397841141533, 0.7713261955901952, 0.7675235913906391, 0.76510489809641]
epoch: 100/800, loss:  0.7772, time elapsed:  22.93s, time left:  160.48s
epoch: 200/800, loss:  0.7770, time elapsed:  45.59s, time left:  136.76s
epoch: 300/800, loss:  0.7770, time elapsed:  68.14s, time left:  113.57s
epoch: 400/800, loss:  0.7769, time elapsed:  90.66s, time left:  90.66s
epoch: 500/800, loss:  0.7769, time elapsed:  113.14s, time left:  67.88s
epoch: 600/800, loss:  0.7768, time elapsed:  135.67s, time left:  45.22s
epoch: 700/800, loss:  0.7768, time elapsed:  158.13s, time left:  22.59s
epoch: 800/800, loss:  0.7769, time elapsed:  180.55s, time left:  0.00s
Pseudotime shape: (2044, 1)
Pseudotime range: -4.453 to 4.439
Step 1: Converting to circular coordinates...
Step 2: Direct angle-based assignment...
Step 3: Light smoothing at boundaries...
Boundary smoothing changed 0 assignments
Step 4: Calculate confidence scores...
Final phase distribution:
  g0/g1: 508 cells (24.9%)
  s: 961 cells (47.0%)
  g2/m: 575 cells (28.1%)
Unassigned cells: 0 (should be 0)

Final cell cycle stage distribution:
g0/g1: 508 cells (24.9%)
g2/m: 575 cells (28.1%)
s: 961 cells (47.0%)

Added to adata.obs:
cyclum_stage: 2044 cells
cyclum_pseudotime: 2044 cells
cyclum_confidence: 2044 cells

Analysis complete! Results saved to: results/annotated_h5ad/JW18wMel-SV-D7-1_pipseq.h5ad
Plots saved as: results/annotated_h5ad/JW18wMel-SV-D7-1_pipseq_cyclum_*.pdf
Compressing filtered h5ad file
Cell cycle annotation complete for JW18wMel-SV-D7-1_pipseq
