Starting cell cycle annotation for JW18wMel-Ctrl-1_10x
Input file: results/filtered_h5ad/JW18wMel-Ctrl-1_10x.h5ad
2025-11-21 11:07:57.150831: I tensorflow/core/platform/cpu_feature_guard.cc:151] This TensorFlow binary is optimized with oneAPI Deep Neural Network Library (oneDNN) to use the following CPU instructions in performance-critical operations:  SSE4.1 SSE4.2 AVX AVX2 FMA
To enable them in other operations, rebuild TensorFlow with the appropriate compiler flags.
Auto tuning number of linear components...
Performing PCA...
Training Autoencoder with...
    0 linear dimensions...
epoch: 100/500, loss:  0.5535, time elapsed:  84.19s, time left:  336.76s
epoch: 200/500, loss:  0.5528, time elapsed:  166.81s, time left:  250.22s
epoch: 300/500, loss:  0.5531, time elapsed:  249.38s, time left:  166.25s
epoch: 400/500, loss:  0.5530, time elapsed:  332.66s, time left:  83.16s
epoch: 500/500, loss:  0.5529, time elapsed:  414.77s, time left:  0.00s
[0.5529022812843323]
[0.5529924410902324, 0.5428243017295077, 0.5377261098126862, 0.5336149241170488, 0.5309145726497925]
    1 linear dimensions...
epoch: 100/500, loss:  0.5448, time elapsed:  85.93s, time left:  343.71s
epoch: 200/500, loss:  0.5444, time elapsed:  171.24s, time left:  256.87s
epoch: 300/500, loss:  0.5444, time elapsed:  256.81s, time left:  171.21s
epoch: 400/500, loss:  0.5445, time elapsed:  341.67s, time left:  85.42s
epoch: 500/500, loss:  0.5442, time elapsed:  426.32s, time left:  0.00s
[0.5529022812843323, 0.5441950559616089]
[0.5529924410902324, 0.5428243017295077, 0.5377261098126862, 0.5336149241170488, 0.5309145726497925]
Found! Use 0 linear components...
Early stop disabled, continue to check all cases...
    2 linear dimensions...
epoch: 100/500, loss:  0.5394, time elapsed:  82.33s, time left:  329.32s
epoch: 200/500, loss:  0.5392, time elapsed:  164.27s, time left:  246.41s
epoch: 300/500, loss:  0.5393, time elapsed:  245.23s, time left:  163.49s
epoch: 400/500, loss:  0.5392, time elapsed:  326.27s, time left:  81.57s
epoch: 500/500, loss:  0.5393, time elapsed:  407.63s, time left:  0.00s
[0.5529022812843323, 0.5441950559616089, 0.5392584800720215]
[0.5529924410902324, 0.5428243017295077, 0.5377261098126862, 0.5336149241170488, 0.5309145726497925]
    3 linear dimensions...
epoch: 100/500, loss:  0.5357, time elapsed:  86.21s, time left:  344.83s
epoch: 200/500, loss:  0.5357, time elapsed:  171.91s, time left:  257.86s
epoch: 300/500, loss:  0.5356, time elapsed:  257.03s, time left:  171.35s
epoch: 400/500, loss:  0.5356, time elapsed:  338.29s, time left:  84.57s
epoch: 500/500, loss:  0.5357, time elapsed:  419.71s, time left:  0.00s
[0.5529022812843323, 0.5441950559616089, 0.5392584800720215, 0.5356529951095581]
[0.5529924410902324, 0.5428243017295077, 0.5377261098126862, 0.5336149241170488, 0.5309145726497925]
epoch: 100/800, loss:  0.5518, time elapsed:  77.22s, time left:  540.52s
epoch: 200/800, loss:  0.5515, time elapsed:  157.03s, time left:  471.09s
epoch: 300/800, loss:  0.5513, time elapsed:  235.51s, time left:  392.52s
epoch: 400/800, loss:  0.5513, time elapsed:  308.58s, time left:  308.58s
epoch: 500/800, loss:  0.5512, time elapsed:  383.62s, time left:  230.17s
epoch: 600/800, loss:  0.5512, time elapsed:  460.81s, time left:  153.60s
epoch: 700/800, loss:  0.5511, time elapsed:  537.96s, time left:  76.85s
epoch: 800/800, loss:  0.5511, time elapsed:  614.46s, time left:  0.00s
Pseudotime shape: (6426, 1)
Pseudotime range: -3.439 to 2.300
Step 1: Converting to circular coordinates...
Step 2: Direct angle-based assignment...
Step 3: Light smoothing at boundaries...
Boundary smoothing changed 0 assignments
Step 4: Calculate confidence scores...
Final phase distribution:
  g0/g1: 3045 cells (47.4%)
  s: 1307 cells (20.3%)
  g2/m: 2074 cells (32.3%)
Unassigned cells: 0 (should be 0)

Final cell cycle stage distribution:
g0/g1: 3045 cells (47.4%)
g2/m: 2074 cells (32.3%)
s: 1307 cells (20.3%)

Added to adata.obs:
cyclum_stage: 6426 cells
cyclum_pseudotime: 6426 cells
cyclum_confidence: 6426 cells

Analysis complete! Results saved to: results/annotated_h5ad/JW18wMel-Ctrl-1_10x.h5ad
Plots saved as: results/annotated_h5ad/JW18wMel-Ctrl-1_10x_cyclum_*.pdf
Compressing filtered h5ad file
Cell cycle annotation complete for JW18wMel-Ctrl-1_10x
