Starting cell cycle annotation for JW18DOX-SV-D1-2_pipseq
Input file: results/filtered_h5ad/JW18DOX-SV-D1-2_pipseq.h5ad
2026-03-06 10:53:22.544071: I tensorflow/core/platform/cpu_feature_guard.cc:151] This TensorFlow binary is optimized with oneAPI Deep Neural Network Library (oneDNN) to use the following CPU instructions in performance-critical operations:  SSE4.1 SSE4.2 AVX AVX2 FMA
To enable them in other operations, rebuild TensorFlow with the appropriate compiler flags.
Auto tuning number of linear components...
Performing PCA...
Training Autoencoder with...
    0 linear dimensions...
epoch: 100/500, loss:  0.7897, time elapsed:  18.19s, time left:  72.77s
epoch: 200/500, loss:  0.7892, time elapsed:  35.43s, time left:  53.15s
epoch: 300/500, loss:  0.7890, time elapsed:  52.75s, time left:  35.16s
epoch: 400/500, loss:  0.7888, time elapsed:  70.11s, time left:  17.53s
epoch: 500/500, loss:  0.7885, time elapsed:  87.31s, time left:  0.00s
[0.7885315418243408]
[0.7859097319209724, 0.7805511103059857, 0.7758126938187783, 0.7729982303067426, 0.7706477244837037]
    1 linear dimensions...
epoch: 100/500, loss:  0.7826, time elapsed:  17.83s, time left:  71.32s
epoch: 200/500, loss:  0.7826, time elapsed:  35.22s, time left:  52.84s
epoch: 300/500, loss:  0.7823, time elapsed:  52.74s, time left:  35.16s
epoch: 400/500, loss:  0.7824, time elapsed:  70.19s, time left:  17.55s
epoch: 500/500, loss:  0.7825, time elapsed:  87.65s, time left:  0.00s
[0.7885315418243408, 0.7824649810791016]
[0.7859097319209724, 0.7805511103059857, 0.7758126938187783, 0.7729982303067426, 0.7706477244837037]
    2 linear dimensions...
epoch: 100/500, loss:  0.7774, time elapsed:  17.52s, time left:  70.07s
epoch: 200/500, loss:  0.7772, time elapsed:  34.65s, time left:  51.97s
epoch: 300/500, loss:  0.7773, time elapsed:  51.73s, time left:  34.49s
epoch: 400/500, loss:  0.7772, time elapsed:  68.91s, time left:  17.23s
epoch: 500/500, loss:  0.7770, time elapsed:  86.07s, time left:  0.00s
[0.7885315418243408, 0.7824649810791016, 0.7769892811775208]
[0.7859097319209724, 0.7805511103059857, 0.7758126938187783, 0.7729982303067426, 0.7706477244837037]
    3 linear dimensions...
epoch: 100/500, loss:  0.7750, time elapsed:  17.45s, time left:  69.79s
epoch: 200/500, loss:  0.7747, time elapsed:  34.68s, time left:  52.02s
epoch: 300/500, loss:  0.7747, time elapsed:  51.81s, time left:  34.54s
epoch: 400/500, loss:  0.7748, time elapsed:  68.90s, time left:  17.23s
epoch: 500/500, loss:  0.7747, time elapsed:  86.00s, time left:  0.00s
[0.7885315418243408, 0.7824649810791016, 0.7769892811775208, 0.7746569514274597]
[0.7859097319209724, 0.7805511103059857, 0.7758126938187783, 0.7729982303067426, 0.7706477244837037]
Found! Use 2 linear components...
Early stop disabled, continue to check all cases...
epoch: 100/800, loss:  0.7764, time elapsed:  17.46s, time left:  122.23s
epoch: 200/800, loss:  0.7761, time elapsed:  34.69s, time left:  104.07s
epoch: 300/800, loss:  0.7761, time elapsed:  51.92s, time left:  86.54s
epoch: 400/800, loss:  0.7760, time elapsed:  69.11s, time left:  69.11s
epoch: 500/800, loss:  0.7759, time elapsed:  86.10s, time left:  51.66s
epoch: 600/800, loss:  0.7759, time elapsed:  103.29s, time left:  34.43s
epoch: 700/800, loss:  0.7760, time elapsed:  120.61s, time left:  17.23s
epoch: 800/800, loss:  0.7758, time elapsed:  137.83s, time left:  0.00s
Pseudotime shape: (1581, 1)
Pseudotime range: -4.144 to 4.060
Step 1: Converting to circular coordinates...
Step 2: Direct angle-based assignment...
Step 3: Light smoothing at boundaries...
Boundary smoothing changed 2 assignments
Step 4: Calculate confidence scores...
Final phase distribution:
  g0/g1: 369 cells (23.3%)
  s: 611 cells (38.6%)
  g2/m: 601 cells (38.0%)
Unassigned cells: 0 (should be 0)

Final cell cycle stage distribution:
g0/g1: 369 cells (23.3%)
g2/m: 601 cells (38.0%)
s: 611 cells (38.6%)

Added to adata.obs:
cyclum_stage: 1581 cells
cyclum_pseudotime: 1581 cells
cyclum_confidence: 1581 cells

Analysis complete! Results saved to: results/annotated_h5ad/JW18DOX-SV-D1-2_pipseq.h5ad
Plots saved as: results/annotated_h5ad/JW18DOX-SV-D1-2_pipseq_cyclum_*.pdf
Compressing filtered h5ad file
Cell cycle annotation complete for JW18DOX-SV-D1-2_pipseq
