Starting cell cycle annotation for JW18wMel-SV-2_pipseq
Input file: results/filtered_h5ad/JW18wMel-SV-2_pipseq.h5ad
2025-11-19 10:46:08.589734: I tensorflow/core/platform/cpu_feature_guard.cc:151] This TensorFlow binary is optimized with oneAPI Deep Neural Network Library (oneDNN) to use the following CPU instructions in performance-critical operations:  SSE4.1 SSE4.2 AVX AVX2 FMA
To enable them in other operations, rebuild TensorFlow with the appropriate compiler flags.
Auto tuning number of linear components...
Performing PCA...
Training Autoencoder with...
    0 linear dimensions...
epoch: 100/500, loss:  0.7941, time elapsed:  19.57s, time left:  78.29s
epoch: 200/500, loss:  0.7935, time elapsed:  38.73s, time left:  58.10s
epoch: 300/500, loss:  0.7932, time elapsed:  58.23s, time left:  38.82s
epoch: 400/500, loss:  0.7931, time elapsed:  77.39s, time left:  19.35s
epoch: 500/500, loss:  0.7931, time elapsed:  96.48s, time left:  0.00s
[0.7930560111999512]
[0.7903144741274927, 0.7845599117509044, 0.7791235890978917, 0.7759145711615693, 0.7732257122223064]
    1 linear dimensions...
epoch: 100/500, loss:  0.7864, time elapsed:  19.49s, time left:  77.95s
epoch: 200/500, loss:  0.7849, time elapsed:  38.16s, time left:  57.25s
epoch: 300/500, loss:  0.7854, time elapsed:  57.02s, time left:  38.01s
epoch: 400/500, loss:  0.7853, time elapsed:  75.69s, time left:  18.92s
epoch: 500/500, loss:  0.7847, time elapsed:  93.86s, time left:  0.00s
[0.7930560111999512, 0.7847124934196472]
[0.7903144741274927, 0.7845599117509044, 0.7791235890978917, 0.7759145711615693, 0.7732257122223064]
    2 linear dimensions...
epoch: 100/500, loss:  0.7816, time elapsed:  19.01s, time left:  76.04s
epoch: 200/500, loss:  0.7810, time elapsed:  37.80s, time left:  56.71s
epoch: 300/500, loss:  0.7816, time elapsed:  56.51s, time left:  37.67s
epoch: 400/500, loss:  0.7808, time elapsed:  75.22s, time left:  18.80s
epoch: 500/500, loss:  0.7811, time elapsed:  93.97s, time left:  0.00s
[0.7930560111999512, 0.7847124934196472, 0.7810866832733154]
[0.7903144741274927, 0.7845599117509044, 0.7791235890978917, 0.7759145711615693, 0.7732257122223064]
Found! Use 1 linear components...
Early stop disabled, continue to check all cases...
    3 linear dimensions...
epoch: 100/500, loss:  0.7784, time elapsed:  19.02s, time left:  76.07s
epoch: 200/500, loss:  0.7783, time elapsed:  37.17s, time left:  55.76s
epoch: 300/500, loss:  0.7842, time elapsed:  55.95s, time left:  37.30s
epoch: 400/500, loss:  0.7780, time elapsed:  73.56s, time left:  18.39s
epoch: 500/500, loss:  0.7837, time elapsed:  91.05s, time left:  0.00s
[0.7930560111999512, 0.7847124934196472, 0.7810866832733154, 0.7837193608283997]
[0.7903144741274927, 0.7845599117509044, 0.7791235890978917, 0.7759145711615693, 0.7732257122223064]
epoch: 100/800, loss:  0.7842, time elapsed:  19.17s, time left:  134.22s
epoch: 200/800, loss:  0.7838, time elapsed:  38.09s, time left:  114.27s
epoch: 300/800, loss:  0.7842, time elapsed:  56.98s, time left:  94.97s
epoch: 400/800, loss:  0.7841, time elapsed:  75.90s, time left:  75.90s
epoch: 500/800, loss:  0.7841, time elapsed:  93.66s, time left:  56.20s
epoch: 600/800, loss:  0.7842, time elapsed:  111.25s, time left:  37.08s
epoch: 700/800, loss:  0.7841, time elapsed:  128.95s, time left:  18.42s
epoch: 800/800, loss:  0.7843, time elapsed:  146.85s, time left:  0.00s
Pseudotime shape: (1314, 1)
Pseudotime range: -5.491 to 6.271
Step 1: Converting to circular coordinates...
Step 2: Direct angle-based assignment...
Step 3: Light smoothing at boundaries...
Boundary smoothing changed 2 assignments
Step 4: Calculate confidence scores...
Final phase distribution:
  g0/g1: 319 cells (24.3%)
  s: 803 cells (61.1%)
  g2/m: 192 cells (14.6%)
Unassigned cells: 0 (should be 0)

Final cell cycle stage distribution:
g0/g1: 319 cells (24.3%)
g2/m: 192 cells (14.6%)
s: 803 cells (61.1%)

Added to adata.obs:
cyclum_stage: 1314 cells
cyclum_pseudotime: 1314 cells
cyclum_confidence: 1314 cells

Analysis complete! Results saved to: results/annotated_h5ad/JW18wMel-SV-2_pipseq.h5ad
Plots saved as: results/annotated_h5ad/JW18wMel-SV-2_pipseq_cyclum_*.pdf
Compressing filtered h5ad file
Cell cycle annotation complete for JW18wMel-SV-2_pipseq
