Starting cell cycle annotation for JW18wMel-SV-D7-2_pipseq
Input file: results/filtered_h5ad/JW18wMel-SV-D7-2_pipseq.h5ad
2026-03-06 11:20:32.367669: I tensorflow/core/platform/cpu_feature_guard.cc:151] This TensorFlow binary is optimized with oneAPI Deep Neural Network Library (oneDNN) to use the following CPU instructions in performance-critical operations:  SSE4.1 SSE4.2 AVX AVX2 FMA
To enable them in other operations, rebuild TensorFlow with the appropriate compiler flags.
Auto tuning number of linear components...
Performing PCA...
Training Autoencoder with...
    0 linear dimensions...
epoch: 100/500, loss:  0.8246, time elapsed:  18.13s, time left:  72.50s
epoch: 200/500, loss:  0.8229, time elapsed:  35.49s, time left:  53.24s
epoch: 300/500, loss:  0.8226, time elapsed:  52.83s, time left:  35.22s
epoch: 400/500, loss:  0.8224, time elapsed:  70.14s, time left:  17.53s
epoch: 500/500, loss:  0.8226, time elapsed:  87.43s, time left:  0.00s
[0.8225889801979065]
[0.8193936430389408, 0.8129982703266132, 0.8083117614864688, 0.8052658670528535, 0.8025753004843202]
    1 linear dimensions...
epoch: 100/500, loss:  0.8152, time elapsed:  18.24s, time left:  72.98s
epoch: 200/500, loss:  0.8151, time elapsed:  35.89s, time left:  53.84s
epoch: 300/500, loss:  0.8148, time elapsed:  53.49s, time left:  35.66s
epoch: 400/500, loss:  0.8149, time elapsed:  71.08s, time left:  17.77s
epoch: 500/500, loss:  0.8153, time elapsed:  88.69s, time left:  0.00s
[0.8225889801979065, 0.815312385559082]
[0.8193936430389408, 0.8129982703266132, 0.8083117614864688, 0.8052658670528535, 0.8025753004843202]
    2 linear dimensions...
epoch: 100/500, loss:  0.8100, time elapsed:  17.81s, time left:  71.25s
epoch: 200/500, loss:  0.8101, time elapsed:  35.21s, time left:  52.81s
epoch: 300/500, loss:  0.8100, time elapsed:  52.60s, time left:  35.07s
epoch: 400/500, loss:  0.8097, time elapsed:  69.97s, time left:  17.49s
epoch: 500/500, loss:  0.8099, time elapsed:  87.40s, time left:  0.00s
[0.8225889801979065, 0.815312385559082, 0.8098883628845215]
[0.8193936430389408, 0.8129982703266132, 0.8083117614864688, 0.8052658670528535, 0.8025753004843202]
    3 linear dimensions...
epoch: 100/500, loss:  0.8072, time elapsed:  18.17s, time left:  72.67s
epoch: 200/500, loss:  0.8070, time elapsed:  35.70s, time left:  53.55s
epoch: 300/500, loss:  0.8068, time elapsed:  53.29s, time left:  35.53s
epoch: 400/500, loss:  0.8072, time elapsed:  70.90s, time left:  17.72s
epoch: 500/500, loss:  0.8067, time elapsed:  88.47s, time left:  0.00s
[0.8225889801979065, 0.815312385559082, 0.8098883628845215, 0.8066508769989014]
[0.8193936430389408, 0.8129982703266132, 0.8083117614864688, 0.8052658670528535, 0.8025753004843202]
Have not found one. Suggest raise max_linear_dims. Use 3 linear components...
epoch: 100/800, loss:  0.8063, time elapsed:  17.88s, time left:  125.14s
epoch: 200/800, loss:  0.8058, time elapsed:  35.34s, time left:  106.01s
epoch: 300/800, loss:  0.8055, time elapsed:  52.84s, time left:  88.07s
epoch: 400/800, loss:  0.8055, time elapsed:  70.36s, time left:  70.36s
epoch: 500/800, loss:  0.8054, time elapsed:  87.85s, time left:  52.71s
epoch: 600/800, loss:  0.8053, time elapsed:  105.24s, time left:  35.08s
epoch: 700/800, loss:  0.8053, time elapsed:  122.76s, time left:  17.54s
epoch: 800/800, loss:  0.8054, time elapsed:  140.29s, time left:  0.00s
Pseudotime shape: (1606, 1)
Pseudotime range: -4.973 to 5.049
Step 1: Converting to circular coordinates...
Step 2: Direct angle-based assignment...
Step 3: Light smoothing at boundaries...
Boundary smoothing changed 0 assignments
Step 4: Calculate confidence scores...
Final phase distribution:
  g0/g1: 422 cells (26.3%)
  s: 743 cells (46.3%)
  g2/m: 441 cells (27.5%)
Unassigned cells: 0 (should be 0)

Final cell cycle stage distribution:
g0/g1: 422 cells (26.3%)
g2/m: 441 cells (27.5%)
s: 743 cells (46.3%)

Added to adata.obs:
cyclum_stage: 1606 cells
cyclum_pseudotime: 1606 cells
cyclum_confidence: 1606 cells

Analysis complete! Results saved to: results/annotated_h5ad/JW18wMel-SV-D7-2_pipseq.h5ad
Plots saved as: results/annotated_h5ad/JW18wMel-SV-D7-2_pipseq_cyclum_*.pdf
Compressing filtered h5ad file
gzip: results/filtered_h5ad/JW18wMel-SV-D7-2_pipseq.h5ad.gz already exists;	not overwritten
