Starting filtering for JW18DOX-SV-1_10x
Input file: results/h5ad_results/JW18DOX-SV-1_10x.h5ad
/private/home/jomojaco/miniforge3/envs/scanpy/lib/python3.12/site-packages/scrublet/helper_functions.py:323: RuntimeWarning: divide by zero encountered in divide
  w.setdiag(float(target_total) / tots_use)
/private/home/jomojaco/miniforge3/envs/scanpy/lib/python3.12/site-packages/scrublet/helper_functions.py:254: RuntimeWarning: invalid value encountered in sqrt
  CV_input = np.sqrt(b);
/private/home/jomojaco/miniforge3/envs/scanpy/lib/python3.12/site-packages/umap/umap_.py:1943: UserWarning: n_jobs value -1 overridden to 1 by setting random_state. Use no seed for parallelism.
  warn(f"n_jobs value {self.n_jobs} overridden to 1 by setting random_state. Use no seed for parallelism.")
/private/home/jomojaco/miniforge3/envs/scanpy/lib/python3.12/site-packages/sklearn/manifold/_spectral_embedding.py:301: UserWarning: Graph is not fully connected, spectral embedding may not work as expected.
  warnings.warn(
/private/home/jomojaco/miniforge3/envs/scanpy/lib/python3.12/site-packages/sklearn/manifold/_spectral_embedding.py:427: UserWarning: Exited at iteration 495 with accuracies 
[1.95046301e-15 1.60776329e-05 7.54312623e-06 1.44713817e-05]
not reaching the requested tolerance 1.5228986740112305e-05.
Use iteration 495 instead with accuracy 
9.523035197368698e-06.

  _, diffusion_map = lobpcg(
/private/home/jomojaco/miniforge3/envs/scanpy/lib/python3.12/site-packages/sklearn/manifold/_spectral_embedding.py:427: UserWarning: Exited postprocessing with accuracies 
[1.95548478e-15 1.60776324e-05 7.54312636e-06 1.44713822e-05]
not reaching the requested tolerance 1.5228986740112305e-05.
  _, diffusion_map = lobpcg(
/private/home/jomojaco/miniforge3/envs/scanpy/lib/python3.12/site-packages/umap/spectral.py:550: UserWarning: Spectral initialisation failed! The eigenvector solver
failed. This is likely due to too small an eigengap. Consider
adding some noise or jitter to your data.

Falling back to random initialisation!
  warn(
/private/home/jomojaco/miniforge3/envs/scanpy/lib/python3.12/site-packages/umap/spectral.py:550: UserWarning: Spectral initialisation failed! The eigenvector solver
failed. This is likely due to too small an eigengap. Consider
adding some noise or jitter to your data.

Falling back to random initialisation!
  warn(
WARNING: saving figure to file results/filtered_h5ad/JW18DOX-SV-1_10x/scatter.pdf
WARNING: saving figure to file results/filtered_h5ad/JW18DOX-SV-1_10x/violin.pdf
/private/home/jomojaco/miniforge3/envs/scanpy/lib/python3.12/site-packages/scanpy/preprocessing/_simple.py:553: ImplicitModificationWarning: Trying to modify attribute `.obs` of view, initializing view as actual.
  adata.obs[key_n_counts] = counts_per_cell
/private/home/jomojaco/miniforge3/envs/scanpy/lib/python3.12/site-packages/scanpy/preprocessing/_highly_variable_genes.py:222: UserWarning: If you pass `n_top_genes`, all cutoffs are ignored.
  warnings.warn(msg, UserWarning)
WARNING: saving figure to file results/filtered_h5ad/JW18DOX-SV-1_10x/filter_genes_dispersion.pdf
/private/home/jomojaco/miniforge3/envs/scanpy/lib/python3.12/site-packages/scanpy/preprocessing/_pca.py:374: FutureWarning: Argument `use_highly_variable` is deprecated, consider using the mask argument. Use_highly_variable=True can be called through mask_var="highly_variable". Use_highly_variable=False can be called through mask_var=None
  warn(msg, FutureWarning)
/private/groups/russelllab/jodie/scRNAseq/Jacobs_et_al_2026_wolbachia-drosophila-scrnaseq/cell_culture_system/../snakemake_scripts/filtering/kallisto_bustools_qcfilter_adata.py:563: FutureWarning: In the future, the default backend for leiden will be igraph instead of leidenalg.

 To achieve the future defaults please pass: flavor="igraph" and n_iterations=2.  directed must also be False to work with igraph's implementation.
  sc.tl.leiden(adata)
WARNING: saving figure to file results/filtered_h5ad/JW18DOX-SV-1_10x/pca.pdf
WARNING: saving figure to file results/filtered_h5ad/JW18DOX-SV-1_10x/umap.pdf
WARNING: saving figure to file results/filtered_h5ad/JW18DOX-SV-1_10x/pca_variance_ratio.pdf
Analyzing JW18DOX-SV-1_10x, results/h5ad_results/JW18DOX-SV-1_10x.h5ad
Completed JW18DOX-SV-1_10x
Compressing original h5ad file
Filtering complete for JW18DOX-SV-1_10x
