Starting cell cycle analysis
/private/groups/russelllab/jodie/scRNAseq/Jacobs_et_al_2026_wolbachia-drosophila-scrnaseq/cell_culture_system/scripts/method_comparison/scanpy_cellcycle_analysis_v2.py:349: MatplotlibDeprecationWarning: The get_cmap function was deprecated in Matplotlib 3.7 and will be removed two minor releases later. Use ``matplotlib.colormaps[name]`` or ``matplotlib.colormaps.get_cmap(obj)`` instead.
  cmap = plt.cm.get_cmap('tab20')
/private/groups/russelllab/jodie/scRNAseq/Jacobs_et_al_2026_wolbachia-drosophila-scrnaseq/cell_culture_system/scripts/method_comparison/scanpy_cellcycle_analysis_v2.py:427: FutureWarning: The default of observed=False is deprecated and will be changed to True in a future version of pandas. Pass observed=False to retain current behavior or observed=True to adopt the future default and silence this warning.
  score_by_cluster = adata.obs.groupby(leiden_col)[['S_score', 'G2M_score']].agg(['mean', 'std'])
WARNING: saving figure to file results/cellcycle/umap_wMel_leiden.pdf
WARNING: saving figure to file results/cellcycle/umap_wMel_cellcycle_phase.pdf
WARNING: saving figure to file results/cellcycle/umap_wMel_cellcycle_scores.pdf
/private/groups/russelllab/jodie/scRNAseq/Jacobs_et_al_2026_wolbachia-drosophila-scrnaseq/cell_culture_system/scripts/method_comparison/scanpy_cellcycle_analysis_v2.py:906: MatplotlibDeprecationWarning: The get_cmap function was deprecated in Matplotlib 3.7 and will be removed two minor releases later. Use ``matplotlib.colormaps[name]`` or ``matplotlib.colormaps.get_cmap(obj)`` instead.
  cmap_cluster = plt.cm.get_cmap('tab20')
/private/groups/russelllab/jodie/scRNAseq/Jacobs_et_al_2026_wolbachia-drosophila-scrnaseq/cell_culture_system/scripts/method_comparison/scanpy_cellcycle_analysis_v2.py:929: FutureWarning: The default of observed=False is deprecated and will be changed to True in a future version of pandas. Pass observed=False to retain current behavior or observed=True to adopt the future default and silence this warning.
  cluster_stats = obs.groupby(leiden_col)[titer_col].agg(['mean', 'median', 'std', 'count'])
WARNING: saving figure to file results/cellcycle/umap_wMel_titer.pdf
/private/groups/russelllab/jodie/scRNAseq/Jacobs_et_al_2026_wolbachia-drosophila-scrnaseq/cell_culture_system/scripts/method_comparison/scanpy_cellcycle_analysis_v2.py:1016: FutureWarning: The default of observed=False is deprecated and will be changed to True in a future version of pandas. Pass observed=False to retain current behavior or observed=True to adopt the future default and silence this warning.
  phase_stats = obs.groupby('phase')[titer_col].agg(['mean', 'median', 'std', 'count'])
/private/groups/russelllab/jodie/scRNAseq/Jacobs_et_al_2026_wolbachia-drosophila-scrnaseq/cell_culture_system/scripts/method_comparison/scanpy_cellcycle_analysis_v2.py:1149: FutureWarning: The default of observed=False is deprecated and will be changed to True in a future version of pandas. Pass observed=False to retain current behavior or observed=True to adopt the future default and silence this warning.
  three_way = obs.groupby([leiden_col, 'phase'])[titer_col].mean().unstack('phase')
Loading data from results/integrated/integrated.h5ad...

Loaded AnnData: 89046 cells, 1997 genes
obs columns: ['wolbachia_titer', 'doublet_score', 'predicted_doublet', 'predicted_doublet_cat', 'n_genes', 'n_counts', 'percent_mito', 'batch', 'cell_line', 'treatment', 'timepoint', 'replicate', 'method', 'bio_condition', 'timepoint_numeric', 'n_genes_by_counts', 'total_counts', 'total_counts_mt', 'pct_counts_mt', 'total_counts_ribo', 'pct_counts_ribo', 'S_score', 'G2M_score', 'phase', 'leiden_res0.2', 'leiden_res0.3', 'leiden_res0.4', 'leiden_res0.5', 'leiden_res0.6', 'leiden_res0.8', 'leiden_res1.0', 'leiden']

Saving updated h5ad to results/integrated/integrated_with_cellcycle.h5ad
Saved: 89046 cells with columns: ['phase', 'S_score', 'G2M_score']

============================================================
CLUSTER - CELL CYCLE ASSOCIATION ANALYSIS
============================================================
Using leiden column: 'leiden'

============================================================
1. CHI-SQUARE TEST: Cluster vs Cell Cycle Stage
============================================================
chi2 = 5368.89
degrees of freedom = 28
p-value = 0.00e+00

Conclusion: Clusters are SIGNIFICANTLY associated with cell cycle stage
Cramer's V = 0.174
Effect size: weak

Cell cycle stage distribution by cluster (%):
phase     G1   G2M     S
leiden                  
0        0.8  23.8  75.5
1        6.3  32.8  60.9
2        1.3  26.6  72.2
3        6.4  24.2  69.5
4        3.2  19.4  77.4
5        1.8  45.9  52.3
6        0.5  30.7  68.7
7        4.5  47.6  47.9
8        2.6  24.9  72.5
9        1.9  21.5  76.6
10       1.9  18.4  79.8
11       0.4  30.2  69.4
12       3.6  46.5  49.9
13       7.5  24.2  68.3
14      19.7  35.0  45.3

============================================================
2. CELL CYCLE ENRICHED CLUSTERS
============================================================

Cluster    Dominant Phase  Percentage   Status
------------------------------------------------------------
0          S                 75.5%      STRONGLY ENRICHED
1          S                 60.9%      STRONGLY ENRICHED
10         S                 79.8%      STRONGLY ENRICHED
11         S                 69.4%      STRONGLY ENRICHED
12         S                 49.9%      ENRICHED
13         S                 68.3%      STRONGLY ENRICHED
14         S                 45.3%      ENRICHED
2          S                 72.2%      STRONGLY ENRICHED
3          S                 69.5%      STRONGLY ENRICHED
4          S                 77.4%      STRONGLY ENRICHED
5          S                 52.3%      STRONGLY ENRICHED
6          S                 68.7%      STRONGLY ENRICHED
7          S                 47.9%      ENRICHED
8          S                 72.5%      STRONGLY ENRICHED
9          S                 76.6%      STRONGLY ENRICHED

============================================================
3. CELL CYCLE SCORES BY CLUSTER
============================================================
       S_score        G2M_score       
          mean    std      mean    std
leiden                                
0        0.264  0.132     0.142  0.152
1        0.195  0.195     0.094  0.213
2        0.258  0.146     0.157  0.169
3        0.157  0.144     0.021  0.176
4        0.225  0.145     0.065  0.164
5        0.186  0.131     0.168  0.153
6        0.247  0.113     0.169  0.134
7        0.137  0.162     0.146  0.180
8        0.241  0.156     0.123  0.166
9        0.250  0.149     0.100  0.162
10       0.250  0.140     0.084  0.184
11       0.255  0.131     0.181  0.153
12       0.197  0.186     0.182  0.203
13       0.189  0.181     0.041  0.195
14       0.067  0.172     0.030  0.206

Kruskal-Wallis S_score:   H=6308.85,   p=0.00e+00
Kruskal-Wallis G2M_score: H=5263.18, p=0.00e+00

============================================================
4. COMPREHENSIVE SUMMARY TABLE
============================================================
Cluster  N_Cells Dominant_Phase  Phase_Percentage  Mean_S_Score  Mean_G2M_Score
      0    20825              S         75.466987      0.263816        0.142305
      1    18353              S         60.932818      0.194732        0.093912
     10     3110              S         79.774920      0.250356        0.084125
     11     1966              S         69.430315      0.255113        0.180935
     12     1943              S         49.922800      0.196933        0.181700
     13      976              S         68.340164      0.189335        0.041451
     14      808              S         45.297030      0.066640        0.030081
      2     6985              S         72.154617      0.257612        0.157021
      3     5335              S         69.484536      0.156758        0.020965
      4     5234              S         77.416890      0.225390        0.065450
      5     5163              S         52.275809      0.186024        0.168265
      6     5067              S         68.738899      0.246524        0.169488
      7     4480              S         47.879464      0.137144        0.146253
      8     4443              S         72.451047      0.241141        0.123389
      9     4358              S         76.640661      0.250367        0.100199

============================================================
ANALYSIS COMPLETE
============================================================
Output directory: results/cellcycle

============================================================
KEY FINDINGS — CLUSTER vs CELL CYCLE
============================================================
Chi-square: chi2=5368.89, p=0.00e+00
Cramer's V: 0.174
Kruskal-Wallis S score:   p=0.00e+00
Kruskal-Wallis G2M score: p=0.00e+00

============================================================
TITER ANALYSIS
Titer column: 'wolbachia_titer'
============================================================

Titer distribution by 'cell_line':
             count    mean     std  min     25%     50%  75%  max
cell_line                                                        
JW18DOX    40974.0  0.0031  0.0287  0.0  0.0000  0.0000  0.0  0.5
JW18wMel   48072.0  0.1641  0.0589  0.0  0.1277  0.1641  0.2  0.5

Fraction titer > 0 per 'cell_line':
cell_line
JW18DOX     0.0161
JW18wMel    0.9832
Name: wolbachia_titer, dtype: float64


Cells with valid titer: 89046 / 89046 (100.0%)
Titer range: 0.000 – 0.500  (median 0.087)

────────────────────────────────────────────────────────────
A. TITER vs LEIDEN CLUSTER
────────────────────────────────────────────────────────────
Kruskal-Wallis: H=39926.212, p=0.00e+00
(SIGNIFICANT at α=0.05)

Mean titer per cluster:
         mean  median    std  count
leiden                             
0       0.089   0.094  0.089  20825
1       0.026   0.000  0.061  18353
2       0.005   0.000  0.031   6985
3       0.159   0.157  0.048   5335
4       0.188   0.186  0.054   5234
5       0.173   0.170  0.038   5163
6       0.046   0.000  0.080   5067
7       0.210   0.209  0.050   4480
8       0.064   0.000  0.084   4443
9       0.099   0.085  0.104   4358
10      0.072   0.000  0.088   3110
11      0.171   0.171  0.038   1966
12      0.100   0.105  0.083   1943
13      0.185   0.183  0.043    976
14      0.108   0.104  0.026    808

Pairwise MW-U (Bonferroni α=0.0005): 99/105 pairs significant

────────────────────────────────────────────────────────────
B. TITER vs CELL CYCLE PHASE
────────────────────────────────────────────────────────────
Kruskal-Wallis: H=39.306, p=2.92e-09
(SIGNIFICANT at α=0.05)

Mean titer per phase:
        mean  median    std  count
phase                             
G1     0.083   0.071  0.091   2790
G2M    0.092   0.094  0.094  25823
S      0.089   0.085  0.093  60433

Pairwise MW-U (Bonferroni α=0.0167): 3/3 pairs significant

────────────────────────────────────────────────────────────
C. TITER vs CONTINUOUS CELL CYCLE SCORES (Spearman)
────────────────────────────────────────────────────────────
  S_score: rho=-0.0713, p=1.28e-100 (sig)
  G2M_score: rho=-0.0125, p=1.89e-04 (sig)

────────────────────────────────────────────────────────────
D. THREE-WAY SUMMARY: mean titer per cluster × phase
────────────────────────────────────────────────────────────
phase      G1      S    G2M
leiden                     
0       0.074  0.090  0.086
1       0.023  0.026  0.028
2       0.003  0.005  0.006
3       0.158  0.160  0.156
4       0.185  0.188  0.186
5       0.177  0.173  0.173
6       0.071  0.045  0.049
7       0.206  0.209  0.211
8       0.026  0.068  0.057
9       0.064  0.100  0.095
10      0.063  0.073  0.071
11      0.146  0.171  0.171
12      0.090  0.102  0.098
13      0.176  0.186  0.183
14      0.107  0.110  0.105

Titer analysis outputs saved to: results/cellcycle
  titer_vs_cluster_wMel.pdf
  titer_vs_phase_wMel.pdf
  titer_vs_scores_wMel.pdf
  titer_cluster_phase_threeway_wMel.pdf

============================================================
KEY FINDINGS — TITER
============================================================
Titer vs cluster: Kruskal-Wallis H=39926.21, p=0.00e+00
Titer vs phase:   Kruskal-Wallis H=39.31, p=2.92e-09
Titer vs S_score: Spearman rho=-0.071, p=1.28e-100
Titer vs G2M_score: Spearman rho=-0.013, p=1.89e-04

============================================================
TITER REGRESSION: titer ~ phase + cluster
============================================================

Cells in regression: 89046
Titer median: 0.0870
Phase counts:
phase
S      60433
G2M    25823
G1      2790
Cluster counts:
leiden
0     20825
1     18353
2      6985
3      5335
4      5234
5      5163
6      5067
7      4480
8      4443
9      4358
10     3110
11     1966
12     1943
13      976
14      808

Formula: wolbachia_titer ~ C(phase) + C(leiden)
Reference levels: phase=G1, leiden=0

                            OLS Regression Results                            
==============================================================================
Dep. Variable:        wolbachia_titer   R-squared:                       0.434
Model:                            OLS   Adj. R-squared:                  0.434
Method:                 Least Squares   F-statistic:                     4265.
Date:                Wed, 29 Apr 2026   Prob (F-statistic):               0.00
Time:                        16:11:19   Log-Likelihood:             1.1024e+05
No. Observations:               89046   AIC:                        -2.204e+05
Df Residuals:                   89029   BIC:                        -2.203e+05
Df Model:                          16                                         
Covariance Type:            nonrobust                                         
===================================================================================
                      coef    std err          t      P>|t|      [0.025      0.975]
-----------------------------------------------------------------------------------
Intercept           0.0829      0.001     57.448      0.000       0.080       0.086
C(phase)[T.G2M]     0.0053      0.001      3.766      0.000       0.003       0.008
C(phase)[T.S]       0.0067      0.001      4.889      0.000       0.004       0.009
C(leiden)[T.1]     -0.0624      0.001    -87.005      0.000      -0.064      -0.061
C(leiden)[T.2]     -0.0837      0.001    -86.295      0.000      -0.086      -0.082
C(leiden)[T.3]      0.0703      0.001     65.082      0.000       0.068       0.072
C(leiden)[T.4]      0.0987      0.001     90.957      0.000       0.097       0.101
C(leiden)[T.5]      0.0840      0.001     76.566      0.000       0.082       0.086
C(leiden)[T.6]     -0.0430      0.001    -39.096      0.000      -0.045      -0.041
C(leiden)[T.7]      0.1214      0.001    104.239      0.000       0.119       0.124
C(leiden)[T.8]     -0.0247      0.001    -21.321      0.000      -0.027      -0.022
C(leiden)[T.9]      0.0094      0.001      8.075      0.000       0.007       0.012
C(leiden)[T.10]    -0.0172      0.001    -12.748      0.000      -0.020      -0.015
C(leiden)[T.11]     0.0815      0.002     49.199      0.000       0.078       0.085
C(leiden)[T.12]     0.0111      0.002      6.662      0.000       0.008       0.014
C(leiden)[T.13]     0.0959      0.002     41.708      0.000       0.091       0.100
C(leiden)[T.14]     0.0203      0.003      8.013      0.000       0.015       0.025
==============================================================================
Omnibus:                    14317.415   Durbin-Watson:                   0.934
Prob(Omnibus):                  0.000   Jarque-Bera (JB):            27306.061
Skew:                           1.005   Prob(JB):                         0.00
Kurtosis:                       4.821   Cond. No.                         15.0
==============================================================================

Notes:
[1] Standard Errors assume that the covariance matrix of the errors is correctly specified.

────────────────────────────────────────────────────────────
PHASE COEFFICIENTS (vs G1 reference)
────────────────────────────────────────────────────────────
           term     coef       se   ci_low  ci_high        p sig
C(phase)[T.G2M] 0.005323 0.001413 0.002553 0.008092 0.000166 ***
  C(phase)[T.S] 0.006740 0.001379 0.004038 0.009442 0.000001 ***

────────────────────────────────────────────────────────────
CLUSTER COEFFICIENTS (vs cluster 0 reference)
────────────────────────────────────────────────────────────
           term      coef       se    ci_low   ci_high             p sig
 C(leiden)[T.1] -0.062356 0.000717 -0.063761 -0.060951  0.000000e+00 ***
 C(leiden)[T.2] -0.083737 0.000970 -0.085638 -0.081835  0.000000e+00 ***
 C(leiden)[T.3]  0.070255 0.001079  0.068139  0.072371  0.000000e+00 ***
 C(leiden)[T.4]  0.098744 0.001086  0.096616  0.100872  0.000000e+00 ***
 C(leiden)[T.5]  0.084032 0.001098  0.081881  0.086183  0.000000e+00 ***
 C(leiden)[T.6] -0.042996 0.001100 -0.045151 -0.040840  0.000000e+00 ***
 C(leiden)[T.7]  0.121374 0.001164  0.119092  0.123656  0.000000e+00 ***
 C(leiden)[T.8] -0.024729 0.001160 -0.027003 -0.022456 1.306499e-100 ***
 C(leiden)[T.9]  0.009439 0.001169  0.007148  0.011730  6.848844e-16 ***
C(leiden)[T.10] -0.017200 0.001349 -0.019845 -0.014556  3.455126e-37 ***
C(leiden)[T.11]  0.081467 0.001656  0.078222  0.084713  0.000000e+00 ***
C(leiden)[T.12]  0.011124 0.001670  0.007851  0.014396  2.708378e-11 ***
C(leiden)[T.13]  0.095925 0.002300  0.091417  0.100433  0.000000e+00 ***
C(leiden)[T.14]  0.020279 0.002531  0.015319  0.025240  1.134727e-15 ***

────────────────────────────────────────────────────────────
MODEL FIT
────────────────────────────────────────────────────────────
  R²        = 0.4339
  Adj. R²   = 0.4338
  F-stat    = 4265.20
  F p-value = 0.00e+00
  AIC       = -220448.0
  n cells   = 89046

────────────────────────────────────────────────────────────
INTERPRETATION
────────────────────────────────────────────────────────────
  Phase IS a significant predictor of titer after controlling
  for cluster (max |coef| = 0.0067).
  Model explains 43.39% of titer variance.

Regression outputs saved to: results/cellcycle
  titer_regression_coefs_wMel.pdf
  titer_regression_summary_wMel.csv
  titer_regression_stats_wMel.csv

============================================================
KEY FINDINGS — TITER REGRESSION
============================================================
R² = 0.4339
F-test p = 0.00e+00
Phase significant after controlling for cluster: YES
Cell cycle analysis complete
