Starting cell cycle analysis for uninfected samples
/private/groups/russelllab/jodie/scRNAseq/Jacobs_et_al_2026_wolbachia-drosophila-scrnaseq/cell_culture_system/scripts/method_comparison/scanpy_cellcycle_analysis_v2.py:349: MatplotlibDeprecationWarning: The get_cmap function was deprecated in Matplotlib 3.7 and will be removed two minor releases later. Use ``matplotlib.colormaps[name]`` or ``matplotlib.colormaps.get_cmap(obj)`` instead.
  cmap = plt.cm.get_cmap('tab20')
/private/groups/russelllab/jodie/scRNAseq/Jacobs_et_al_2026_wolbachia-drosophila-scrnaseq/cell_culture_system/scripts/method_comparison/scanpy_cellcycle_analysis_v2.py:427: FutureWarning: The default of observed=False is deprecated and will be changed to True in a future version of pandas. Pass observed=False to retain current behavior or observed=True to adopt the future default and silence this warning.
  score_by_cluster = adata.obs.groupby(leiden_col)[['S_score', 'G2M_score']].agg(['mean', 'std'])
WARNING: saving figure to file results/cellcycle_uninfected/umap_DOX_leiden.pdf
WARNING: saving figure to file results/cellcycle_uninfected/umap_DOX_cellcycle_phase.pdf
WARNING: saving figure to file results/cellcycle_uninfected/umap_DOX_cellcycle_scores.pdf
Loading data from results/integrated/integrated_uninfected.h5ad...

Loaded AnnData: 11431 cells, 2000 genes
obs columns: ['wolbachia_titer', 'doublet_score', 'predicted_doublet', 'predicted_doublet_cat', 'n_genes', 'n_counts', 'percent_mito', 'leiden', 'batch', 'cell_line', 'treatment', 'timepoint', 'replicate', 'method', 'bio_condition', 'timepoint_numeric', 'leiden_res0.1', 'leiden_res0.2', 'leiden_res0.3', 'leiden_res0.4', 'leiden_res0.5', 'leiden_res0.6', 'leiden_res0.8', 'leiden_res1.0', 'leiden_res1.2', 'leiden_res1.5', 'leiden_res2.0']

============================================================
SCANPY CELL CYCLE SCORING (DROSOPHILA)
============================================================

Checking gene naming format...
Sample gene names: ['FBgn0031268', 'FBgn0032294', 'FBgn0032929', 'FBgn0031238', 'FBgn0053552', 'FBgn0032363', 'FBgn0032040', 'FBgn0023388', 'FBgn0031488', 'FBti0062985']

Genes starting with 'FBgn': 1776
Genes not starting with 'FBgn': 224
-> Detected FlyBase ID format
Data appears log-normalised (max value = 10.000). Skipping normalisation.

S phase genes: 3/24 found
  Present (showing symbols): DNApol-alpha60, Orc2, Rrp1

G2/M phase genes: 1/17 found
  Present (showing symbols): APC2

WARNING: Very few marker genes found. Results may not be reliable.
Missing S genes:   Pcna, RPA1, RPA2, pol-alpha1, DNApol-delta, RnrL, RnrS, Mcm2, Mcm3, Mcm5, Mcm6, Mcm7, E2f1, E2f2, CycE, Cdk2, Dp, Rbf, Rbf2, Orc1
Missing G2/M genes: CycA, CycB, CycB3, Cdk1, stg, polo, aurA, aurB, Nek2, Pbl, Wee1, myt, BubR1, Mad2, Cdc20, APC10

Scoring cell cycle phases...

Cell cycle phase distribution:
  G1: 1833 cells (16.0%)
  S: 4385 cells (38.4%)
  G2M: 5213 cells (45.6%)

Cell cycle plots saved to results/cellcycle_uninfected

Saving updated h5ad to results/integrated/integrated_uninfected_with_cellcycle.h5ad
Saved: 11431 cells with columns: ['phase', 'S_score', 'G2M_score']

============================================================
CLUSTER - CELL CYCLE ASSOCIATION ANALYSIS
============================================================
Using leiden column: 'leiden'

============================================================
1. CHI-SQUARE TEST: Cluster vs Cell Cycle Stage
============================================================
chi2 = 1131.60
degrees of freedom = 38
p-value = 1.08e-212

Conclusion: Clusters are SIGNIFICANTLY associated with cell cycle stage
Cramer's V = 0.222
Effect size: weak

Cell cycle stage distribution by cluster (%):
phase     G1   G2M     S
leiden                  
0       14.8  50.6  34.6
1       22.7  57.7  19.6
2       12.9  45.2  41.9
3       18.8  46.7  34.5
4        7.4  24.8  67.7
5       17.3  36.4  46.4
6       16.0  50.3  33.7
7       19.6  55.6  24.8
8       19.5  49.7  30.7
9       25.0  53.1  21.9
10      16.4  57.4  26.2
11      12.0  51.2  36.8
12       7.2  25.9  66.9
13      16.1  39.0  44.9
14       9.1  19.9  71.0
15       2.3  27.0  70.7
16      14.6  37.4  48.0
17       1.5  29.4  69.1
18      19.4  30.6  50.0
19      18.6  39.0  42.4

============================================================
2. CELL CYCLE ENRICHED CLUSTERS
============================================================

Cluster    Dominant Phase  Percentage   Status
------------------------------------------------------------
0          G2M               50.6%      STRONGLY ENRICHED
1          G2M               57.7%      STRONGLY ENRICHED
10         G2M               57.4%      STRONGLY ENRICHED
11         G2M               51.2%      STRONGLY ENRICHED
12         S                 66.9%      STRONGLY ENRICHED
13         S                 44.9%      ENRICHED
14         S                 71.0%      STRONGLY ENRICHED
15         S                 70.7%      STRONGLY ENRICHED
16         S                 48.0%      ENRICHED
17         S                 69.1%      STRONGLY ENRICHED
18         S                 50.0%      ENRICHED
19         S                 42.4%      ENRICHED
2          G2M               45.2%      ENRICHED
3          G2M               46.7%      ENRICHED
4          S                 67.7%      STRONGLY ENRICHED
5          S                 46.4%      ENRICHED
6          G2M               50.3%      STRONGLY ENRICHED
7          G2M               55.6%      STRONGLY ENRICHED
8          G2M               49.7%      ENRICHED
9          G2M               53.1%      STRONGLY ENRICHED

============================================================
3. CELL CYCLE SCORES BY CLUSTER
============================================================
       S_score        G2M_score       
          mean    std      mean    std
leiden                                
0        0.064  0.977     0.305  1.163
1       -0.318  0.812     0.011  1.457
2        0.238  0.831     0.219  1.228
3       -0.037  0.969    -0.034  1.497
4        0.164  1.270    -0.694  2.650
5        0.290  0.847    -0.030  1.567
6       -0.120  1.154     0.204  1.261
7       -0.364  0.885    -0.089  1.592
8        0.015  0.956     0.346  1.302
9       -0.447  0.982     0.128  1.140
10      -0.416  0.960    -0.168  1.742
11      -0.674  1.005    -0.644  2.071
12       0.009  0.997    -0.465  1.742
13       0.313  0.967    -0.227  1.908
14      -0.197  0.892    -0.729  2.028
15       0.196  1.071    -0.059  1.629
16       0.281  0.887    -0.383  1.648
17       0.248  0.979     0.095  2.175
18       0.366  1.012    -0.247  1.743
19       0.213  0.954    -0.315  1.994

Kruskal-Wallis S_score:   H=886.91,   p=6.92e-176
Kruskal-Wallis G2M_score: H=321.53, p=7.58e-57

============================================================
4. COMPREHENSIVE SUMMARY TABLE
============================================================
Cluster  N_Cells Dominant_Phase  Phase_Percentage  Mean_S_Score  Mean_G2M_Score
      0     1412            G2M         50.566572      0.064201        0.304505
      1     1295            G2M         57.683398     -0.318222        0.011295
     10      477            G2M         57.442348     -0.416444       -0.168182
     11      299            G2M         51.170569     -0.674417       -0.644471
     12      263              S         66.920152      0.009050       -0.464717
     13      236              S         44.915254      0.312715       -0.227140
     14      176              S         71.022727     -0.196835       -0.729333
     15      174              S         70.689655      0.196073       -0.059439
     16      123              S         47.967480      0.280950       -0.383003
     17       68              S         69.117647      0.248297        0.094903
     18       62              S         50.000000      0.366048       -0.246575
     19       59              S         42.372881      0.213483       -0.314743
      2     1213            G2M         45.177246      0.237768        0.219040
      3     1170            G2M         46.666667     -0.037199       -0.034441
      4     1051              S         67.745005      0.163675       -0.694458
      5      811              S         46.362515      0.289679       -0.030124
      6      744            G2M         50.268817     -0.119676        0.203818
      7      629            G2M         55.643879     -0.364239       -0.088531
      8      589            G2M         49.745331      0.014718        0.345954
      9      580            G2M         53.103448     -0.447017        0.127794

============================================================
ANALYSIS COMPLETE
============================================================
Output directory: results/cellcycle_uninfected

============================================================
KEY FINDINGS — CLUSTER vs CELL CYCLE
============================================================
Chi-square: chi2=1131.60, p=1.08e-212
Cramer's V: 0.222
Kruskal-Wallis S score:   p=6.92e-176
Kruskal-Wallis G2M score: p=7.58e-57
Cell cycle analysis complete
