Starting pseudotime gene importance for wolbachia_infection
Warning messages:
1: package ‘tradeSeq’ was built under R version 4.5.2 
2: package ‘BiocParallel’ was built under R version 4.5.2 
3: package ‘Matrix’ was built under R version 4.5.3 
Error in readRDS(rds_file) : unknown input format
Execution halted

WARNING: adata.X seems to be already log-transformed.

Loading: results/sceptic/wolbachia_infection/sceptic_wolbachia_infection.h5ad
  Cells: 26936  Genes: 1997
  Pseudotime range: 0.000 – 100.000
  Cells with pseudotime: 26936 / 26936
  ⚠️  No integer matrix found. Attempting expm1(adata.raw.X) ...
     mean residual after rounding: 0.0365  max: 0.5000
     recovered range: 0.0 – 40.3
     Using expm1-recovered counts (CPM-scaled, not raw UMI).
  Genes after min_cells filter (50): 11280 / 17040
  Removed 1084 bacterial transcripts (GQX67*), 10196 host genes remaining

[1/5] Spearman correlation with pseudotime ...
  Vectorized Spearman: 26936 cells × 10196 genes ...
    2000/10196 genes done ...
    10196/10196 genes done ...
  Significant (padj<0.05, |rho|>=0.25): 91 genes
  Saved all Spearman results: results/pseudotime_genes/wolbachia_infection/spearman_all.csv  (10196 rows)
  Saved significant Spearman genes: results/pseudotime_genes/wolbachia_infection/spearman_sig.csv  (91 rows)

[2/5] tradeSeq GAM analysis (via R subprocess) ...
  Pre-filtered to 5000 genes for tradeSeq (8744 Spearman sig + top by |rho|, cap=5000)
  Converting to sparse RDS ...
  Converting sparse matrix to RDS ...

  ⚠️  RDS prep failed — falling back to CSV (slow)
Warning messages:
1: package ‘Matrix’ was built under R version 4.5.3 
2: package ‘reticulate’ was built under R version 4.5.3 
Error in mat_coo$row : $ operator not defined for this S4 class
Calls: sparseMatrix
Execution halted

  Writing dense CSV (5000 genes × 26936 cells) ...
  Running tradeSeq: 5000 genes, 26936 cells, 16 threads, 6 knots
  Estimated time: 36–72 min
  Loading counts from RDS ...

  ⚠️  tradeSeq R script failed — skipping. Check stderr above.
     Install: mamba install -c bioconda bioconductor-tradeseq

[3/5] cNMF program–pseudotime correlation ...
  Saved cNMF program correlations: results/pseudotime_genes/wolbachia_infection/cnmf_program_pseudotime_corr.csv  (15 rows)
  Dynamic programs: ['Program_4', 'Program_0', 'Program_12', 'Program_9', 'Program_7', 'Program_14', 'Program_5', 'Program_8', 'Program_11', 'Program_1', 'Program_3', 'Program_10', 'Program_13', 'Program_2', 'Program_6']
    Program_4: 72 genes from results/nmf_programs/Program_4_genes.csv
    Program_0: 7 genes from results/nmf_programs/Program_0_genes.csv
    Program_12: 16 genes from results/nmf_programs/Program_12_genes.csv
    Program_9: 61 genes from results/nmf_programs/Program_9_genes.csv
    Program_7: 133 genes from results/nmf_programs/Program_7_genes.csv
    Program_14: 194 genes from results/nmf_programs/Program_14_genes.csv
    Program_5: 195 genes from results/nmf_programs/Program_5_genes.csv
    Program_8: 199 genes from results/nmf_programs/Program_8_genes.csv
    Program_11: 194 genes from results/nmf_programs/Program_11_genes.csv
    Program_1: 171 genes from results/nmf_programs/Program_1_genes.csv
    Program_3: 182 genes from results/nmf_programs/Program_3_genes.csv
    Program_10: 171 genes from results/nmf_programs/Program_10_genes.csv
    Program_13: 182 genes from results/nmf_programs/Program_13_genes.csv
    Program_2: 181 genes from results/nmf_programs/Program_2_genes.csv
    Program_6: 174 genes from results/nmf_programs/Program_6_genes.csv
  Total unique cNMF genes from dynamic programs: 637

[4/5] Binned DE (early Q1 vs late Q4) ...
  Saved all binned DE: results/pseudotime_genes/wolbachia_infection/binned_de_all.csv  (17040 rows)
  Saved sig binned DE genes: results/pseudotime_genes/wolbachia_infection/binned_de_sig.csv  (10871 rows)
  Sig upregulated in late: 3376
  Sig downregulated in late: 7495

[5/5] Pseudotime heatmap ...
  Plotting 100 genes
  Saved cell-level heatmap

  Building summary table ...
  Saved summary table: results/pseudotime_genes/wolbachia_infection/summary_dynamic_genes.csv  (11037 rows)

  Method overlap:
    spearman: 91 genes
    binned_de: 10871 genes
    cnmf: 637 genes
    spearman ∩ binned_de: 91
    spearman ∩ cnmf: 25
    binned_de ∩ cnmf: 471

✓ Done. Top dynamic genes (by method count):
             spearman  binned_de  cnmf  n_methods  spearman_rho  spearman_padj
gene                                                                          
FBgn0039419      True       True  True          3     -0.301119            0.0
FBgn0262104      True       True  True          3     -0.271348            0.0
FBgn0029814      True       True  True          3      0.333641            0.0
FBgn0085359      True       True  True          3      0.308026            0.0
FBgn0004431      True       True  True          3      0.538431            0.0
FBgn0259110      True       True  True          3     -0.498485            0.0
FBgn0003997      True       True  True          3      0.293961            0.0
FBti0020227      True       True  True          3     -0.302243            0.0
FBgn0003326      True       True  True          3      0.343275            0.0
FBgn0000179      True       True  True          3      0.417251            0.0
FBgn0004583      True       True  True          3     -0.298810            0.0
FBgn0262945      True       True  True          3      0.468446            0.0
FBgn0053926      True       True  True          3      0.288596            0.0
FBgn0030309      True       True  True          3      0.347326            0.0
FBgn0016797      True       True  True          3     -0.321309            0.0
FBgn0001230      True       True  True          3     -0.268196            0.0
FBgn0041087      True       True  True          3      0.287047            0.0
FBgn0002733      True       True  True          3     -0.313325            0.0
FBgn0003285      True       True  True          3      0.327014            0.0
FBgn0030160      True       True  True          3      0.573187            0.0

All results in: results/pseudotime_genes/wolbachia_infection
Pseudotime gene importance complete for wolbachia_infection
