Starting NMF categorical variable analysis
======================================================================
NMF CATEGORICAL VARIABLE ANALYSIS
======================================================================

   Using: 'treatment'
   Categories: ['Ctrl', 'SV']
Categories (2, object): ['Ctrl', 'SV']

Significant programs (FDR < 0.05):
   Program_2: p=0.00e+00, FDR=0.00e+00
   Program_3: p=0.00e+00, FDR=0.00e+00
   Program_5: p=0.00e+00, FDR=0.00e+00
   Program_7: p=0.00e+00, FDR=0.00e+00
   Program_10: p=0.00e+00, FDR=0.00e+00
   Program_11: p=0.00e+00, FDR=0.00e+00
   Program_14: p=0.00e+00, FDR=0.00e+00
   Program_1: p=2.66e-183, FDR=4.99e-183
   Program_0: p=2.04e-92, FDR=3.40e-92
   Program_6: p=9.94e-58, FDR=1.49e-57
   Program_8: p=1.19e-57, FDR=1.63e-57
   Program_12: p=2.82e-12, FDR=3.52e-12

✓ Analysis complete!
NMF categorical variable analysis complete
