Starting NMF program annotation
2026-04-15 21:26:58,551 [ERROR] No gene sets passed through filtering condition !!! 
Hint 1: Try to lower min_size or increase max_size !
Hint 2: Check gene symbols are identifiable to your gmt input.
Hint 3: Gene symbols curated in Enrichr web services are all upcases.

2026-04-15 21:26:58,551 [ERROR] The first entry of your gene_sets (gmt) look like this : { 'De Novo' AMP Biosynthetic Process (GO:0044208): [ATIC, PAICS, PFAS, ADSS1, ADSS2, GART]}
2026-04-15 21:26:58,551 [ERROR] The first 5 genes look like this : [ Syt1, 28SrRNA-Psi:CR45855, CG43110, pre-rRNA:CR45847, clos ]
2026-04-15 21:26:58,567 [ERROR] No gene sets passed through filtering condition !!! 
Hint 1: Try to lower min_size or increase max_size !
Hint 2: Check gene symbols are identifiable to your gmt input.
Hint 3: Gene symbols curated in Enrichr web services are all upcases.

2026-04-15 21:26:58,567 [ERROR] The first entry of your gene_sets (gmt) look like this : { ABC transporters: [ABCA2, ABCC4, ABCG8, ABCA3, ABCC5, ABCC2, ABCA1, ABCC3, ABCA6, ABCC8, ABCA7, ABCC9, ABCA4, ABCC6, ABCA5, TAP2, ABCA8, TAP1, ABCA9, ABCA10, ABCB10, ABCA12, ABCB11, ABCC10, ABCG1, ABCG4, ABCC1, ABCG5, ABCG2, CFTR, ABCB4, ABCB1, ABCD3, ABCD4, ABCB7, ABCB8, ABCB5, ABCB6, ABCB9, ABCA13, ABCC11, ABCC12, DEFB1, ABCD1, ABCD2]}
2026-04-15 21:26:58,567 [ERROR] The first 5 genes look like this : [ Syt1, 28SrRNA-Psi:CR45855, CG43110, pre-rRNA:CR45847, clos ]
2026-04-15 21:26:58,627 [ERROR] No gene sets passed through filtering condition !!! 
Hint 1: Try to lower min_size or increase max_size !
Hint 2: Check gene symbols are identifiable to your gmt input.
Hint 3: Gene symbols curated in Enrichr web services are all upcases.

2026-04-15 21:26:58,627 [ERROR] The first entry of your gene_sets (gmt) look like this : { 'De Novo' AMP Biosynthetic Process (GO:0044208): [ATIC, PAICS, PFAS, ADSS1, ADSS2, GART]}
2026-04-15 21:26:58,627 [ERROR] The first 5 genes look like this : [ mt:CoI, mt:CoII, mt:CoIII, mt:ATPase6, mt:Cyt-b ]
2026-04-15 21:26:58,641 [ERROR] No gene sets passed through filtering condition !!! 
Hint 1: Try to lower min_size or increase max_size !
Hint 2: Check gene symbols are identifiable to your gmt input.
Hint 3: Gene symbols curated in Enrichr web services are all upcases.

2026-04-15 21:26:58,641 [ERROR] The first entry of your gene_sets (gmt) look like this : { ABC transporters: [ABCA2, ABCC4, ABCG8, ABCA3, ABCC5, ABCC2, ABCA1, ABCC3, ABCA6, ABCC8, ABCA7, ABCC9, ABCA4, ABCC6, ABCA5, TAP2, ABCA8, TAP1, ABCA9, ABCA10, ABCB10, ABCA12, ABCB11, ABCC10, ABCG1, ABCG4, ABCC1, ABCG5, ABCG2, CFTR, ABCB4, ABCB1, ABCD3, ABCD4, ABCB7, ABCB8, ABCB5, ABCB6, ABCB9, ABCA13, ABCC11, ABCC12, DEFB1, ABCD1, ABCD2]}
2026-04-15 21:26:58,641 [ERROR] The first 5 genes look like this : [ mt:CoI, mt:CoII, mt:CoIII, mt:ATPase6, mt:Cyt-b ]
2026-04-15 21:26:58,699 [ERROR] No gene sets passed through filtering condition !!! 
Hint 1: Try to lower min_size or increase max_size !
Hint 2: Check gene symbols are identifiable to your gmt input.
Hint 3: Gene symbols curated in Enrichr web services are all upcases.

2026-04-15 21:26:58,699 [ERROR] The first entry of your gene_sets (gmt) look like this : { 'De Novo' AMP Biosynthetic Process (GO:0044208): [ATIC, PAICS, PFAS, ADSS1, ADSS2, GART]}
2026-04-15 21:26:58,699 [ERROR] The first 5 genes look like this : [ GstE9, lncRNA:CR44138, GstD2, CR43105, Ance-3 ]
2026-04-15 21:26:58,712 [ERROR] No gene sets passed through filtering condition !!! 
Hint 1: Try to lower min_size or increase max_size !
Hint 2: Check gene symbols are identifiable to your gmt input.
Hint 3: Gene symbols curated in Enrichr web services are all upcases.

2026-04-15 21:26:58,712 [ERROR] The first entry of your gene_sets (gmt) look like this : { ABC transporters: [ABCA2, ABCC4, ABCG8, ABCA3, ABCC5, ABCC2, ABCA1, ABCC3, ABCA6, ABCC8, ABCA7, ABCC9, ABCA4, ABCC6, ABCA5, TAP2, ABCA8, TAP1, ABCA9, ABCA10, ABCB10, ABCA12, ABCB11, ABCC10, ABCG1, ABCG4, ABCC1, ABCG5, ABCG2, CFTR, ABCB4, ABCB1, ABCD3, ABCD4, ABCB7, ABCB8, ABCB5, ABCB6, ABCB9, ABCA13, ABCC11, ABCC12, DEFB1, ABCD1, ABCD2]}
2026-04-15 21:26:58,712 [ERROR] The first 5 genes look like this : [ GstE9, lncRNA:CR44138, GstD2, CR43105, Ance-3 ]
2026-04-15 21:26:58,770 [ERROR] No gene sets passed through filtering condition !!! 
Hint 1: Try to lower min_size or increase max_size !
Hint 2: Check gene symbols are identifiable to your gmt input.
Hint 3: Gene symbols curated in Enrichr web services are all upcases.

2026-04-15 21:26:58,770 [ERROR] The first entry of your gene_sets (gmt) look like this : { 'De Novo' AMP Biosynthetic Process (GO:0044208): [ATIC, PAICS, PFAS, ADSS1, ADSS2, GART]}
2026-04-15 21:26:58,770 [ERROR] The first 5 genes look like this : [ CG9691, CG4269, LysX, CG31446, mt:ATPase8 ]
2026-04-15 21:26:58,783 [ERROR] No gene sets passed through filtering condition !!! 
Hint 1: Try to lower min_size or increase max_size !
Hint 2: Check gene symbols are identifiable to your gmt input.
Hint 3: Gene symbols curated in Enrichr web services are all upcases.

2026-04-15 21:26:58,783 [ERROR] The first entry of your gene_sets (gmt) look like this : { ABC transporters: [ABCA2, ABCC4, ABCG8, ABCA3, ABCC5, ABCC2, ABCA1, ABCC3, ABCA6, ABCC8, ABCA7, ABCC9, ABCA4, ABCC6, ABCA5, TAP2, ABCA8, TAP1, ABCA9, ABCA10, ABCB10, ABCA12, ABCB11, ABCC10, ABCG1, ABCG4, ABCC1, ABCG5, ABCG2, CFTR, ABCB4, ABCB1, ABCD3, ABCD4, ABCB7, ABCB8, ABCB5, ABCB6, ABCB9, ABCA13, ABCC11, ABCC12, DEFB1, ABCD1, ABCD2]}
2026-04-15 21:26:58,783 [ERROR] The first 5 genes look like this : [ CG9691, CG4269, LysX, CG31446, mt:ATPase8 ]
2026-04-15 21:26:58,841 [ERROR] No gene sets passed through filtering condition !!! 
Hint 1: Try to lower min_size or increase max_size !
Hint 2: Check gene symbols are identifiable to your gmt input.
Hint 3: Gene symbols curated in Enrichr web services are all upcases.

2026-04-15 21:26:58,841 [ERROR] The first entry of your gene_sets (gmt) look like this : { 'De Novo' AMP Biosynthetic Process (GO:0044208): [ATIC, PAICS, PFAS, ADSS1, ADSS2, GART]}
2026-04-15 21:26:58,841 [ERROR] The first 5 genes look like this : [ Hsp70Ab, Hsp68, Hsp27, Hsp23, Hsp26 ]
2026-04-15 21:26:58,855 [ERROR] No gene sets passed through filtering condition !!! 
Hint 1: Try to lower min_size or increase max_size !
Hint 2: Check gene symbols are identifiable to your gmt input.
Hint 3: Gene symbols curated in Enrichr web services are all upcases.

2026-04-15 21:26:58,855 [ERROR] The first entry of your gene_sets (gmt) look like this : { ABC transporters: [ABCA2, ABCC4, ABCG8, ABCA3, ABCC5, ABCC2, ABCA1, ABCC3, ABCA6, ABCC8, ABCA7, ABCC9, ABCA4, ABCC6, ABCA5, TAP2, ABCA8, TAP1, ABCA9, ABCA10, ABCB10, ABCA12, ABCB11, ABCC10, ABCG1, ABCG4, ABCC1, ABCG5, ABCG2, CFTR, ABCB4, ABCB1, ABCD3, ABCD4, ABCB7, ABCB8, ABCB5, ABCB6, ABCB9, ABCA13, ABCC11, ABCC12, DEFB1, ABCD1, ABCD2]}
2026-04-15 21:26:58,855 [ERROR] The first 5 genes look like this : [ Hsp70Ab, Hsp68, Hsp27, Hsp23, Hsp26 ]
2026-04-15 21:26:58,915 [ERROR] No gene sets passed through filtering condition !!! 
Hint 1: Try to lower min_size or increase max_size !
Hint 2: Check gene symbols are identifiable to your gmt input.
Hint 3: Gene symbols curated in Enrichr web services are all upcases.

2026-04-15 21:26:58,915 [ERROR] The first entry of your gene_sets (gmt) look like this : { 'De Novo' AMP Biosynthetic Process (GO:0044208): [ATIC, PAICS, PFAS, ADSS1, ADSS2, GART]}
2026-04-15 21:26:58,915 [ERROR] The first 5 genes look like this : [ Frq2, Nrg, Inx2, CG8745, NijB ]
2026-04-15 21:26:58,929 [ERROR] No gene sets passed through filtering condition !!! 
Hint 1: Try to lower min_size or increase max_size !
Hint 2: Check gene symbols are identifiable to your gmt input.
Hint 3: Gene symbols curated in Enrichr web services are all upcases.

2026-04-15 21:26:58,929 [ERROR] The first entry of your gene_sets (gmt) look like this : { ABC transporters: [ABCA2, ABCC4, ABCG8, ABCA3, ABCC5, ABCC2, ABCA1, ABCC3, ABCA6, ABCC8, ABCA7, ABCC9, ABCA4, ABCC6, ABCA5, TAP2, ABCA8, TAP1, ABCA9, ABCA10, ABCB10, ABCA12, ABCB11, ABCC10, ABCG1, ABCG4, ABCC1, ABCG5, ABCG2, CFTR, ABCB4, ABCB1, ABCD3, ABCD4, ABCB7, ABCB8, ABCB5, ABCB6, ABCB9, ABCA13, ABCC11, ABCC12, DEFB1, ABCD1, ABCD2]}
2026-04-15 21:26:58,929 [ERROR] The first 5 genes look like this : [ Frq2, Nrg, Inx2, CG8745, NijB ]
2026-04-15 21:26:59,083 [ERROR] No gene sets passed through filtering condition !!! 
Hint 1: Try to lower min_size or increase max_size !
Hint 2: Check gene symbols are identifiable to your gmt input.
Hint 3: Gene symbols curated in Enrichr web services are all upcases.

2026-04-15 21:26:59,083 [ERROR] The first entry of your gene_sets (gmt) look like this : { 'De Novo' AMP Biosynthetic Process (GO:0044208): [ATIC, PAICS, PFAS, ADSS1, ADSS2, GART]}
2026-04-15 21:26:59,083 [ERROR] The first 5 genes look like this : [ CG33946, rst, CG15765, sca, CG1124 ]
2026-04-15 21:26:59,096 [ERROR] No gene sets passed through filtering condition !!! 
Hint 1: Try to lower min_size or increase max_size !
Hint 2: Check gene symbols are identifiable to your gmt input.
Hint 3: Gene symbols curated in Enrichr web services are all upcases.

2026-04-15 21:26:59,096 [ERROR] The first entry of your gene_sets (gmt) look like this : { ABC transporters: [ABCA2, ABCC4, ABCG8, ABCA3, ABCC5, ABCC2, ABCA1, ABCC3, ABCA6, ABCC8, ABCA7, ABCC9, ABCA4, ABCC6, ABCA5, TAP2, ABCA8, TAP1, ABCA9, ABCA10, ABCB10, ABCA12, ABCB11, ABCC10, ABCG1, ABCG4, ABCC1, ABCG5, ABCG2, CFTR, ABCB4, ABCB1, ABCD3, ABCD4, ABCB7, ABCB8, ABCB5, ABCB6, ABCB9, ABCA13, ABCC11, ABCC12, DEFB1, ABCD1, ABCD2]}
2026-04-15 21:26:59,097 [ERROR] The first 5 genes look like this : [ CG33946, rst, CG15765, sca, CG1124 ]
2026-04-15 21:26:59,155 [ERROR] No gene sets passed through filtering condition !!! 
Hint 1: Try to lower min_size or increase max_size !
Hint 2: Check gene symbols are identifiable to your gmt input.
Hint 3: Gene symbols curated in Enrichr web services are all upcases.

2026-04-15 21:26:59,155 [ERROR] The first entry of your gene_sets (gmt) look like this : { 'De Novo' AMP Biosynthetic Process (GO:0044208): [ATIC, PAICS, PFAS, ADSS1, ADSS2, GART]}
2026-04-15 21:26:59,155 [ERROR] The first 5 genes look like this : [ dsx, FucTA, Irk3, PIP5K59B, CG7781 ]
2026-04-15 21:26:59,168 [ERROR] No gene sets passed through filtering condition !!! 
Hint 1: Try to lower min_size or increase max_size !
Hint 2: Check gene symbols are identifiable to your gmt input.
Hint 3: Gene symbols curated in Enrichr web services are all upcases.

2026-04-15 21:26:59,168 [ERROR] The first entry of your gene_sets (gmt) look like this : { ABC transporters: [ABCA2, ABCC4, ABCG8, ABCA3, ABCC5, ABCC2, ABCA1, ABCC3, ABCA6, ABCC8, ABCA7, ABCC9, ABCA4, ABCC6, ABCA5, TAP2, ABCA8, TAP1, ABCA9, ABCA10, ABCB10, ABCA12, ABCB11, ABCC10, ABCG1, ABCG4, ABCC1, ABCG5, ABCG2, CFTR, ABCB4, ABCB1, ABCD3, ABCD4, ABCB7, ABCB8, ABCB5, ABCB6, ABCB9, ABCA13, ABCC11, ABCC12, DEFB1, ABCD1, ABCD2]}
2026-04-15 21:26:59,168 [ERROR] The first 5 genes look like this : [ dsx, FucTA, Irk3, PIP5K59B, CG7781 ]
2026-04-15 21:26:59,226 [ERROR] No gene sets passed through filtering condition !!! 
Hint 1: Try to lower min_size or increase max_size !
Hint 2: Check gene symbols are identifiable to your gmt input.
Hint 3: Gene symbols curated in Enrichr web services are all upcases.

2026-04-15 21:26:59,226 [ERROR] The first entry of your gene_sets (gmt) look like this : { 'De Novo' AMP Biosynthetic Process (GO:0044208): [ATIC, PAICS, PFAS, ADSS1, ADSS2, GART]}
2026-04-15 21:26:59,226 [ERROR] The first 5 genes look like this : [ mt:tRNA:Ala-TGC, 28SrRNA-Psi:CR45855, mt:tRNA:Val-TAC, Swim, CG9691 ]
2026-04-15 21:26:59,239 [ERROR] No gene sets passed through filtering condition !!! 
Hint 1: Try to lower min_size or increase max_size !
Hint 2: Check gene symbols are identifiable to your gmt input.
Hint 3: Gene symbols curated in Enrichr web services are all upcases.

2026-04-15 21:26:59,239 [ERROR] The first entry of your gene_sets (gmt) look like this : { ABC transporters: [ABCA2, ABCC4, ABCG8, ABCA3, ABCC5, ABCC2, ABCA1, ABCC3, ABCA6, ABCC8, ABCA7, ABCC9, ABCA4, ABCC6, ABCA5, TAP2, ABCA8, TAP1, ABCA9, ABCA10, ABCB10, ABCA12, ABCB11, ABCC10, ABCG1, ABCG4, ABCC1, ABCG5, ABCG2, CFTR, ABCB4, ABCB1, ABCD3, ABCD4, ABCB7, ABCB8, ABCB5, ABCB6, ABCB9, ABCA13, ABCC11, ABCC12, DEFB1, ABCD1, ABCD2]}
2026-04-15 21:26:59,239 [ERROR] The first 5 genes look like this : [ mt:tRNA:Ala-TGC, 28SrRNA-Psi:CR45855, mt:tRNA:Val-TAC, Swim, CG9691 ]
2026-04-15 21:26:59,298 [ERROR] No gene sets passed through filtering condition !!! 
Hint 1: Try to lower min_size or increase max_size !
Hint 2: Check gene symbols are identifiable to your gmt input.
Hint 3: Gene symbols curated in Enrichr web services are all upcases.

2026-04-15 21:26:59,298 [ERROR] The first entry of your gene_sets (gmt) look like this : { 'De Novo' AMP Biosynthetic Process (GO:0044208): [ATIC, PAICS, PFAS, ADSS1, ADSS2, GART]}
2026-04-15 21:26:59,298 [ERROR] The first 5 genes look like this : [ daw, CG17278, CG5697, CG45061, Cyp28d1 ]
2026-04-15 21:26:59,311 [ERROR] No gene sets passed through filtering condition !!! 
Hint 1: Try to lower min_size or increase max_size !
Hint 2: Check gene symbols are identifiable to your gmt input.
Hint 3: Gene symbols curated in Enrichr web services are all upcases.

2026-04-15 21:26:59,311 [ERROR] The first entry of your gene_sets (gmt) look like this : { ABC transporters: [ABCA2, ABCC4, ABCG8, ABCA3, ABCC5, ABCC2, ABCA1, ABCC3, ABCA6, ABCC8, ABCA7, ABCC9, ABCA4, ABCC6, ABCA5, TAP2, ABCA8, TAP1, ABCA9, ABCA10, ABCB10, ABCA12, ABCB11, ABCC10, ABCG1, ABCG4, ABCC1, ABCG5, ABCG2, CFTR, ABCB4, ABCB1, ABCD3, ABCD4, ABCB7, ABCB8, ABCB5, ABCB6, ABCB9, ABCA13, ABCC11, ABCC12, DEFB1, ABCD1, ABCD2]}
2026-04-15 21:26:59,312 [ERROR] The first 5 genes look like this : [ daw, CG17278, CG5697, CG45061, Cyp28d1 ]
2026-04-15 21:26:59,368 [ERROR] No gene sets passed through filtering condition !!! 
Hint 1: Try to lower min_size or increase max_size !
Hint 2: Check gene symbols are identifiable to your gmt input.
Hint 3: Gene symbols curated in Enrichr web services are all upcases.

2026-04-15 21:26:59,368 [ERROR] The first entry of your gene_sets (gmt) look like this : { 'De Novo' AMP Biosynthetic Process (GO:0044208): [ATIC, PAICS, PFAS, ADSS1, ADSS2, GART]}
2026-04-15 21:26:59,368 [ERROR] The first 5 genes look like this : [ pyr, CG4267, rho, ths, cv-2 ]
2026-04-15 21:26:59,381 [ERROR] No gene sets passed through filtering condition !!! 
Hint 1: Try to lower min_size or increase max_size !
Hint 2: Check gene symbols are identifiable to your gmt input.
Hint 3: Gene symbols curated in Enrichr web services are all upcases.

2026-04-15 21:26:59,381 [ERROR] The first entry of your gene_sets (gmt) look like this : { ABC transporters: [ABCA2, ABCC4, ABCG8, ABCA3, ABCC5, ABCC2, ABCA1, ABCC3, ABCA6, ABCC8, ABCA7, ABCC9, ABCA4, ABCC6, ABCA5, TAP2, ABCA8, TAP1, ABCA9, ABCA10, ABCB10, ABCA12, ABCB11, ABCC10, ABCG1, ABCG4, ABCC1, ABCG5, ABCG2, CFTR, ABCB4, ABCB1, ABCD3, ABCD4, ABCB7, ABCB8, ABCB5, ABCB6, ABCB9, ABCA13, ABCC11, ABCC12, DEFB1, ABCD1, ABCD2]}
2026-04-15 21:26:59,381 [ERROR] The first 5 genes look like this : [ pyr, CG4267, rho, ths, cv-2 ]
2026-04-15 21:26:59,438 [ERROR] No gene sets passed through filtering condition !!! 
Hint 1: Try to lower min_size or increase max_size !
Hint 2: Check gene symbols are identifiable to your gmt input.
Hint 3: Gene symbols curated in Enrichr web services are all upcases.

2026-04-15 21:26:59,438 [ERROR] The first entry of your gene_sets (gmt) look like this : { 'De Novo' AMP Biosynthetic Process (GO:0044208): [ATIC, PAICS, PFAS, ADSS1, ADSS2, GART]}
2026-04-15 21:26:59,438 [ERROR] The first 5 genes look like this : [ bi, mt:ATPase8, mt:ATPase6, mt:lrRNA, mt:CoIII ]
2026-04-15 21:26:59,451 [ERROR] No gene sets passed through filtering condition !!! 
Hint 1: Try to lower min_size or increase max_size !
Hint 2: Check gene symbols are identifiable to your gmt input.
Hint 3: Gene symbols curated in Enrichr web services are all upcases.

2026-04-15 21:26:59,451 [ERROR] The first entry of your gene_sets (gmt) look like this : { ABC transporters: [ABCA2, ABCC4, ABCG8, ABCA3, ABCC5, ABCC2, ABCA1, ABCC3, ABCA6, ABCC8, ABCA7, ABCC9, ABCA4, ABCC6, ABCA5, TAP2, ABCA8, TAP1, ABCA9, ABCA10, ABCB10, ABCA12, ABCB11, ABCC10, ABCG1, ABCG4, ABCC1, ABCG5, ABCG2, CFTR, ABCB4, ABCB1, ABCD3, ABCD4, ABCB7, ABCB8, ABCB5, ABCB6, ABCB9, ABCA13, ABCC11, ABCC12, DEFB1, ABCD1, ABCD2]}
2026-04-15 21:26:59,451 [ERROR] The first 5 genes look like this : [ bi, mt:ATPase8, mt:ATPase6, mt:lrRNA, mt:CoIII ]
2026-04-15 21:26:59,510 [ERROR] No gene sets passed through filtering condition !!! 
Hint 1: Try to lower min_size or increase max_size !
Hint 2: Check gene symbols are identifiable to your gmt input.
Hint 3: Gene symbols curated in Enrichr web services are all upcases.

2026-04-15 21:26:59,510 [ERROR] The first entry of your gene_sets (gmt) look like this : { 'De Novo' AMP Biosynthetic Process (GO:0044208): [ATIC, PAICS, PFAS, ADSS1, ADSS2, GART]}
2026-04-15 21:26:59,510 [ERROR] The first 5 genes look like this : [ CG3397, rdog, CG18547, GstD5, CG2065 ]
2026-04-15 21:26:59,523 [ERROR] No gene sets passed through filtering condition !!! 
Hint 1: Try to lower min_size or increase max_size !
Hint 2: Check gene symbols are identifiable to your gmt input.
Hint 3: Gene symbols curated in Enrichr web services are all upcases.

2026-04-15 21:26:59,523 [ERROR] The first entry of your gene_sets (gmt) look like this : { ABC transporters: [ABCA2, ABCC4, ABCG8, ABCA3, ABCC5, ABCC2, ABCA1, ABCC3, ABCA6, ABCC8, ABCA7, ABCC9, ABCA4, ABCC6, ABCA5, TAP2, ABCA8, TAP1, ABCA9, ABCA10, ABCB10, ABCA12, ABCB11, ABCC10, ABCG1, ABCG4, ABCC1, ABCG5, ABCG2, CFTR, ABCB4, ABCB1, ABCD3, ABCD4, ABCB7, ABCB8, ABCB5, ABCB6, ABCB9, ABCA13, ABCC11, ABCC12, DEFB1, ABCD1, ABCD2]}
2026-04-15 21:26:59,523 [ERROR] The first 5 genes look like this : [ CG3397, rdog, CG18547, GstD5, CG2065 ]
2026-04-15 21:26:59,583 [ERROR] No gene sets passed through filtering condition !!! 
Hint 1: Try to lower min_size or increase max_size !
Hint 2: Check gene symbols are identifiable to your gmt input.
Hint 3: Gene symbols curated in Enrichr web services are all upcases.

2026-04-15 21:26:59,583 [ERROR] The first entry of your gene_sets (gmt) look like this : { 'De Novo' AMP Biosynthetic Process (GO:0044208): [ATIC, PAICS, PFAS, ADSS1, ADSS2, GART]}
2026-04-15 21:26:59,583 [ERROR] The first 5 genes look like this : [ fz2, mmd, ex, Sp7, Notum ]
2026-04-15 21:26:59,597 [ERROR] No gene sets passed through filtering condition !!! 
Hint 1: Try to lower min_size or increase max_size !
Hint 2: Check gene symbols are identifiable to your gmt input.
Hint 3: Gene symbols curated in Enrichr web services are all upcases.

2026-04-15 21:26:59,597 [ERROR] The first entry of your gene_sets (gmt) look like this : { ABC transporters: [ABCA2, ABCC4, ABCG8, ABCA3, ABCC5, ABCC2, ABCA1, ABCC3, ABCA6, ABCC8, ABCA7, ABCC9, ABCA4, ABCC6, ABCA5, TAP2, ABCA8, TAP1, ABCA9, ABCA10, ABCB10, ABCA12, ABCB11, ABCC10, ABCG1, ABCG4, ABCC1, ABCG5, ABCG2, CFTR, ABCB4, ABCB1, ABCD3, ABCD4, ABCB7, ABCB8, ABCB5, ABCB6, ABCB9, ABCA13, ABCC11, ABCC12, DEFB1, ABCD1, ABCD2]}
2026-04-15 21:26:59,597 [ERROR] The first 5 genes look like this : [ fz2, mmd, ex, Sp7, Notum ]
============================================================
LOADING DATA
============================================================
  89,046 cells × 1,997 genes
  Loaded 17,869 FBgn → symbol mappings
  Program_0: 200 genes loaded
  Program_10: 200 genes loaded
  Program_11: 200 genes loaded
  Program_12: 200 genes loaded
  Program_13: 200 genes loaded
  Program_14: 200 genes loaded
  Program_1: 200 genes loaded
  Program_2: 200 genes loaded
  Program_3: 200 genes loaded
  Program_4: 200 genes loaded
  Program_5: 200 genes loaded
  Program_6: 200 genes loaded
  Program_7: 200 genes loaded
  Program_8: 200 genes loaded
  Program_9: 200 genes loaded
  15 programs loaded

============================================================
STEP 1: CELL CYCLE CORRELATIONS
============================================================
   Program  r_S_score     p_S_score  r_G2M_score   p_G2M_score   r_titer       p_titer   FDR_S_score  FDR_G2M_score     FDR_titer
 Program_0  -0.099409 2.512565e-194    -0.033961  3.783074e-24  0.559092  0.000000e+00 1.256282e-193   5.158737e-24  0.000000e+00
 Program_1  -0.036575  9.474643e-28     0.038607  9.890300e-31  0.147718  0.000000e+00  1.291997e-27   1.483545e-30  0.000000e+00
 Program_2  -0.120990 1.602085e-287    -0.086006 8.557495e-146 -0.351287  0.000000e+00 1.201564e-286  2.567248e-145  0.000000e+00
 Program_3  -0.059567  8.358616e-71    -0.089960 2.266815e-159  0.108162 7.106291e-230  1.567240e-70  8.500557e-159 1.065944e-229
 Program_4  -0.093665 1.177473e-172    -0.090618 1.087017e-161  0.538478  0.000000e+00 3.532419e-172  5.435085e-161  0.000000e+00
 Program_5  -0.010330  2.052158e-03     0.084365 2.437060e-140 -0.018492  3.418365e-08  2.198741e-03  6.092651e-140  3.662534e-08
 Program_6   0.037135  1.484674e-28    -0.039746  1.798449e-32  0.052958  2.499198e-56  2.227011e-28   2.997415e-32  3.123997e-56
 Program_7  -0.095021 1.188179e-177     0.023442  2.630793e-12  0.286295  0.000000e+00 4.455673e-177   3.035531e-12  0.000000e+00
 Program_8   0.007699  2.159466e-02     0.025732  1.595557e-14  0.138348  0.000000e+00  2.159466e-02   1.994446e-14  0.000000e+00
 Program_9  -0.072969 2.169181e-105    -0.004341  1.952394e-01  0.544763  0.000000e+00 4.648245e-105   1.952394e-01  0.000000e+00
Program_10  -0.033320  2.636490e-23    -0.059170  6.892296e-70  0.033103  5.042165e-23  3.295612e-23   1.476921e-69  5.817882e-23
Program_11   0.043137  5.984887e-38     0.047739  4.264815e-46  0.057718  1.387635e-66  9.974812e-38   7.996528e-46  1.892230e-66
Program_12  -0.076044 2.554541e-114     0.013788  3.880246e-05  0.692867  0.000000e+00 6.386351e-114   4.157406e-05  0.000000e+00
Program_13   0.032333  4.876146e-22    -0.123556 7.593865e-300 -0.005962  7.522430e-02  5.626322e-22  1.139080e-298  7.522430e-02
Program_14   0.180450  0.000000e+00     0.113088 3.144907e-251 -0.256359  0.000000e+00  0.000000e+00  2.358680e-250  0.000000e+00
  Saved: nmf_annotate_programs_cellcycle_corr_heatmap.pdf
  Saved: nmf_annotate_programs_program_usage_by_phase.pdf

============================================================
STEP 2: GSEA PRERANKED ENRICHMENT
============================================================

  Program_0 (200 genes)
    196 transposable element loci (FBti) – excluded from GSEA
    Too few mapped genes (4), skipping GSEA

  Program_1 (200 genes)
    64 transposable element loci (FBti) – excluded from GSEA
    136 genes with symbols for GSEA
    WARNING: GSEA failed for GO_Biological_Process_2023: No gene sets passed through filtering condition !!! 
Hint 1: Try to lower min_size or increase max_size !
Hint 2: Check gene symbols are identifiable to your gmt input.
Hint 3: Gene symbols curated in Enrichr web services are all upcases.

    WARNING: GSEA failed for KEGG_2021_Human: No gene sets passed through filtering condition !!! 
Hint 1: Try to lower min_size or increase max_size !
Hint 2: Check gene symbols are identifiable to your gmt input.
Hint 3: Gene symbols curated in Enrichr web services are all upcases.


  Program_2 (200 genes)
    39 transposable element loci (FBti) – excluded from GSEA
    161 genes with symbols for GSEA
    WARNING: GSEA failed for GO_Biological_Process_2023: No gene sets passed through filtering condition !!! 
Hint 1: Try to lower min_size or increase max_size !
Hint 2: Check gene symbols are identifiable to your gmt input.
Hint 3: Gene symbols curated in Enrichr web services are all upcases.

    WARNING: GSEA failed for KEGG_2021_Human: No gene sets passed through filtering condition !!! 
Hint 1: Try to lower min_size or increase max_size !
Hint 2: Check gene symbols are identifiable to your gmt input.
Hint 3: Gene symbols curated in Enrichr web services are all upcases.


  Program_3 (200 genes)
    27 transposable element loci (FBti) – excluded from GSEA
    173 genes with symbols for GSEA
    WARNING: GSEA failed for GO_Biological_Process_2023: No gene sets passed through filtering condition !!! 
Hint 1: Try to lower min_size or increase max_size !
Hint 2: Check gene symbols are identifiable to your gmt input.
Hint 3: Gene symbols curated in Enrichr web services are all upcases.

    WARNING: GSEA failed for KEGG_2021_Human: No gene sets passed through filtering condition !!! 
Hint 1: Try to lower min_size or increase max_size !
Hint 2: Check gene symbols are identifiable to your gmt input.
Hint 3: Gene symbols curated in Enrichr web services are all upcases.


  Program_4 (200 genes)
    148 transposable element loci (FBti) – excluded from GSEA
    52 genes with symbols for GSEA
    WARNING: GSEA failed for GO_Biological_Process_2023: No gene sets passed through filtering condition !!! 
Hint 1: Try to lower min_size or increase max_size !
Hint 2: Check gene symbols are identifiable to your gmt input.
Hint 3: Gene symbols curated in Enrichr web services are all upcases.

    WARNING: GSEA failed for KEGG_2021_Human: No gene sets passed through filtering condition !!! 
Hint 1: Try to lower min_size or increase max_size !
Hint 2: Check gene symbols are identifiable to your gmt input.
Hint 3: Gene symbols curated in Enrichr web services are all upcases.


  Program_5 (200 genes)
    44 transposable element loci (FBti) – excluded from GSEA
    156 genes with symbols for GSEA
    WARNING: GSEA failed for GO_Biological_Process_2023: No gene sets passed through filtering condition !!! 
Hint 1: Try to lower min_size or increase max_size !
Hint 2: Check gene symbols are identifiable to your gmt input.
Hint 3: Gene symbols curated in Enrichr web services are all upcases.

    WARNING: GSEA failed for KEGG_2021_Human: No gene sets passed through filtering condition !!! 
Hint 1: Try to lower min_size or increase max_size !
Hint 2: Check gene symbols are identifiable to your gmt input.
Hint 3: Gene symbols curated in Enrichr web services are all upcases.


  Program_6 (200 genes)
    50 transposable element loci (FBti) – excluded from GSEA
    150 genes with symbols for GSEA
    WARNING: GSEA failed for GO_Biological_Process_2023: No gene sets passed through filtering condition !!! 
Hint 1: Try to lower min_size or increase max_size !
Hint 2: Check gene symbols are identifiable to your gmt input.
Hint 3: Gene symbols curated in Enrichr web services are all upcases.

    WARNING: GSEA failed for KEGG_2021_Human: No gene sets passed through filtering condition !!! 
Hint 1: Try to lower min_size or increase max_size !
Hint 2: Check gene symbols are identifiable to your gmt input.
Hint 3: Gene symbols curated in Enrichr web services are all upcases.


  Program_7 (200 genes)
    80 transposable element loci (FBti) – excluded from GSEA
    120 genes with symbols for GSEA
    WARNING: GSEA failed for GO_Biological_Process_2023: No gene sets passed through filtering condition !!! 
Hint 1: Try to lower min_size or increase max_size !
Hint 2: Check gene symbols are identifiable to your gmt input.
Hint 3: Gene symbols curated in Enrichr web services are all upcases.

    WARNING: GSEA failed for KEGG_2021_Human: No gene sets passed through filtering condition !!! 
Hint 1: Try to lower min_size or increase max_size !
Hint 2: Check gene symbols are identifiable to your gmt input.
Hint 3: Gene symbols curated in Enrichr web services are all upcases.


  Program_8 (200 genes)
    49 transposable element loci (FBti) – excluded from GSEA
    151 genes with symbols for GSEA
    WARNING: GSEA failed for GO_Biological_Process_2023: No gene sets passed through filtering condition !!! 
Hint 1: Try to lower min_size or increase max_size !
Hint 2: Check gene symbols are identifiable to your gmt input.
Hint 3: Gene symbols curated in Enrichr web services are all upcases.

    WARNING: GSEA failed for KEGG_2021_Human: No gene sets passed through filtering condition !!! 
Hint 1: Try to lower min_size or increase max_size !
Hint 2: Check gene symbols are identifiable to your gmt input.
Hint 3: Gene symbols curated in Enrichr web services are all upcases.


  Program_9 (200 genes)
    151 transposable element loci (FBti) – excluded from GSEA
    49 genes with symbols for GSEA
    WARNING: GSEA failed for GO_Biological_Process_2023: No gene sets passed through filtering condition !!! 
Hint 1: Try to lower min_size or increase max_size !
Hint 2: Check gene symbols are identifiable to your gmt input.
Hint 3: Gene symbols curated in Enrichr web services are all upcases.

    WARNING: GSEA failed for KEGG_2021_Human: No gene sets passed through filtering condition !!! 
Hint 1: Try to lower min_size or increase max_size !
Hint 2: Check gene symbols are identifiable to your gmt input.
Hint 3: Gene symbols curated in Enrichr web services are all upcases.


  Program_10 (200 genes)
    51 transposable element loci (FBti) – excluded from GSEA
    149 genes with symbols for GSEA
    WARNING: GSEA failed for GO_Biological_Process_2023: No gene sets passed through filtering condition !!! 
Hint 1: Try to lower min_size or increase max_size !
Hint 2: Check gene symbols are identifiable to your gmt input.
Hint 3: Gene symbols curated in Enrichr web services are all upcases.

    WARNING: GSEA failed for KEGG_2021_Human: No gene sets passed through filtering condition !!! 
Hint 1: Try to lower min_size or increase max_size !
Hint 2: Check gene symbols are identifiable to your gmt input.
Hint 3: Gene symbols curated in Enrichr web services are all upcases.


  Program_11 (200 genes)
    17 transposable element loci (FBti) – excluded from GSEA
    183 genes with symbols for GSEA
    WARNING: GSEA failed for GO_Biological_Process_2023: No gene sets passed through filtering condition !!! 
Hint 1: Try to lower min_size or increase max_size !
Hint 2: Check gene symbols are identifiable to your gmt input.
Hint 3: Gene symbols curated in Enrichr web services are all upcases.

    WARNING: GSEA failed for KEGG_2021_Human: No gene sets passed through filtering condition !!! 
Hint 1: Try to lower min_size or increase max_size !
Hint 2: Check gene symbols are identifiable to your gmt input.
Hint 3: Gene symbols curated in Enrichr web services are all upcases.


  Program_12 (200 genes)
    185 transposable element loci (FBti) – excluded from GSEA
    15 genes with symbols for GSEA
    WARNING: GSEA failed for GO_Biological_Process_2023: No gene sets passed through filtering condition !!! 
Hint 1: Try to lower min_size or increase max_size !
Hint 2: Check gene symbols are identifiable to your gmt input.
Hint 3: Gene symbols curated in Enrichr web services are all upcases.

    WARNING: GSEA failed for KEGG_2021_Human: No gene sets passed through filtering condition !!! 
Hint 1: Try to lower min_size or increase max_size !
Hint 2: Check gene symbols are identifiable to your gmt input.
Hint 3: Gene symbols curated in Enrichr web services are all upcases.


  Program_13 (200 genes)
    55 transposable element loci (FBti) – excluded from GSEA
    145 genes with symbols for GSEA
    WARNING: GSEA failed for GO_Biological_Process_2023: No gene sets passed through filtering condition !!! 
Hint 1: Try to lower min_size or increase max_size !
Hint 2: Check gene symbols are identifiable to your gmt input.
Hint 3: Gene symbols curated in Enrichr web services are all upcases.

    WARNING: GSEA failed for KEGG_2021_Human: No gene sets passed through filtering condition !!! 
Hint 1: Try to lower min_size or increase max_size !
Hint 2: Check gene symbols are identifiable to your gmt input.
Hint 3: Gene symbols curated in Enrichr web services are all upcases.


  Program_14 (200 genes)
    37 transposable element loci (FBti) – excluded from GSEA
    163 genes with symbols for GSEA
    WARNING: GSEA failed for GO_Biological_Process_2023: No gene sets passed through filtering condition !!! 
Hint 1: Try to lower min_size or increase max_size !
Hint 2: Check gene symbols are identifiable to your gmt input.
Hint 3: Gene symbols curated in Enrichr web services are all upcases.

    WARNING: GSEA failed for KEGG_2021_Human: No gene sets passed through filtering condition !!! 
Hint 1: Try to lower min_size or increase max_size !
Hint 2: Check gene symbols are identifiable to your gmt input.
Hint 3: Gene symbols curated in Enrichr web services are all upcases.


  Cell cycle overlap summary (top genes vs curated sets):
   Program  G1_S_transition_pct  S_phase_pct  G2_M_transition_pct  M_phase_mitosis_pct  DNA_replication_pct
 Program_1                  0.0         6.25                  0.0                  0.0                  0.0
 Program_2                  0.0         6.25                  0.0                  0.0                  0.0
 Program_3                  0.0         0.00                  0.0                  0.0                  0.0
 Program_4                  0.0         0.00                  0.0                  0.0                  0.0
 Program_5                  0.0         6.25                  0.0                  0.0                  0.0
 Program_6                  0.0         6.25                  0.0                  0.0                  0.0
 Program_7                  0.0         0.00                  0.0                  0.0                  0.0
 Program_8                  0.0         0.00                  0.0                  0.0                  0.0
 Program_9                  0.0         0.00                  0.0                  0.0                  0.0
Program_10                  0.0         6.25                  0.0                  0.0                  0.0
Program_11                  0.0         6.25                  0.0                  0.0                  0.0
Program_12                  0.0         0.00                  0.0                  0.0                  0.0
Program_13                  0.0         6.25                  0.0                  0.0                  0.0
Program_14                  0.0         6.25                  0.0                  0.0                  0.0

============================================================
STEP 3: FLYENRICHR ANNOTATION
============================================================

  Program_0
    Too few symbols (4), skipping

  Program_1
    GO_Biological_Process_2018 ... 14 significant terms
    GO_Molecular_Function_2018 ... 1 significant terms
    KEGG_2019 ... 1 significant terms

  Program_2
    GO_Biological_Process_2018 ... 42 significant terms
    GO_Molecular_Function_2018 ... 11 significant terms
    KEGG_2019 ... 1 significant terms

  Program_3
    GO_Biological_Process_2018 ... 4 significant terms
    GO_Molecular_Function_2018 ... 4 significant terms
    KEGG_2019 ... 4 significant terms

  Program_4
    GO_Biological_Process_2018 ... 2 significant terms
    GO_Molecular_Function_2018 ... 1 significant terms
    KEGG_2019 ... 6 significant terms

  Program_5
    GO_Biological_Process_2018 ... 4 significant terms
    GO_Molecular_Function_2018 ... 5 significant terms
    KEGG_2019 ... 3 significant terms

  Program_6
    GO_Biological_Process_2018 ... 19 significant terms
    GO_Molecular_Function_2018 ... 0 significant terms
    KEGG_2019 ... 4 significant terms

  Program_7
    GO_Biological_Process_2018 ... 6 significant terms
    GO_Molecular_Function_2018 ... 7 significant terms
    KEGG_2019 ... 0 significant terms

  Program_8
    GO_Biological_Process_2018 ... 4 significant terms
    GO_Molecular_Function_2018 ... 1 significant terms
    KEGG_2019 ... 0 significant terms

  Program_9
    GO_Biological_Process_2018 ... 0 significant terms
    GO_Molecular_Function_2018 ... 0 significant terms
    KEGG_2019 ... 0 significant terms

  Program_10
    GO_Biological_Process_2018 ... 0 significant terms
    GO_Molecular_Function_2018 ... 6 significant terms
    KEGG_2019 ... 5 significant terms

  Program_11
    GO_Biological_Process_2018 ... 91 significant terms
    GO_Molecular_Function_2018 ... 8 significant terms
    KEGG_2019 ... 0 significant terms

  Program_12
    GO_Biological_Process_2018 ... 10 significant terms
    GO_Molecular_Function_2018 ... 1 significant terms
    KEGG_2019 ... 0 significant terms

  Program_13
    GO_Biological_Process_2018 ... 8 significant terms
    GO_Molecular_Function_2018 ... 6 significant terms
    KEGG_2019 ... 4 significant terms

  Program_14
    GO_Biological_Process_2018 ... 40 significant terms
    GO_Molecular_Function_2018 ... 7 significant terms
    KEGG_2019 ... 3 significant terms

  Saved: all_flyenrichr_results.csv (8956 rows)

============================================================
STEP 4: ANNOTATION SUMMARY
============================================================
  Saved: nmf_annotate_programs_cc_scatter.pdf

  PROGRAM ANNOTATION SUMMARY
  ----------------------------------------------------------------------
  Program         r_S_score     r_G2M_score   r_titer       CC_flag  Interpretation
  ----------------------------------------------------------------------
  Program_0       -0.099        -0.034        +0.559                  | titer ↑
  Program_1       -0.037        +0.039        +0.148                 
  Program_2       -0.121        -0.086        -0.351                  | titer ↓
  Program_3       -0.060        -0.090        +0.108                 
  Program_4       -0.094        -0.091        +0.538                  | titer ↑
  Program_5       -0.010        +0.084        -0.018                 
  Program_6       +0.037        -0.040        +0.053                 
  Program_7       -0.095        +0.023        +0.286                  | titer ↑
  Program_8       +0.008        +0.026        +0.138                 
  Program_9       -0.073        -0.004        +0.545                  | titer ↑
  Program_10      -0.033        -0.059        +0.033                 
  Program_11      +0.043        +0.048        +0.058                 
  Program_12      -0.076        +0.014        +0.693                  | titer ↑
  Program_13      +0.032        -0.124        -0.006                 
  Program_14      +0.180        +0.113        -0.256                  | titer ↓

  TOP CELL CYCLE GO TERMS PER PROGRAM (FlyEnrichr, adj_p<0.05)
  ----------------------------------------------------------------------

============================================================
DONE
============================================================

Outputs in: results/nmf_annotate_programs/
  program_cellcycle_overlap.csv   – curated CC gene set overlap
  *_cellcycle_corr_heatmap.pdf    – S/G2M/titer correlation heatmap
  *_program_usage_by_phase.pdf    – usage boxplots per phase
  *_cc_scatter.pdf                – S vs G2M correlation scatter
  all_flyenrichr_results.csv      – all FlyEnrichr hits
  Program_N_gsea_*.csv            – per-program GSEA results
NMF program annotation complete
