Starting NMF program discovery
======================================================================
NMF GENE PROGRAM DISCOVERY
======================================================================

1. Loading data...
   89046 cells × 1997 genes

2. Preparing highly variable genes...
   Using 1997 HVGs

3. Running NMF with 15 programs...
violation: 1.0
violation: 0.2616793218132283
violation: 0.14194716426585144
violation: 0.08603085462672697
violation: 0.05931717643813608
violation: 0.04437197492770084
violation: 0.03443268017005342
violation: 0.028254932438375808
violation: 0.024174530432640645
violation: 0.02108349401343559
violation: 0.01850616698255353
violation: 0.016277355430497395
violation: 0.014411644336786536
violation: 0.012846846814119166
violation: 0.01153882073848451
violation: 0.010438480244122863
violation: 0.009504718575598512
violation: 0.008683044701298563
violation: 0.007983182229037588
violation: 0.007363011316352899
violation: 0.006835947838411066
violation: 0.006374357362334417
violation: 0.005973012210223575
violation: 0.0056198307774634
violation: 0.005306327733771278
violation: 0.005017285181801412
violation: 0.004751320439014492
violation: 0.004517049628955376
violation: 0.004302250785654304
violation: 0.004095228171816494
violation: 0.003911990724340243
violation: 0.0037459064865891225
violation: 0.003591548148805055
violation: 0.0034544253455468395
violation: 0.0033217050831316026
violation: 0.0031915980126790283
violation: 0.003065592287455972
violation: 0.0029381475053982644
violation: 0.002814547609900505
violation: 0.002696365717067981
violation: 0.0025822504475658077
violation: 0.00246975574420367
violation: 0.0023606264227839517
violation: 0.002254150129910661
violation: 0.0021502162458673737
violation: 0.0020492569257383043
violation: 0.0019501000606822365
violation: 0.0018525923979575403
violation: 0.0017611105614475674
violation: 0.0016767531474649003
violation: 0.0015971399064676252
violation: 0.0015229390907627203
violation: 0.0014534156129639034
violation: 0.0013888693605297107
violation: 0.0013224349214544288
violation: 0.0012634650827922798
violation: 0.0012061918594115167
violation: 0.001149258544547401
violation: 0.001098047265894312
violation: 0.001052433947932624
violation: 0.00101086060735712
violation: 0.0009720435749106145
violation: 0.0009337305633214093
violation: 0.0008996089659040906
violation: 0.0008686164019947395
violation: 0.0008400307049046511
violation: 0.0008137292101480219
violation: 0.0007889920471427339
violation: 0.0007663890669257355
violation: 0.0007448152940308011
violation: 0.0007240608659551643
violation: 0.0007050676003442655
violation: 0.0006870679249061862
violation: 0.0006701656434693797
violation: 0.000653315593192608
violation: 0.0006387425435547763
violation: 0.0006254633068356163
violation: 0.0006131341703559479
violation: 0.0006017586431743124
violation: 0.0005916705297942382
violation: 0.0005827474972360662
violation: 0.000574772975641014
violation: 0.0005676373948840151
violation: 0.0005614907628584895
violation: 0.0005561892723998095
violation: 0.0005517409790236281
violation: 0.0005485628546446627
violation: 0.000546132251197235
violation: 0.0005447157727821865
violation: 0.0005440477141797074
violation: 0.0005434789586815787
violation: 0.0005437672375785089
violation: 0.0005448837443786491
violation: 0.0005467189304990895
violation: 0.000549163300955936
violation: 0.0005519877771145731
violation: 0.0005553443881709287
violation: 0.0005595350408875386
violation: 0.000564113838335994
violation: 0.0005693381727188676
violation: 0.0005752544276274086
violation: 0.0005818145038931704
violation: 0.0005889155712912123
violation: 0.0005964172683878381
violation: 0.0006043138155609144
violation: 0.0006129224324209968
violation: 0.0006224505072780795
violation: 0.0006327062569113637
violation: 0.0006443931842528925
violation: 0.000657312802973971
violation: 0.0006648953973094109
violation: 0.000670608465061162
violation: 0.0006785029771251038
violation: 0.0006882551774462175
violation: 0.00069902512328438
violation: 0.0007107109448251545
violation: 0.0007232509523522955
violation: 0.0007361216028087191
violation: 0.0007494310204672696
violation: 0.0007629759305038282
violation: 0.0007770377234652211
violation: 0.0007914119028726534
violation: 0.0008042619243488384
violation: 0.0008183285732678778
violation: 0.0008325644931522092
violation: 0.0008468601223106843
violation: 0.0008615100180386739
violation: 0.000876873625216552
violation: 0.0008926788468199447
violation: 0.000909858957559525
violation: 0.0009277870284563991
violation: 0.0009470548959228007
violation: 0.0009672565376725209
violation: 0.0009881194194097007
violation: 0.0010097118706822155
violation: 0.001032960497363487
violation: 0.0010572275087455724
violation: 0.001082622337415312
violation: 0.0011096579336211322
violation: 0.0011373306483183113
violation: 0.0011662507666606828
violation: 0.001194997390117322
violation: 0.0012238839677146585
violation: 0.001253292614172177
violation: 0.0012834156333671992
violation: 0.0013125053317911677
violation: 0.0013402444597309647
violation: 0.0013673439996450306
violation: 0.001395024308993548
violation: 0.0014228025341431988
violation: 0.0014479943919807313
violation: 0.0014708922385848794
violation: 0.0014954930033011771
violation: 0.0015201751251042726
violation: 0.001544975035914015
violation: 0.0015689598744180434
violation: 0.0015920772381234976
violation: 0.001615035835511203
violation: 0.0016362981129899802
violation: 0.0016516759443828296
violation: 0.001667866004082256
violation: 0.001683987445378809
violation: 0.0016987040949708223
violation: 0.00171316831387884
violation: 0.001728240856512238
violation: 0.0017433510912818794
violation: 0.0017551809296057629
violation: 0.0017659829792488898
violation: 0.001773311235432212
violation: 0.0017780454201727495
violation: 0.0017812425583399387
violation: 0.0017812640824293887
violation: 0.0017797502819174936
violation: 0.0017774610987802242
violation: 0.001765701499362754
violation: 0.0017484119674694707
violation: 0.0017308155814959483
violation: 0.0017128629168633631
violation: 0.0016947498063372515
violation: 0.001673906085224689
violation: 0.0016530440680911844
violation: 0.0016291677334022495
violation: 0.001600390829806777
violation: 0.0015730227884418204
violation: 0.0015453936107787032
violation: 0.00151515179148137
violation: 0.0014823471772173798
violation: 0.0014480118546546317
violation: 0.0014111239811349192
violation: 0.0013735697873038333
violation: 0.00133315214817959
violation: 0.0012901330800201153
violation: 0.0012456470222097656
violation: 0.0012021129006052887
violation: 0.0011526747421522203
violation: 0.0011063025829083214
violation: 0.0010595269731553394
violation: 0.0010120712320542406
violation: 0.0009656740581443544
violation: 0.000918718079458084
violation: 0.0008721208127160364
violation: 0.000829983758829125
violation: 0.000790444102869119
violation: 0.0007512298273394777
violation: 0.0007141724095325678
violation: 0.0006790689209929362
violation: 0.0006458318070402127
violation: 0.0006144162736246625
violation: 0.0005846760226452612
violation: 0.0005557284564644616
violation: 0.0005293490447096071
violation: 0.0005041127190738808
violation: 0.0004805350599174846
violation: 0.0004581781519521283
violation: 0.0004367602095383877
violation: 0.00041639267329944465
violation: 0.00039709785973677673
violation: 0.0003788851013619527
violation: 0.0003616411175333119
violation: 0.00034531477430264245
violation: 0.00032989406911858446
violation: 0.0003153769749371466
violation: 0.00030168721266081693
violation: 0.0002887585346999052
violation: 0.00027650949532774787
violation: 0.0002647428522927809
violation: 0.0002534169725279717
violation: 0.00024265450267824427
violation: 0.0002324022299008304
violation: 0.0002226552420298634
violation: 0.00021337726644689116
violation: 0.00020457003961287578
violation: 0.0001960911540731795
violation: 0.00018800829245501144
violation: 0.00018038776508137334
violation: 0.00017309874738462256
violation: 0.0001661799444579975
violation: 0.0001595885303570826
violation: 0.00015331276539418782
violation: 0.00014731628841144944
violation: 0.00014159107314191976
violation: 0.00013612884270125904
violation: 0.000130924219343645
violation: 0.00012596204324610223
violation: 0.00012121577077891381
violation: 0.00011669156105299066
violation: 0.00011236319381299683
violation: 0.0001082284166835933
violation: 0.00010423997949384289
violation: 0.00010044224884925733
violation: 9.681327804469326e-05
Converged at iteration 252
   Reconstruction error: 5926.33

4. Extracting programs...

✓ NMF complete!
Results in: results/nmf_programs
NMF program discovery complete
