Starting SCEPTIC analysis for sample: wolbachia_infection
/private/groups/russelllab/jodie/scRNAseq/Jacobs_et_al_2026_wolbachia-drosophila-scrnaseq/cell_culture_system/scripts/method_comparison/run_sceptic.py:233: FutureWarning: 

Passing `palette` without assigning `hue` is deprecated and will be removed in v0.14.0. Assign the `x` variable to `hue` and set `legend=False` for the same effect.

  sns.violinplot(data=df, x="timepoint", y="pseudotime",
/private/groups/russelllab/jodie/scRNAseq/Jacobs_et_al_2026_wolbachia-drosophila-scrnaseq/cell_culture_system/scripts/method_comparison/run_sceptic.py:261: MatplotlibDeprecationWarning: The get_cmap function was deprecated in Matplotlib 3.7 and will be removed two minor releases later. Use ``matplotlib.colormaps[name]`` or ``matplotlib.colormaps.get_cmap(obj)`` instead.
  cmap = plt.cm.get_cmap("tab20")
/private/groups/russelllab/jodie/scRNAseq/Jacobs_et_al_2026_wolbachia-drosophila-scrnaseq/cell_culture_system/scripts/method_comparison/run_sceptic.py:265: FutureWarning: 

Passing `palette` without assigning `hue` is deprecated and will be removed in v0.14.0. Assign the `x` variable to `hue` and set `legend=False` for the same effect.

  sns.violinplot(data=df, x="cluster", y="pseudotime",
/private/groups/russelllab/jodie/scRNAseq/Jacobs_et_al_2026_wolbachia-drosophila-scrnaseq/cell_culture_system/scripts/method_comparison/run_sceptic.py:482: MatplotlibDeprecationWarning: The get_cmap function was deprecated in Matplotlib 3.7 and will be removed two minor releases later. Use ``matplotlib.colormaps[name]`` or ``matplotlib.colormaps.get_cmap(obj)`` instead.
  cmap = plt.cm.get_cmap("tab20")
/private/groups/russelllab/jodie/scRNAseq/Jacobs_et_al_2026_wolbachia-drosophila-scrnaseq/cell_culture_system/scripts/method_comparison/run_sceptic.py:390: MatplotlibDeprecationWarning: The get_cmap function was deprecated in Matplotlib 3.7 and will be removed two minor releases later. Use ``matplotlib.colormaps[name]`` or ``matplotlib.colormaps.get_cmap(obj)`` instead.
  cmap = plt.cm.get_cmap("tab20")
WARNING: saving figure to file results/sceptic/wolbachia_infection/umap_pseudotime_wolbachia_infection.pdf
Loading h5ad: results/nmf_programs/adata_with_programs.h5ad
  Using embedding: X_pca_harmony  shape=(26936, 30)
  Cells:        26936
  Features:     30
  Timepoints:   [  0   1   7  28  56 100]
  Label counts: {0: 6404, 1: 4359, 7: 3536, 28: 1360, 56: 4817, 100: 6460}

Running SCEPTIC (method=xgboost) …
  Pseudotime range: 0.0001 – 100.0000
  Mean pseudotime:  36.6103

Generating plots …
  Saved: results/sceptic/wolbachia_infection/confusion_matrix_wolbachia_infection.pdf
  Saved: results/sceptic/wolbachia_infection/pseudotime_violin_wolbachia_infection.pdf
  Saved: results/sceptic/wolbachia_infection/pseudotime_by_cluster_wolbachia_infection.pdf
  Saved: results/sceptic/wolbachia_infection/cluster_pseudotime_stats_wolbachia_infection.csv

  Cluster pseudotime order (by median):
    Cluster    2  median=0.010  n=877
    Cluster    8  median=0.053  n=130
    Cluster    6  median=0.067  n=4808
    Cluster    0  median=0.144  n=389
    Cluster    1  median=0.685  n=1605
    Cluster   12  median=1.001  n=1818
    Cluster   10  median=1.057  n=384
    Cluster    9  median=6.671  n=4050
    Cluster   11  median=12.557  n=7
    Cluster   13  median=28.006  n=974
    Cluster    4  median=55.996  n=5163
    Cluster   14  median=62.684  n=5
    Cluster    3  median=96.820  n=1644
    Cluster    5  median=99.980  n=750
    Cluster    7  median=99.998  n=4332
  Kruskal-Wallis: H=23891.49  p=0.00e+00
  Saved: results/sceptic/wolbachia_infection/cluster_pseudotime_stacked_wolbachia_infection.pdf
  Saved: results/sceptic/wolbachia_infection/cluster_pseudotime_heatmap_wolbachia_infection.pdf
  Saved: results/sceptic/wolbachia_infection/cluster_pseudotime_ridge_wolbachia_infection.pdf

  Cells with titer for correlation: 26936
  Spearman rho=0.7092  p=0.00e+00
  Pearson  r  =0.6130  p=0.00e+00
  Linear regression: slope=0.0015  r²=0.3758  p=0.00e+00
  Saved: results/sceptic/wolbachia_infection/titer_vs_pseudotime_wolbachia_infection.pdf
  Saved: results/sceptic/wolbachia_infection/titer_by_pseudotime_bin_wolbachia_infection.pdf
  Saved: results/sceptic/wolbachia_infection/titer_vs_pseudotime_by_timepoint_wolbachia_infection.pdf
  Saved: results/sceptic/wolbachia_infection/titer_vs_pseudotime_by_cluster_wolbachia_infection.pdf
  Saved: results/sceptic/wolbachia_infection/umap_pseudotime_wolbachia_infection.pdf

  Per-cell results -> results/sceptic/wolbachia_infection/sceptic_results_wolbachia_infection.csv
  Statistics       -> results/sceptic/wolbachia_infection/sceptic_stats_wolbachia_infection.csv

============================================================
SCEPTIC ANALYSIS COMPLETE
============================================================
Pseudotime range : 0.0001 – 100.0000
Pseudotime ~ true timepoint: Spearman rho=0.961  p=0.00e+00
Titer ~ pseudotime:          Spearman rho=0.709  p=0.00e+00

Cluster pseudotime order (earliest → latest):
  Cluster    2  median=0.010
  Cluster    8  median=0.053
  Cluster    6  median=0.067
  Cluster    0  median=0.144
  Cluster    1  median=0.685
  Cluster   12  median=1.001
  Cluster   10  median=1.057
  Cluster    9  median=6.671
  Cluster   11  median=12.557
  Cluster   13  median=28.006
  Cluster    4  median=55.996
  Cluster   14  median=62.684
  Cluster    3  median=96.820
  Cluster    5  median=99.980
  Cluster    7  median=99.998

Outputs -> results/sceptic/wolbachia_infection/
  h5ad -> results/sceptic/wolbachia_infection/sceptic_wolbachia_infection.h5ad
SCEPTIC analysis complete for wolbachia_infection
