Starting filtering for JW18DOX-Ctrl-2_10x
Input file: results/h5ad_results/JW18DOX-Ctrl-2_10x.h5ad
Error.  nthreads cannot be larger than environment variable "NUMEXPR_MAX_THREADS" (64)WARNING: saving figure to file results/filtered_h5ad/JW18DOX-Ctrl-2_10x/scatter.pdf
WARNING: saving figure to file results/filtered_h5ad/JW18DOX-Ctrl-2_10x/violin.pdf
/private/home/jomojaco/miniforge3/envs/scanpy/lib/python3.12/site-packages/umap/umap_.py:1943: UserWarning: n_jobs value -1 overridden to 1 by setting random_state. Use no seed for parallelism.
  warn(f"n_jobs value {self.n_jobs} overridden to 1 by setting random_state. Use no seed for parallelism.")
/private/home/jomojaco/miniforge3/envs/scanpy/lib/python3.12/site-packages/scanpy/preprocessing/_simple.py:553: ImplicitModificationWarning: Trying to modify attribute `.obs` of view, initializing view as actual.
  adata.obs[key_n_counts] = counts_per_cell
/private/home/jomojaco/miniforge3/envs/scanpy/lib/python3.12/site-packages/scanpy/preprocessing/_highly_variable_genes.py:222: UserWarning: If you pass `n_top_genes`, all cutoffs are ignored.
  warnings.warn(msg, UserWarning)
WARNING: saving figure to file results/filtered_h5ad/JW18DOX-Ctrl-2_10x/filter_genes_dispersion.pdf
/private/home/jomojaco/miniforge3/envs/scanpy/lib/python3.12/site-packages/scanpy/preprocessing/_pca.py:374: FutureWarning: Argument `use_highly_variable` is deprecated, consider using the mask argument. Use_highly_variable=True can be called through mask_var="highly_variable". Use_highly_variable=False can be called through mask_var=None
  warn(msg, FutureWarning)
/private/groups/russelllab/jodie/scRNAseq/Jacobs_et_al_2026_wolbachia-drosophila-scrnaseq/snakemake/scripts/filtering/kallisto_bustools_qcfilter_adata.py:440: FutureWarning: In the future, the default backend for leiden will be igraph instead of leidenalg.

 To achieve the future defaults please pass: flavor="igraph" and n_iterations=2.  directed must also be False to work with igraph's implementation.
  sc.tl.leiden(adata)
WARNING: saving figure to file results/filtered_h5ad/JW18DOX-Ctrl-2_10x/pca.pdf
WARNING: saving figure to file results/filtered_h5ad/JW18DOX-Ctrl-2_10x/umap.pdf
WARNING: saving figure to file results/filtered_h5ad/JW18DOX-Ctrl-2_10x/pca_variance_ratio.pdf
Analyzing JW18DOX-Ctrl-2_10x, results/h5ad_results/JW18DOX-Ctrl-2_10x.h5ad
Completed JW18DOX-Ctrl-2_10x
Compressing original h5ad file
Filtering complete for JW18DOX-Ctrl-2_10x
